<?xml version="1.0" encoding="utf-8"?><testsuites name="pytest tests"><testsuite name="pytest" errors="0" failures="0" skipped="0" tests="10000" time="38.061" timestamp="2025-08-16T12:50:07.724871+05:30" hostname="Siddhesh-Nikita"><testcase classname="tests.generated.analytics.test_analytics_001" name="test_analytics[case0]" time="0.009" /><testcase classname="tests.generated.analytics.test_analytics_063" name="test_analytics[case4]" time="0.009" /><testcase classname="tests.generated.analytics.test_analytics_094" name="test_analytics[case6]" time="0.008" /><testcase classname="tests.generated.analytics.test_analytics_125" name="test_analytics[case8]" time="0.011" /><testcase classname="tests.generated.catalog.test_catalog_022" name="test_catalog[case2]" time="0.008" /><testcase classname="tests.generated.analytics.test_analytics_032" name="test_analytics[case2]" time="0.011" /><testcase classname="tests.generated.catalog.test_catalog_053" name="test_catalog[case4]" time="0.008" /><testcase classname="tests.generated.analytics.test_analytics_001" name="test_analytics[case1]" time="0.004" /><testcase classname="tests.generated.analytics.test_analytics_094" name="test_analytics[case7]" time="0.004" /><testcase classname="tests.generated.analytics.test_analytics_157" name="test_analytics[case0]" time="0.015" /><testcase classname="tests.generated.analytics.test_analytics_094" name="test_analytics[case8]" time="0.004" /><testcase classname="tests.generated.analytics.test_analytics_032" name="test_analytics[case3]" time="0.004" /><testcase classname="tests.generated.catalog.test_catalog_022" name="test_catalog[case3]" time="0.005" /><testcase classname="tests.generated.analytics.test_analytics_125" name="test_analytics[case9]" time="0.004" /><testcase classname="tests.generated.analytics.test_analytics_094" name="test_analytics[case9]" time="0.004" /><testcase classname="tests.generated.analytics.test_analytics_032" name="test_analytics[case4]" time="0.009" /><testcase classname="tests.generated.analytics.test_analytics_063" name="test_analytics[case5]" time="0.006" /><testcase classname="tests.generated.catalog.test_catalog_053" name="test_catalog[case5]" time="0.004" /><testcase classname="tests.generated.catalog.test_catalog_022" name="test_catalog[case4]" time="0.007" /><testcase classname="tests.generated.analytics.test_analytics_001" name="test_analytics[case2]" time="0.005" /><testcase classname="tests.generated.analytics.test_analytics_001" name="test_analytics[case3]" time="0.004" /><testcase classname="tests.generated.analytics.test_analytics_157" name="test_analytics[case1]" time="0.010" /><testcase classname="tests.generated.catalog.test_catalog_022" name="test_catalog[case5]" time="0.005" /><testcase classname="tests.generated.catalog.test_catalog_053" name="test_catalog[case6]" time="0.005" /><testcase classname="tests.generated.analytics.test_analytics_126" name="test_analytics[case0]" time="0.012" /><testcase classname="tests.generated.analytics.test_analytics_001" name="test_analytics[case4]" time="0.006" /><testcase classname="tests.generated.catalog.test_catalog_053" name="test_catalog[case7]" time="0.003" /><testcase classname="tests.generated.analytics.test_analytics_095" name="test_analytics[case0]" time="0.004" /><testcase classname="tests.generated.analytics.test_analytics_095" name="test_analytics[case1]" time="0.004" /><testcase classname="tests.generated.analytics.test_analytics_032" name="test_analytics[case5]" time="0.004" /><testcase classname="tests.generated.analytics.test_analytics_063" name="test_analytics[case6]" time="0.004" /><testcase classname="tests.generated.analytics.test_analytics_063" name="test_analytics[case7]" time="0.003" /><testcase classname="tests.generated.catalog.test_catalog_053" name="test_catalog[case8]" time="0.003" /><testcase classname="tests.generated.analytics.test_analytics_032" name="test_analytics[case6]" time="0.004" /><testcase classname="tests.generated.analytics.test_analytics_063" name="test_analytics[case8]" time="0.004" /><testcase classname="tests.generated.analytics.test_analytics_095" name="test_analytics[case2]" time="0.010" /><testcase classname="tests.generated.analytics.test_analytics_157" name="test_analytics[case2]" time="0.009" /><testcase classname="tests.generated.analytics.test_analytics_157" name="test_analytics[case3]" time="0.007" /><testcase classname="tests.generated.analytics.test_analytics_032" name="test_analytics[case7]" time="0.005" /><testcase classname="tests.generated.catalog.test_catalog_022" name="test_catalog[case6]" time="0.005" /><testcase classname="tests.generated.analytics.test_analytics_063" name="test_analytics[case9]" time="0.008" /><testcase classname="tests.generated.catalog.test_catalog_053" name="test_catalog[case9]" time="0.004" /><testcase classname="tests.generated.analytics.test_analytics_126" name="test_analytics[case1]" time="0.007" /><testcase classname="tests.generated.analytics.test_analytics_001" name="test_analytics[case5]" time="0.005" /><testcase classname="tests.generated.catalog.test_catalog_022" name="test_catalog[case7]" time="0.004" /><testcase classname="tests.generated.analytics.test_analytics_126" name="test_analytics[case2]" time="0.010" /><testcase classname="tests.generated.catalog.test_catalog_022" name="test_catalog[case8]" time="0.010" /><testcase classname="tests.generated.analytics.test_analytics_095" name="test_analytics[case3]" time="0.008" /><testcase classname="tests.generated.analytics.test_analytics_157" name="test_analytics[case4]" time="0.004" /><testcase classname="tests.generated.analytics.test_analytics_095" name="test_analytics[case4]" time="0.003" /><testcase classname="tests.generated.analytics.test_analytics_126" name="test_analytics[case3]" time="0.006" /><testcase classname="tests.generated.analytics.test_analytics_032" name="test_analytics[case8]" time="0.003" /><testcase classname="tests.generated.analytics.test_analytics_032" name="test_analytics[case9]" time="0.005" /><testcase classname="tests.generated.catalog.test_catalog_054" name="test_catalog[case0]" time="0.003" /><testcase classname="tests.generated.analytics.test_analytics_157" name="test_analytics[case5]" time="0.006" /><testcase classname="tests.generated.catalog.test_catalog_022" name="test_catalog[case9]" time="0.016" /><testcase classname="tests.generated.analytics.test_analytics_095" name="test_analytics[case5]" time="0.004" /><testcase classname="tests.generated.catalog.test_catalog_054" name="test_catalog[case1]" time="0.004" /><testcase classname="tests.generated.analytics.test_analytics_064" name="test_analytics[case0]" time="0.004" /><testcase classname="tests.generated.analytics.test_analytics_064" name="test_analytics[case1]" time="0.003" /><testcase classname="tests.generated.analytics.test_analytics_001" name="test_analytics[case6]" time="0.006" /><testcase classname="tests.generated.analytics.test_analytics_033" name="test_analytics[case0]" time="0.004" /><testcase classname="tests.generated.analytics.test_analytics_001" name="test_analytics[case7]" time="0.008" /><testcase classname="tests.generated.analytics.test_analytics_064" name="test_analytics[case2]" time="0.004" /><testcase classname="tests.generated.analytics.test_analytics_126" name="test_analytics[case4]" time="0.008" /><testcase classname="tests.generated.analytics.test_analytics_033" name="test_analytics[case1]" time="0.004" /><testcase classname="tests.generated.analytics.test_analytics_157" name="test_analytics[case6]" time="0.006" /><testcase classname="tests.generated.analytics.test_analytics_095" name="test_analytics[case6]" time="0.004" /><testcase classname="tests.generated.catalog.test_catalog_054" name="test_catalog[case2]" time="0.004" /><testcase classname="tests.generated.analytics.test_analytics_126" name="test_analytics[case5]" time="0.004" /><testcase classname="tests.generated.analytics.test_analytics_095" name="test_analytics[case7]" time="0.004" /><testcase classname="tests.generated.analytics.test_analytics_095" name="test_analytics[case8]" time="0.004" /><testcase classname="tests.generated.analytics.test_analytics_033" name="test_analytics[case2]" time="0.006" /><testcase classname="tests.generated.analytics.test_analytics_033" name="test_analytics[case3]" time="0.004" /><testcase classname="tests.generated.catalog.test_catalog_054" name="test_catalog[case3]" time="0.003" /><testcase classname="tests.generated.analytics.test_analytics_157" name="test_analytics[case7]" time="0.005" /><testcase classname="tests.generated.analytics.test_analytics_157" name="test_analytics[case8]" time="0.004" /><testcase classname="tests.generated.analytics.test_analytics_126" name="test_analytics[case6]" time="0.004" /><testcase classname="tests.generated.analytics.test_analytics_126" name="test_analytics[case7]" time="0.003" /><testcase classname="tests.generated.analytics.test_analytics_126" name="test_analytics[case8]" time="0.004" /><testcase classname="tests.generated.analytics.test_analytics_064" name="test_analytics[case3]" time="0.004" /><testcase classname="tests.generated.analytics.test_analytics_064" name="test_analytics[case4]" time="0.004" /><testcase classname="tests.generated.analytics.test_analytics_064" name="test_analytics[case5]" time="0.003" /><testcase classname="tests.generated.catalog.test_catalog_023" name="test_catalog[case0]" time="0.006" /><testcase classname="tests.generated.catalog.test_catalog_023" name="test_catalog[case1]" time="0.003" /><testcase classname="tests.generated.catalog.test_catalog_023" name="test_catalog[case2]" time="0.004" /><testcase classname="tests.generated.catalog.test_catalog_054" name="test_catalog[case4]" time="0.003" /><testcase classname="tests.generated.analytics.test_analytics_095" name="test_analytics[case9]" time="0.003" /><testcase classname="tests.generated.analytics.test_analytics_064" name="test_analytics[case6]" time="0.003" /><testcase classname="tests.generated.analytics.test_analytics_033" name="test_analytics[case4]" time="0.003" /><testcase classname="tests.generated.analytics.test_analytics_126" name="test_analytics[case9]" time="0.019" /><testcase classname="tests.generated.analytics.test_analytics_001" name="test_analytics[case8]" time="0.007" /><testcase classname="tests.generated.analytics.test_analytics_001" name="test_analytics[case9]" time="0.004" /><testcase classname="tests.generated.catalog.test_catalog_054" name="test_catalog[case5]" time="0.003" /><testcase classname="tests.generated.analytics.test_analytics_096" name="test_analytics[case0]" time="0.003" /><testcase classname="tests.generated.analytics.test_analytics_033" name="test_analytics[case5]" time="0.004" /><testcase classname="tests.generated.analytics.test_analytics_064" name="test_analytics[case7]" time="0.004" /><testcase classname="tests.generated.catalog.test_catalog_054" name="test_catalog[case6]" time="0.003" /><testcase classname="tests.generated.analytics.test_analytics_096" name="test_analytics[case1]" time="0.004" /><testcase classname="tests.generated.analytics.test_analytics_064" name="test_analytics[case8]" time="0.003" /><testcase classname="tests.generated.catalog.test_catalog_054" name="test_catalog[case7]" time="0.003" /><testcase classname="tests.generated.analytics.test_analytics_157" name="test_analytics[case9]" time="0.004" /><testcase classname="tests.generated.analytics.test_analytics_158" name="test_analytics[case0]" time="0.005" /><testcase classname="tests.generated.analytics.test_analytics_158" name="test_analytics[case1]" time="0.004" /><testcase classname="tests.generated.catalog.test_catalog_023" name="test_catalog[case3]" time="0.004" /><testcase classname="tests.generated.catalog.test_catalog_023" name="test_catalog[case4]" time="0.006" /><testcase classname="tests.generated.analytics.test_analytics_033" name="test_analytics[case6]" time="0.003" /><testcase classname="tests.generated.analytics.test_analytics_002" name="test_analytics[case0]" time="0.007" /><testcase classname="tests.generated.analytics.test_analytics_002" name="test_analytics[case1]" time="0.003" /><testcase classname="tests.generated.analytics.test_analytics_158" name="test_analytics[case2]" time="0.005" /><testcase classname="tests.generated.analytics.test_analytics_064" name="test_analytics[case9]" time="0.004" /><testcase classname="tests.generated.catalog.test_catalog_023" name="test_catalog[case5]" time="0.004" /><testcase classname="tests.generated.analytics.test_analytics_096" name="test_analytics[case2]" time="0.022" /><testcase classname="tests.generated.analytics.test_analytics_002" name="test_analytics[case2]" time="0.004" /><testcase classname="tests.generated.analytics.test_analytics_033" name="test_analytics[case7]" time="0.003" /><testcase classname="tests.generated.analytics.test_analytics_033" name="test_analytics[case8]" time="0.004" /><testcase classname="tests.generated.catalog.test_catalog_054" name="test_catalog[case8]" time="0.004" /><testcase classname="tests.generated.catalog.test_catalog_054" name="test_catalog[case9]" time="0.004" /><testcase classname="tests.generated.analytics.test_analytics_158" name="test_analytics[case3]" time="0.004" /><testcase classname="tests.generated.analytics.test_analytics_065" name="test_analytics[case0]" time="0.017" /><testcase classname="tests.generated.analytics.test_analytics_033" name="test_analytics[case9]" time="0.004" /><testcase classname="tests.generated.analytics.test_analytics_127" name="test_analytics[case0]" time="0.004" /><testcase classname="tests.generated.analytics.test_analytics_127" name="test_analytics[case1]" time="0.018" /><testcase classname="tests.generated.analytics.test_analytics_002" name="test_analytics[case3]" time="0.023" /><testcase classname="tests.generated.analytics.test_analytics_034" name="test_analytics[case0]" time="0.004" /><testcase classname="tests.generated.analytics.test_analytics_158" name="test_analytics[case4]" time="0.005" /><testcase classname="tests.generated.catalog.test_catalog_023" name="test_catalog[case6]" time="0.013" /><testcase classname="tests.generated.analytics.test_analytics_096" name="test_analytics[case3]" time="0.024" /><testcase classname="tests.generated.catalog.test_catalog_055" name="test_catalog[case0]" time="0.004" /><testcase classname="tests.generated.analytics.test_analytics_034" name="test_analytics[case1]" time="0.006" /><testcase classname="tests.generated.analytics.test_analytics_158" name="test_analytics[case5]" time="0.007" /><testcase classname="tests.generated.catalog.test_catalog_055" name="test_catalog[case1]" time="0.004" /><testcase classname="tests.generated.catalog.test_catalog_055" name="test_catalog[case2]" time="0.005" /><testcase classname="tests.generated.analytics.test_analytics_034" name="test_analytics[case2]" time="0.006" /><testcase classname="tests.generated.analytics.test_analytics_065" name="test_analytics[case1]" time="0.005" /><testcase classname="tests.generated.catalog.test_catalog_055" name="test_catalog[case3]" time="0.005" /><testcase classname="tests.generated.analytics.test_analytics_002" name="test_analytics[case4]" time="0.009" /><testcase classname="tests.generated.analytics.test_analytics_158" name="test_analytics[case6]" time="0.004" /><testcase classname="tests.generated.analytics.test_analytics_127" name="test_analytics[case2]" time="0.010" /><testcase classname="tests.generated.analytics.test_analytics_065" name="test_analytics[case2]" time="0.004" /><testcase classname="tests.generated.analytics.test_analytics_034" name="test_analytics[case3]" time="0.005" /><testcase classname="tests.generated.catalog.test_catalog_023" name="test_catalog[case7]" time="0.010" /><testcase classname="tests.generated.analytics.test_analytics_034" name="test_analytics[case4]" time="0.004" /><testcase classname="tests.generated.analytics.test_analytics_158" name="test_analytics[case7]" time="0.008" /><testcase classname="tests.generated.catalog.test_catalog_055" name="test_catalog[case4]" time="0.006" /><testcase classname="tests.generated.analytics.test_analytics_127" name="test_analytics[case3]" time="0.004" /><testcase classname="tests.generated.analytics.test_analytics_096" name="test_analytics[case4]" time="0.007" /><testcase classname="tests.generated.analytics.test_analytics_065" name="test_analytics[case3]" time="0.008" /><testcase classname="tests.generated.analytics.test_analytics_002" name="test_analytics[case5]" time="0.011" /><testcase classname="tests.generated.analytics.test_analytics_034" name="test_analytics[case5]" time="0.012" /><testcase classname="tests.generated.analytics.test_analytics_127" name="test_analytics[case4]" time="0.006" /><testcase classname="tests.generated.analytics.test_analytics_096" name="test_analytics[case5]" time="0.012" /><testcase classname="tests.generated.analytics.test_analytics_158" name="test_analytics[case8]" time="0.004" /><testcase classname="tests.generated.catalog.test_catalog_023" name="test_catalog[case8]" time="0.006" /><testcase classname="tests.generated.catalog.test_catalog_055" name="test_catalog[case5]" time="0.006" /><testcase classname="tests.generated.analytics.test_analytics_158" name="test_analytics[case9]" time="0.003" /><testcase classname="tests.generated.analytics.test_analytics_096" name="test_analytics[case6]" time="0.007" /><testcase classname="tests.generated.analytics.test_analytics_065" name="test_analytics[case4]" time="0.014" /><testcase classname="tests.generated.analytics.test_analytics_127" name="test_analytics[case5]" time="0.012" /><testcase classname="tests.generated.catalog.test_catalog_023" name="test_catalog[case9]" time="0.004" /><testcase classname="tests.generated.analytics.test_analytics_034" name="test_analytics[case6]" time="0.006" /><testcase classname="tests.generated.catalog.test_catalog_055" name="test_catalog[case6]" time="0.004" /><testcase classname="tests.generated.analytics.test_analytics_159" name="test_analytics[case0]" time="0.005" /><testcase classname="tests.generated.analytics.test_analytics_034" name="test_analytics[case7]" time="0.003" /><testcase classname="tests.generated.catalog.test_catalog_055" name="test_catalog[case7]" time="0.004" /><testcase classname="tests.generated.analytics.test_analytics_002" name="test_analytics[case6]" time="0.022" /><testcase classname="tests.generated.analytics.test_analytics_159" name="test_analytics[case1]" time="0.004" /><testcase classname="tests.generated.analytics.test_analytics_127" name="test_analytics[case6]" time="0.003" /><testcase classname="tests.generated.catalog.test_catalog_024" name="test_catalog[case0]" time="0.007" /><testcase classname="tests.generated.catalog.test_catalog_055" name="test_catalog[case8]" time="0.004" /><testcase classname="tests.generated.analytics.test_analytics_034" name="test_analytics[case8]" time="0.004" /><testcase classname="tests.generated.analytics.test_analytics_096" name="test_analytics[case7]" time="0.010" /><testcase classname="tests.generated.analytics.test_analytics_159" name="test_analytics[case2]" time="0.015" /><testcase classname="tests.generated.catalog.test_catalog_024" name="test_catalog[case1]" time="0.004" /><testcase classname="tests.generated.analytics.test_analytics_127" name="test_analytics[case7]" time="0.004" /><testcase classname="tests.generated.catalog.test_catalog_055" name="test_catalog[case9]" time="0.004" /><testcase classname="tests.generated.analytics.test_analytics_034" name="test_analytics[case9]" time="0.011" /><testcase classname="tests.generated.analytics.test_analytics_127" name="test_analytics[case8]" time="0.004" /><testcase classname="tests.generated.analytics.test_analytics_065" name="test_analytics[case5]" time="0.015" /><testcase classname="tests.generated.catalog.test_catalog_056" name="test_catalog[case0]" time="0.004" /><testcase classname="tests.generated.catalog.test_catalog_024" name="test_catalog[case2]" time="0.004" /><testcase classname="tests.generated.analytics.test_analytics_002" name="test_analytics[case7]" time="0.013" /><testcase classname="tests.generated.analytics.test_analytics_096" name="test_analytics[case8]" time="0.009" /><testcase classname="tests.generated.analytics.test_analytics_127" name="test_analytics[case9]" time="0.007" /><testcase classname="tests.generated.catalog.test_catalog_056" name="test_catalog[case1]" time="0.005" /><testcase classname="tests.generated.catalog.test_catalog_024" name="test_catalog[case3]" time="0.005" /><testcase classname="tests.generated.analytics.test_analytics_159" name="test_analytics[case3]" time="0.005" /><testcase classname="tests.generated.analytics.test_analytics_035" name="test_analytics[case0]" time="0.006" /><testcase classname="tests.generated.analytics.test_analytics_159" name="test_analytics[case4]" time="0.004" /><testcase classname="tests.generated.analytics.test_analytics_002" name="test_analytics[case8]" time="0.004" /><testcase classname="tests.generated.catalog.test_catalog_024" name="test_catalog[case4]" time="0.016" /><testcase classname="tests.generated.catalog.test_catalog_056" name="test_catalog[case2]" time="0.006" /><testcase classname="tests.generated.analytics.test_analytics_128" name="test_analytics[case0]" time="0.015" /><testcase classname="tests.generated.analytics.test_analytics_159" name="test_analytics[case5]" time="0.004" /><testcase classname="tests.generated.analytics.test_analytics_065" name="test_analytics[case6]" time="0.005" /><testcase classname="tests.generated.analytics.test_analytics_096" name="test_analytics[case9]" time="0.006" /><testcase classname="tests.generated.analytics.test_analytics_065" name="test_analytics[case7]" time="0.004" /><testcase classname="tests.generated.analytics.test_analytics_035" name="test_analytics[case1]" time="0.005" /><testcase classname="tests.generated.analytics.test_analytics_159" name="test_analytics[case6]" time="0.003" /><testcase classname="tests.generated.catalog.test_catalog_056" name="test_catalog[case3]" time="0.004" /><testcase classname="tests.generated.catalog.test_catalog_056" name="test_catalog[case4]" time="0.004" /><testcase classname="tests.generated.analytics.test_analytics_002" name="test_analytics[case9]" time="0.007" /><testcase classname="tests.generated.catalog.test_catalog_024" name="test_catalog[case5]" time="0.004" /><testcase classname="tests.generated.analytics.test_analytics_159" name="test_analytics[case7]" time="0.004" /><testcase classname="tests.generated.analytics.test_analytics_035" name="test_analytics[case2]" time="0.004" /><testcase classname="tests.generated.analytics.test_analytics_003" name="test_analytics[case0]" time="0.004" /><testcase classname="tests.generated.analytics.test_analytics_097" name="test_analytics[case0]" time="0.008" /><testcase classname="tests.generated.analytics.test_analytics_065" name="test_analytics[case8]" time="0.008" /><testcase classname="tests.generated.catalog.test_catalog_024" name="test_catalog[case6]" time="0.004" /><testcase classname="tests.generated.catalog.test_catalog_056" name="test_catalog[case5]" time="0.004" /><testcase classname="tests.generated.analytics.test_analytics_159" name="test_analytics[case8]" time="0.006" /><testcase classname="tests.generated.analytics.test_analytics_003" name="test_analytics[case1]" time="0.005" /><testcase classname="tests.generated.catalog.test_catalog_024" name="test_catalog[case7]" time="0.004" /><testcase classname="tests.generated.analytics.test_analytics_035" name="test_analytics[case3]" time="0.010" /><testcase classname="tests.generated.analytics.test_analytics_065" name="test_analytics[case9]" time="0.008" /><testcase classname="tests.generated.analytics.test_analytics_097" name="test_analytics[case1]" time="0.007" /><testcase classname="tests.generated.analytics.test_analytics_128" name="test_analytics[case1]" time="0.009" /><testcase classname="tests.generated.analytics.test_analytics_159" name="test_analytics[case9]" time="0.008" /><testcase classname="tests.generated.analytics.test_analytics_003" name="test_analytics[case2]" time="0.004" /><testcase classname="tests.generated.catalog.test_catalog_056" name="test_catalog[case6]" time="0.008" /><testcase classname="tests.generated.catalog.test_catalog_024" name="test_catalog[case8]" time="0.003" /><testcase classname="tests.generated.catalog.test_catalog_056" name="test_catalog[case7]" time="0.004" /><testcase classname="tests.generated.analytics.test_analytics_035" name="test_analytics[case4]" time="0.011" /><testcase classname="tests.generated.catalog.test_catalog_024" name="test_catalog[case9]" time="0.004" /><testcase classname="tests.generated.analytics.test_analytics_097" name="test_analytics[case2]" time="0.004" /><testcase classname="tests.generated.analytics.test_analytics_066" name="test_analytics[case0]" time="0.003" /><testcase classname="tests.generated.analytics.test_analytics_097" name="test_analytics[case3]" time="0.006" /><testcase classname="tests.generated.analytics.test_analytics_128" name="test_analytics[case2]" time="0.004" /><testcase classname="tests.generated.analytics.test_analytics_003" name="test_analytics[case3]" time="0.009" /><testcase classname="tests.generated.analytics.test_analytics_160" name="test_analytics[case0]" time="0.004" /><testcase classname="tests.generated.analytics.test_analytics_066" name="test_analytics[case1]" time="0.004" /><testcase classname="tests.generated.analytics.test_analytics_128" name="test_analytics[case3]" time="0.004" /><testcase classname="tests.generated.analytics.test_analytics_097" name="test_analytics[case4]" time="0.004" /><testcase classname="tests.generated.analytics.test_analytics_003" name="test_analytics[case4]" time="0.004" /><testcase classname="tests.generated.analytics.test_analytics_160" name="test_analytics[case1]" time="0.004" /><testcase classname="tests.generated.catalog.test_catalog_025" name="test_catalog[case0]" time="0.007" /><testcase classname="tests.generated.analytics.test_analytics_128" name="test_analytics[case4]" time="0.004" /><testcase classname="tests.generated.analytics.test_analytics_066" name="test_analytics[case2]" time="0.016" /><testcase classname="tests.generated.analytics.test_analytics_160" name="test_analytics[case2]" time="0.012" /><testcase classname="tests.generated.catalog.test_catalog_056" name="test_catalog[case8]" time="0.007" /><testcase classname="tests.generated.analytics.test_analytics_097" name="test_analytics[case5]" time="0.013" /><testcase classname="tests.generated.analytics.test_analytics_035" name="test_analytics[case5]" time="0.015" /><testcase classname="tests.generated.catalog.test_catalog_056" name="test_catalog[case9]" time="0.006" /><testcase classname="tests.generated.catalog.test_catalog_025" name="test_catalog[case1]" time="0.008" /><testcase classname="tests.generated.analytics.test_analytics_003" name="test_analytics[case5]" time="0.006" /><testcase classname="tests.generated.analytics.test_analytics_128" name="test_analytics[case5]" time="0.004" /><testcase classname="tests.generated.analytics.test_analytics_066" name="test_analytics[case3]" time="0.005" /><testcase classname="tests.generated.analytics.test_analytics_097" name="test_analytics[case6]" time="0.007" /><testcase classname="tests.generated.catalog.test_catalog_057" name="test_catalog[case0]" time="0.004" /><testcase classname="tests.generated.analytics.test_analytics_128" name="test_analytics[case6]" time="0.009" /><testcase classname="tests.generated.analytics.test_analytics_035" name="test_analytics[case6]" time="0.007" /><testcase classname="tests.generated.analytics.test_analytics_160" name="test_analytics[case3]" time="0.008" /><testcase classname="tests.generated.analytics.test_analytics_066" name="test_analytics[case4]" time="0.004" /><testcase classname="tests.generated.analytics.test_analytics_003" name="test_analytics[case6]" time="0.011" /><testcase classname="tests.generated.catalog.test_catalog_025" name="test_catalog[case2]" time="0.009" /><testcase classname="tests.generated.analytics.test_analytics_097" name="test_analytics[case7]" time="0.005" /><testcase classname="tests.generated.catalog.test_catalog_057" name="test_catalog[case1]" time="0.019" /><testcase classname="tests.generated.analytics.test_analytics_128" name="test_analytics[case7]" time="0.004" /><testcase classname="tests.generated.analytics.test_analytics_066" name="test_analytics[case5]" time="0.004" /><testcase classname="tests.generated.analytics.test_analytics_035" name="test_analytics[case7]" time="0.006" /><testcase classname="tests.generated.analytics.test_analytics_097" name="test_analytics[case8]" time="0.009" /><testcase classname="tests.generated.analytics.test_analytics_160" name="test_analytics[case4]" time="0.004" /><testcase classname="tests.generated.analytics.test_analytics_128" name="test_analytics[case8]" time="0.004" /><testcase classname="tests.generated.analytics.test_analytics_066" name="test_analytics[case6]" time="0.005" /><testcase classname="tests.generated.catalog.test_catalog_025" name="test_catalog[case3]" time="0.008" /><testcase classname="tests.generated.analytics.test_analytics_160" name="test_analytics[case5]" time="0.004" /><testcase classname="tests.generated.analytics.test_analytics_003" name="test_analytics[case7]" time="0.005" /><testcase classname="tests.generated.analytics.test_analytics_160" name="test_analytics[case6]" time="0.005" /><testcase classname="tests.generated.analytics.test_analytics_035" name="test_analytics[case8]" time="0.010" /><testcase classname="tests.generated.catalog.test_catalog_025" name="test_catalog[case4]" time="0.006" /><testcase classname="tests.generated.analytics.test_analytics_097" name="test_analytics[case9]" time="0.006" /><testcase classname="tests.generated.catalog.test_catalog_057" name="test_catalog[case2]" time="0.004" /><testcase classname="tests.generated.catalog.test_catalog_057" name="test_catalog[case3]" time="0.005" /><testcase classname="tests.generated.analytics.test_analytics_066" name="test_analytics[case7]" time="0.016" /><testcase classname="tests.generated.analytics.test_analytics_003" name="test_analytics[case8]" time="0.011" /><testcase classname="tests.generated.analytics.test_analytics_128" name="test_analytics[case9]" time="0.007" /><testcase classname="tests.generated.analytics.test_analytics_098" name="test_analytics[case0]" time="0.004" /><testcase classname="tests.generated.analytics.test_analytics_160" name="test_analytics[case7]" time="0.005" /><testcase classname="tests.generated.analytics.test_analytics_035" name="test_analytics[case9]" time="0.005" /><testcase classname="tests.generated.analytics.test_analytics_003" name="test_analytics[case9]" time="0.004" /><testcase classname="tests.generated.analytics.test_analytics_160" name="test_analytics[case8]" time="0.004" /><testcase classname="tests.generated.catalog.test_catalog_057" name="test_catalog[case4]" time="0.005" /><testcase classname="tests.generated.analytics.test_analytics_066" name="test_analytics[case8]" time="0.008" /><testcase classname="tests.generated.catalog.test_catalog_025" name="test_catalog[case5]" time="0.009" /><testcase classname="tests.generated.catalog.test_catalog_057" name="test_catalog[case5]" time="0.004" /><testcase classname="tests.generated.analytics.test_analytics_036" name="test_analytics[case0]" time="0.003" /><testcase classname="tests.generated.analytics.test_analytics_129" name="test_analytics[case0]" time="0.005" /><testcase classname="tests.generated.analytics.test_analytics_004" name="test_analytics[case0]" time="0.004" /><testcase classname="tests.generated.analytics.test_analytics_098" name="test_analytics[case1]" time="0.009" /><testcase classname="tests.generated.catalog.test_catalog_057" name="test_catalog[case6]" time="0.004" /><testcase classname="tests.generated.catalog.test_catalog_025" name="test_catalog[case6]" time="0.005" /><testcase classname="tests.generated.analytics.test_analytics_160" name="test_analytics[case9]" time="0.012" /><testcase classname="tests.generated.analytics.test_analytics_129" name="test_analytics[case1]" time="0.004" /><testcase classname="tests.generated.analytics.test_analytics_036" name="test_analytics[case1]" time="0.010" /><testcase classname="tests.generated.analytics.test_analytics_066" name="test_analytics[case9]" time="0.006" /><testcase classname="tests.generated.catalog.test_catalog_057" name="test_catalog[case7]" time="0.005" /><testcase classname="tests.generated.analytics.test_analytics_129" name="test_analytics[case2]" time="0.004" /><testcase classname="tests.generated.catalog.test_catalog_025" name="test_catalog[case7]" time="0.011" /><testcase classname="tests.generated.analytics.test_analytics_004" name="test_analytics[case1]" time="0.004" /><testcase classname="tests.generated.analytics.test_analytics_098" name="test_analytics[case2]" time="0.009" /><testcase classname="tests.generated.catalog.test_catalog_057" name="test_catalog[case8]" time="0.005" /><testcase classname="tests.generated.analytics.test_analytics_036" name="test_analytics[case2]" time="0.004" /><testcase classname="tests.generated.analytics.test_analytics_004" name="test_analytics[case2]" time="0.007" /><testcase classname="tests.generated.analytics.test_analytics_129" name="test_analytics[case3]" time="0.005" /><testcase classname="tests.generated.analytics.test_analytics_067" name="test_analytics[case0]" time="0.010" /><testcase classname="tests.generated.analytics.test_analytics_161" name="test_analytics[case0]" time="0.005" /><testcase classname="tests.generated.catalog.test_catalog_057" name="test_catalog[case9]" time="0.011" /><testcase classname="tests.generated.catalog.test_catalog_025" name="test_catalog[case8]" time="0.004" /><testcase classname="tests.generated.analytics.test_analytics_129" name="test_analytics[case4]" time="0.009" /><testcase classname="tests.generated.analytics.test_analytics_004" name="test_analytics[case3]" time="0.004" /><testcase classname="tests.generated.analytics.test_analytics_036" name="test_analytics[case3]" time="0.004" /><testcase classname="tests.generated.analytics.test_analytics_098" name="test_analytics[case3]" time="0.009" /><testcase classname="tests.generated.analytics.test_analytics_036" name="test_analytics[case4]" time="0.013" /><testcase classname="tests.generated.analytics.test_analytics_129" name="test_analytics[case5]" time="0.007" /><testcase classname="tests.generated.catalog.test_catalog_025" name="test_catalog[case9]" time="0.005" /><testcase classname="tests.generated.analytics.test_analytics_067" name="test_analytics[case1]" time="0.005" /><testcase classname="tests.generated.analytics.test_analytics_004" name="test_analytics[case4]" time="0.005" /><testcase classname="tests.generated.analytics.test_analytics_161" name="test_analytics[case1]" time="0.010" /><testcase classname="tests.generated.analytics.test_analytics_004" name="test_analytics[case5]" time="0.004" /><testcase classname="tests.generated.catalog.test_catalog_026" name="test_catalog[case0]" time="0.007" /><testcase classname="tests.generated.analytics.test_analytics_098" name="test_analytics[case4]" time="0.004" /><testcase classname="tests.generated.analytics.test_analytics_067" name="test_analytics[case2]" time="0.004" /><testcase classname="tests.generated.analytics.test_analytics_036" name="test_analytics[case5]" time="0.004" /><testcase classname="tests.generated.catalog.test_catalog_058" name="test_catalog[case0]" time="0.018" /><testcase classname="tests.generated.analytics.test_analytics_004" name="test_analytics[case6]" time="0.005" /><testcase classname="tests.generated.analytics.test_analytics_067" name="test_analytics[case3]" time="0.004" /><testcase classname="tests.generated.analytics.test_analytics_129" name="test_analytics[case6]" time="0.009" /><testcase classname="tests.generated.analytics.test_analytics_036" name="test_analytics[case6]" time="0.004" /><testcase classname="tests.generated.analytics.test_analytics_098" name="test_analytics[case5]" time="0.005" /><testcase classname="tests.generated.analytics.test_analytics_004" name="test_analytics[case7]" time="0.005" /><testcase classname="tests.generated.analytics.test_analytics_161" name="test_analytics[case2]" time="0.006" /><testcase classname="tests.generated.analytics.test_analytics_067" name="test_analytics[case4]" time="0.004" /><testcase classname="tests.generated.analytics.test_analytics_098" name="test_analytics[case6]" time="0.004" /><testcase classname="tests.generated.analytics.test_analytics_036" name="test_analytics[case7]" time="0.015" /><testcase classname="tests.generated.catalog.test_catalog_026" name="test_catalog[case1]" time="0.014" /><testcase classname="tests.generated.analytics.test_analytics_129" name="test_analytics[case7]" time="0.005" /><testcase classname="tests.generated.analytics.test_analytics_067" name="test_analytics[case5]" time="0.005" /><testcase classname="tests.generated.analytics.test_analytics_098" name="test_analytics[case7]" time="0.004" /><testcase classname="tests.generated.catalog.test_catalog_058" name="test_catalog[case1]" time="0.004" /><testcase classname="tests.generated.analytics.test_analytics_004" name="test_analytics[case8]" time="0.010" /><testcase classname="tests.generated.analytics.test_analytics_098" name="test_analytics[case8]" time="0.004" /><testcase classname="tests.generated.analytics.test_analytics_161" name="test_analytics[case3]" time="0.010" /><testcase classname="tests.generated.analytics.test_analytics_067" name="test_analytics[case6]" time="0.004" /><testcase classname="tests.generated.catalog.test_catalog_058" name="test_catalog[case2]" time="0.010" /><testcase classname="tests.generated.analytics.test_analytics_129" name="test_analytics[case8]" time="0.009" /><testcase classname="tests.generated.analytics.test_analytics_098" name="test_analytics[case9]" time="0.014" /><testcase classname="tests.generated.analytics.test_analytics_036" name="test_analytics[case8]" time="0.004" /><testcase classname="tests.generated.analytics.test_analytics_067" name="test_analytics[case7]" time="0.004" /><testcase classname="tests.generated.analytics.test_analytics_036" name="test_analytics[case9]" time="0.006" /><testcase classname="tests.generated.analytics.test_analytics_129" name="test_analytics[case9]" time="0.004" /><testcase classname="tests.generated.analytics.test_analytics_004" name="test_analytics[case9]" time="0.014" /><testcase classname="tests.generated.catalog.test_catalog_026" name="test_catalog[case2]" time="0.009" /><testcase classname="tests.generated.analytics.test_analytics_161" name="test_analytics[case4]" time="0.028" /><testcase classname="tests.generated.analytics.test_analytics_037" name="test_analytics[case0]" time="0.005" /><testcase classname="tests.generated.analytics.test_analytics_130" name="test_analytics[case0]" time="0.005" /><testcase classname="tests.generated.catalog.test_catalog_026" name="test_catalog[case3]" time="0.005" /><testcase classname="tests.generated.analytics.test_analytics_067" name="test_analytics[case8]" time="0.015" /><testcase classname="tests.generated.catalog.test_catalog_026" name="test_catalog[case4]" time="0.007" /><testcase classname="tests.generated.analytics.test_analytics_037" name="test_analytics[case1]" time="0.007" /><testcase classname="tests.generated.analytics.test_analytics_130" name="test_analytics[case1]" time="0.010" /><testcase classname="tests.generated.catalog.test_catalog_058" name="test_catalog[case3]" time="0.006" /><testcase classname="tests.generated.analytics.test_analytics_099" name="test_analytics[case0]" time="0.005" /><testcase classname="tests.generated.analytics.test_analytics_005" name="test_analytics[case0]" time="0.009" /><testcase classname="tests.generated.analytics.test_analytics_161" name="test_analytics[case5]" time="0.004" /><testcase classname="tests.generated.analytics.test_analytics_099" name="test_analytics[case1]" time="0.005" /><testcase classname="tests.generated.analytics.test_analytics_037" name="test_analytics[case2]" time="0.004" /><testcase classname="tests.generated.catalog.test_catalog_058" name="test_catalog[case4]" time="0.009" /><testcase classname="tests.generated.analytics.test_analytics_067" name="test_analytics[case9]" time="0.009" /><testcase classname="tests.generated.catalog.test_catalog_026" name="test_catalog[case5]" time="0.007" /><testcase classname="tests.generated.analytics.test_analytics_099" name="test_analytics[case2]" time="0.004" /><testcase classname="tests.generated.analytics.test_analytics_161" name="test_analytics[case6]" time="0.004" /><testcase classname="tests.generated.analytics.test_analytics_130" name="test_analytics[case2]" time="0.015" /><testcase classname="tests.generated.analytics.test_analytics_037" name="test_analytics[case3]" time="0.007" /><testcase classname="tests.generated.analytics.test_analytics_005" name="test_analytics[case1]" time="0.007" /><testcase classname="tests.generated.analytics.test_analytics_099" name="test_analytics[case3]" time="0.008" /><testcase classname="tests.generated.analytics.test_analytics_161" name="test_analytics[case7]" time="0.004" /><testcase classname="tests.generated.analytics.test_analytics_161" name="test_analytics[case8]" time="0.004" /><testcase classname="tests.generated.catalog.test_catalog_058" name="test_catalog[case5]" time="0.009" /><testcase classname="tests.generated.analytics.test_analytics_068" name="test_analytics[case0]" time="0.011" /><testcase classname="tests.generated.catalog.test_catalog_026" name="test_catalog[case6]" time="0.004" /><testcase classname="tests.generated.catalog.test_catalog_026" name="test_catalog[case7]" time="0.005" /><testcase classname="tests.generated.analytics.test_analytics_161" name="test_analytics[case9]" time="0.004" /><testcase classname="tests.generated.analytics.test_analytics_005" name="test_analytics[case2]" time="0.012" /><testcase classname="tests.generated.catalog.test_catalog_058" name="test_catalog[case6]" time="0.004" /><testcase classname="tests.generated.analytics.test_analytics_130" name="test_analytics[case3]" time="0.010" /><testcase classname="tests.generated.analytics.test_analytics_037" name="test_analytics[case4]" time="0.012" /><testcase classname="tests.generated.analytics.test_analytics_162" name="test_analytics[case0]" time="0.005" /><testcase classname="tests.generated.catalog.test_catalog_026" name="test_catalog[case8]" time="0.006" /><testcase classname="tests.generated.analytics.test_analytics_099" name="test_analytics[case4]" time="0.008" /><testcase classname="tests.generated.catalog.test_catalog_058" name="test_catalog[case7]" time="0.004" /><testcase classname="tests.generated.analytics.test_analytics_068" name="test_analytics[case1]" time="0.013" /><testcase classname="tests.generated.analytics.test_analytics_099" name="test_analytics[case5]" time="0.005" /><testcase classname="tests.generated.catalog.test_catalog_026" name="test_catalog[case9]" time="0.008" /><testcase classname="tests.generated.catalog.test_catalog_058" name="test_catalog[case8]" time="0.004" /><testcase classname="tests.generated.analytics.test_analytics_130" name="test_analytics[case4]" time="0.005" /><testcase classname="tests.generated.analytics.test_analytics_099" name="test_analytics[case6]" time="0.004" /><testcase classname="tests.generated.catalog.test_catalog_058" name="test_catalog[case9]" time="0.004" /><testcase classname="tests.generated.analytics.test_analytics_037" name="test_analytics[case5]" time="0.005" /><testcase classname="tests.generated.analytics.test_analytics_130" name="test_analytics[case5]" time="0.007" /><testcase classname="tests.generated.analytics.test_analytics_005" name="test_analytics[case3]" time="0.006" /><testcase classname="tests.generated.analytics.test_analytics_037" name="test_analytics[case6]" time="0.004" /><testcase classname="tests.generated.analytics.test_analytics_162" name="test_analytics[case1]" time="0.009" /><testcase classname="tests.generated.catalog.test_catalog_059" name="test_catalog[case0]" time="0.004" /><testcase classname="tests.generated.analytics.test_analytics_099" name="test_analytics[case7]" time="0.020" /><testcase classname="tests.generated.analytics.test_analytics_005" name="test_analytics[case4]" time="0.008" /><testcase classname="tests.generated.analytics.test_analytics_130" name="test_analytics[case6]" time="0.004" /><testcase classname="tests.generated.catalog.test_catalog_027" name="test_catalog[case0]" time="0.004" /><testcase classname="tests.generated.analytics.test_analytics_068" name="test_analytics[case2]" time="0.010" /><testcase classname="tests.generated.analytics.test_analytics_037" name="test_analytics[case7]" time="0.006" /><testcase classname="tests.generated.catalog.test_catalog_059" name="test_catalog[case1]" time="0.006" /><testcase classname="tests.generated.analytics.test_analytics_005" name="test_analytics[case5]" time="0.005" /><testcase classname="tests.generated.catalog.test_catalog_027" name="test_catalog[case1]" time="0.004" /><testcase classname="tests.generated.analytics.test_analytics_162" name="test_analytics[case2]" time="0.007" /><testcase classname="tests.generated.analytics.test_analytics_130" name="test_analytics[case7]" time="0.004" /><testcase classname="tests.generated.catalog.test_catalog_027" name="test_catalog[case2]" time="0.004" /><testcase classname="tests.generated.analytics.test_analytics_037" name="test_analytics[case8]" time="0.006" /><testcase classname="tests.generated.analytics.test_analytics_099" name="test_analytics[case8]" time="0.004" /><testcase classname="tests.generated.catalog.test_catalog_059" name="test_catalog[case2]" time="0.004" /><testcase classname="tests.generated.analytics.test_analytics_068" name="test_analytics[case3]" time="0.011" /><testcase classname="tests.generated.catalog.test_catalog_027" name="test_catalog[case3]" time="0.005" /><testcase classname="tests.generated.analytics.test_analytics_005" name="test_analytics[case6]" time="0.006" /><testcase classname="tests.generated.catalog.test_catalog_059" name="test_catalog[case3]" time="0.005" /><testcase classname="tests.generated.analytics.test_analytics_162" name="test_analytics[case3]" time="0.006" /><testcase classname="tests.generated.analytics.test_analytics_130" name="test_analytics[case8]" time="0.017" /><testcase classname="tests.generated.catalog.test_catalog_027" name="test_catalog[case4]" time="0.007" /><testcase classname="tests.generated.analytics.test_analytics_037" name="test_analytics[case9]" time="0.006" /><testcase classname="tests.generated.analytics.test_analytics_162" name="test_analytics[case4]" time="0.004" /><testcase classname="tests.generated.catalog.test_catalog_059" name="test_catalog[case4]" time="0.006" /><testcase classname="tests.generated.analytics.test_analytics_068" name="test_analytics[case4]" time="0.008" /><testcase classname="tests.generated.analytics.test_analytics_099" name="test_analytics[case9]" time="0.016" /><testcase classname="tests.generated.analytics.test_analytics_130" name="test_analytics[case9]" time="0.005" /><testcase classname="tests.generated.analytics.test_analytics_005" name="test_analytics[case7]" time="0.006" /><testcase classname="tests.generated.analytics.test_analytics_162" name="test_analytics[case5]" time="0.004" /><testcase classname="tests.generated.catalog.test_catalog_027" name="test_catalog[case5]" time="0.008" /><testcase classname="tests.generated.analytics.test_analytics_038" name="test_analytics[case0]" time="0.008" /><testcase classname="tests.generated.analytics.test_analytics_162" name="test_analytics[case6]" time="0.011" /><testcase classname="tests.generated.analytics.test_analytics_100" name="test_analytics[case0]" time="0.008" /><testcase classname="tests.generated.catalog.test_catalog_059" name="test_catalog[case5]" time="0.010" /><testcase classname="tests.generated.analytics.test_analytics_131" name="test_analytics[case0]" time="0.004" /><testcase classname="tests.generated.analytics.test_analytics_005" name="test_analytics[case8]" time="0.011" /><testcase classname="tests.generated.analytics.test_analytics_131" name="test_analytics[case1]" time="0.004" /><testcase classname="tests.generated.analytics.test_analytics_068" name="test_analytics[case5]" time="0.007" /><testcase classname="tests.generated.catalog.test_catalog_027" name="test_catalog[case6]" time="0.008" /><testcase classname="tests.generated.analytics.test_analytics_038" name="test_analytics[case1]" time="0.004" /><testcase classname="tests.generated.analytics.test_analytics_131" name="test_analytics[case2]" time="0.004" /><testcase classname="tests.generated.catalog.test_catalog_059" name="test_catalog[case6]" time="0.004" /><testcase classname="tests.generated.analytics.test_analytics_100" name="test_analytics[case1]" time="0.015" /><testcase classname="tests.generated.analytics.test_analytics_038" name="test_analytics[case2]" time="0.007" /><testcase classname="tests.generated.analytics.test_analytics_005" name="test_analytics[case9]" time="0.005" /><testcase classname="tests.generated.analytics.test_analytics_068" name="test_analytics[case6]" time="0.007" /><testcase classname="tests.generated.catalog.test_catalog_027" name="test_catalog[case7]" time="0.005" /><testcase classname="tests.generated.catalog.test_catalog_027" name="test_catalog[case8]" time="0.004" /><testcase classname="tests.generated.analytics.test_analytics_131" name="test_analytics[case3]" time="0.004" /><testcase classname="tests.generated.analytics.test_analytics_038" name="test_analytics[case3]" time="0.011" /><testcase classname="tests.generated.catalog.test_catalog_059" name="test_catalog[case7]" time="0.009" /><testcase classname="tests.generated.analytics.test_analytics_162" name="test_analytics[case7]" time="0.015" /><testcase classname="tests.generated.analytics.test_analytics_068" name="test_analytics[case7]" time="0.006" /><testcase classname="tests.generated.catalog.test_catalog_027" name="test_catalog[case9]" time="0.004" /><testcase classname="tests.generated.analytics.test_analytics_006" name="test_analytics[case0]" time="0.021" /><testcase classname="tests.generated.analytics.test_analytics_131" name="test_analytics[case4]" time="0.007" /><testcase classname="tests.generated.analytics.test_analytics_100" name="test_analytics[case2]" time="0.008" /><testcase classname="tests.generated.catalog.test_catalog_059" name="test_catalog[case8]" time="0.007" /><testcase classname="tests.generated.catalog.test_catalog_028" name="test_catalog[case0]" time="0.005" /><testcase classname="tests.generated.analytics.test_analytics_162" name="test_analytics[case8]" time="0.013" /><testcase classname="tests.generated.analytics.test_analytics_038" name="test_analytics[case4]" time="0.004" /><testcase classname="tests.generated.analytics.test_analytics_131" name="test_analytics[case5]" time="0.005" /><testcase classname="tests.generated.analytics.test_analytics_131" name="test_analytics[case6]" time="0.009" /><testcase classname="tests.generated.analytics.test_analytics_068" name="test_analytics[case8]" time="0.008" /><testcase classname="tests.generated.catalog.test_catalog_028" name="test_catalog[case1]" time="0.010" /><testcase classname="tests.generated.analytics.test_analytics_038" name="test_analytics[case5]" time="0.004" /><testcase classname="tests.generated.catalog.test_catalog_059" name="test_catalog[case9]" time="0.007" /><testcase classname="tests.generated.analytics.test_analytics_068" name="test_analytics[case9]" time="0.004" /><testcase classname="tests.generated.analytics.test_analytics_162" name="test_analytics[case9]" time="0.004" /><testcase classname="tests.generated.analytics.test_analytics_038" name="test_analytics[case6]" time="0.010" /><testcase classname="tests.generated.analytics.test_analytics_006" name="test_analytics[case1]" time="0.008" /><testcase classname="tests.generated.analytics.test_analytics_163" name="test_analytics[case0]" time="0.009" /><testcase classname="tests.generated.catalog.test_catalog_028" name="test_catalog[case2]" time="0.008" /><testcase classname="tests.generated.analytics.test_analytics_100" name="test_analytics[case3]" time="0.010" /><testcase classname="tests.generated.catalog.test_catalog_060" name="test_catalog[case0]" time="0.011" /><testcase classname="tests.generated.analytics.test_analytics_069" name="test_analytics[case0]" time="0.004" /><testcase classname="tests.generated.analytics.test_analytics_131" name="test_analytics[case7]" time="0.007" /><testcase classname="tests.generated.analytics.test_analytics_006" name="test_analytics[case2]" time="0.005" /><testcase classname="tests.generated.catalog.test_catalog_028" name="test_catalog[case3]" time="0.014" /><testcase classname="tests.generated.analytics.test_analytics_038" name="test_analytics[case7]" time="0.005" /><testcase classname="tests.generated.analytics.test_analytics_069" name="test_analytics[case1]" time="0.006" /><testcase classname="tests.generated.analytics.test_analytics_131" name="test_analytics[case8]" time="0.005" /><testcase classname="tests.generated.analytics.test_analytics_163" name="test_analytics[case1]" time="0.010" /><testcase classname="tests.generated.analytics.test_analytics_100" name="test_analytics[case4]" time="0.010" /><testcase classname="tests.generated.analytics.test_analytics_006" name="test_analytics[case3]" time="0.005" /><testcase classname="tests.generated.catalog.test_catalog_060" name="test_catalog[case1]" time="0.005" /><testcase classname="tests.generated.analytics.test_analytics_131" name="test_analytics[case9]" time="0.004" /><testcase classname="tests.generated.analytics.test_analytics_132" name="test_analytics[case0]" time="0.004" /><testcase classname="tests.generated.analytics.test_analytics_038" name="test_analytics[case8]" time="0.009" /><testcase classname="tests.generated.analytics.test_analytics_069" name="test_analytics[case2]" time="0.009" /><testcase classname="tests.generated.catalog.test_catalog_028" name="test_catalog[case4]" time="0.015" /><testcase classname="tests.generated.analytics.test_analytics_006" name="test_analytics[case4]" time="0.004" /><testcase classname="tests.generated.catalog.test_catalog_060" name="test_catalog[case2]" time="0.004" /><testcase classname="tests.generated.analytics.test_analytics_100" name="test_analytics[case5]" time="0.013" /><testcase classname="tests.generated.catalog.test_catalog_060" name="test_catalog[case3]" time="0.004" /><testcase classname="tests.generated.analytics.test_analytics_163" name="test_analytics[case2]" time="0.004" /><testcase classname="tests.generated.analytics.test_analytics_163" name="test_analytics[case3]" time="0.004" /><testcase classname="tests.generated.analytics.test_analytics_006" name="test_analytics[case5]" time="0.004" /><testcase classname="tests.generated.catalog.test_catalog_060" name="test_catalog[case4]" time="0.006" /><testcase classname="tests.generated.analytics.test_analytics_163" name="test_analytics[case4]" time="0.008" /><testcase classname="tests.generated.analytics.test_analytics_132" name="test_analytics[case1]" time="0.005" /><testcase classname="tests.generated.analytics.test_analytics_038" name="test_analytics[case9]" time="0.003" /><testcase classname="tests.generated.analytics.test_analytics_069" name="test_analytics[case3]" time="0.004" /><testcase classname="tests.generated.analytics.test_analytics_039" name="test_analytics[case0]" time="0.004" /><testcase classname="tests.generated.catalog.test_catalog_060" name="test_catalog[case5]" time="0.007" /><testcase classname="tests.generated.analytics.test_analytics_100" name="test_analytics[case6]" time="0.006" /><testcase classname="tests.generated.analytics.test_analytics_069" name="test_analytics[case4]" time="0.007" /><testcase classname="tests.generated.catalog.test_catalog_028" name="test_catalog[case5]" time="0.022" /><testcase classname="tests.generated.analytics.test_analytics_006" name="test_analytics[case6]" time="0.021" /><testcase classname="tests.generated.analytics.test_analytics_132" name="test_analytics[case2]" time="0.006" /><testcase classname="tests.generated.catalog.test_catalog_060" name="test_catalog[case6]" time="0.004" /><testcase classname="tests.generated.analytics.test_analytics_163" name="test_analytics[case5]" time="0.016" /><testcase classname="tests.generated.analytics.test_analytics_039" name="test_analytics[case1]" time="0.004" /><testcase classname="tests.generated.analytics.test_analytics_069" name="test_analytics[case5]" time="0.020" /><testcase classname="tests.generated.analytics.test_analytics_132" name="test_analytics[case3]" time="0.005" /><testcase classname="tests.generated.analytics.test_analytics_100" name="test_analytics[case7]" time="0.008" /><testcase classname="tests.generated.catalog.test_catalog_060" name="test_catalog[case7]" time="0.008" /><testcase classname="tests.generated.analytics.test_analytics_039" name="test_analytics[case2]" time="0.004" /><testcase classname="tests.generated.analytics.test_analytics_132" name="test_analytics[case4]" time="0.005" /><testcase classname="tests.generated.analytics.test_analytics_100" name="test_analytics[case8]" time="0.004" /><testcase classname="tests.generated.analytics.test_analytics_006" name="test_analytics[case7]" time="0.012" /><testcase classname="tests.generated.catalog.test_catalog_060" name="test_catalog[case8]" time="0.004" /><testcase classname="tests.generated.analytics.test_analytics_039" name="test_analytics[case3]" time="0.004" /><testcase classname="tests.generated.analytics.test_analytics_163" name="test_analytics[case6]" time="0.008" /><testcase classname="tests.generated.analytics.test_analytics_132" name="test_analytics[case5]" time="0.004" /><testcase classname="tests.generated.catalog.test_catalog_060" name="test_catalog[case9]" time="0.004" /><testcase classname="tests.generated.catalog.test_catalog_028" name="test_catalog[case6]" time="0.004" /><testcase classname="tests.generated.analytics.test_analytics_039" name="test_analytics[case4]" time="0.012" /><testcase classname="tests.generated.analytics.test_analytics_100" name="test_analytics[case9]" time="0.004" /><testcase classname="tests.generated.analytics.test_analytics_006" name="test_analytics[case8]" time="0.004" /><testcase classname="tests.generated.analytics.test_analytics_132" name="test_analytics[case6]" time="0.004" /><testcase classname="tests.generated.analytics.test_analytics_101" name="test_analytics[case0]" time="0.011" /><testcase classname="tests.generated.analytics.test_analytics_163" name="test_analytics[case7]" time="0.011" /><testcase classname="tests.generated.catalog.test_catalog_061" name="test_catalog[case0]" time="0.006" /><testcase classname="tests.generated.catalog.test_catalog_028" name="test_catalog[case7]" time="0.013" /><testcase classname="tests.generated.analytics.test_analytics_069" name="test_analytics[case6]" time="0.009" /><testcase classname="tests.generated.analytics.test_analytics_132" name="test_analytics[case7]" time="0.005" /><testcase classname="tests.generated.catalog.test_catalog_061" name="test_catalog[case1]" time="0.004" /><testcase classname="tests.generated.analytics.test_analytics_006" name="test_analytics[case9]" time="0.006" /><testcase classname="tests.generated.analytics.test_analytics_132" name="test_analytics[case8]" time="0.008" /><testcase classname="tests.generated.analytics.test_analytics_039" name="test_analytics[case5]" time="0.006" /><testcase classname="tests.generated.analytics.test_analytics_163" name="test_analytics[case8]" time="0.004" /><testcase classname="tests.generated.analytics.test_analytics_069" name="test_analytics[case7]" time="0.008" /><testcase classname="tests.generated.analytics.test_analytics_007" name="test_analytics[case0]" time="0.005" /><testcase classname="tests.generated.catalog.test_catalog_028" name="test_catalog[case8]" time="0.005" /><testcase classname="tests.generated.catalog.test_catalog_061" name="test_catalog[case2]" time="0.004" /><testcase classname="tests.generated.analytics.test_analytics_069" name="test_analytics[case8]" time="0.008" /><testcase classname="tests.generated.catalog.test_catalog_061" name="test_catalog[case3]" time="0.004" /><testcase classname="tests.generated.catalog.test_catalog_061" name="test_catalog[case4]" time="0.009" /><testcase classname="tests.generated.analytics.test_analytics_101" name="test_analytics[case1]" time="0.009" /><testcase classname="tests.generated.catalog.test_catalog_028" name="test_catalog[case9]" time="0.008" /><testcase classname="tests.generated.analytics.test_analytics_132" name="test_analytics[case9]" time="0.005" /><testcase classname="tests.generated.analytics.test_analytics_039" name="test_analytics[case6]" time="0.005" /><testcase classname="tests.generated.analytics.test_analytics_007" name="test_analytics[case1]" time="0.012" /><testcase classname="tests.generated.catalog.test_catalog_029" name="test_catalog[case0]" time="0.005" /><testcase classname="tests.generated.analytics.test_analytics_133" name="test_analytics[case0]" time="0.005" /><testcase classname="tests.generated.analytics.test_analytics_039" name="test_analytics[case7]" time="0.004" /><testcase classname="tests.generated.analytics.test_analytics_163" name="test_analytics[case9]" time="0.008" /><testcase classname="tests.generated.analytics.test_analytics_164" name="test_analytics[case0]" time="0.004" /><testcase classname="tests.generated.analytics.test_analytics_039" name="test_analytics[case8]" time="0.004" /><testcase classname="tests.generated.catalog.test_catalog_029" name="test_catalog[case1]" time="0.005" /><testcase classname="tests.generated.analytics.test_analytics_164" name="test_analytics[case1]" time="0.005" /><testcase classname="tests.generated.catalog.test_catalog_061" name="test_catalog[case5]" time="0.019" /><testcase classname="tests.generated.analytics.test_analytics_133" name="test_analytics[case1]" time="0.004" /><testcase classname="tests.generated.analytics.test_analytics_101" name="test_analytics[case2]" time="0.004" /><testcase classname="tests.generated.analytics.test_analytics_101" name="test_analytics[case3]" time="0.006" /><testcase classname="tests.generated.analytics.test_analytics_039" name="test_analytics[case9]" time="0.005" /><testcase classname="tests.generated.catalog.test_catalog_029" name="test_catalog[case2]" time="0.006" /><testcase classname="tests.generated.analytics.test_analytics_133" name="test_analytics[case2]" time="0.005" /><testcase classname="tests.generated.analytics.test_analytics_069" name="test_analytics[case9]" time="0.026" /><testcase classname="tests.generated.analytics.test_analytics_007" name="test_analytics[case2]" time="0.007" /><testcase classname="tests.generated.analytics.test_analytics_133" name="test_analytics[case3]" time="0.005" /><testcase classname="tests.generated.catalog.test_catalog_029" name="test_catalog[case3]" time="0.008" /><testcase classname="tests.generated.analytics.test_analytics_101" name="test_analytics[case4]" time="0.008" /><testcase classname="tests.generated.analytics.test_analytics_040" name="test_analytics[case0]" time="0.005" /><testcase classname="tests.generated.catalog.test_catalog_061" name="test_catalog[case6]" time="0.009" /><testcase classname="tests.generated.analytics.test_analytics_164" name="test_analytics[case2]" time="0.014" /><testcase classname="tests.generated.analytics.test_analytics_133" name="test_analytics[case4]" time="0.004" /><testcase classname="tests.generated.analytics.test_analytics_007" name="test_analytics[case3]" time="0.006" /><testcase classname="tests.generated.analytics.test_analytics_040" name="test_analytics[case1]" time="0.006" /><testcase classname="tests.generated.analytics.test_analytics_070" name="test_analytics[case0]" time="0.008" /><testcase classname="tests.generated.catalog.test_catalog_029" name="test_catalog[case4]" time="0.005" /><testcase classname="tests.generated.analytics.test_analytics_101" name="test_analytics[case5]" time="0.012" /><testcase classname="tests.generated.analytics.test_analytics_133" name="test_analytics[case5]" time="0.006" /><testcase classname="tests.generated.analytics.test_analytics_007" name="test_analytics[case4]" time="0.004" /><testcase classname="tests.generated.analytics.test_analytics_040" name="test_analytics[case2]" time="0.006" /><testcase classname="tests.generated.analytics.test_analytics_070" name="test_analytics[case1]" time="0.008" /><testcase classname="tests.generated.analytics.test_analytics_007" name="test_analytics[case5]" time="0.005" /><testcase classname="tests.generated.catalog.test_catalog_029" name="test_catalog[case5]" time="0.004" /><testcase classname="tests.generated.catalog.test_catalog_061" name="test_catalog[case7]" time="0.007" /><testcase classname="tests.generated.analytics.test_analytics_007" name="test_analytics[case6]" time="0.004" /><testcase classname="tests.generated.analytics.test_analytics_040" name="test_analytics[case3]" time="0.004" /><testcase classname="tests.generated.analytics.test_analytics_133" name="test_analytics[case6]" time="0.008" /><testcase classname="tests.generated.catalog.test_catalog_029" name="test_catalog[case6]" time="0.008" /><testcase classname="tests.generated.analytics.test_analytics_164" name="test_analytics[case3]" time="0.011" /><testcase classname="tests.generated.analytics.test_analytics_101" name="test_analytics[case6]" time="0.014" /><testcase classname="tests.generated.analytics.test_analytics_007" name="test_analytics[case7]" time="0.004" /><testcase classname="tests.generated.catalog.test_catalog_061" name="test_catalog[case8]" time="0.005" /><testcase classname="tests.generated.analytics.test_analytics_070" name="test_analytics[case2]" time="0.007" /><testcase classname="tests.generated.analytics.test_analytics_040" name="test_analytics[case4]" time="0.011" /><testcase classname="tests.generated.analytics.test_analytics_133" name="test_analytics[case7]" time="0.004" /><testcase classname="tests.generated.catalog.test_catalog_029" name="test_catalog[case7]" time="0.004" /><testcase classname="tests.generated.analytics.test_analytics_133" name="test_analytics[case8]" time="0.006" /><testcase classname="tests.generated.catalog.test_catalog_029" name="test_catalog[case8]" time="0.004" /><testcase classname="tests.generated.analytics.test_analytics_070" name="test_analytics[case3]" time="0.012" /><testcase classname="tests.generated.analytics.test_analytics_007" name="test_analytics[case8]" time="0.004" /><testcase classname="tests.generated.catalog.test_catalog_061" name="test_catalog[case9]" time="0.004" /><testcase classname="tests.generated.analytics.test_analytics_040" name="test_analytics[case5]" time="0.004" /><testcase classname="tests.generated.catalog.test_catalog_029" name="test_catalog[case9]" time="0.005" /><testcase classname="tests.generated.analytics.test_analytics_007" name="test_analytics[case9]" time="0.004" /><testcase classname="tests.generated.catalog.test_catalog_062" name="test_catalog[case0]" time="0.005" /><testcase classname="tests.generated.analytics.test_analytics_164" name="test_analytics[case4]" time="0.022" /><testcase classname="tests.generated.analytics.test_analytics_040" name="test_analytics[case6]" time="0.004" /><testcase classname="tests.generated.analytics.test_analytics_101" name="test_analytics[case7]" time="0.012" /><testcase classname="tests.generated.analytics.test_analytics_008" name="test_analytics[case0]" time="0.004" /><testcase classname="tests.generated.analytics.test_analytics_070" name="test_analytics[case4]" time="0.005" /><testcase classname="tests.generated.analytics.test_analytics_133" name="test_analytics[case9]" time="0.008" /><testcase classname="tests.generated.analytics.test_analytics_040" name="test_analytics[case7]" time="0.005" /><testcase classname="tests.generated.catalog.test_catalog_062" name="test_catalog[case1]" time="0.012" /><testcase classname="tests.generated.analytics.test_analytics_008" name="test_analytics[case1]" time="0.004" /><testcase classname="tests.generated.analytics.test_analytics_070" name="test_analytics[case5]" time="0.020" /><testcase classname="tests.generated.analytics.test_analytics_164" name="test_analytics[case5]" time="0.005" /><testcase classname="tests.generated.catalog.test_catalog_030" name="test_catalog[case0]" time="0.009" /><testcase classname="tests.generated.catalog.test_catalog_062" name="test_catalog[case2]" time="0.006" /><testcase classname="tests.generated.analytics.test_analytics_040" name="test_analytics[case8]" time="0.011" /><testcase classname="tests.generated.analytics.test_analytics_008" name="test_analytics[case2]" time="0.004" /><testcase classname="tests.generated.analytics.test_analytics_164" name="test_analytics[case6]" time="0.023" /><testcase classname="tests.generated.analytics.test_analytics_134" name="test_analytics[case0]" time="0.005" /><testcase classname="tests.generated.analytics.test_analytics_008" name="test_analytics[case3]" time="0.003" /><testcase classname="tests.generated.analytics.test_analytics_134" name="test_analytics[case1]" time="0.004" /><testcase classname="tests.generated.catalog.test_catalog_062" name="test_catalog[case3]" time="0.005" /><testcase classname="tests.generated.analytics.test_analytics_008" name="test_analytics[case4]" time="0.004" /><testcase classname="tests.generated.analytics.test_analytics_040" name="test_analytics[case9]" time="0.004" /><testcase classname="tests.generated.analytics.test_analytics_101" name="test_analytics[case8]" time="0.010" /><testcase classname="tests.generated.catalog.test_catalog_062" name="test_catalog[case4]" time="0.004" /><testcase classname="tests.generated.analytics.test_analytics_134" name="test_analytics[case2]" time="0.004" /><testcase classname="tests.generated.analytics.test_analytics_008" name="test_analytics[case5]" time="0.004" /><testcase classname="tests.generated.analytics.test_analytics_041" name="test_analytics[case0]" time="0.005" /><testcase classname="tests.generated.analytics.test_analytics_134" name="test_analytics[case3]" time="0.005" /><testcase classname="tests.generated.catalog.test_catalog_062" name="test_catalog[case5]" time="0.004" /><testcase classname="tests.generated.catalog.test_catalog_030" name="test_catalog[case1]" time="0.009" /><testcase classname="tests.generated.analytics.test_analytics_070" name="test_analytics[case6]" time="0.008" /><testcase classname="tests.generated.analytics.test_analytics_008" name="test_analytics[case6]" time="0.006" /><testcase classname="tests.generated.analytics.test_analytics_134" name="test_analytics[case4]" time="0.007" /><testcase classname="tests.generated.analytics.test_analytics_164" name="test_analytics[case7]" time="0.005" /><testcase classname="tests.generated.analytics.test_analytics_101" name="test_analytics[case9]" time="0.006" /><testcase classname="tests.generated.catalog.test_catalog_062" name="test_catalog[case6]" time="0.006" /><testcase classname="tests.generated.analytics.test_analytics_041" name="test_analytics[case1]" time="0.008" /><testcase classname="tests.generated.analytics.test_analytics_008" name="test_analytics[case7]" time="0.012" /><testcase classname="tests.generated.catalog.test_catalog_030" name="test_catalog[case2]" time="0.007" /><testcase classname="tests.generated.analytics.test_analytics_164" name="test_analytics[case8]" time="0.004" /><testcase classname="tests.generated.analytics.test_analytics_102" name="test_analytics[case0]" time="0.003" /><testcase classname="tests.generated.catalog.test_catalog_062" name="test_catalog[case7]" time="0.004" /><testcase classname="tests.generated.analytics.test_analytics_102" name="test_analytics[case1]" time="0.004" /><testcase classname="tests.generated.analytics.test_analytics_070" name="test_analytics[case7]" time="0.010" /><testcase classname="tests.generated.catalog.test_catalog_062" name="test_catalog[case8]" time="0.006" /><testcase classname="tests.generated.analytics.test_analytics_164" name="test_analytics[case9]" time="0.004" /><testcase classname="tests.generated.analytics.test_analytics_102" name="test_analytics[case2]" time="0.008" /><testcase classname="tests.generated.analytics.test_analytics_041" name="test_analytics[case2]" time="0.013" /><testcase classname="tests.generated.analytics.test_analytics_165" name="test_analytics[case0]" time="0.004" /><testcase classname="tests.generated.catalog.test_catalog_030" name="test_catalog[case3]" time="0.005" /><testcase classname="tests.generated.analytics.test_analytics_134" name="test_analytics[case5]" time="0.006" /><testcase classname="tests.generated.analytics.test_analytics_134" name="test_analytics[case6]" time="0.004" /><testcase classname="tests.generated.analytics.test_analytics_070" name="test_analytics[case8]" time="0.005" /><testcase classname="tests.generated.analytics.test_analytics_134" name="test_analytics[case7]" time="0.005" /><testcase classname="tests.generated.analytics.test_analytics_008" name="test_analytics[case8]" time="0.011" /><testcase classname="tests.generated.catalog.test_catalog_030" name="test_catalog[case4]" time="0.048" /><testcase classname="tests.generated.analytics.test_analytics_165" name="test_analytics[case1]" time="0.048" /><testcase classname="tests.generated.catalog.test_catalog_062" name="test_catalog[case9]" time="0.051" /><testcase classname="tests.generated.analytics.test_analytics_102" name="test_analytics[case3]" time="0.048" /><testcase classname="tests.generated.analytics.test_analytics_070" name="test_analytics[case9]" time="0.045" /><testcase classname="tests.generated.analytics.test_analytics_041" name="test_analytics[case3]" time="0.005" /><testcase classname="tests.generated.analytics.test_analytics_008" name="test_analytics[case9]" time="0.012" /><testcase classname="tests.generated.analytics.test_analytics_134" name="test_analytics[case8]" time="0.009" /><testcase classname="tests.generated.catalog.test_catalog_063" name="test_catalog[case0]" time="0.005" /><testcase classname="tests.generated.analytics.test_analytics_071" name="test_analytics[case0]" time="0.005" /><testcase classname="tests.generated.analytics.test_analytics_041" name="test_analytics[case4]" time="0.004" /><testcase classname="tests.generated.catalog.test_catalog_030" name="test_catalog[case5]" time="0.009" /><testcase classname="tests.generated.analytics.test_analytics_165" name="test_analytics[case2]" time="0.021" /><testcase classname="tests.generated.analytics.test_analytics_071" name="test_analytics[case1]" time="0.005" /><testcase classname="tests.generated.catalog.test_catalog_063" name="test_catalog[case1]" time="0.004" /><testcase classname="tests.generated.analytics.test_analytics_009" name="test_analytics[case0]" time="0.005" /><testcase classname="tests.generated.analytics.test_analytics_102" name="test_analytics[case4]" time="0.023" /><testcase classname="tests.generated.analytics.test_analytics_071" name="test_analytics[case2]" time="0.004" /><testcase classname="tests.generated.analytics.test_analytics_041" name="test_analytics[case5]" time="0.015" /><testcase classname="tests.generated.catalog.test_catalog_063" name="test_catalog[case2]" time="0.004" /><testcase classname="tests.generated.catalog.test_catalog_030" name="test_catalog[case6]" time="0.012" /><testcase classname="tests.generated.analytics.test_analytics_071" name="test_analytics[case3]" time="0.005" /><testcase classname="tests.generated.catalog.test_catalog_063" name="test_catalog[case3]" time="0.005" /><testcase classname="tests.generated.analytics.test_analytics_134" name="test_analytics[case9]" time="0.008" /><testcase classname="tests.generated.analytics.test_analytics_009" name="test_analytics[case1]" time="0.012" /><testcase classname="tests.generated.analytics.test_analytics_071" name="test_analytics[case4]" time="0.005" /><testcase classname="tests.generated.analytics.test_analytics_102" name="test_analytics[case5]" time="0.006" /><testcase classname="tests.generated.catalog.test_catalog_030" name="test_catalog[case7]" time="0.004" /><testcase classname="tests.generated.analytics.test_analytics_041" name="test_analytics[case6]" time="0.005" /><testcase classname="tests.generated.analytics.test_analytics_102" name="test_analytics[case6]" time="0.007" /><testcase classname="tests.generated.catalog.test_catalog_030" name="test_catalog[case8]" time="0.004" /><testcase classname="tests.generated.analytics.test_analytics_071" name="test_analytics[case5]" time="0.004" /><testcase classname="tests.generated.analytics.test_analytics_165" name="test_analytics[case3]" time="0.008" /><testcase classname="tests.generated.analytics.test_analytics_041" name="test_analytics[case7]" time="0.004" /><testcase classname="tests.generated.catalog.test_catalog_063" name="test_catalog[case4]" time="0.005" /><testcase classname="tests.generated.analytics.test_analytics_071" name="test_analytics[case6]" time="0.005" /><testcase classname="tests.generated.analytics.test_analytics_135" name="test_analytics[case0]" time="0.013" /><testcase classname="tests.generated.analytics.test_analytics_009" name="test_analytics[case2]" time="0.007" /><testcase classname="tests.generated.catalog.test_catalog_063" name="test_catalog[case5]" time="0.004" /><testcase classname="tests.generated.analytics.test_analytics_041" name="test_analytics[case8]" time="0.007" /><testcase classname="tests.generated.analytics.test_analytics_165" name="test_analytics[case4]" time="0.004" /><testcase classname="tests.generated.analytics.test_analytics_071" name="test_analytics[case7]" time="0.004" /><testcase classname="tests.generated.catalog.test_catalog_030" name="test_catalog[case9]" time="0.008" /><testcase classname="tests.generated.analytics.test_analytics_009" name="test_analytics[case3]" time="0.007" /><testcase classname="tests.generated.analytics.test_analytics_102" name="test_analytics[case7]" time="0.017" /><testcase classname="tests.generated.analytics.test_analytics_165" name="test_analytics[case5]" time="0.012" /><testcase classname="tests.generated.catalog.test_catalog_063" name="test_catalog[case6]" time="0.004" /><testcase classname="tests.generated.analytics.test_analytics_135" name="test_analytics[case1]" time="0.012" /><testcase classname="tests.generated.analytics.test_analytics_041" name="test_analytics[case9]" time="0.004" /><testcase classname="tests.generated.analytics.test_analytics_071" name="test_analytics[case8]" time="0.010" /><testcase classname="tests.generated.catalog.test_catalog_063" name="test_catalog[case7]" time="0.005" /><testcase classname="tests.generated.catalog.test_catalog_031" name="test_catalog[case0]" time="0.004" /><testcase classname="tests.generated.analytics.test_analytics_009" name="test_analytics[case4]" time="0.005" /><testcase classname="tests.generated.catalog.test_catalog_063" name="test_catalog[case8]" time="0.004" /><testcase classname="tests.generated.catalog.test_catalog_031" name="test_catalog[case1]" time="0.005" /><testcase classname="tests.generated.analytics.test_analytics_009" name="test_analytics[case5]" time="0.005" /><testcase classname="tests.generated.analytics.test_analytics_042" name="test_analytics[case0]" time="0.008" /><testcase classname="tests.generated.analytics.test_analytics_165" name="test_analytics[case6]" time="0.007" /><testcase classname="tests.generated.analytics.test_analytics_102" name="test_analytics[case8]" time="0.004" /><testcase classname="tests.generated.analytics.test_analytics_071" name="test_analytics[case9]" time="0.008" /><testcase classname="tests.generated.analytics.test_analytics_102" name="test_analytics[case9]" time="0.004" /><testcase classname="tests.generated.catalog.test_catalog_031" name="test_catalog[case2]" time="0.011" /><testcase classname="tests.generated.analytics.test_analytics_165" name="test_analytics[case7]" time="0.006" /><testcase classname="tests.generated.catalog.test_catalog_063" name="test_catalog[case9]" time="0.007" /><testcase classname="tests.generated.analytics.test_analytics_009" name="test_analytics[case6]" time="0.004" /><testcase classname="tests.generated.analytics.test_analytics_009" name="test_analytics[case7]" time="0.004" /><testcase classname="tests.generated.analytics.test_analytics_135" name="test_analytics[case2]" time="0.009" /><testcase classname="tests.generated.analytics.test_analytics_042" name="test_analytics[case1]" time="0.009" /><testcase classname="tests.generated.analytics.test_analytics_103" name="test_analytics[case0]" time="0.004" /><testcase classname="tests.generated.analytics.test_analytics_165" name="test_analytics[case8]" time="0.004" /><testcase classname="tests.generated.analytics.test_analytics_009" name="test_analytics[case8]" time="0.006" /><testcase classname="tests.generated.analytics.test_analytics_072" name="test_analytics[case0]" time="0.015" /><testcase classname="tests.generated.catalog.test_catalog_064" name="test_catalog[case0]" time="0.004" /><testcase classname="tests.generated.analytics.test_analytics_103" name="test_analytics[case1]" time="0.009" /><testcase classname="tests.generated.catalog.test_catalog_031" name="test_catalog[case3]" time="0.004" /><testcase classname="tests.generated.analytics.test_analytics_135" name="test_analytics[case3]" time="0.013" /><testcase classname="tests.generated.catalog.test_catalog_064" name="test_catalog[case1]" time="0.005" /><testcase classname="tests.generated.catalog.test_catalog_031" name="test_catalog[case4]" time="0.004" /><testcase classname="tests.generated.analytics.test_analytics_103" name="test_analytics[case2]" time="0.006" /><testcase classname="tests.generated.analytics.test_analytics_009" name="test_analytics[case9]" time="0.005" /><testcase classname="tests.generated.analytics.test_analytics_165" name="test_analytics[case9]" time="0.004" /><testcase classname="tests.generated.catalog.test_catalog_064" name="test_catalog[case2]" time="0.006" /><testcase classname="tests.generated.analytics.test_analytics_166" name="test_analytics[case0]" time="0.004" /><testcase classname="tests.generated.analytics.test_analytics_010" name="test_analytics[case0]" time="0.009" /><testcase classname="tests.generated.analytics.test_analytics_042" name="test_analytics[case2]" time="0.005" /><testcase classname="tests.generated.catalog.test_catalog_031" name="test_catalog[case5]" time="0.008" /><testcase classname="tests.generated.analytics.test_analytics_166" name="test_analytics[case1]" time="0.004" /><testcase classname="tests.generated.analytics.test_analytics_042" name="test_analytics[case3]" time="0.012" /><testcase classname="tests.generated.analytics.test_analytics_072" name="test_analytics[case1]" time="0.011" /><testcase classname="tests.generated.catalog.test_catalog_064" name="test_catalog[case3]" time="0.008" /><testcase classname="tests.generated.analytics.test_analytics_135" name="test_analytics[case4]" time="0.010" /><testcase classname="tests.generated.analytics.test_analytics_166" name="test_analytics[case2]" time="0.004" /><testcase classname="tests.generated.analytics.test_analytics_103" name="test_analytics[case3]" time="0.008" /><testcase classname="tests.generated.catalog.test_catalog_031" name="test_catalog[case6]" time="0.004" /><testcase classname="tests.generated.catalog.test_catalog_031" name="test_catalog[case7]" time="0.004" /><testcase classname="tests.generated.analytics.test_analytics_010" name="test_analytics[case1]" time="0.009" /><testcase classname="tests.generated.catalog.test_catalog_031" name="test_catalog[case8]" time="0.004" /><testcase classname="tests.generated.analytics.test_analytics_042" name="test_analytics[case4]" time="0.004" /><testcase classname="tests.generated.analytics.test_analytics_072" name="test_analytics[case2]" time="0.010" /><testcase classname="tests.generated.analytics.test_analytics_166" name="test_analytics[case3]" time="0.026" /><testcase classname="tests.generated.analytics.test_analytics_103" name="test_analytics[case4]" time="0.008" /><testcase classname="tests.generated.analytics.test_analytics_135" name="test_analytics[case5]" time="0.005" /><testcase classname="tests.generated.catalog.test_catalog_031" name="test_catalog[case9]" time="0.006" /><testcase classname="tests.generated.analytics.test_analytics_042" name="test_analytics[case5]" time="0.017" /><testcase classname="tests.generated.analytics.test_analytics_010" name="test_analytics[case2]" time="0.005" /><testcase classname="tests.generated.catalog.test_catalog_064" name="test_catalog[case4]" time="0.009" /><testcase classname="tests.generated.analytics.test_analytics_072" name="test_analytics[case3]" time="0.011" /><testcase classname="tests.generated.analytics.test_analytics_135" name="test_analytics[case6]" time="0.004" /><testcase classname="tests.generated.catalog.test_catalog_032" name="test_catalog[case0]" time="0.004" /><testcase classname="tests.generated.analytics.test_analytics_010" name="test_analytics[case3]" time="0.008" /><testcase classname="tests.generated.analytics.test_analytics_135" name="test_analytics[case7]" time="0.004" /><testcase classname="tests.generated.analytics.test_analytics_042" name="test_analytics[case6]" time="0.004" /><testcase classname="tests.generated.catalog.test_catalog_064" name="test_catalog[case5]" time="0.004" /><testcase classname="tests.generated.analytics.test_analytics_135" name="test_analytics[case8]" time="0.004" /><testcase classname="tests.generated.analytics.test_analytics_103" name="test_analytics[case5]" time="0.006" /><testcase classname="tests.generated.analytics.test_analytics_042" name="test_analytics[case7]" time="0.004" /><testcase classname="tests.generated.catalog.test_catalog_032" name="test_catalog[case1]" time="0.009" /><testcase classname="tests.generated.analytics.test_analytics_010" name="test_analytics[case4]" time="0.006" /><testcase classname="tests.generated.analytics.test_analytics_166" name="test_analytics[case4]" time="0.011" /><testcase classname="tests.generated.analytics.test_analytics_072" name="test_analytics[case4]" time="0.015" /><testcase classname="tests.generated.analytics.test_analytics_103" name="test_analytics[case6]" time="0.004" /><testcase classname="tests.generated.analytics.test_analytics_135" name="test_analytics[case9]" time="0.005" /><testcase classname="tests.generated.analytics.test_analytics_042" name="test_analytics[case8]" time="0.004" /><testcase classname="tests.generated.analytics.test_analytics_010" name="test_analytics[case5]" time="0.009" /><testcase classname="tests.generated.catalog.test_catalog_064" name="test_catalog[case6]" time="0.013" /><testcase classname="tests.generated.analytics.test_analytics_136" name="test_analytics[case0]" time="0.008" /><testcase classname="tests.generated.analytics.test_analytics_042" name="test_analytics[case9]" time="0.005" /><testcase classname="tests.generated.catalog.test_catalog_032" name="test_catalog[case2]" time="0.008" /><testcase classname="tests.generated.analytics.test_analytics_072" name="test_analytics[case5]" time="0.004" /><testcase classname="tests.generated.analytics.test_analytics_166" name="test_analytics[case5]" time="0.009" /><testcase classname="tests.generated.analytics.test_analytics_103" name="test_analytics[case7]" time="0.004" /><testcase classname="tests.generated.analytics.test_analytics_136" name="test_analytics[case1]" time="0.007" /><testcase classname="tests.generated.catalog.test_catalog_064" name="test_catalog[case7]" time="0.010" /><testcase classname="tests.generated.analytics.test_analytics_072" name="test_analytics[case6]" time="0.007" /><testcase classname="tests.generated.catalog.test_catalog_032" name="test_catalog[case3]" time="0.006" /><testcase classname="tests.generated.analytics.test_analytics_103" name="test_analytics[case8]" time="0.005" /><testcase classname="tests.generated.analytics.test_analytics_010" name="test_analytics[case6]" time="0.008" /><testcase classname="tests.generated.analytics.test_analytics_043" name="test_analytics[case0]" time="0.004" /><testcase classname="tests.generated.analytics.test_analytics_103" name="test_analytics[case9]" time="0.007" /><testcase classname="tests.generated.analytics.test_analytics_136" name="test_analytics[case2]" time="0.004" /><testcase classname="tests.generated.analytics.test_analytics_166" name="test_analytics[case6]" time="0.005" /><testcase classname="tests.generated.catalog.test_catalog_064" name="test_catalog[case8]" time="0.010" /><testcase classname="tests.generated.catalog.test_catalog_032" name="test_catalog[case4]" time="0.011" /><testcase classname="tests.generated.analytics.test_analytics_043" name="test_analytics[case1]" time="0.005" /><testcase classname="tests.generated.analytics.test_analytics_010" name="test_analytics[case7]" time="0.014" /><testcase classname="tests.generated.analytics.test_analytics_136" name="test_analytics[case3]" time="0.004" /><testcase classname="tests.generated.analytics.test_analytics_166" name="test_analytics[case7]" time="0.005" /><testcase classname="tests.generated.analytics.test_analytics_104" name="test_analytics[case0]" time="0.005" /><testcase classname="tests.generated.analytics.test_analytics_043" name="test_analytics[case2]" time="0.004" /><testcase classname="tests.generated.analytics.test_analytics_072" name="test_analytics[case7]" time="0.007" /><testcase classname="tests.generated.analytics.test_analytics_136" name="test_analytics[case4]" time="0.004" /><testcase classname="tests.generated.analytics.test_analytics_166" name="test_analytics[case8]" time="0.004" /><testcase classname="tests.generated.analytics.test_analytics_043" name="test_analytics[case3]" time="0.004" /><testcase classname="tests.generated.analytics.test_analytics_166" name="test_analytics[case9]" time="0.004" /><testcase classname="tests.generated.analytics.test_analytics_104" name="test_analytics[case1]" time="0.008" /><testcase classname="tests.generated.analytics.test_analytics_136" name="test_analytics[case5]" time="0.006" /><testcase classname="tests.generated.catalog.test_catalog_064" name="test_catalog[case9]" time="0.012" /><testcase classname="tests.generated.analytics.test_analytics_010" name="test_analytics[case8]" time="0.006" /><testcase classname="tests.generated.catalog.test_catalog_032" name="test_catalog[case5]" time="0.007" /><testcase classname="tests.generated.analytics.test_analytics_104" name="test_analytics[case2]" time="0.004" /><testcase classname="tests.generated.analytics.test_analytics_072" name="test_analytics[case8]" time="0.012" /><testcase classname="tests.generated.analytics.test_analytics_136" name="test_analytics[case6]" time="0.007" /><testcase classname="tests.generated.analytics.test_analytics_043" name="test_analytics[case4]" time="0.016" /><testcase classname="tests.generated.catalog.test_catalog_001" name="test_catalog[case0]" time="0.010" /><testcase classname="tests.generated.analytics.test_analytics_010" name="test_analytics[case9]" time="0.004" /><testcase classname="tests.generated.catalog.test_catalog_032" name="test_catalog[case6]" time="0.004" /><testcase classname="tests.generated.catalog.test_catalog_065" name="test_catalog[case0]" time="0.004" /><testcase classname="tests.generated.analytics.test_analytics_104" name="test_analytics[case3]" time="0.005" /><testcase classname="tests.generated.analytics.test_analytics_011" name="test_analytics[case0]" time="0.004" /><testcase classname="tests.generated.catalog.test_catalog_065" name="test_catalog[case1]" time="0.004" /><testcase classname="tests.generated.catalog.test_catalog_001" name="test_catalog[case1]" time="0.012" /><testcase classname="tests.generated.analytics.test_analytics_136" name="test_analytics[case7]" time="0.007" /><testcase classname="tests.generated.analytics.test_analytics_072" name="test_analytics[case9]" time="0.007" /><testcase classname="tests.generated.analytics.test_analytics_043" name="test_analytics[case5]" time="0.004" /><testcase classname="tests.generated.catalog.test_catalog_065" name="test_catalog[case2]" time="0.003" /><testcase classname="tests.generated.analytics.test_analytics_104" name="test_analytics[case4]" time="0.012" /><testcase classname="tests.generated.analytics.test_analytics_011" name="test_analytics[case1]" time="0.009" /><testcase classname="tests.generated.analytics.test_analytics_043" name="test_analytics[case6]" time="0.004" /><testcase classname="tests.generated.analytics.test_analytics_073" name="test_analytics[case0]" time="0.008" /><testcase classname="tests.generated.catalog.test_catalog_032" name="test_catalog[case7]" time="0.013" /><testcase classname="tests.generated.analytics.test_analytics_136" name="test_analytics[case8]" time="0.004" /><testcase classname="tests.generated.catalog.test_catalog_001" name="test_catalog[case2]" time="0.004" /><testcase classname="tests.generated.analytics.test_analytics_043" name="test_analytics[case7]" time="0.005" /><testcase classname="tests.generated.catalog.test_catalog_065" name="test_catalog[case3]" time="0.013" /><testcase classname="tests.generated.analytics.test_analytics_136" name="test_analytics[case9]" time="0.004" /><testcase classname="tests.generated.analytics.test_analytics_011" name="test_analytics[case2]" time="0.007" /><testcase classname="tests.generated.catalog.test_catalog_001" name="test_catalog[case3]" time="0.004" /><testcase classname="tests.generated.analytics.test_analytics_104" name="test_analytics[case5]" time="0.010" /><testcase classname="tests.generated.catalog.test_catalog_032" name="test_catalog[case8]" time="0.009" /><testcase classname="tests.generated.analytics.test_analytics_043" name="test_analytics[case8]" time="0.004" /><testcase classname="tests.generated.catalog.test_catalog_065" name="test_catalog[case4]" time="0.004" /><testcase classname="tests.generated.analytics.test_analytics_073" name="test_analytics[case1]" time="0.009" /><testcase classname="tests.generated.analytics.test_analytics_104" name="test_analytics[case6]" time="0.004" /><testcase classname="tests.generated.analytics.test_analytics_043" name="test_analytics[case9]" time="0.006" /><testcase classname="tests.generated.analytics.test_analytics_137" name="test_analytics[case0]" time="0.004" /><testcase classname="tests.generated.analytics.test_analytics_137" name="test_analytics[case1]" time="0.004" /><testcase classname="tests.generated.catalog.test_catalog_065" name="test_catalog[case5]" time="0.004" /><testcase classname="tests.generated.catalog.test_catalog_001" name="test_catalog[case4]" time="0.008" /><testcase classname="tests.generated.analytics.test_analytics_011" name="test_analytics[case3]" time="0.006" /><testcase classname="tests.generated.analytics.test_analytics_104" name="test_analytics[case7]" time="0.005" /><testcase classname="tests.generated.analytics.test_analytics_137" name="test_analytics[case2]" time="0.004" /><testcase classname="tests.generated.analytics.test_analytics_073" name="test_analytics[case2]" time="0.004" /><testcase classname="tests.generated.catalog.test_catalog_032" name="test_catalog[case9]" time="0.004" /><testcase classname="tests.generated.catalog.test_catalog_065" name="test_catalog[case6]" time="0.010" /><testcase classname="tests.generated.analytics.test_analytics_104" name="test_analytics[case8]" time="0.005" /><testcase classname="tests.generated.catalog.test_catalog_001" name="test_catalog[case5]" time="0.004" /><testcase classname="tests.generated.analytics.test_analytics_073" name="test_analytics[case3]" time="0.004" /><testcase classname="tests.generated.analytics.test_analytics_137" name="test_analytics[case3]" time="0.005" /><testcase classname="tests.generated.analytics.test_analytics_011" name="test_analytics[case4]" time="0.015" /><testcase classname="tests.generated.analytics.test_analytics_044" name="test_analytics[case0]" time="0.014" /><testcase classname="tests.generated.catalog.test_catalog_033" name="test_catalog[case0]" time="0.008" /><testcase classname="tests.generated.analytics.test_analytics_104" name="test_analytics[case9]" time="0.004" /><testcase classname="tests.generated.analytics.test_analytics_137" name="test_analytics[case4]" time="0.007" /><testcase classname="tests.generated.analytics.test_analytics_073" name="test_analytics[case4]" time="0.007" /><testcase classname="tests.generated.catalog.test_catalog_065" name="test_catalog[case7]" time="0.005" /><testcase classname="tests.generated.catalog.test_catalog_001" name="test_catalog[case6]" time="0.007" /><testcase classname="tests.generated.analytics.test_analytics_105" name="test_analytics[case0]" time="0.004" /><testcase classname="tests.generated.analytics.test_analytics_044" name="test_analytics[case1]" time="0.008" /><testcase classname="tests.generated.catalog.test_catalog_033" name="test_catalog[case1]" time="0.018" /><testcase classname="tests.generated.analytics.test_analytics_137" name="test_analytics[case5]" time="0.005" /><testcase classname="tests.generated.analytics.test_analytics_073" name="test_analytics[case5]" time="0.006" /><testcase classname="tests.generated.analytics.test_analytics_011" name="test_analytics[case5]" time="0.005" /><testcase classname="tests.generated.catalog.test_catalog_001" name="test_catalog[case7]" time="0.004" /><testcase classname="tests.generated.catalog.test_catalog_065" name="test_catalog[case8]" time="0.005" /><testcase classname="tests.generated.catalog.test_catalog_065" name="test_catalog[case9]" time="0.008" /><testcase classname="tests.generated.analytics.test_analytics_137" name="test_analytics[case6]" time="0.004" /><testcase classname="tests.generated.analytics.test_analytics_073" name="test_analytics[case6]" time="0.004" /><testcase classname="tests.generated.analytics.test_analytics_073" name="test_analytics[case7]" time="0.005" /><testcase classname="tests.generated.analytics.test_analytics_105" name="test_analytics[case1]" time="0.015" /><testcase classname="tests.generated.analytics.test_analytics_011" name="test_analytics[case6]" time="0.017" /><testcase classname="tests.generated.analytics.test_analytics_137" name="test_analytics[case7]" time="0.005" /><testcase classname="tests.generated.catalog.test_catalog_001" name="test_catalog[case8]" time="0.022" /><testcase classname="tests.generated.analytics.test_analytics_044" name="test_analytics[case2]" time="0.011" /><testcase classname="tests.generated.catalog.test_catalog_033" name="test_catalog[case2]" time="0.005" /><testcase classname="tests.generated.analytics.test_analytics_011" name="test_analytics[case7]" time="0.010" /><testcase classname="tests.generated.analytics.test_analytics_137" name="test_analytics[case8]" time="0.006" /><testcase classname="tests.generated.analytics.test_analytics_073" name="test_analytics[case8]" time="0.009" /><testcase classname="tests.generated.catalog.test_catalog_066" name="test_catalog[case0]" time="0.004" /><testcase classname="tests.generated.analytics.test_analytics_137" name="test_analytics[case9]" time="0.004" /><testcase classname="tests.generated.analytics.test_analytics_105" name="test_analytics[case2]" time="0.004" /><testcase classname="tests.generated.analytics.test_analytics_044" name="test_analytics[case3]" time="0.007" /><testcase classname="tests.generated.analytics.test_analytics_138" name="test_analytics[case0]" time="0.011" /><testcase classname="tests.generated.catalog.test_catalog_001" name="test_catalog[case9]" time="0.011" /><testcase classname="tests.generated.catalog.test_catalog_033" name="test_catalog[case3]" time="0.004" /><testcase classname="tests.generated.catalog.test_catalog_066" name="test_catalog[case1]" time="0.013" /><testcase classname="tests.generated.analytics.test_analytics_011" name="test_analytics[case8]" time="0.005" /><testcase classname="tests.generated.catalog.test_catalog_033" name="test_catalog[case4]" time="0.004" /><testcase classname="tests.generated.analytics.test_analytics_105" name="test_analytics[case3]" time="0.004" /><testcase classname="tests.generated.catalog.test_catalog_002" name="test_catalog[case0]" time="0.004" /><testcase classname="tests.generated.analytics.test_analytics_073" name="test_analytics[case9]" time="0.011" /><testcase classname="tests.generated.analytics.test_analytics_044" name="test_analytics[case4]" time="0.012" /><testcase classname="tests.generated.analytics.test_analytics_011" name="test_analytics[case9]" time="0.004" /><testcase classname="tests.generated.analytics.test_analytics_105" name="test_analytics[case4]" time="0.005" /><testcase classname="tests.generated.catalog.test_catalog_002" name="test_catalog[case1]" time="0.004" /><testcase classname="tests.generated.catalog.test_catalog_033" name="test_catalog[case5]" time="0.012" /><testcase classname="tests.generated.analytics.test_analytics_138" name="test_analytics[case1]" time="0.005" /><testcase classname="tests.generated.analytics.test_analytics_105" name="test_analytics[case5]" time="0.004" /><testcase classname="tests.generated.analytics.test_analytics_074" name="test_analytics[case0]" time="0.004" /><testcase classname="tests.generated.catalog.test_catalog_066" name="test_catalog[case2]" time="0.007" /><testcase classname="tests.generated.catalog.test_catalog_033" name="test_catalog[case6]" time="0.004" /><testcase classname="tests.generated.analytics.test_analytics_138" name="test_analytics[case2]" time="0.005" /><testcase classname="tests.generated.analytics.test_analytics_105" name="test_analytics[case6]" time="0.004" /><testcase classname="tests.generated.analytics.test_analytics_012" name="test_analytics[case0]" time="0.013" /><testcase classname="tests.generated.analytics.test_analytics_074" name="test_analytics[case1]" time="0.004" /><testcase classname="tests.generated.analytics.test_analytics_105" name="test_analytics[case7]" time="0.004" /><testcase classname="tests.generated.catalog.test_catalog_002" name="test_catalog[case2]" time="0.013" /><testcase classname="tests.generated.catalog.test_catalog_033" name="test_catalog[case7]" time="0.005" /><testcase classname="tests.generated.analytics.test_analytics_044" name="test_analytics[case5]" time="0.022" /><testcase classname="tests.generated.analytics.test_analytics_138" name="test_analytics[case3]" time="0.005" /><testcase classname="tests.generated.analytics.test_analytics_074" name="test_analytics[case2]" time="0.013" /><testcase classname="tests.generated.catalog.test_catalog_033" name="test_catalog[case8]" time="0.004" /><testcase classname="tests.generated.analytics.test_analytics_012" name="test_analytics[case1]" time="0.004" /><testcase classname="tests.generated.analytics.test_analytics_138" name="test_analytics[case4]" time="0.005" /><testcase classname="tests.generated.catalog.test_catalog_066" name="test_catalog[case3]" time="0.009" /><testcase classname="tests.generated.analytics.test_analytics_105" name="test_analytics[case8]" time="0.004" /><testcase classname="tests.generated.catalog.test_catalog_002" name="test_catalog[case3]" time="0.013" /><testcase classname="tests.generated.analytics.test_analytics_138" name="test_analytics[case5]" time="0.004" /><testcase classname="tests.generated.analytics.test_analytics_012" name="test_analytics[case2]" time="0.004" /><testcase classname="tests.generated.analytics.test_analytics_105" name="test_analytics[case9]" time="0.004" /><testcase classname="tests.generated.catalog.test_catalog_033" name="test_catalog[case9]" time="0.008" /><testcase classname="tests.generated.analytics.test_analytics_012" name="test_analytics[case3]" time="0.005" /><testcase classname="tests.generated.analytics.test_analytics_106" name="test_analytics[case0]" time="0.004" /><testcase classname="tests.generated.analytics.test_analytics_044" name="test_analytics[case6]" time="0.004" /><testcase classname="tests.generated.analytics.test_analytics_074" name="test_analytics[case3]" time="0.009" /><testcase classname="tests.generated.analytics.test_analytics_138" name="test_analytics[case6]" time="0.011" /><testcase classname="tests.generated.catalog.test_catalog_066" name="test_catalog[case4]" time="0.006" /><testcase classname="tests.generated.analytics.test_analytics_106" name="test_analytics[case1]" time="0.006" /><testcase classname="tests.generated.catalog.test_catalog_002" name="test_catalog[case4]" time="0.007" /><testcase classname="tests.generated.analytics.test_analytics_012" name="test_analytics[case4]" time="0.005" /><testcase classname="tests.generated.analytics.test_analytics_044" name="test_analytics[case7]" time="0.006" /><testcase classname="tests.generated.catalog.test_catalog_066" name="test_catalog[case5]" time="0.010" /><testcase classname="tests.generated.catalog.test_catalog_034" name="test_catalog[case0]" time="0.005" /><testcase classname="tests.generated.analytics.test_analytics_044" name="test_analytics[case8]" time="0.010" /><testcase classname="tests.generated.analytics.test_analytics_106" name="test_analytics[case2]" time="0.004" /><testcase classname="tests.generated.catalog.test_catalog_034" name="test_catalog[case1]" time="0.009" /><testcase classname="tests.generated.catalog.test_catalog_002" name="test_catalog[case5]" time="0.008" /><testcase classname="tests.generated.analytics.test_analytics_138" name="test_analytics[case7]" time="0.010" /><testcase classname="tests.generated.analytics.test_analytics_074" name="test_analytics[case4]" time="0.011" /><testcase classname="tests.generated.analytics.test_analytics_012" name="test_analytics[case5]" time="0.007" /><testcase classname="tests.generated.analytics.test_analytics_106" name="test_analytics[case3]" time="0.007" /><testcase classname="tests.generated.catalog.test_catalog_066" name="test_catalog[case6]" time="0.004" /><testcase classname="tests.generated.catalog.test_catalog_002" name="test_catalog[case6]" time="0.005" /><testcase classname="tests.generated.catalog.test_catalog_034" name="test_catalog[case2]" time="0.006" /><testcase classname="tests.generated.catalog.test_catalog_066" name="test_catalog[case7]" time="0.004" /><testcase classname="tests.generated.analytics.test_analytics_106" name="test_analytics[case4]" time="0.005" /><testcase classname="tests.generated.catalog.test_catalog_002" name="test_catalog[case7]" time="0.005" /><testcase classname="tests.generated.analytics.test_analytics_044" name="test_analytics[case9]" time="0.005" /><testcase classname="tests.generated.catalog.test_catalog_066" name="test_catalog[case8]" time="0.005" /><testcase classname="tests.generated.analytics.test_analytics_138" name="test_analytics[case8]" time="0.018" /><testcase classname="tests.generated.analytics.test_analytics_012" name="test_analytics[case6]" time="0.008" /><testcase classname="tests.generated.analytics.test_analytics_074" name="test_analytics[case5]" time="0.008" /><testcase classname="tests.generated.catalog.test_catalog_002" name="test_catalog[case8]" time="0.006" /><testcase classname="tests.generated.catalog.test_catalog_034" name="test_catalog[case3]" time="0.013" /><testcase classname="tests.generated.analytics.test_analytics_106" name="test_analytics[case5]" time="0.005" /><testcase classname="tests.generated.catalog.test_catalog_066" name="test_catalog[case9]" time="0.009" /><testcase classname="tests.generated.analytics.test_analytics_106" name="test_analytics[case6]" time="0.004" /><testcase classname="tests.generated.analytics.test_analytics_012" name="test_analytics[case7]" time="0.007" /><testcase classname="tests.generated.analytics.test_analytics_045" name="test_analytics[case0]" time="0.005" /><testcase classname="tests.generated.analytics.test_analytics_138" name="test_analytics[case9]" time="0.004" /><testcase classname="tests.generated.analytics.test_analytics_074" name="test_analytics[case6]" time="0.012" /><testcase classname="tests.generated.catalog.test_catalog_002" name="test_catalog[case9]" time="0.013" /><testcase classname="tests.generated.analytics.test_analytics_106" name="test_analytics[case7]" time="0.004" /><testcase classname="tests.generated.catalog.test_catalog_034" name="test_catalog[case4]" time="0.012" /><testcase classname="tests.generated.analytics.test_analytics_139" name="test_analytics[case0]" time="0.004" /><testcase classname="tests.generated.analytics.test_analytics_012" name="test_analytics[case8]" time="0.011" /><testcase classname="tests.generated.analytics.test_analytics_045" name="test_analytics[case1]" time="0.010" /><testcase classname="tests.generated.catalog.test_catalog_067" name="test_catalog[case0]" time="0.013" /><testcase classname="tests.generated.analytics.test_analytics_139" name="test_analytics[case1]" time="0.005" /><testcase classname="tests.generated.catalog.test_catalog_003" name="test_catalog[case0]" time="0.006" /><testcase classname="tests.generated.analytics.test_analytics_106" name="test_analytics[case8]" time="0.025" /><testcase classname="tests.generated.analytics.test_analytics_074" name="test_analytics[case7]" time="0.016" /><testcase classname="tests.generated.analytics.test_analytics_012" name="test_analytics[case9]" time="0.004" /><testcase classname="tests.generated.catalog.test_catalog_034" name="test_catalog[case5]" time="0.004" /><testcase classname="tests.generated.analytics.test_analytics_045" name="test_analytics[case2]" time="0.011" /><testcase classname="tests.generated.catalog.test_catalog_003" name="test_catalog[case1]" time="0.005" /><testcase classname="tests.generated.analytics.test_analytics_013" name="test_analytics[case0]" time="0.009" /><testcase classname="tests.generated.analytics.test_analytics_139" name="test_analytics[case2]" time="0.012" /><testcase classname="tests.generated.catalog.test_catalog_034" name="test_catalog[case6]" time="0.006" /><testcase classname="tests.generated.catalog.test_catalog_003" name="test_catalog[case2]" time="0.006" /><testcase classname="tests.generated.analytics.test_analytics_045" name="test_analytics[case3]" time="0.004" /><testcase classname="tests.generated.catalog.test_catalog_034" name="test_catalog[case7]" time="0.006" /><testcase classname="tests.generated.analytics.test_analytics_106" name="test_analytics[case9]" time="0.005" /><testcase classname="tests.generated.catalog.test_catalog_003" name="test_catalog[case3]" time="0.007" /><testcase classname="tests.generated.analytics.test_analytics_013" name="test_analytics[case1]" time="0.004" /><testcase classname="tests.generated.analytics.test_analytics_107" name="test_analytics[case0]" time="0.004" /><testcase classname="tests.generated.analytics.test_analytics_045" name="test_analytics[case4]" time="0.005" /><testcase classname="tests.generated.catalog.test_catalog_034" name="test_catalog[case8]" time="0.007" /><testcase classname="tests.generated.analytics.test_analytics_074" name="test_analytics[case8]" time="0.005" /><testcase classname="tests.generated.analytics.test_analytics_013" name="test_analytics[case2]" time="0.011" /><testcase classname="tests.generated.analytics.test_analytics_107" name="test_analytics[case1]" time="0.012" /><testcase classname="tests.generated.catalog.test_catalog_067" name="test_catalog[case1]" time="0.012" /><testcase classname="tests.generated.catalog.test_catalog_003" name="test_catalog[case4]" time="0.004" /><testcase classname="tests.generated.analytics.test_analytics_045" name="test_analytics[case5]" time="0.007" /><testcase classname="tests.generated.analytics.test_analytics_045" name="test_analytics[case6]" time="0.004" /><testcase classname="tests.generated.analytics.test_analytics_139" name="test_analytics[case3]" time="0.012" /><testcase classname="tests.generated.catalog.test_catalog_034" name="test_catalog[case9]" time="0.010" /><testcase classname="tests.generated.catalog.test_catalog_003" name="test_catalog[case5]" time="0.005" /><testcase classname="tests.generated.analytics.test_analytics_074" name="test_analytics[case9]" time="0.009" /><testcase classname="tests.generated.analytics.test_analytics_139" name="test_analytics[case4]" time="0.005" /><testcase classname="tests.generated.analytics.test_analytics_013" name="test_analytics[case3]" time="0.011" /><testcase classname="tests.generated.analytics.test_analytics_045" name="test_analytics[case7]" time="0.005" /><testcase classname="tests.generated.catalog.test_catalog_003" name="test_catalog[case6]" time="0.005" /><testcase classname="tests.generated.analytics.test_analytics_107" name="test_analytics[case2]" time="0.005" /><testcase classname="tests.generated.analytics.test_analytics_139" name="test_analytics[case5]" time="0.005" /><testcase classname="tests.generated.catalog.test_catalog_035" name="test_catalog[case0]" time="0.008" /><testcase classname="tests.generated.analytics.test_analytics_045" name="test_analytics[case8]" time="0.009" /><testcase classname="tests.generated.catalog.test_catalog_003" name="test_catalog[case7]" time="0.013" /><testcase classname="tests.generated.analytics.test_analytics_013" name="test_analytics[case4]" time="0.006" /><testcase classname="tests.generated.catalog.test_catalog_067" name="test_catalog[case2]" time="0.009" /><testcase classname="tests.generated.analytics.test_analytics_075" name="test_analytics[case0]" time="0.009" /><testcase classname="tests.generated.catalog.test_catalog_035" name="test_catalog[case1]" time="0.008" /><testcase classname="tests.generated.analytics.test_analytics_013" name="test_analytics[case5]" time="0.005" /><testcase classname="tests.generated.catalog.test_catalog_067" name="test_catalog[case3]" time="0.010" /><testcase classname="tests.generated.analytics.test_analytics_139" name="test_analytics[case6]" time="0.007" /><testcase classname="tests.generated.analytics.test_analytics_107" name="test_analytics[case3]" time="0.007" /><testcase classname="tests.generated.analytics.test_analytics_045" name="test_analytics[case9]" time="0.013" /><testcase classname="tests.generated.analytics.test_analytics_139" name="test_analytics[case7]" time="0.004" /><testcase classname="tests.generated.analytics.test_analytics_075" name="test_analytics[case1]" time="0.006" /><testcase classname="tests.generated.catalog.test_catalog_003" name="test_catalog[case8]" time="0.008" /><testcase classname="tests.generated.analytics.test_analytics_013" name="test_analytics[case6]" time="0.007" /><testcase classname="tests.generated.analytics.test_analytics_107" name="test_analytics[case4]" time="0.005" /><testcase classname="tests.generated.catalog.test_catalog_035" name="test_catalog[case2]" time="0.007" /><testcase classname="tests.generated.catalog.test_catalog_067" name="test_catalog[case4]" time="0.006" /><testcase classname="tests.generated.catalog.test_catalog_003" name="test_catalog[case9]" time="0.006" /><testcase classname="tests.generated.analytics.test_analytics_139" name="test_analytics[case8]" time="0.004" /><testcase classname="tests.generated.analytics.test_analytics_139" name="test_analytics[case9]" time="0.005" /><testcase classname="tests.generated.analytics.test_analytics_013" name="test_analytics[case7]" time="0.010" /><testcase classname="tests.generated.analytics.test_analytics_107" name="test_analytics[case5]" time="0.005" /><testcase classname="tests.generated.analytics.test_analytics_046" name="test_analytics[case0]" time="0.010" /><testcase classname="tests.generated.catalog.test_catalog_004" name="test_catalog[case0]" time="0.004" /><testcase classname="tests.generated.analytics.test_analytics_140" name="test_analytics[case0]" time="0.004" /><testcase classname="tests.generated.catalog.test_catalog_067" name="test_catalog[case5]" time="0.005" /><testcase classname="tests.generated.analytics.test_analytics_075" name="test_analytics[case2]" time="0.014" /><testcase classname="tests.generated.analytics.test_analytics_107" name="test_analytics[case6]" time="0.007" /><testcase classname="tests.generated.analytics.test_analytics_013" name="test_analytics[case8]" time="0.007" /><testcase classname="tests.generated.analytics.test_analytics_140" name="test_analytics[case1]" time="0.004" /><testcase classname="tests.generated.catalog.test_catalog_067" name="test_catalog[case6]" time="0.007" /><testcase classname="tests.generated.catalog.test_catalog_035" name="test_catalog[case3]" time="0.011" /><testcase classname="tests.generated.catalog.test_catalog_004" name="test_catalog[case1]" time="0.027" /><testcase classname="tests.generated.analytics.test_analytics_046" name="test_analytics[case1]" time="0.006" /><testcase classname="tests.generated.catalog.test_catalog_067" name="test_catalog[case7]" time="0.005" /><testcase classname="tests.generated.analytics.test_analytics_013" name="test_analytics[case9]" time="0.009" /><testcase classname="tests.generated.catalog.test_catalog_035" name="test_catalog[case4]" time="0.004" /><testcase classname="tests.generated.analytics.test_analytics_075" name="test_analytics[case3]" time="0.004" /><testcase classname="tests.generated.analytics.test_analytics_140" name="test_analytics[case2]" time="0.021" /><testcase classname="tests.generated.analytics.test_analytics_046" name="test_analytics[case2]" time="0.017" /><testcase classname="tests.generated.catalog.test_catalog_035" name="test_catalog[case5]" time="0.004" /><testcase classname="tests.generated.catalog.test_catalog_067" name="test_catalog[case8]" time="0.005" /><testcase classname="tests.generated.analytics.test_analytics_075" name="test_analytics[case4]" time="0.004" /><testcase classname="tests.generated.catalog.test_catalog_067" name="test_catalog[case9]" time="0.018" /><testcase classname="tests.generated.catalog.test_catalog_035" name="test_catalog[case6]" time="0.005" /><testcase classname="tests.generated.analytics.test_analytics_107" name="test_analytics[case7]" time="0.004" /><testcase classname="tests.generated.analytics.test_analytics_107" name="test_analytics[case8]" time="0.005" /><testcase classname="tests.generated.analytics.test_analytics_014" name="test_analytics[case0]" time="0.011" /><testcase classname="tests.generated.analytics.test_analytics_075" name="test_analytics[case5]" time="0.004" /><testcase classname="tests.generated.analytics.test_analytics_107" name="test_analytics[case9]" time="0.005" /><testcase classname="tests.generated.catalog.test_catalog_004" name="test_catalog[case2]" time="0.012" /><testcase classname="tests.generated.analytics.test_analytics_046" name="test_analytics[case3]" time="0.004" /><testcase classname="tests.generated.catalog.test_catalog_035" name="test_catalog[case7]" time="0.005" /><testcase classname="tests.generated.analytics.test_analytics_108" name="test_analytics[case0]" time="0.005" /><testcase classname="tests.generated.analytics.test_analytics_140" name="test_analytics[case3]" time="0.013" /><testcase classname="tests.generated.analytics.test_analytics_075" name="test_analytics[case6]" time="0.011" /><testcase classname="tests.generated.analytics.test_analytics_046" name="test_analytics[case4]" time="0.004" /><testcase classname="tests.generated.catalog.test_catalog_035" name="test_catalog[case8]" time="0.008" /><testcase classname="tests.generated.analytics.test_analytics_014" name="test_analytics[case1]" time="0.009" /><testcase classname="tests.generated.analytics.test_analytics_046" name="test_analytics[case5]" time="0.004" /><testcase classname="tests.generated.analytics.test_analytics_108" name="test_analytics[case1]" time="0.005" /><testcase classname="tests.generated.analytics.test_analytics_075" name="test_analytics[case7]" time="0.008" /><testcase classname="tests.generated.catalog.test_catalog_004" name="test_catalog[case3]" time="0.010" /><testcase classname="tests.generated.analytics.test_analytics_014" name="test_analytics[case2]" time="0.005" /><testcase classname="tests.generated.analytics.test_analytics_108" name="test_analytics[case2]" time="0.004" /><testcase classname="tests.generated.catalog.test_catalog_068" name="test_catalog[case0]" time="0.008" /><testcase classname="tests.generated.catalog.test_catalog_035" name="test_catalog[case9]" time="0.004" /><testcase classname="tests.generated.analytics.test_analytics_014" name="test_analytics[case3]" time="0.014" /><testcase classname="tests.generated.analytics.test_analytics_108" name="test_analytics[case3]" time="0.004" /><testcase classname="tests.generated.analytics.test_analytics_046" name="test_analytics[case6]" time="0.007" /><testcase classname="tests.generated.catalog.test_catalog_036" name="test_catalog[case0]" time="0.004" /><testcase classname="tests.generated.catalog.test_catalog_068" name="test_catalog[case1]" time="0.004" /><testcase classname="tests.generated.analytics.test_analytics_108" name="test_analytics[case4]" time="0.007" /><testcase classname="tests.generated.analytics.test_analytics_140" name="test_analytics[case4]" time="0.011" /><testcase classname="tests.generated.analytics.test_analytics_075" name="test_analytics[case8]" time="0.008" /><testcase classname="tests.generated.analytics.test_analytics_046" name="test_analytics[case7]" time="0.004" /><testcase classname="tests.generated.catalog.test_catalog_004" name="test_catalog[case4]" time="0.032" /><testcase classname="tests.generated.catalog.test_catalog_068" name="test_catalog[case2]" time="0.006" /><testcase classname="tests.generated.catalog.test_catalog_036" name="test_catalog[case1]" time="0.014" /><testcase classname="tests.generated.analytics.test_analytics_046" name="test_analytics[case8]" time="0.005" /><testcase classname="tests.generated.analytics.test_analytics_075" name="test_analytics[case9]" time="0.013" /><testcase classname="tests.generated.analytics.test_analytics_108" name="test_analytics[case5]" time="0.008" /><testcase classname="tests.generated.catalog.test_catalog_068" name="test_catalog[case3]" time="0.016" /><testcase classname="tests.generated.analytics.test_analytics_140" name="test_analytics[case5]" time="0.004" /><testcase classname="tests.generated.analytics.test_analytics_014" name="test_analytics[case4]" time="0.011" /><testcase classname="tests.generated.analytics.test_analytics_046" name="test_analytics[case9]" time="0.005" /><testcase classname="tests.generated.catalog.test_catalog_036" name="test_catalog[case2]" time="0.006" /><testcase classname="tests.generated.analytics.test_analytics_140" name="test_analytics[case6]" time="0.004" /><testcase classname="tests.generated.analytics.test_analytics_108" name="test_analytics[case6]" time="0.005" /><testcase classname="tests.generated.analytics.test_analytics_108" name="test_analytics[case7]" time="0.005" /><testcase classname="tests.generated.analytics.test_analytics_047" name="test_analytics[case0]" time="0.004" /><testcase classname="tests.generated.analytics.test_analytics_076" name="test_analytics[case0]" time="0.008" /><testcase classname="tests.generated.catalog.test_catalog_004" name="test_catalog[case5]" time="0.004" /><testcase classname="tests.generated.analytics.test_analytics_047" name="test_analytics[case1]" time="0.004" /><testcase classname="tests.generated.catalog.test_catalog_004" name="test_catalog[case6]" time="0.011" /><testcase classname="tests.generated.analytics.test_analytics_140" name="test_analytics[case7]" time="0.016" /><testcase classname="tests.generated.catalog.test_catalog_068" name="test_catalog[case4]" time="0.004" /><testcase classname="tests.generated.analytics.test_analytics_014" name="test_analytics[case5]" time="0.008" /><testcase classname="tests.generated.catalog.test_catalog_036" name="test_catalog[case3]" time="0.009" /><testcase classname="tests.generated.catalog.test_catalog_068" name="test_catalog[case5]" time="0.004" /><testcase classname="tests.generated.analytics.test_analytics_108" name="test_analytics[case8]" time="0.006" /><testcase classname="tests.generated.analytics.test_analytics_108" name="test_analytics[case9]" time="0.015" /><testcase classname="tests.generated.analytics.test_analytics_076" name="test_analytics[case1]" time="0.005" /><testcase classname="tests.generated.analytics.test_analytics_014" name="test_analytics[case6]" time="0.009" /><testcase classname="tests.generated.analytics.test_analytics_076" name="test_analytics[case2]" time="0.004" /><testcase classname="tests.generated.catalog.test_catalog_036" name="test_catalog[case4]" time="0.004" /><testcase classname="tests.generated.catalog.test_catalog_068" name="test_catalog[case6]" time="0.005" /><testcase classname="tests.generated.analytics.test_analytics_047" name="test_analytics[case2]" time="0.011" /><testcase classname="tests.generated.catalog.test_catalog_004" name="test_catalog[case7]" time="0.009" /><testcase classname="tests.generated.analytics.test_analytics_140" name="test_analytics[case8]" time="0.008" /><testcase classname="tests.generated.analytics.test_analytics_047" name="test_analytics[case3]" time="0.009" /><testcase classname="tests.generated.analytics.test_analytics_076" name="test_analytics[case3]" time="0.004" /><testcase classname="tests.generated.analytics.test_analytics_014" name="test_analytics[case7]" time="0.007" /><testcase classname="tests.generated.catalog.test_catalog_036" name="test_catalog[case5]" time="0.006" /><testcase classname="tests.generated.catalog.test_catalog_036" name="test_catalog[case6]" time="0.004" /><testcase classname="tests.generated.analytics.test_analytics_076" name="test_analytics[case4]" time="0.010" /><testcase classname="tests.generated.catalog.test_catalog_068" name="test_catalog[case7]" time="0.007" /><testcase classname="tests.generated.catalog.test_catalog_068" name="test_catalog[case8]" time="0.011" /><testcase classname="tests.generated.analytics.test_analytics_109" name="test_analytics[case0]" time="0.022" /><testcase classname="tests.generated.catalog.test_catalog_004" name="test_catalog[case8]" time="0.008" /><testcase classname="tests.generated.analytics.test_analytics_140" name="test_analytics[case9]" time="0.006" /><testcase classname="tests.generated.catalog.test_catalog_036" name="test_catalog[case7]" time="0.004" /><testcase classname="tests.generated.analytics.test_analytics_047" name="test_analytics[case4]" time="0.006" /><testcase classname="tests.generated.analytics.test_analytics_014" name="test_analytics[case8]" time="0.004" /><testcase classname="tests.generated.analytics.test_analytics_014" name="test_analytics[case9]" time="0.004" /><testcase classname="tests.generated.analytics.test_analytics_076" name="test_analytics[case5]" time="0.013" /><testcase classname="tests.generated.analytics.test_analytics_141" name="test_analytics[case0]" time="0.005" /><testcase classname="tests.generated.analytics.test_analytics_047" name="test_analytics[case5]" time="0.005" /><testcase classname="tests.generated.catalog.test_catalog_036" name="test_catalog[case8]" time="0.005" /><testcase classname="tests.generated.catalog.test_catalog_068" name="test_catalog[case9]" time="0.009" /><testcase classname="tests.generated.analytics.test_analytics_141" name="test_analytics[case1]" time="0.004" /><testcase classname="tests.generated.catalog.test_catalog_036" name="test_catalog[case9]" time="0.004" /><testcase classname="tests.generated.analytics.test_analytics_015" name="test_analytics[case0]" time="0.004" /><testcase classname="tests.generated.analytics.test_analytics_047" name="test_analytics[case6]" time="0.004" /><testcase classname="tests.generated.analytics.test_analytics_015" name="test_analytics[case1]" time="0.004" /><testcase classname="tests.generated.catalog.test_catalog_037" name="test_catalog[case0]" time="0.004" /><testcase classname="tests.generated.catalog.test_catalog_069" name="test_catalog[case0]" time="0.007" /><testcase classname="tests.generated.catalog.test_catalog_004" name="test_catalog[case9]" time="0.008" /><testcase classname="tests.generated.analytics.test_analytics_141" name="test_analytics[case2]" time="0.004" /><testcase classname="tests.generated.analytics.test_analytics_109" name="test_analytics[case1]" time="0.011" /><testcase classname="tests.generated.analytics.test_analytics_015" name="test_analytics[case2]" time="0.004" /><testcase classname="tests.generated.analytics.test_analytics_047" name="test_analytics[case7]" time="0.004" /><testcase classname="tests.generated.analytics.test_analytics_047" name="test_analytics[case8]" time="0.006" /><testcase classname="tests.generated.analytics.test_analytics_076" name="test_analytics[case6]" time="0.008" /><testcase classname="tests.generated.catalog.test_catalog_005" name="test_catalog[case0]" time="0.008" /><testcase classname="tests.generated.catalog.test_catalog_037" name="test_catalog[case1]" time="0.008" /><testcase classname="tests.generated.analytics.test_analytics_141" name="test_analytics[case3]" time="0.007" /><testcase classname="tests.generated.analytics.test_analytics_015" name="test_analytics[case3]" time="0.004" /><testcase classname="tests.generated.catalog.test_catalog_069" name="test_catalog[case1]" time="0.008" /><testcase classname="tests.generated.analytics.test_analytics_047" name="test_analytics[case9]" time="0.004" /><testcase classname="tests.generated.analytics.test_analytics_076" name="test_analytics[case7]" time="0.006" /><testcase classname="tests.generated.analytics.test_analytics_141" name="test_analytics[case4]" time="0.004" /><testcase classname="tests.generated.analytics.test_analytics_015" name="test_analytics[case4]" time="0.016" /><testcase classname="tests.generated.catalog.test_catalog_005" name="test_catalog[case1]" time="0.005" /><testcase classname="tests.generated.analytics.test_analytics_109" name="test_analytics[case2]" time="0.017" /><testcase classname="tests.generated.catalog.test_catalog_069" name="test_catalog[case2]" time="0.005" /><testcase classname="tests.generated.catalog.test_catalog_037" name="test_catalog[case2]" time="0.012" /><testcase classname="tests.generated.analytics.test_analytics_048" name="test_analytics[case0]" time="0.004" /><testcase classname="tests.generated.analytics.test_analytics_141" name="test_analytics[case5]" time="0.005" /><testcase classname="tests.generated.analytics.test_analytics_076" name="test_analytics[case8]" time="0.008" /><testcase classname="tests.generated.analytics.test_analytics_141" name="test_analytics[case6]" time="0.010" /><testcase classname="tests.generated.catalog.test_catalog_005" name="test_catalog[case2]" time="0.005" /><testcase classname="tests.generated.analytics.test_analytics_048" name="test_analytics[case1]" time="0.004" /><testcase classname="tests.generated.catalog.test_catalog_005" name="test_catalog[case3]" time="0.004" /><testcase classname="tests.generated.catalog.test_catalog_069" name="test_catalog[case3]" time="0.004" /><testcase classname="tests.generated.analytics.test_analytics_109" name="test_analytics[case3]" time="0.005" /><testcase classname="tests.generated.catalog.test_catalog_069" name="test_catalog[case4]" time="0.004" /><testcase classname="tests.generated.catalog.test_catalog_037" name="test_catalog[case3]" time="0.009" /><testcase classname="tests.generated.analytics.test_analytics_015" name="test_analytics[case5]" time="0.008" /><testcase classname="tests.generated.analytics.test_analytics_048" name="test_analytics[case2]" time="0.015" /><testcase classname="tests.generated.catalog.test_catalog_005" name="test_catalog[case4]" time="0.004" /><testcase classname="tests.generated.catalog.test_catalog_069" name="test_catalog[case5]" time="0.006" /><testcase classname="tests.generated.analytics.test_analytics_109" name="test_analytics[case4]" time="0.004" /><testcase classname="tests.generated.analytics.test_analytics_015" name="test_analytics[case6]" time="0.005" /><testcase classname="tests.generated.analytics.test_analytics_141" name="test_analytics[case7]" time="0.005" /><testcase classname="tests.generated.analytics.test_analytics_076" name="test_analytics[case9]" time="0.009" /><testcase classname="tests.generated.catalog.test_catalog_005" name="test_catalog[case5]" time="0.004" /><testcase classname="tests.generated.analytics.test_analytics_109" name="test_analytics[case5]" time="0.005" /><testcase classname="tests.generated.analytics.test_analytics_141" name="test_analytics[case8]" time="0.004" /><testcase classname="tests.generated.catalog.test_catalog_069" name="test_catalog[case6]" time="0.008" /><testcase classname="tests.generated.catalog.test_catalog_037" name="test_catalog[case4]" time="0.007" /><testcase classname="tests.generated.analytics.test_analytics_109" name="test_analytics[case6]" time="0.005" /><testcase classname="tests.generated.analytics.test_analytics_015" name="test_analytics[case7]" time="0.004" /><testcase classname="tests.generated.catalog.test_catalog_005" name="test_catalog[case6]" time="0.012" /><testcase classname="tests.generated.analytics.test_analytics_048" name="test_analytics[case3]" time="0.014" /><testcase classname="tests.generated.analytics.test_analytics_109" name="test_analytics[case7]" time="0.004" /><testcase classname="tests.generated.analytics.test_analytics_141" name="test_analytics[case9]" time="0.005" /><testcase classname="tests.generated.analytics.test_analytics_015" name="test_analytics[case8]" time="0.004" /><testcase classname="tests.generated.analytics.test_analytics_077" name="test_analytics[case0]" time="0.014" /><testcase classname="tests.generated.catalog.test_catalog_069" name="test_catalog[case7]" time="0.005" /><testcase classname="tests.generated.analytics.test_analytics_015" name="test_analytics[case9]" time="0.006" /><testcase classname="tests.generated.catalog.test_catalog_037" name="test_catalog[case5]" time="0.026" /><testcase classname="tests.generated.analytics.test_analytics_109" name="test_analytics[case8]" time="0.005" /><testcase classname="tests.generated.catalog.test_catalog_005" name="test_catalog[case7]" time="0.006" /><testcase classname="tests.generated.catalog.test_catalog_069" name="test_catalog[case8]" time="0.005" /><testcase classname="tests.generated.analytics.test_analytics_016" name="test_analytics[case0]" time="0.005" /><testcase classname="tests.generated.analytics.test_analytics_109" name="test_analytics[case9]" time="0.004" /><testcase classname="tests.generated.analytics.test_analytics_142" name="test_analytics[case0]" time="0.005" /><testcase classname="tests.generated.analytics.test_analytics_048" name="test_analytics[case4]" time="0.010" /><testcase classname="tests.generated.analytics.test_analytics_142" name="test_analytics[case1]" time="0.012" /><testcase classname="tests.generated.catalog.test_catalog_069" name="test_catalog[case9]" time="0.004" /><testcase classname="tests.generated.analytics.test_analytics_110" name="test_analytics[case0]" time="0.007" /><testcase classname="tests.generated.catalog.test_catalog_005" name="test_catalog[case8]" time="0.006" /><testcase classname="tests.generated.analytics.test_analytics_077" name="test_analytics[case1]" time="0.013" /><testcase classname="tests.generated.catalog.test_catalog_070" name="test_catalog[case0]" time="0.004" /><testcase classname="tests.generated.analytics.test_analytics_016" name="test_analytics[case1]" time="0.006" /><testcase classname="tests.generated.catalog.test_catalog_005" name="test_catalog[case9]" time="0.005" /><testcase classname="tests.generated.analytics.test_analytics_048" name="test_analytics[case5]" time="0.004" /><testcase classname="tests.generated.catalog.test_catalog_070" name="test_catalog[case1]" time="0.004" /><testcase classname="tests.generated.analytics.test_analytics_110" name="test_analytics[case1]" time="0.012" /><testcase classname="tests.generated.catalog.test_catalog_037" name="test_catalog[case6]" time="0.004" /><testcase classname="tests.generated.analytics.test_analytics_142" name="test_analytics[case2]" time="0.009" /><testcase classname="tests.generated.analytics.test_analytics_048" name="test_analytics[case6]" time="0.004" /><testcase classname="tests.generated.catalog.test_catalog_006" name="test_catalog[case0]" time="0.004" /><testcase classname="tests.generated.catalog.test_catalog_070" name="test_catalog[case2]" time="0.005" /><testcase classname="tests.generated.analytics.test_analytics_048" name="test_analytics[case7]" time="0.006" /><testcase classname="tests.generated.analytics.test_analytics_142" name="test_analytics[case3]" time="0.005" /><testcase classname="tests.generated.analytics.test_analytics_077" name="test_analytics[case2]" time="0.007" /><testcase classname="tests.generated.catalog.test_catalog_070" name="test_catalog[case3]" time="0.005" /><testcase classname="tests.generated.catalog.test_catalog_037" name="test_catalog[case7]" time="0.007" /><testcase classname="tests.generated.catalog.test_catalog_006" name="test_catalog[case1]" time="0.012" /><testcase classname="tests.generated.analytics.test_analytics_077" name="test_analytics[case3]" time="0.004" /><testcase classname="tests.generated.analytics.test_analytics_016" name="test_analytics[case2]" time="0.008" /><testcase classname="tests.generated.analytics.test_analytics_142" name="test_analytics[case4]" time="0.006" /><testcase classname="tests.generated.analytics.test_analytics_110" name="test_analytics[case2]" time="0.008" /><testcase classname="tests.generated.catalog.test_catalog_037" name="test_catalog[case8]" time="0.006" /><testcase classname="tests.generated.analytics.test_analytics_048" name="test_analytics[case8]" time="0.009" /><testcase classname="tests.generated.analytics.test_analytics_077" name="test_analytics[case4]" time="0.004" /><testcase classname="tests.generated.analytics.test_analytics_016" name="test_analytics[case3]" time="0.013" /><testcase classname="tests.generated.catalog.test_catalog_006" name="test_catalog[case2]" time="0.004" /><testcase classname="tests.generated.catalog.test_catalog_037" name="test_catalog[case9]" time="0.004" /><testcase classname="tests.generated.analytics.test_analytics_048" name="test_analytics[case9]" time="0.004" /><testcase classname="tests.generated.analytics.test_analytics_142" name="test_analytics[case5]" time="0.007" /><testcase classname="tests.generated.catalog.test_catalog_070" name="test_catalog[case4]" time="0.005" /><testcase classname="tests.generated.catalog.test_catalog_070" name="test_catalog[case5]" time="0.004" /><testcase classname="tests.generated.catalog.test_catalog_070" name="test_catalog[case6]" time="0.004" /><testcase classname="tests.generated.analytics.test_analytics_077" name="test_analytics[case5]" time="0.008" /><testcase classname="tests.generated.catalog.test_catalog_006" name="test_catalog[case3]" time="0.004" /><testcase classname="tests.generated.catalog.test_catalog_038" name="test_catalog[case0]" time="0.008" /><testcase classname="tests.generated.analytics.test_analytics_142" name="test_analytics[case6]" time="0.004" /><testcase classname="tests.generated.analytics.test_analytics_049" name="test_analytics[case0]" time="0.005" /><testcase classname="tests.generated.analytics.test_analytics_110" name="test_analytics[case3]" time="0.025" /><testcase classname="tests.generated.catalog.test_catalog_070" name="test_catalog[case7]" time="0.004" /><testcase classname="tests.generated.catalog.test_catalog_006" name="test_catalog[case4]" time="0.005" /><testcase classname="tests.generated.analytics.test_analytics_016" name="test_analytics[case4]" time="0.008" /><testcase classname="tests.generated.analytics.test_analytics_077" name="test_analytics[case6]" time="0.004" /><testcase classname="tests.generated.analytics.test_analytics_049" name="test_analytics[case1]" time="0.006" /><testcase classname="tests.generated.catalog.test_catalog_070" name="test_catalog[case8]" time="0.005" /><testcase classname="tests.generated.catalog.test_catalog_070" name="test_catalog[case9]" time="0.004" /><testcase classname="tests.generated.analytics.test_analytics_142" name="test_analytics[case7]" time="0.004" /><testcase classname="tests.generated.analytics.test_analytics_142" name="test_analytics[case8]" time="0.005" /><testcase classname="tests.generated.catalog.test_catalog_038" name="test_catalog[case1]" time="0.008" /><testcase classname="tests.generated.analytics.test_analytics_077" name="test_analytics[case7]" time="0.004" /><testcase classname="tests.generated.analytics.test_analytics_077" name="test_analytics[case8]" time="0.004" /><testcase classname="tests.generated.analytics.test_analytics_110" name="test_analytics[case4]" time="0.008" /><testcase classname="tests.generated.catalog.test_catalog_038" name="test_catalog[case2]" time="0.009" /><testcase classname="tests.generated.catalog.test_catalog_071" name="test_catalog[case0]" time="0.004" /><testcase classname="tests.generated.analytics.test_analytics_016" name="test_analytics[case5]" time="0.013" /><testcase classname="tests.generated.analytics.test_analytics_077" name="test_analytics[case9]" time="0.004" /><testcase classname="tests.generated.catalog.test_catalog_006" name="test_catalog[case5]" time="0.012" /><testcase classname="tests.generated.analytics.test_analytics_049" name="test_analytics[case2]" time="0.004" /><testcase classname="tests.generated.catalog.test_catalog_071" name="test_catalog[case1]" time="0.006" /><testcase classname="tests.generated.analytics.test_analytics_049" name="test_analytics[case3]" time="0.005" /><testcase classname="tests.generated.analytics.test_analytics_110" name="test_analytics[case5]" time="0.008" /><testcase classname="tests.generated.catalog.test_catalog_006" name="test_catalog[case6]" time="0.003" /><testcase classname="tests.generated.analytics.test_analytics_142" name="test_analytics[case9]" time="0.005" /><testcase classname="tests.generated.analytics.test_analytics_078" name="test_analytics[case0]" time="0.008" /><testcase classname="tests.generated.analytics.test_analytics_016" name="test_analytics[case6]" time="0.005" /><testcase classname="tests.generated.catalog.test_catalog_071" name="test_catalog[case2]" time="0.004" /><testcase classname="tests.generated.analytics.test_analytics_143" name="test_analytics[case0]" time="0.009" /><testcase classname="tests.generated.catalog.test_catalog_038" name="test_catalog[case3]" time="0.015" /><testcase classname="tests.generated.catalog.test_catalog_006" name="test_catalog[case7]" time="0.006" /><testcase classname="tests.generated.catalog.test_catalog_071" name="test_catalog[case3]" time="0.004" /><testcase classname="tests.generated.analytics.test_analytics_016" name="test_analytics[case7]" time="0.004" /><testcase classname="tests.generated.analytics.test_analytics_110" name="test_analytics[case6]" time="0.006" /><testcase classname="tests.generated.analytics.test_analytics_049" name="test_analytics[case4]" time="0.009" /><testcase classname="tests.generated.analytics.test_analytics_078" name="test_analytics[case1]" time="0.005" /><testcase classname="tests.generated.catalog.test_catalog_071" name="test_catalog[case4]" time="0.004" /><testcase classname="tests.generated.catalog.test_catalog_006" name="test_catalog[case8]" time="0.005" /><testcase classname="tests.generated.catalog.test_catalog_038" name="test_catalog[case4]" time="0.004" /><testcase classname="tests.generated.analytics.test_analytics_110" name="test_analytics[case7]" time="0.007" /><testcase classname="tests.generated.analytics.test_analytics_143" name="test_analytics[case1]" time="0.007" /><testcase classname="tests.generated.catalog.test_catalog_071" name="test_catalog[case5]" time="0.004" /><testcase classname="tests.generated.analytics.test_analytics_078" name="test_analytics[case2]" time="0.005" /><testcase classname="tests.generated.analytics.test_analytics_078" name="test_analytics[case3]" time="0.005" /><testcase classname="tests.generated.analytics.test_analytics_143" name="test_analytics[case2]" time="0.004" /><testcase classname="tests.generated.analytics.test_analytics_016" name="test_analytics[case8]" time="0.009" /><testcase classname="tests.generated.catalog.test_catalog_071" name="test_catalog[case6]" time="0.006" /><testcase classname="tests.generated.analytics.test_analytics_143" name="test_analytics[case3]" time="0.007" /><testcase classname="tests.generated.analytics.test_analytics_049" name="test_analytics[case5]" time="0.004" /><testcase classname="tests.generated.analytics.test_analytics_049" name="test_analytics[case6]" time="0.004" /><testcase classname="tests.generated.catalog.test_catalog_071" name="test_catalog[case7]" time="0.004" /><testcase classname="tests.generated.catalog.test_catalog_038" name="test_catalog[case5]" time="0.004" /><testcase classname="tests.generated.analytics.test_analytics_078" name="test_analytics[case4]" time="0.006" /><testcase classname="tests.generated.analytics.test_analytics_049" name="test_analytics[case7]" time="0.004" /><testcase classname="tests.generated.analytics.test_analytics_110" name="test_analytics[case8]" time="0.012" /><testcase classname="tests.generated.analytics.test_analytics_016" name="test_analytics[case9]" time="0.004" /><testcase classname="tests.generated.catalog.test_catalog_038" name="test_catalog[case6]" time="0.004" /><testcase classname="tests.generated.catalog.test_catalog_071" name="test_catalog[case8]" time="0.004" /><testcase classname="tests.generated.analytics.test_analytics_110" name="test_analytics[case9]" time="0.013" /><testcase classname="tests.generated.catalog.test_catalog_038" name="test_catalog[case7]" time="0.015" /><testcase classname="tests.generated.analytics.test_analytics_049" name="test_analytics[case8]" time="0.004" /><testcase classname="tests.generated.analytics.test_analytics_143" name="test_analytics[case4]" time="0.012" /><testcase classname="tests.generated.catalog.test_catalog_071" name="test_catalog[case9]" time="0.004" /><testcase classname="tests.generated.analytics.test_analytics_078" name="test_analytics[case5]" time="0.005" /><testcase classname="tests.generated.analytics.test_analytics_049" name="test_analytics[case9]" time="0.006" /><testcase classname="tests.generated.catalog.test_catalog_006" name="test_catalog[case9]" time="0.023" /><testcase classname="tests.generated.analytics.test_analytics_078" name="test_analytics[case6]" time="0.011" /><testcase classname="tests.generated.analytics.test_analytics_017" name="test_analytics[case0]" time="0.004" /><testcase classname="tests.generated.analytics.test_analytics_017" name="test_analytics[case1]" time="0.004" /><testcase classname="tests.generated.catalog.test_catalog_072" name="test_catalog[case0]" time="0.004" /><testcase classname="tests.generated.analytics.test_analytics_143" name="test_analytics[case5]" time="0.006" /><testcase classname="tests.generated.catalog.test_catalog_038" name="test_catalog[case8]" time="0.014" /><testcase classname="tests.generated.catalog.test_catalog_007" name="test_catalog[case0]" time="0.005" /><testcase classname="tests.generated.analytics.test_analytics_017" name="test_analytics[case2]" time="0.005" /><testcase classname="tests.generated.analytics.test_analytics_143" name="test_analytics[case6]" time="0.009" /><testcase classname="tests.generated.analytics.test_analytics_111" name="test_analytics[case0]" time="0.011" /><testcase classname="tests.generated.analytics.test_analytics_078" name="test_analytics[case7]" time="0.005" /><testcase classname="tests.generated.analytics.test_analytics_050" name="test_analytics[case0]" time="0.013" /><testcase classname="tests.generated.catalog.test_catalog_072" name="test_catalog[case1]" time="0.008" /><testcase classname="tests.generated.catalog.test_catalog_007" name="test_catalog[case1]" time="0.011" /><testcase classname="tests.generated.catalog.test_catalog_038" name="test_catalog[case9]" time="0.008" /><testcase classname="tests.generated.analytics.test_analytics_017" name="test_analytics[case3]" time="0.005" /><testcase classname="tests.generated.analytics.test_analytics_143" name="test_analytics[case7]" time="0.007" /><testcase classname="tests.generated.analytics.test_analytics_078" name="test_analytics[case8]" time="0.005" /><testcase classname="tests.generated.catalog.test_catalog_072" name="test_catalog[case2]" time="0.005" /><testcase classname="tests.generated.analytics.test_analytics_017" name="test_analytics[case4]" time="0.009" /><testcase classname="tests.generated.analytics.test_analytics_111" name="test_analytics[case1]" time="0.013" /><testcase classname="tests.generated.analytics.test_analytics_050" name="test_analytics[case1]" time="0.008" /><testcase classname="tests.generated.catalog.test_catalog_007" name="test_catalog[case2]" time="0.005" /><testcase classname="tests.generated.catalog.test_catalog_039" name="test_catalog[case0]" time="0.009" /><testcase classname="tests.generated.analytics.test_analytics_143" name="test_analytics[case8]" time="0.004" /><testcase classname="tests.generated.analytics.test_analytics_143" name="test_analytics[case9]" time="0.005" /><testcase classname="tests.generated.analytics.test_analytics_050" name="test_analytics[case2]" time="0.006" /><testcase classname="tests.generated.catalog.test_catalog_072" name="test_catalog[case3]" time="0.004" /><testcase classname="tests.generated.catalog.test_catalog_072" name="test_catalog[case4]" time="0.004" /><testcase classname="tests.generated.analytics.test_analytics_111" name="test_analytics[case2]" time="0.005" /><testcase classname="tests.generated.analytics.test_analytics_111" name="test_analytics[case3]" time="0.014" /><testcase classname="tests.generated.analytics.test_analytics_078" name="test_analytics[case9]" time="0.011" /><testcase classname="tests.generated.analytics.test_analytics_017" name="test_analytics[case5]" time="0.006" /><testcase classname="tests.generated.catalog.test_catalog_072" name="test_catalog[case5]" time="0.004" /><testcase classname="tests.generated.analytics.test_analytics_144" name="test_analytics[case0]" time="0.010" /><testcase classname="tests.generated.catalog.test_catalog_007" name="test_catalog[case3]" time="0.005" /><testcase classname="tests.generated.analytics.test_analytics_017" name="test_analytics[case6]" time="0.007" /><testcase classname="tests.generated.analytics.test_analytics_050" name="test_analytics[case3]" time="0.015" /><testcase classname="tests.generated.catalog.test_catalog_072" name="test_catalog[case6]" time="0.005" /><testcase classname="tests.generated.catalog.test_catalog_039" name="test_catalog[case1]" time="0.005" /><testcase classname="tests.generated.catalog.test_catalog_007" name="test_catalog[case4]" time="0.005" /><testcase classname="tests.generated.analytics.test_analytics_079" name="test_analytics[case0]" time="0.004" /><testcase classname="tests.generated.analytics.test_analytics_144" name="test_analytics[case1]" time="0.005" /><testcase classname="tests.generated.analytics.test_analytics_017" name="test_analytics[case7]" time="0.005" /><testcase classname="tests.generated.analytics.test_analytics_079" name="test_analytics[case1]" time="0.005" /><testcase classname="tests.generated.catalog.test_catalog_072" name="test_catalog[case7]" time="0.004" /><testcase classname="tests.generated.analytics.test_analytics_050" name="test_analytics[case4]" time="0.006" /><testcase classname="tests.generated.analytics.test_analytics_144" name="test_analytics[case2]" time="0.004" /><testcase classname="tests.generated.catalog.test_catalog_007" name="test_catalog[case5]" time="0.010" /><testcase classname="tests.generated.analytics.test_analytics_079" name="test_analytics[case2]" time="0.005" /><testcase classname="tests.generated.catalog.test_catalog_039" name="test_catalog[case2]" time="0.007" /><testcase classname="tests.generated.catalog.test_catalog_072" name="test_catalog[case8]" time="0.008" /><testcase classname="tests.generated.analytics.test_analytics_017" name="test_analytics[case8]" time="0.010" /><testcase classname="tests.generated.analytics.test_analytics_079" name="test_analytics[case3]" time="0.008" /><testcase classname="tests.generated.catalog.test_catalog_007" name="test_catalog[case6]" time="0.005" /><testcase classname="tests.generated.analytics.test_analytics_111" name="test_analytics[case4]" time="0.007" /><testcase classname="tests.generated.analytics.test_analytics_144" name="test_analytics[case3]" time="0.069" /><testcase classname="tests.generated.analytics.test_analytics_050" name="test_analytics[case5]" time="0.067" /><testcase classname="tests.generated.catalog.test_catalog_039" name="test_catalog[case3]" time="0.068" /><testcase classname="tests.generated.analytics.test_analytics_111" name="test_analytics[case5]" time="0.062" /><testcase classname="tests.generated.catalog.test_catalog_072" name="test_catalog[case9]" time="0.061" /><testcase classname="tests.generated.catalog.test_catalog_007" name="test_catalog[case7]" time="0.007" /><testcase classname="tests.generated.analytics.test_analytics_017" name="test_analytics[case9]" time="0.004" /><testcase classname="tests.generated.analytics.test_analytics_079" name="test_analytics[case4]" time="0.009" /><testcase classname="tests.generated.analytics.test_analytics_144" name="test_analytics[case4]" time="0.004" /><testcase classname="tests.generated.analytics.test_analytics_050" name="test_analytics[case6]" time="0.008" /><testcase classname="tests.generated.analytics.test_analytics_144" name="test_analytics[case5]" time="0.004" /><testcase classname="tests.generated.catalog.test_catalog_073" name="test_catalog[case0]" time="0.176" /><testcase classname="tests.generated.analytics.test_analytics_111" name="test_analytics[case6]" time="0.012" /><testcase classname="tests.generated.catalog.test_catalog_007" name="test_catalog[case8]" time="0.005" /><testcase classname="tests.generated.catalog.test_catalog_007" name="test_catalog[case9]" time="0.004" /><testcase classname="tests.generated.analytics.test_analytics_079" name="test_analytics[case5]" time="0.004" /><testcase classname="tests.generated.analytics.test_analytics_144" name="test_analytics[case6]" time="0.005" /><testcase classname="tests.generated.analytics.test_analytics_050" name="test_analytics[case7]" time="0.005" /><testcase classname="tests.generated.analytics.test_analytics_079" name="test_analytics[case6]" time="0.004" /><testcase classname="tests.generated.catalog.test_catalog_039" name="test_catalog[case4]" time="0.021" /><testcase classname="tests.generated.catalog.test_catalog_008" name="test_catalog[case0]" time="0.005" /><testcase classname="tests.generated.analytics.test_analytics_018" name="test_analytics[case0]" time="0.015" /><testcase classname="tests.generated.analytics.test_analytics_144" name="test_analytics[case7]" time="0.006" /><testcase classname="tests.generated.analytics.test_analytics_079" name="test_analytics[case7]" time="0.010" /><testcase classname="tests.generated.analytics.test_analytics_050" name="test_analytics[case8]" time="0.004" /><testcase classname="tests.generated.analytics.test_analytics_111" name="test_analytics[case7]" time="0.017" /><testcase classname="tests.generated.catalog.test_catalog_008" name="test_catalog[case1]" time="0.036" /><testcase classname="tests.generated.analytics.test_analytics_018" name="test_analytics[case1]" time="0.015" /><testcase classname="tests.generated.catalog.test_catalog_039" name="test_catalog[case5]" time="0.015" /><testcase classname="tests.generated.analytics.test_analytics_050" name="test_analytics[case9]" time="0.007" /><testcase classname="tests.generated.analytics.test_analytics_144" name="test_analytics[case8]" time="0.018" /><testcase classname="tests.generated.analytics.test_analytics_051" name="test_analytics[case0]" time="0.004" /><testcase classname="tests.generated.analytics.test_analytics_144" name="test_analytics[case9]" time="0.012" /><testcase classname="tests.generated.analytics.test_analytics_079" name="test_analytics[case8]" time="0.005" /><testcase classname="tests.generated.analytics.test_analytics_051" name="test_analytics[case1]" time="0.006" /><testcase classname="tests.generated.analytics.test_analytics_111" name="test_analytics[case8]" time="0.009" /><testcase classname="tests.generated.catalog.test_catalog_039" name="test_catalog[case6]" time="0.010" /><testcase classname="tests.generated.analytics.test_analytics_018" name="test_analytics[case2]" time="0.008" /><testcase classname="tests.generated.analytics.test_analytics_079" name="test_analytics[case9]" time="0.005" /><testcase classname="tests.generated.analytics.test_analytics_051" name="test_analytics[case2]" time="0.004" /><testcase classname="tests.generated.analytics.test_analytics_080" name="test_analytics[case0]" time="0.005" /><testcase classname="tests.generated.analytics.test_analytics_018" name="test_analytics[case3]" time="0.015" /><testcase classname="tests.generated.catalog.test_catalog_008" name="test_catalog[case2]" time="0.009" /><testcase classname="tests.generated.analytics.test_analytics_051" name="test_analytics[case3]" time="0.004" /><testcase classname="tests.generated.catalog.test_catalog_039" name="test_catalog[case7]" time="0.009" /><testcase classname="tests.generated.analytics.test_analytics_080" name="test_analytics[case1]" time="0.008" /><testcase classname="tests.generated.analytics.test_analytics_111" name="test_analytics[case9]" time="0.005" /><testcase classname="tests.generated.analytics.test_analytics_145" name="test_analytics[case0]" time="0.005" /><testcase classname="tests.generated.analytics.test_analytics_051" name="test_analytics[case4]" time="0.004" /><testcase classname="tests.generated.analytics.test_analytics_112" name="test_analytics[case0]" time="0.004" /><testcase classname="tests.generated.catalog.test_catalog_039" name="test_catalog[case8]" time="0.004" /><testcase classname="tests.generated.catalog.test_catalog_008" name="test_catalog[case3]" time="0.006" /><testcase classname="tests.generated.analytics.test_analytics_018" name="test_analytics[case4]" time="0.005" /><testcase classname="tests.generated.analytics.test_analytics_051" name="test_analytics[case5]" time="0.004" /><testcase classname="tests.generated.catalog.test_catalog_008" name="test_catalog[case4]" time="0.005" /><testcase classname="tests.generated.analytics.test_analytics_112" name="test_analytics[case1]" time="0.004" /><testcase classname="tests.generated.analytics.test_analytics_018" name="test_analytics[case5]" time="0.004" /><testcase classname="tests.generated.analytics.test_analytics_145" name="test_analytics[case1]" time="0.009" /><testcase classname="tests.generated.catalog.test_catalog_039" name="test_catalog[case9]" time="0.005" /><testcase classname="tests.generated.analytics.test_analytics_051" name="test_analytics[case6]" time="0.004" /><testcase classname="tests.generated.analytics.test_analytics_112" name="test_analytics[case2]" time="0.004" /><testcase classname="tests.generated.analytics.test_analytics_112" name="test_analytics[case3]" time="0.004" /><testcase classname="tests.generated.analytics.test_analytics_051" name="test_analytics[case7]" time="0.004" /><testcase classname="tests.generated.analytics.test_analytics_080" name="test_analytics[case2]" time="0.022" /><testcase classname="tests.generated.analytics.test_analytics_145" name="test_analytics[case2]" time="0.019" /><testcase classname="tests.generated.catalog.test_catalog_008" name="test_catalog[case5]" time="0.004" /><testcase classname="tests.generated.catalog.test_catalog_040" name="test_catalog[case0]" time="0.004" /><testcase classname="tests.generated.catalog.test_catalog_008" name="test_catalog[case6]" time="0.005" /><testcase classname="tests.generated.analytics.test_analytics_018" name="test_analytics[case6]" time="0.004" /><testcase classname="tests.generated.analytics.test_analytics_051" name="test_analytics[case8]" time="0.009" /><testcase classname="tests.generated.analytics.test_analytics_018" name="test_analytics[case7]" time="0.004" /><testcase classname="tests.generated.analytics.test_analytics_112" name="test_analytics[case4]" time="0.006" /><testcase classname="tests.generated.catalog.test_catalog_040" name="test_catalog[case1]" time="0.006" /><testcase classname="tests.generated.analytics.test_analytics_080" name="test_analytics[case3]" time="0.005" /><testcase classname="tests.generated.analytics.test_analytics_018" name="test_analytics[case8]" time="0.015" /><testcase classname="tests.generated.catalog.test_catalog_008" name="test_catalog[case7]" time="0.006" /><testcase classname="tests.generated.analytics.test_analytics_145" name="test_analytics[case3]" time="0.004" /><testcase classname="tests.generated.catalog.test_catalog_040" name="test_catalog[case2]" time="0.014" /><testcase classname="tests.generated.analytics.test_analytics_051" name="test_analytics[case9]" time="0.193" /><testcase classname="tests.generated.analytics.test_analytics_080" name="test_analytics[case4]" time="0.004" /><testcase classname="tests.generated.analytics.test_analytics_145" name="test_analytics[case4]" time="0.004" /><testcase classname="tests.generated.catalog.test_catalog_008" name="test_catalog[case8]" time="0.005" /><testcase classname="tests.generated.analytics.test_analytics_112" name="test_analytics[case5]" time="0.009" /><testcase classname="tests.generated.analytics.test_analytics_145" name="test_analytics[case5]" time="0.191" /><testcase classname="tests.generated.analytics.test_analytics_080" name="test_analytics[case5]" time="0.011" /><testcase classname="tests.generated.analytics.test_analytics_018" name="test_analytics[case9]" time="0.009" /><testcase classname="tests.generated.catalog.test_catalog_008" name="test_catalog[case9]" time="0.005" /><testcase classname="tests.generated.analytics.test_analytics_112" name="test_analytics[case6]" time="0.008" /><testcase classname="tests.generated.catalog.test_catalog_009" name="test_catalog[case0]" time="0.004" /><testcase classname="tests.generated.analytics.test_analytics_080" name="test_analytics[case6]" time="0.006" /><testcase classname="tests.generated.catalog.test_catalog_073" name="test_catalog[case1]" time="0.005" /><testcase classname="tests.generated.catalog.test_catalog_009" name="test_catalog[case1]" time="0.014" /><testcase classname="tests.generated.catalog.test_catalog_040" name="test_catalog[case3]" time="0.021" /><testcase classname="tests.generated.analytics.test_analytics_080" name="test_analytics[case7]" time="0.004" /><testcase classname="tests.generated.analytics.test_analytics_112" name="test_analytics[case7]" time="0.007" /><testcase classname="tests.generated.analytics.test_analytics_019" name="test_analytics[case0]" time="0.008" /><testcase classname="tests.generated.analytics.test_analytics_080" name="test_analytics[case8]" time="0.004" /><testcase classname="tests.generated.catalog.test_catalog_073" name="test_catalog[case2]" time="0.005" /><testcase classname="tests.generated.analytics.test_analytics_112" name="test_analytics[case8]" time="0.005" /><testcase classname="tests.generated.analytics.test_analytics_080" name="test_analytics[case9]" time="0.004" /><testcase classname="tests.generated.catalog.test_catalog_073" name="test_catalog[case3]" time="0.006" /><testcase classname="tests.generated.analytics.test_analytics_019" name="test_analytics[case1]" time="0.006" /><testcase classname="tests.generated.analytics.test_analytics_112" name="test_analytics[case9]" time="0.004" /><testcase classname="tests.generated.catalog.test_catalog_040" name="test_catalog[case4]" time="0.005" /><testcase classname="tests.generated.catalog.test_catalog_009" name="test_catalog[case2]" time="0.005" /><testcase classname="tests.generated.catalog.test_catalog_073" name="test_catalog[case4]" time="0.005" /><testcase classname="tests.generated.analytics.test_analytics_019" name="test_analytics[case2]" time="0.005" /><testcase classname="tests.generated.analytics.test_analytics_113" name="test_analytics[case0]" time="0.013" /><testcase classname="tests.generated.catalog.test_catalog_040" name="test_catalog[case5]" time="0.004" /><testcase classname="tests.generated.catalog.test_catalog_009" name="test_catalog[case3]" time="0.005" /><testcase classname="tests.generated.catalog.test_catalog_073" name="test_catalog[case5]" time="0.005" /><testcase classname="tests.generated.catalog.test_catalog_040" name="test_catalog[case6]" time="0.011" /><testcase classname="tests.generated.analytics.test_analytics_019" name="test_analytics[case3]" time="0.004" /><testcase classname="tests.generated.catalog.test_catalog_009" name="test_catalog[case4]" time="0.004" /><testcase classname="tests.generated.catalog.test_catalog_073" name="test_catalog[case6]" time="0.005" /><testcase classname="tests.generated.analytics.test_analytics_019" name="test_analytics[case4]" time="0.004" /><testcase classname="tests.generated.catalog.test_catalog_073" name="test_catalog[case7]" time="0.014" /><testcase classname="tests.generated.analytics.test_analytics_081" name="test_analytics[case0]" time="0.008" /><testcase classname="tests.generated.catalog.test_catalog_009" name="test_catalog[case5]" time="0.019" /><testcase classname="tests.generated.analytics.test_analytics_019" name="test_analytics[case5]" time="0.016" /><testcase classname="tests.generated.analytics.test_analytics_113" name="test_analytics[case1]" time="0.012" /><testcase classname="tests.generated.analytics.test_analytics_081" name="test_analytics[case1]" time="0.006" /><testcase classname="tests.generated.catalog.test_catalog_040" name="test_catalog[case7]" time="0.007" /><testcase classname="tests.generated.analytics.test_analytics_081" name="test_analytics[case2]" time="0.004" /><testcase classname="tests.generated.analytics.test_analytics_019" name="test_analytics[case6]" time="0.008" /><testcase classname="tests.generated.catalog.test_catalog_073" name="test_catalog[case8]" time="0.008" /><testcase classname="tests.generated.analytics.test_analytics_113" name="test_analytics[case2]" time="0.005" /><testcase classname="tests.generated.catalog.test_catalog_040" name="test_catalog[case8]" time="0.020" /><testcase classname="tests.generated.catalog.test_catalog_009" name="test_catalog[case6]" time="0.005" /><testcase classname="tests.generated.catalog.test_catalog_009" name="test_catalog[case7]" time="0.004" /><testcase classname="tests.generated.analytics.test_analytics_019" name="test_analytics[case7]" time="0.004" /><testcase classname="tests.generated.catalog.test_catalog_073" name="test_catalog[case9]" time="0.005" /><testcase classname="tests.generated.analytics.test_analytics_081" name="test_analytics[case3]" time="0.014" /><testcase classname="tests.generated.catalog.test_catalog_009" name="test_catalog[case8]" time="0.004" /><testcase classname="tests.generated.analytics.test_analytics_019" name="test_analytics[case8]" time="0.004" /><testcase classname="tests.generated.analytics.test_analytics_113" name="test_analytics[case3]" time="0.029" /><testcase classname="tests.generated.analytics.test_analytics_081" name="test_analytics[case4]" time="0.004" /><testcase classname="tests.generated.analytics.test_analytics_019" name="test_analytics[case9]" time="0.018" /><testcase classname="tests.generated.catalog.test_catalog_074" name="test_catalog[case0]" time="0.004" /><testcase classname="tests.generated.catalog.test_catalog_009" name="test_catalog[case9]" time="0.010" /><testcase classname="tests.generated.catalog.test_catalog_040" name="test_catalog[case9]" time="0.004" /><testcase classname="tests.generated.catalog.test_catalog_074" name="test_catalog[case1]" time="0.007" /><testcase classname="tests.generated.analytics.test_analytics_081" name="test_analytics[case5]" time="0.004" /><testcase classname="tests.generated.catalog.test_catalog_041" name="test_catalog[case0]" time="0.008" /><testcase classname="tests.generated.analytics.test_analytics_081" name="test_analytics[case6]" time="0.012" /><testcase classname="tests.generated.catalog.test_catalog_010" name="test_catalog[case0]" time="0.010" /><testcase classname="tests.generated.catalog.test_catalog_041" name="test_catalog[case1]" time="0.014" /><testcase classname="tests.generated.analytics.test_analytics_020" name="test_analytics[case0]" time="0.005" /><testcase classname="tests.generated.analytics.test_analytics_113" name="test_analytics[case4]" time="0.004" /><testcase classname="tests.generated.analytics.test_analytics_081" name="test_analytics[case7]" time="0.004" /><testcase classname="tests.generated.analytics.test_analytics_020" name="test_analytics[case1]" time="0.004" /><testcase classname="tests.generated.catalog.test_catalog_074" name="test_catalog[case2]" time="0.014" /><testcase classname="tests.generated.analytics.test_analytics_081" name="test_analytics[case8]" time="0.004" /><testcase classname="tests.generated.analytics.test_analytics_113" name="test_analytics[case5]" time="0.005" /><testcase classname="tests.generated.catalog.test_catalog_010" name="test_catalog[case1]" time="0.006" /><testcase classname="tests.generated.analytics.test_analytics_020" name="test_analytics[case2]" time="0.004" /><testcase classname="tests.generated.analytics.test_analytics_081" name="test_analytics[case9]" time="0.004" /><testcase classname="tests.generated.catalog.test_catalog_041" name="test_catalog[case2]" time="0.008" /><testcase classname="tests.generated.analytics.test_analytics_020" name="test_analytics[case3]" time="0.004" /><testcase classname="tests.generated.catalog.test_catalog_010" name="test_catalog[case2]" time="0.004" /><testcase classname="tests.generated.analytics.test_analytics_113" name="test_analytics[case6]" time="0.004" /><testcase classname="tests.generated.analytics.test_analytics_082" name="test_analytics[case0]" time="0.007" /><testcase classname="tests.generated.catalog.test_catalog_074" name="test_catalog[case3]" time="0.010" /><testcase classname="tests.generated.analytics.test_analytics_113" name="test_analytics[case7]" time="0.011" /><testcase classname="tests.generated.catalog.test_catalog_041" name="test_catalog[case3]" time="0.004" /><testcase classname="tests.generated.analytics.test_analytics_145" name="test_analytics[case6]" time="0.006" /><testcase classname="tests.generated.catalog.test_catalog_010" name="test_catalog[case3]" time="0.009" /><testcase classname="tests.generated.analytics.test_analytics_052" name="test_analytics[case0]" time="0.011" /><testcase classname="tests.generated.analytics.test_analytics_020" name="test_analytics[case4]" time="0.006" /><testcase classname="tests.generated.catalog.test_catalog_041" name="test_catalog[case4]" time="0.005" /><testcase classname="tests.generated.analytics.test_analytics_145" name="test_analytics[case7]" time="0.004" /><testcase classname="tests.generated.analytics.test_analytics_082" name="test_analytics[case1]" time="0.017" /><testcase classname="tests.generated.catalog.test_catalog_074" name="test_catalog[case4]" time="0.011" /><testcase classname="tests.generated.analytics.test_analytics_020" name="test_analytics[case5]" time="0.004" /><testcase classname="tests.generated.analytics.test_analytics_113" name="test_analytics[case8]" time="0.004" /><testcase classname="tests.generated.analytics.test_analytics_145" name="test_analytics[case8]" time="0.008" /><testcase classname="tests.generated.catalog.test_catalog_010" name="test_catalog[case4]" time="0.006" /><testcase classname="tests.generated.analytics.test_analytics_113" name="test_analytics[case9]" time="0.004" /><testcase classname="tests.generated.analytics.test_analytics_020" name="test_analytics[case6]" time="0.004" /><testcase classname="tests.generated.analytics.test_analytics_114" name="test_analytics[case0]" time="0.004" /><testcase classname="tests.generated.catalog.test_catalog_041" name="test_catalog[case5]" time="0.004" /><testcase classname="tests.generated.analytics.test_analytics_020" name="test_analytics[case7]" time="0.189" /><testcase classname="tests.generated.catalog.test_catalog_010" name="test_catalog[case5]" time="0.005" /><testcase classname="tests.generated.catalog.test_catalog_041" name="test_catalog[case6]" time="0.005" /><testcase classname="tests.generated.analytics.test_analytics_082" name="test_analytics[case2]" time="0.011" /><testcase classname="tests.generated.catalog.test_catalog_010" name="test_catalog[case6]" time="0.004" /><testcase classname="tests.generated.analytics.test_analytics_052" name="test_analytics[case1]" time="0.012" /><testcase classname="tests.generated.analytics.test_analytics_114" name="test_analytics[case1]" time="0.004" /><testcase classname="tests.generated.analytics.test_analytics_145" name="test_analytics[case9]" time="0.007" /><testcase classname="tests.generated.catalog.test_catalog_074" name="test_catalog[case5]" time="0.017" /><testcase classname="tests.generated.catalog.test_catalog_041" name="test_catalog[case7]" time="0.004" /><testcase classname="tests.generated.analytics.test_analytics_114" name="test_analytics[case2]" time="0.007" /><testcase classname="tests.generated.catalog.test_catalog_010" name="test_catalog[case7]" time="0.189" /><testcase classname="tests.generated.analytics.test_analytics_052" name="test_analytics[case2]" time="0.006" /><testcase classname="tests.generated.analytics.test_analytics_082" name="test_analytics[case3]" time="0.005" /><testcase classname="tests.generated.catalog.test_catalog_041" name="test_catalog[case8]" time="0.014" /><testcase classname="tests.generated.analytics.test_analytics_146" name="test_analytics[case0]" time="0.005" /><testcase classname="tests.generated.analytics.test_analytics_114" name="test_analytics[case3]" time="0.200" /><testcase classname="tests.generated.catalog.test_catalog_074" name="test_catalog[case6]" time="0.017" /><testcase classname="tests.generated.analytics.test_analytics_052" name="test_analytics[case3]" time="0.006" /><testcase classname="tests.generated.analytics.test_analytics_082" name="test_analytics[case4]" time="0.006" /><testcase classname="tests.generated.catalog.test_catalog_041" name="test_catalog[case9]" time="0.179" /><testcase classname="tests.generated.analytics.test_analytics_052" name="test_analytics[case4]" time="0.010" /><testcase classname="tests.generated.analytics.test_analytics_146" name="test_analytics[case1]" time="0.024" /><testcase classname="tests.generated.analytics.test_analytics_082" name="test_analytics[case5]" time="0.005" /><testcase classname="tests.generated.catalog.test_catalog_074" name="test_catalog[case7]" time="0.023" /><testcase classname="tests.generated.analytics.test_analytics_052" name="test_analytics[case5]" time="0.005" /><testcase classname="tests.generated.analytics.test_analytics_082" name="test_analytics[case6]" time="0.014" /><testcase classname="tests.generated.analytics.test_analytics_052" name="test_analytics[case6]" time="0.006" /><testcase classname="tests.generated.analytics.test_analytics_052" name="test_analytics[case7]" time="0.006" /><testcase classname="tests.generated.analytics.test_analytics_146" name="test_analytics[case2]" time="0.008" /><testcase classname="tests.generated.catalog.test_catalog_074" name="test_catalog[case8]" time="0.007" /><testcase classname="tests.generated.analytics.test_analytics_082" name="test_analytics[case7]" time="0.011" /><testcase classname="tests.generated.analytics.test_analytics_052" name="test_analytics[case8]" time="0.005" /><testcase classname="tests.generated.catalog.test_catalog_074" name="test_catalog[case9]" time="0.012" /><testcase classname="tests.generated.analytics.test_analytics_052" name="test_analytics[case9]" time="0.005" /><testcase classname="tests.generated.analytics.test_analytics_146" name="test_analytics[case3]" time="0.014" /><testcase classname="tests.generated.analytics.test_analytics_053" name="test_analytics[case0]" time="0.005" /><testcase classname="tests.generated.analytics.test_analytics_082" name="test_analytics[case8]" time="0.020" /><testcase classname="tests.generated.catalog.test_catalog_075" name="test_catalog[case0]" time="0.015" /><testcase classname="tests.generated.analytics.test_analytics_053" name="test_analytics[case1]" time="0.016" /><testcase classname="tests.generated.analytics.test_analytics_082" name="test_analytics[case9]" time="0.004" /><testcase classname="tests.generated.analytics.test_analytics_146" name="test_analytics[case4]" time="0.011" /><testcase classname="tests.generated.catalog.test_catalog_075" name="test_catalog[case1]" time="0.007" /><testcase classname="tests.generated.analytics.test_analytics_083" name="test_analytics[case0]" time="0.198" /><testcase classname="tests.generated.catalog.test_catalog_075" name="test_catalog[case2]" time="0.007" /><testcase classname="tests.generated.catalog.test_catalog_075" name="test_catalog[case3]" time="0.010" /><testcase classname="tests.generated.analytics.test_analytics_053" name="test_analytics[case2]" time="0.008" /><testcase classname="tests.generated.analytics.test_analytics_146" name="test_analytics[case5]" time="0.011" /><testcase classname="tests.generated.analytics.test_analytics_020" name="test_analytics[case8]" time="0.011" /><testcase classname="tests.generated.analytics.test_analytics_053" name="test_analytics[case3]" time="0.008" /><testcase classname="tests.generated.analytics.test_analytics_146" name="test_analytics[case6]" time="0.009" /><testcase classname="tests.generated.catalog.test_catalog_010" name="test_catalog[case8]" time="0.004" /><testcase classname="tests.generated.catalog.test_catalog_075" name="test_catalog[case4]" time="0.009" /><testcase classname="tests.generated.analytics.test_analytics_020" name="test_analytics[case9]" time="0.004" /><testcase classname="tests.generated.catalog.test_catalog_010" name="test_catalog[case9]" time="0.004" /><testcase classname="tests.generated.catalog.test_catalog_075" name="test_catalog[case5]" time="0.008" /><testcase classname="tests.generated.analytics.test_analytics_053" name="test_analytics[case4]" time="0.008" /><testcase classname="tests.generated.analytics.test_analytics_146" name="test_analytics[case7]" time="0.006" /><testcase classname="tests.generated.analytics.test_analytics_021" name="test_analytics[case0]" time="0.004" /><testcase classname="tests.generated.catalog.test_catalog_011" name="test_catalog[case0]" time="0.007" /><testcase classname="tests.generated.analytics.test_analytics_021" name="test_analytics[case1]" time="0.005" /><testcase classname="tests.generated.catalog.test_catalog_042" name="test_catalog[case0]" time="0.010" /><testcase classname="tests.generated.analytics.test_analytics_114" name="test_analytics[case4]" time="0.007" /><testcase classname="tests.generated.analytics.test_analytics_146" name="test_analytics[case8]" time="0.020" /><testcase classname="tests.generated.analytics.test_analytics_053" name="test_analytics[case5]" time="0.008" /><testcase classname="tests.generated.catalog.test_catalog_011" name="test_catalog[case1]" time="0.004" /><testcase classname="tests.generated.analytics.test_analytics_021" name="test_analytics[case2]" time="0.015" /><testcase classname="tests.generated.analytics.test_analytics_114" name="test_analytics[case5]" time="0.004" /><testcase classname="tests.generated.catalog.test_catalog_075" name="test_catalog[case6]" time="0.035" /><testcase classname="tests.generated.catalog.test_catalog_042" name="test_catalog[case1]" time="0.011" /><testcase classname="tests.generated.catalog.test_catalog_011" name="test_catalog[case2]" time="0.005" /><testcase classname="tests.generated.analytics.test_analytics_053" name="test_analytics[case6]" time="0.004" /><testcase classname="tests.generated.catalog.test_catalog_011" name="test_catalog[case3]" time="0.005" /><testcase classname="tests.generated.analytics.test_analytics_053" name="test_analytics[case7]" time="0.004" /><testcase classname="tests.generated.analytics.test_analytics_114" name="test_analytics[case6]" time="0.008" /><testcase classname="tests.generated.analytics.test_analytics_053" name="test_analytics[case8]" time="0.004" /><testcase classname="tests.generated.catalog.test_catalog_011" name="test_catalog[case4]" time="0.009" /><testcase classname="tests.generated.analytics.test_analytics_114" name="test_analytics[case7]" time="0.004" /><testcase classname="tests.generated.analytics.test_analytics_053" name="test_analytics[case9]" time="0.004" /><testcase classname="tests.generated.catalog.test_catalog_042" name="test_catalog[case2]" time="0.011" /><testcase classname="tests.generated.analytics.test_analytics_114" name="test_analytics[case8]" time="0.005" /><testcase classname="tests.generated.catalog.test_catalog_011" name="test_catalog[case5]" time="0.005" /><testcase classname="tests.generated.catalog.test_catalog_075" name="test_catalog[case7]" time="0.017" /><testcase classname="tests.generated.analytics.test_analytics_114" name="test_analytics[case9]" time="0.010" /><testcase classname="tests.generated.analytics.test_analytics_021" name="test_analytics[case3]" time="0.029" /><testcase classname="tests.generated.analytics.test_analytics_146" name="test_analytics[case9]" time="0.023" /><testcase classname="tests.generated.catalog.test_catalog_011" name="test_catalog[case6]" time="0.004" /><testcase classname="tests.generated.catalog.test_catalog_011" name="test_catalog[case7]" time="0.005" /><testcase classname="tests.generated.analytics.test_analytics_115" name="test_analytics[case0]" time="0.006" /><testcase classname="tests.generated.catalog.test_catalog_075" name="test_catalog[case8]" time="0.004" /><testcase classname="tests.generated.analytics.test_analytics_054" name="test_analytics[case0]" time="0.008" /><testcase classname="tests.generated.catalog.test_catalog_011" name="test_catalog[case8]" time="0.021" /><testcase classname="tests.generated.catalog.test_catalog_075" name="test_catalog[case9]" time="0.004" /><testcase classname="tests.generated.catalog.test_catalog_042" name="test_catalog[case3]" time="0.011" /><testcase classname="tests.generated.analytics.test_analytics_054" name="test_analytics[case1]" time="0.005" /><testcase classname="tests.generated.analytics.test_analytics_115" name="test_analytics[case1]" time="0.006" /><testcase classname="tests.generated.catalog.test_catalog_076" name="test_catalog[case0]" time="0.006" /><testcase classname="tests.generated.analytics.test_analytics_054" name="test_analytics[case2]" time="0.005" /><testcase classname="tests.generated.analytics.test_analytics_147" name="test_analytics[case0]" time="0.015" /><testcase classname="tests.generated.catalog.test_catalog_011" name="test_catalog[case9]" time="0.004" /><testcase classname="tests.generated.catalog.test_catalog_076" name="test_catalog[case1]" time="0.004" /><testcase classname="tests.generated.analytics.test_analytics_054" name="test_analytics[case3]" time="0.004" /><testcase classname="tests.generated.catalog.test_catalog_076" name="test_catalog[case2]" time="0.004" /><testcase classname="tests.generated.analytics.test_analytics_115" name="test_analytics[case2]" time="0.008" /><testcase classname="tests.generated.catalog.test_catalog_042" name="test_catalog[case4]" time="0.010" /><testcase classname="tests.generated.catalog.test_catalog_012" name="test_catalog[case0]" time="0.004" /><testcase classname="tests.generated.catalog.test_catalog_076" name="test_catalog[case3]" time="0.005" /><testcase classname="tests.generated.analytics.test_analytics_021" name="test_analytics[case4]" time="0.008" /><testcase classname="tests.generated.analytics.test_analytics_147" name="test_analytics[case1]" time="0.006" /><testcase classname="tests.generated.catalog.test_catalog_012" name="test_catalog[case1]" time="0.004" /><testcase classname="tests.generated.analytics.test_analytics_115" name="test_analytics[case3]" time="0.005" /><testcase classname="tests.generated.analytics.test_analytics_054" name="test_analytics[case4]" time="0.016" /><testcase classname="tests.generated.analytics.test_analytics_021" name="test_analytics[case5]" time="0.015" /><testcase classname="tests.generated.analytics.test_analytics_147" name="test_analytics[case2]" time="0.004" /><testcase classname="tests.generated.catalog.test_catalog_012" name="test_catalog[case2]" time="0.004" /><testcase classname="tests.generated.catalog.test_catalog_042" name="test_catalog[case5]" time="0.004" /><testcase classname="tests.generated.analytics.test_analytics_083" name="test_analytics[case1]" time="0.006" /><testcase classname="tests.generated.catalog.test_catalog_076" name="test_catalog[case4]" time="0.008" /><testcase classname="tests.generated.analytics.test_analytics_115" name="test_analytics[case4]" time="0.004" /><testcase classname="tests.generated.analytics.test_analytics_083" name="test_analytics[case2]" time="0.005" /><testcase classname="tests.generated.catalog.test_catalog_012" name="test_catalog[case3]" time="0.004" /><testcase classname="tests.generated.catalog.test_catalog_042" name="test_catalog[case6]" time="0.006" /><testcase classname="tests.generated.analytics.test_analytics_115" name="test_analytics[case5]" time="0.011" /><testcase classname="tests.generated.analytics.test_analytics_147" name="test_analytics[case3]" time="0.017" /><testcase classname="tests.generated.analytics.test_analytics_021" name="test_analytics[case6]" time="0.005" /><testcase classname="tests.generated.analytics.test_analytics_054" name="test_analytics[case5]" time="0.006" /><testcase classname="tests.generated.catalog.test_catalog_042" name="test_catalog[case7]" time="0.009" /><testcase classname="tests.generated.analytics.test_analytics_021" name="test_analytics[case7]" time="0.004" /><testcase classname="tests.generated.catalog.test_catalog_012" name="test_catalog[case4]" time="0.004" /><testcase classname="tests.generated.analytics.test_analytics_115" name="test_analytics[case6]" time="0.004" /><testcase classname="tests.generated.analytics.test_analytics_054" name="test_analytics[case6]" time="0.004" /><testcase classname="tests.generated.catalog.test_catalog_076" name="test_catalog[case5]" time="0.017" /><testcase classname="tests.generated.analytics.test_analytics_083" name="test_analytics[case3]" time="0.019" /><testcase classname="tests.generated.analytics.test_analytics_021" name="test_analytics[case8]" time="0.005" /><testcase classname="tests.generated.analytics.test_analytics_115" name="test_analytics[case7]" time="0.005" /><testcase classname="tests.generated.catalog.test_catalog_042" name="test_catalog[case8]" time="0.004" /><testcase classname="tests.generated.analytics.test_analytics_054" name="test_analytics[case7]" time="0.004" /><testcase classname="tests.generated.analytics.test_analytics_147" name="test_analytics[case4]" time="0.009" /><testcase classname="tests.generated.analytics.test_analytics_021" name="test_analytics[case9]" time="0.005" /><testcase classname="tests.generated.analytics.test_analytics_054" name="test_analytics[case8]" time="0.005" /><testcase classname="tests.generated.catalog.test_catalog_012" name="test_catalog[case5]" time="0.005" /><testcase classname="tests.generated.analytics.test_analytics_115" name="test_analytics[case8]" time="0.010" /><testcase classname="tests.generated.analytics.test_analytics_083" name="test_analytics[case4]" time="0.007" /><testcase classname="tests.generated.catalog.test_catalog_042" name="test_catalog[case9]" time="0.005" /><testcase classname="tests.generated.catalog.test_catalog_043" name="test_catalog[case0]" time="0.010" /><testcase classname="tests.generated.catalog.test_catalog_012" name="test_catalog[case6]" time="0.004" /><testcase classname="tests.generated.analytics.test_analytics_147" name="test_analytics[case5]" time="0.005" /><testcase classname="tests.generated.analytics.test_analytics_022" name="test_analytics[case0]" time="0.004" /><testcase classname="tests.generated.catalog.test_catalog_076" name="test_catalog[case6]" time="0.006" /><testcase classname="tests.generated.catalog.test_catalog_012" name="test_catalog[case7]" time="0.005" /><testcase classname="tests.generated.analytics.test_analytics_054" name="test_analytics[case9]" time="0.008" /><testcase classname="tests.generated.analytics.test_analytics_083" name="test_analytics[case5]" time="0.008" /><testcase classname="tests.generated.analytics.test_analytics_022" name="test_analytics[case1]" time="0.012" /><testcase classname="tests.generated.catalog.test_catalog_076" name="test_catalog[case7]" time="0.004" /><testcase classname="tests.generated.catalog.test_catalog_043" name="test_catalog[case1]" time="0.004" /><testcase classname="tests.generated.catalog.test_catalog_012" name="test_catalog[case8]" time="0.005" /><testcase classname="tests.generated.analytics.test_analytics_115" name="test_analytics[case9]" time="0.014" /><testcase classname="tests.generated.analytics.test_analytics_147" name="test_analytics[case6]" time="0.004" /><testcase classname="tests.generated.catalog.test_catalog_043" name="test_catalog[case2]" time="0.011" /><testcase classname="tests.generated.catalog.test_catalog_076" name="test_catalog[case8]" time="0.005" /><testcase classname="tests.generated.analytics.test_analytics_147" name="test_analytics[case7]" time="0.004" /><testcase classname="tests.generated.analytics.test_analytics_022" name="test_analytics[case2]" time="0.005" /><testcase classname="tests.generated.analytics.test_analytics_083" name="test_analytics[case6]" time="0.014" /><testcase classname="tests.generated.catalog.test_catalog_012" name="test_catalog[case9]" time="0.005" /><testcase classname="tests.generated.catalog.test_catalog_076" name="test_catalog[case9]" time="0.004" /><testcase classname="tests.generated.analytics.test_analytics_055" name="test_analytics[case0]" time="0.005" /><testcase classname="tests.generated.analytics.test_analytics_022" name="test_analytics[case3]" time="0.004" /><testcase classname="tests.generated.analytics.test_analytics_116" name="test_analytics[case0]" time="0.025" /><testcase classname="tests.generated.catalog.test_catalog_077" name="test_catalog[case0]" time="0.005" /><testcase classname="tests.generated.analytics.test_analytics_147" name="test_analytics[case8]" time="0.004" /><testcase classname="tests.generated.catalog.test_catalog_013" name="test_catalog[case0]" time="0.027" /><testcase classname="tests.generated.analytics.test_analytics_055" name="test_analytics[case1]" time="0.028" /><testcase classname="tests.generated.analytics.test_analytics_022" name="test_analytics[case4]" time="0.006" /><testcase classname="tests.generated.analytics.test_analytics_083" name="test_analytics[case7]" time="0.017" /><testcase classname="tests.generated.catalog.test_catalog_043" name="test_catalog[case3]" time="0.009" /><testcase classname="tests.generated.analytics.test_analytics_147" name="test_analytics[case9]" time="0.005" /><testcase classname="tests.generated.catalog.test_catalog_077" name="test_catalog[case1]" time="0.005" /><testcase classname="tests.generated.analytics.test_analytics_148" name="test_analytics[case0]" time="0.005" /><testcase classname="tests.generated.analytics.test_analytics_022" name="test_analytics[case5]" time="0.007" /><testcase classname="tests.generated.catalog.test_catalog_077" name="test_catalog[case2]" time="0.004" /><testcase classname="tests.generated.catalog.test_catalog_043" name="test_catalog[case4]" time="0.011" /><testcase classname="tests.generated.analytics.test_analytics_148" name="test_analytics[case1]" time="0.004" /><testcase classname="tests.generated.analytics.test_analytics_055" name="test_analytics[case2]" time="0.009" /><testcase classname="tests.generated.catalog.test_catalog_077" name="test_catalog[case3]" time="0.008" /><testcase classname="tests.generated.analytics.test_analytics_022" name="test_analytics[case6]" time="0.005" /><testcase classname="tests.generated.catalog.test_catalog_013" name="test_catalog[case1]" time="0.008" /><testcase classname="tests.generated.analytics.test_analytics_148" name="test_analytics[case2]" time="0.004" /><testcase classname="tests.generated.analytics.test_analytics_116" name="test_analytics[case1]" time="0.005" /><testcase classname="tests.generated.analytics.test_analytics_022" name="test_analytics[case7]" time="0.005" /><testcase classname="tests.generated.catalog.test_catalog_077" name="test_catalog[case4]" time="0.004" /><testcase classname="tests.generated.analytics.test_analytics_148" name="test_analytics[case3]" time="0.004" /><testcase classname="tests.generated.catalog.test_catalog_043" name="test_catalog[case5]" time="0.009" /><testcase classname="tests.generated.analytics.test_analytics_148" name="test_analytics[case4]" time="0.004" /><testcase classname="tests.generated.analytics.test_analytics_083" name="test_analytics[case8]" time="0.014" /><testcase classname="tests.generated.analytics.test_analytics_022" name="test_analytics[case8]" time="0.004" /><testcase classname="tests.generated.analytics.test_analytics_055" name="test_analytics[case3]" time="0.008" /><testcase classname="tests.generated.catalog.test_catalog_077" name="test_catalog[case5]" time="0.008" /><testcase classname="tests.generated.catalog.test_catalog_013" name="test_catalog[case2]" time="0.004" /><testcase classname="tests.generated.analytics.test_analytics_022" name="test_analytics[case9]" time="0.004" /><testcase classname="tests.generated.analytics.test_analytics_148" name="test_analytics[case5]" time="0.004" /><testcase classname="tests.generated.analytics.test_analytics_116" name="test_analytics[case2]" time="0.009" /><testcase classname="tests.generated.catalog.test_catalog_013" name="test_catalog[case3]" time="0.011" /><testcase classname="tests.generated.analytics.test_analytics_023" name="test_analytics[case0]" time="0.004" /><testcase classname="tests.generated.analytics.test_analytics_055" name="test_analytics[case4]" time="0.008" /><testcase classname="tests.generated.catalog.test_catalog_043" name="test_catalog[case6]" time="0.006" /><testcase classname="tests.generated.analytics.test_analytics_083" name="test_analytics[case9]" time="0.005" /><testcase classname="tests.generated.catalog.test_catalog_077" name="test_catalog[case6]" time="0.004" /><testcase classname="tests.generated.analytics.test_analytics_023" name="test_analytics[case1]" time="0.005" /><testcase classname="tests.generated.analytics.test_analytics_116" name="test_analytics[case3]" time="0.011" /><testcase classname="tests.generated.catalog.test_catalog_077" name="test_catalog[case7]" time="0.007" /><testcase classname="tests.generated.analytics.test_analytics_148" name="test_analytics[case6]" time="0.014" /><testcase classname="tests.generated.analytics.test_analytics_055" name="test_analytics[case5]" time="0.009" /><testcase classname="tests.generated.catalog.test_catalog_013" name="test_catalog[case4]" time="0.005" /><testcase classname="tests.generated.catalog.test_catalog_043" name="test_catalog[case7]" time="0.004" /><testcase classname="tests.generated.analytics.test_analytics_084" name="test_analytics[case0]" time="0.004" /><testcase classname="tests.generated.catalog.test_catalog_077" name="test_catalog[case8]" time="0.004" /><testcase classname="tests.generated.analytics.test_analytics_084" name="test_analytics[case1]" time="0.004" /><testcase classname="tests.generated.analytics.test_analytics_023" name="test_analytics[case2]" time="0.005" /><testcase classname="tests.generated.analytics.test_analytics_116" name="test_analytics[case4]" time="0.005" /><testcase classname="tests.generated.catalog.test_catalog_077" name="test_catalog[case9]" time="0.004" /><testcase classname="tests.generated.analytics.test_analytics_023" name="test_analytics[case3]" time="0.008" /><testcase classname="tests.generated.catalog.test_catalog_043" name="test_catalog[case8]" time="0.009" /><testcase classname="tests.generated.analytics.test_analytics_148" name="test_analytics[case7]" time="0.006" /><testcase classname="tests.generated.catalog.test_catalog_013" name="test_catalog[case5]" time="0.007" /><testcase classname="tests.generated.analytics.test_analytics_116" name="test_analytics[case5]" time="0.004" /><testcase classname="tests.generated.analytics.test_analytics_084" name="test_analytics[case2]" time="0.004" /><testcase classname="tests.generated.analytics.test_analytics_055" name="test_analytics[case6]" time="0.011" /><testcase classname="tests.generated.analytics.test_analytics_023" name="test_analytics[case4]" time="0.005" /><testcase classname="tests.generated.catalog.test_catalog_043" name="test_catalog[case9]" time="0.004" /><testcase classname="tests.generated.catalog.test_catalog_013" name="test_catalog[case6]" time="0.005" /><testcase classname="tests.generated.analytics.test_analytics_084" name="test_analytics[case3]" time="0.009" /><testcase classname="tests.generated.analytics.test_analytics_116" name="test_analytics[case6]" time="0.004" /><testcase classname="tests.generated.catalog.test_catalog_078" name="test_catalog[case0]" time="0.015" /><testcase classname="tests.generated.analytics.test_analytics_023" name="test_analytics[case5]" time="0.004" /><testcase classname="tests.generated.analytics.test_analytics_148" name="test_analytics[case8]" time="0.008" /><testcase classname="tests.generated.catalog.test_catalog_044" name="test_catalog[case0]" time="0.009" /><testcase classname="tests.generated.analytics.test_analytics_116" name="test_analytics[case7]" time="0.007" /><testcase classname="tests.generated.catalog.test_catalog_013" name="test_catalog[case7]" time="0.004" /><testcase classname="tests.generated.analytics.test_analytics_023" name="test_analytics[case6]" time="0.005" /><testcase classname="tests.generated.analytics.test_analytics_148" name="test_analytics[case9]" time="0.005" /><testcase classname="tests.generated.analytics.test_analytics_084" name="test_analytics[case4]" time="0.006" /><testcase classname="tests.generated.catalog.test_catalog_013" name="test_catalog[case8]" time="0.004" /><testcase classname="tests.generated.analytics.test_analytics_023" name="test_analytics[case7]" time="0.004" /><testcase classname="tests.generated.analytics.test_analytics_055" name="test_analytics[case7]" time="0.013" /><testcase classname="tests.generated.catalog.test_catalog_078" name="test_catalog[case1]" time="0.004" /><testcase classname="tests.generated.catalog.test_catalog_044" name="test_catalog[case1]" time="0.008" /><testcase classname="tests.generated.catalog.test_catalog_078" name="test_catalog[case2]" time="0.004" /><testcase classname="tests.generated.analytics.test_analytics_084" name="test_analytics[case5]" time="0.007" /><testcase classname="tests.generated.analytics.test_analytics_149" name="test_analytics[case0]" time="0.004" /><testcase classname="tests.generated.analytics.test_analytics_055" name="test_analytics[case8]" time="0.004" /><testcase classname="tests.generated.analytics.test_analytics_023" name="test_analytics[case8]" time="0.006" /><testcase classname="tests.generated.analytics.test_analytics_116" name="test_analytics[case8]" time="0.013" /><testcase classname="tests.generated.catalog.test_catalog_044" name="test_catalog[case2]" time="0.009" /><testcase classname="tests.generated.catalog.test_catalog_013" name="test_catalog[case9]" time="0.012" /><testcase classname="tests.generated.analytics.test_analytics_149" name="test_analytics[case1]" time="0.007" /><testcase classname="tests.generated.catalog.test_catalog_078" name="test_catalog[case3]" time="0.006" /><testcase classname="tests.generated.analytics.test_analytics_055" name="test_analytics[case9]" time="0.004" /><testcase classname="tests.generated.analytics.test_analytics_023" name="test_analytics[case9]" time="0.004" /><testcase classname="tests.generated.analytics.test_analytics_149" name="test_analytics[case2]" time="0.004" /><testcase classname="tests.generated.catalog.test_catalog_078" name="test_catalog[case4]" time="0.010" /><testcase classname="tests.generated.analytics.test_analytics_149" name="test_analytics[case3]" time="0.004" /><testcase classname="tests.generated.catalog.test_catalog_044" name="test_catalog[case3]" time="0.005" /><testcase classname="tests.generated.catalog.test_catalog_044" name="test_catalog[case4]" time="0.008" /><testcase classname="tests.generated.analytics.test_analytics_024" name="test_analytics[case0]" time="0.004" /><testcase classname="tests.generated.analytics.test_analytics_084" name="test_analytics[case6]" time="0.011" /><testcase classname="tests.generated.catalog.test_catalog_014" name="test_catalog[case0]" time="0.011" /><testcase classname="tests.generated.analytics.test_analytics_056" name="test_analytics[case0]" time="0.004" /><testcase classname="tests.generated.analytics.test_analytics_056" name="test_analytics[case1]" time="0.004" /><testcase classname="tests.generated.analytics.test_analytics_024" name="test_analytics[case1]" time="0.005" /><testcase classname="tests.generated.analytics.test_analytics_084" name="test_analytics[case7]" time="0.016" /><testcase classname="tests.generated.analytics.test_analytics_149" name="test_analytics[case4]" time="0.004" /><testcase classname="tests.generated.analytics.test_analytics_116" name="test_analytics[case9]" time="0.010" /><testcase classname="tests.generated.analytics.test_analytics_056" name="test_analytics[case2]" time="0.004" /><testcase classname="tests.generated.analytics.test_analytics_024" name="test_analytics[case2]" time="0.004" /><testcase classname="tests.generated.catalog.test_catalog_078" name="test_catalog[case5]" time="0.004" /><testcase classname="tests.generated.catalog.test_catalog_014" name="test_catalog[case1]" time="0.004" /><testcase classname="tests.generated.catalog.test_catalog_078" name="test_catalog[case6]" time="0.004" /><testcase classname="tests.generated.analytics.test_analytics_149" name="test_analytics[case5]" time="0.006" /><testcase classname="tests.generated.analytics.test_analytics_024" name="test_analytics[case3]" time="0.004" /><testcase classname="tests.generated.analytics.test_analytics_056" name="test_analytics[case3]" time="0.008" /><testcase classname="tests.generated.catalog.test_catalog_044" name="test_catalog[case5]" time="0.005" /><testcase classname="tests.generated.analytics.test_analytics_149" name="test_analytics[case6]" time="0.005" /><testcase classname="tests.generated.catalog.test_catalog_078" name="test_catalog[case7]" time="0.008" /><testcase classname="tests.generated.catalog.test_catalog_014" name="test_catalog[case2]" time="0.010" /><testcase classname="tests.generated.analytics.test_analytics_084" name="test_analytics[case8]" time="0.006" /><testcase classname="tests.generated.analytics.test_analytics_024" name="test_analytics[case4]" time="0.015" /><testcase classname="tests.generated.analytics.test_analytics_117" name="test_analytics[case0]" time="0.019" /><testcase classname="tests.generated.catalog.test_catalog_044" name="test_catalog[case6]" time="0.004" /><testcase classname="tests.generated.analytics.test_analytics_056" name="test_analytics[case4]" time="0.006" /><testcase classname="tests.generated.catalog.test_catalog_078" name="test_catalog[case8]" time="0.008" /><testcase classname="tests.generated.catalog.test_catalog_044" name="test_catalog[case7]" time="0.004" /><testcase classname="tests.generated.analytics.test_analytics_149" name="test_analytics[case7]" time="0.004" /><testcase classname="tests.generated.catalog.test_catalog_014" name="test_catalog[case3]" time="0.005" /><testcase classname="tests.generated.analytics.test_analytics_056" name="test_analytics[case5]" time="0.011" /><testcase classname="tests.generated.analytics.test_analytics_149" name="test_analytics[case8]" time="0.004" /><testcase classname="tests.generated.analytics.test_analytics_084" name="test_analytics[case9]" time="0.009" /><testcase classname="tests.generated.catalog.test_catalog_044" name="test_catalog[case8]" time="0.005" /><testcase classname="tests.generated.catalog.test_catalog_014" name="test_catalog[case4]" time="0.005" /><testcase classname="tests.generated.analytics.test_analytics_024" name="test_analytics[case5]" time="0.004" /><testcase classname="tests.generated.catalog.test_catalog_044" name="test_catalog[case9]" time="0.003" /><testcase classname="tests.generated.catalog.test_catalog_078" name="test_catalog[case9]" time="0.004" /><testcase classname="tests.generated.analytics.test_analytics_085" name="test_analytics[case0]" time="0.015" /><testcase classname="tests.generated.analytics.test_analytics_149" name="test_analytics[case9]" time="0.016" /><testcase classname="tests.generated.analytics.test_analytics_117" name="test_analytics[case1]" time="0.006" /><testcase classname="tests.generated.catalog.test_catalog_014" name="test_catalog[case5]" time="0.005" /><testcase classname="tests.generated.analytics.test_analytics_024" name="test_analytics[case6]" time="0.013" /><testcase classname="tests.generated.analytics.test_analytics_056" name="test_analytics[case6]" time="0.007" /><testcase classname="tests.generated.analytics.test_analytics_117" name="test_analytics[case2]" time="0.004" /><testcase classname="tests.generated.catalog.test_catalog_014" name="test_catalog[case6]" time="0.007" /><testcase classname="tests.generated.catalog.test_catalog_045" name="test_catalog[case0]" time="0.012" /><testcase classname="tests.generated.catalog.test_catalog_079" name="test_catalog[case0]" time="0.012" /><testcase classname="tests.generated.analytics.test_analytics_056" name="test_analytics[case7]" time="0.006" /><testcase classname="tests.generated.analytics.test_analytics_150" name="test_analytics[case0]" time="0.005" /><testcase classname="tests.generated.analytics.test_analytics_117" name="test_analytics[case3]" time="0.009" /><testcase classname="tests.generated.analytics.test_analytics_085" name="test_analytics[case1]" time="0.014" /><testcase classname="tests.generated.analytics.test_analytics_024" name="test_analytics[case7]" time="0.010" /><testcase classname="tests.generated.catalog.test_catalog_079" name="test_catalog[case1]" time="0.005" /><testcase classname="tests.generated.catalog.test_catalog_014" name="test_catalog[case7]" time="0.004" /><testcase classname="tests.generated.catalog.test_catalog_045" name="test_catalog[case1]" time="0.009" /><testcase classname="tests.generated.catalog.test_catalog_014" name="test_catalog[case8]" time="0.022" /><testcase classname="tests.generated.analytics.test_analytics_150" name="test_analytics[case1]" time="0.004" /><testcase classname="tests.generated.analytics.test_analytics_056" name="test_analytics[case8]" time="0.011" /><testcase classname="tests.generated.catalog.test_catalog_079" name="test_catalog[case2]" time="0.004" /><testcase classname="tests.generated.analytics.test_analytics_150" name="test_analytics[case2]" time="0.004" /><testcase classname="tests.generated.analytics.test_analytics_024" name="test_analytics[case8]" time="0.007" /><testcase classname="tests.generated.analytics.test_analytics_117" name="test_analytics[case4]" time="0.006" /><testcase classname="tests.generated.analytics.test_analytics_085" name="test_analytics[case2]" time="0.005" /><testcase classname="tests.generated.catalog.test_catalog_045" name="test_catalog[case2]" time="0.006" /><testcase classname="tests.generated.analytics.test_analytics_150" name="test_analytics[case3]" time="0.004" /><testcase classname="tests.generated.analytics.test_analytics_117" name="test_analytics[case5]" time="0.004" /><testcase classname="tests.generated.analytics.test_analytics_085" name="test_analytics[case3]" time="0.005" /><testcase classname="tests.generated.analytics.test_analytics_024" name="test_analytics[case9]" time="0.004" /><testcase classname="tests.generated.catalog.test_catalog_079" name="test_catalog[case3]" time="0.004" /><testcase classname="tests.generated.catalog.test_catalog_079" name="test_catalog[case4]" time="0.004" /><testcase classname="tests.generated.analytics.test_analytics_056" name="test_analytics[case9]" time="0.007" /><testcase classname="tests.generated.analytics.test_analytics_085" name="test_analytics[case4]" time="0.004" /><testcase classname="tests.generated.catalog.test_catalog_045" name="test_catalog[case3]" time="0.010" /><testcase classname="tests.generated.analytics.test_analytics_025" name="test_analytics[case0]" time="0.008" /><testcase classname="tests.generated.analytics.test_analytics_150" name="test_analytics[case4]" time="0.010" /><testcase classname="tests.generated.catalog.test_catalog_079" name="test_catalog[case5]" time="0.005" /><testcase classname="tests.generated.analytics.test_analytics_057" name="test_analytics[case0]" time="0.009" /><testcase classname="tests.generated.catalog.test_catalog_014" name="test_catalog[case9]" time="0.007" /><testcase classname="tests.generated.analytics.test_analytics_085" name="test_analytics[case5]" time="0.005" /><testcase classname="tests.generated.analytics.test_analytics_117" name="test_analytics[case6]" time="0.009" /><testcase classname="tests.generated.catalog.test_catalog_079" name="test_catalog[case6]" time="0.011" /><testcase classname="tests.generated.analytics.test_analytics_057" name="test_analytics[case1]" time="0.005" /><testcase classname="tests.generated.analytics.test_analytics_150" name="test_analytics[case5]" time="0.004" /><testcase classname="tests.generated.analytics.test_analytics_085" name="test_analytics[case6]" time="0.004" /><testcase classname="tests.generated.analytics.test_analytics_117" name="test_analytics[case7]" time="0.004" /><testcase classname="tests.generated.analytics.test_analytics_025" name="test_analytics[case1]" time="0.011" /><testcase classname="tests.generated.catalog.test_catalog_045" name="test_catalog[case4]" time="0.008" /><testcase classname="tests.generated.analytics.test_analytics_150" name="test_analytics[case6]" time="0.004" /><testcase classname="tests.generated.analytics.test_analytics_117" name="test_analytics[case8]" time="0.004" /><testcase classname="tests.generated.analytics.test_analytics_057" name="test_analytics[case2]" time="0.005" /><testcase classname="tests.generated.analytics.test_analytics_085" name="test_analytics[case7]" time="0.005" /><testcase classname="tests.generated.analytics.test_analytics_117" name="test_analytics[case9]" time="0.005" /><testcase classname="tests.generated.analytics.test_analytics_150" name="test_analytics[case7]" time="0.004" /><testcase classname="tests.generated.analytics.test_analytics_085" name="test_analytics[case8]" time="0.004" /><testcase classname="tests.generated.catalog.test_catalog_015" name="test_catalog[case0]" time="0.007" /><testcase classname="tests.generated.catalog.test_catalog_045" name="test_catalog[case5]" time="0.007" /><testcase classname="tests.generated.analytics.test_analytics_085" name="test_analytics[case9]" time="0.004" /><testcase classname="tests.generated.analytics.test_analytics_150" name="test_analytics[case8]" time="0.008" /><testcase classname="tests.generated.analytics.test_analytics_025" name="test_analytics[case2]" time="0.012" /><testcase classname="tests.generated.catalog.test_catalog_079" name="test_catalog[case7]" time="0.008" /><testcase classname="tests.generated.analytics.test_analytics_118" name="test_analytics[case0]" time="0.005" /><testcase classname="tests.generated.catalog.test_catalog_045" name="test_catalog[case6]" time="0.004" /><testcase classname="tests.generated.analytics.test_analytics_086" name="test_analytics[case0]" time="0.005" /><testcase classname="tests.generated.analytics.test_analytics_057" name="test_analytics[case3]" time="0.009" /><testcase classname="tests.generated.analytics.test_analytics_150" name="test_analytics[case9]" time="0.010" /><testcase classname="tests.generated.analytics.test_analytics_118" name="test_analytics[case1]" time="0.004" /><testcase classname="tests.generated.catalog.test_catalog_015" name="test_catalog[case1]" time="0.005" /><testcase classname="tests.generated.analytics.test_analytics_057" name="test_analytics[case4]" time="0.004" /><testcase classname="tests.generated.catalog.test_catalog_079" name="test_catalog[case8]" time="0.010" /><testcase classname="tests.generated.catalog.test_catalog_015" name="test_catalog[case2]" time="0.007" /><testcase classname="tests.generated.catalog.test_catalog_045" name="test_catalog[case7]" time="0.009" /><testcase classname="tests.generated.analytics.test_analytics_118" name="test_analytics[case2]" time="0.009" /><testcase classname="tests.generated.analytics.test_analytics_086" name="test_analytics[case1]" time="0.007" /><testcase classname="tests.generated.analytics.test_analytics_025" name="test_analytics[case3]" time="0.008" /><testcase classname="tests.generated.analytics.test_analytics_057" name="test_analytics[case5]" time="0.004" /><testcase classname="tests.generated.analytics.test_analytics_151" name="test_analytics[case0]" time="0.009" /><testcase classname="tests.generated.catalog.test_catalog_079" name="test_catalog[case9]" time="0.013" /><testcase classname="tests.generated.analytics.test_analytics_086" name="test_analytics[case2]" time="0.004" /><testcase classname="tests.generated.analytics.test_analytics_118" name="test_analytics[case3]" time="0.008" /><testcase classname="tests.generated.catalog.test_catalog_045" name="test_catalog[case8]" time="0.008" /><testcase classname="tests.generated.analytics.test_analytics_025" name="test_analytics[case4]" time="0.005" /><testcase classname="tests.generated.catalog.test_catalog_015" name="test_catalog[case3]" time="0.011" /><testcase classname="tests.generated.analytics.test_analytics_057" name="test_analytics[case6]" time="0.005" /><testcase classname="tests.generated.analytics.test_analytics_086" name="test_analytics[case3]" time="0.005" /><testcase classname="tests.generated.analytics.test_analytics_118" name="test_analytics[case4]" time="0.004" /><testcase classname="tests.generated.analytics.test_analytics_025" name="test_analytics[case5]" time="0.007" /><testcase classname="tests.generated.analytics.test_analytics_151" name="test_analytics[case1]" time="0.006" /><testcase classname="tests.generated.catalog.test_catalog_080" name="test_catalog[case0]" time="0.005" /><testcase classname="tests.generated.analytics.test_analytics_057" name="test_analytics[case7]" time="0.006" /><testcase classname="tests.generated.catalog.test_catalog_045" name="test_catalog[case9]" time="0.010" /><testcase classname="tests.generated.analytics.test_analytics_118" name="test_analytics[case5]" time="0.007" /><testcase classname="tests.generated.analytics.test_analytics_086" name="test_analytics[case4]" time="0.004" /><testcase classname="tests.generated.analytics.test_analytics_025" name="test_analytics[case6]" time="0.006" /><testcase classname="tests.generated.catalog.test_catalog_015" name="test_catalog[case4]" time="0.009" /><testcase classname="tests.generated.catalog.test_catalog_080" name="test_catalog[case1]" time="0.006" /><testcase classname="tests.generated.analytics.test_analytics_057" name="test_analytics[case8]" time="0.005" /><testcase classname="tests.generated.analytics.test_analytics_086" name="test_analytics[case5]" time="0.008" /><testcase classname="tests.generated.analytics.test_analytics_151" name="test_analytics[case2]" time="0.012" /><testcase classname="tests.generated.analytics.test_analytics_025" name="test_analytics[case7]" time="0.010" /><testcase classname="tests.generated.analytics.test_analytics_118" name="test_analytics[case6]" time="0.004" /><testcase classname="tests.generated.analytics.test_analytics_086" name="test_analytics[case6]" time="0.006" /><testcase classname="tests.generated.analytics.test_analytics_057" name="test_analytics[case9]" time="0.004" /><testcase classname="tests.generated.analytics.test_analytics_118" name="test_analytics[case7]" time="0.005" /><testcase classname="tests.generated.catalog.test_catalog_046" name="test_catalog[case0]" time="0.011" /><testcase classname="tests.generated.catalog.test_catalog_015" name="test_catalog[case5]" time="0.007" /><testcase classname="tests.generated.analytics.test_analytics_058" name="test_analytics[case0]" time="0.005" /><testcase classname="tests.generated.catalog.test_catalog_080" name="test_catalog[case2]" time="0.015" /><testcase classname="tests.generated.analytics.test_analytics_086" name="test_analytics[case7]" time="0.004" /><testcase classname="tests.generated.analytics.test_analytics_025" name="test_analytics[case8]" time="0.012" /><testcase classname="tests.generated.analytics.test_analytics_118" name="test_analytics[case8]" time="0.012" /><testcase classname="tests.generated.analytics.test_analytics_058" name="test_analytics[case1]" time="0.005" /><testcase classname="tests.generated.catalog.test_catalog_015" name="test_catalog[case6]" time="0.057" /><testcase classname="tests.generated.analytics.test_analytics_151" name="test_analytics[case3]" time="0.058" /><testcase classname="tests.generated.analytics.test_analytics_086" name="test_analytics[case8]" time="0.054" /><testcase classname="tests.generated.catalog.test_catalog_046" name="test_catalog[case1]" time="0.051" /><testcase classname="tests.generated.analytics.test_analytics_058" name="test_analytics[case2]" time="0.056" /><testcase classname="tests.generated.analytics.test_analytics_025" name="test_analytics[case9]" time="0.004" /><testcase classname="tests.generated.analytics.test_analytics_118" name="test_analytics[case9]" time="0.013" /><testcase classname="tests.generated.catalog.test_catalog_080" name="test_catalog[case3]" time="0.008" /><testcase classname="tests.generated.catalog.test_catalog_046" name="test_catalog[case2]" time="0.004" /><testcase classname="tests.generated.analytics.test_analytics_058" name="test_analytics[case3]" time="0.012" /><testcase classname="tests.generated.analytics.test_analytics_026" name="test_analytics[case0]" time="0.005" /><testcase classname="tests.generated.analytics.test_analytics_086" name="test_analytics[case9]" time="0.004" /><testcase classname="tests.generated.analytics.test_analytics_087" name="test_analytics[case0]" time="0.005" /><testcase classname="tests.generated.catalog.test_catalog_046" name="test_catalog[case3]" time="0.009" /><testcase classname="tests.generated.catalog.test_catalog_015" name="test_catalog[case7]" time="0.004" /><testcase classname="tests.generated.analytics.test_analytics_151" name="test_analytics[case4]" time="0.010" /><testcase classname="tests.generated.analytics.test_analytics_026" name="test_analytics[case1]" time="0.008" /><testcase classname="tests.generated.catalog.test_catalog_015" name="test_catalog[case8]" time="0.016" /><testcase classname="tests.generated.catalog.test_catalog_080" name="test_catalog[case4]" time="0.021" /><testcase classname="tests.generated.analytics.test_analytics_026" name="test_analytics[case2]" time="0.004" /><testcase classname="tests.generated.analytics.test_analytics_119" name="test_analytics[case0]" time="0.019" /><testcase classname="tests.generated.analytics.test_analytics_151" name="test_analytics[case5]" time="0.004" /><testcase classname="tests.generated.analytics.test_analytics_087" name="test_analytics[case1]" time="0.005" /><testcase classname="tests.generated.analytics.test_analytics_087" name="test_analytics[case2]" time="0.013" /><testcase classname="tests.generated.analytics.test_analytics_151" name="test_analytics[case6]" time="0.004" /><testcase classname="tests.generated.analytics.test_analytics_058" name="test_analytics[case4]" time="0.009" /><testcase classname="tests.generated.catalog.test_catalog_015" name="test_catalog[case9]" time="0.004" /><testcase classname="tests.generated.analytics.test_analytics_026" name="test_analytics[case3]" time="0.017" /><testcase classname="tests.generated.catalog.test_catalog_046" name="test_catalog[case4]" time="0.004" /><testcase classname="tests.generated.analytics.test_analytics_151" name="test_analytics[case7]" time="0.010" /><testcase classname="tests.generated.analytics.test_analytics_058" name="test_analytics[case5]" time="0.007" /><testcase classname="tests.generated.catalog.test_catalog_046" name="test_catalog[case5]" time="0.004" /><testcase classname="tests.generated.analytics.test_analytics_087" name="test_analytics[case3]" time="0.008" /><testcase classname="tests.generated.catalog.test_catalog_016" name="test_catalog[case0]" time="0.009" /><testcase classname="tests.generated.analytics.test_analytics_119" name="test_analytics[case1]" time="0.006" /><testcase classname="tests.generated.catalog.test_catalog_080" name="test_catalog[case5]" time="0.027" /><testcase classname="tests.generated.catalog.test_catalog_046" name="test_catalog[case6]" time="0.005" /><testcase classname="tests.generated.analytics.test_analytics_026" name="test_analytics[case4]" time="0.015" /><testcase classname="tests.generated.analytics.test_analytics_151" name="test_analytics[case8]" time="0.007" /><testcase classname="tests.generated.analytics.test_analytics_058" name="test_analytics[case6]" time="0.005" /><testcase classname="tests.generated.analytics.test_analytics_087" name="test_analytics[case4]" time="0.005" /><testcase classname="tests.generated.catalog.test_catalog_016" name="test_catalog[case1]" time="0.006" /><testcase classname="tests.generated.catalog.test_catalog_046" name="test_catalog[case7]" time="0.004" /><testcase classname="tests.generated.analytics.test_analytics_058" name="test_analytics[case7]" time="0.004" /><testcase classname="tests.generated.analytics.test_analytics_151" name="test_analytics[case9]" time="0.004" /><testcase classname="tests.generated.analytics.test_analytics_087" name="test_analytics[case5]" time="0.008" /><testcase classname="tests.generated.analytics.test_analytics_119" name="test_analytics[case2]" time="0.021" /><testcase classname="tests.generated.catalog.test_catalog_046" name="test_catalog[case8]" time="0.004" /><testcase classname="tests.generated.catalog.test_catalog_016" name="test_catalog[case2]" time="0.004" /><testcase classname="tests.generated.analytics.test_analytics_058" name="test_analytics[case8]" time="0.008" /><testcase classname="tests.generated.catalog.test_catalog_016" name="test_catalog[case3]" time="0.004" /><testcase classname="tests.generated.catalog.test_catalog_046" name="test_catalog[case9]" time="0.004" /><testcase classname="tests.generated.analytics.test_analytics_026" name="test_analytics[case5]" time="0.007" /><testcase classname="tests.generated.analytics.test_analytics_152" name="test_analytics[case0]" time="0.004" /><testcase classname="tests.generated.analytics.test_analytics_087" name="test_analytics[case6]" time="0.011" /><testcase classname="tests.generated.catalog.test_catalog_080" name="test_catalog[case6]" time="0.009" /><testcase classname="tests.generated.catalog.test_catalog_016" name="test_catalog[case4]" time="0.004" /><testcase classname="tests.generated.analytics.test_analytics_058" name="test_analytics[case9]" time="0.006" /><testcase classname="tests.generated.catalog.test_catalog_047" name="test_catalog[case0]" time="0.005" /><testcase classname="tests.generated.analytics.test_analytics_087" name="test_analytics[case7]" time="0.004" /><testcase classname="tests.generated.catalog.test_catalog_080" name="test_catalog[case7]" time="0.005" /><testcase classname="tests.generated.analytics.test_analytics_119" name="test_analytics[case3]" time="0.008" /><testcase classname="tests.generated.catalog.test_catalog_016" name="test_catalog[case5]" time="0.007" /><testcase classname="tests.generated.analytics.test_analytics_026" name="test_analytics[case6]" time="0.005" /><testcase classname="tests.generated.analytics.test_analytics_026" name="test_analytics[case7]" time="0.005" /><testcase classname="tests.generated.analytics.test_analytics_152" name="test_analytics[case1]" time="0.007" /><testcase classname="tests.generated.catalog.test_catalog_047" name="test_catalog[case1]" time="0.013" /><testcase classname="tests.generated.analytics.test_analytics_087" name="test_analytics[case8]" time="0.004" /><testcase classname="tests.generated.catalog.test_catalog_016" name="test_catalog[case6]" time="0.005" /><testcase classname="tests.generated.analytics.test_analytics_087" name="test_analytics[case9]" time="0.004" /><testcase classname="tests.generated.analytics.test_analytics_119" name="test_analytics[case4]" time="0.004" /><testcase classname="tests.generated.analytics.test_analytics_026" name="test_analytics[case8]" time="0.007" /><testcase classname="tests.generated.analytics.test_analytics_152" name="test_analytics[case2]" time="0.019" /><testcase classname="tests.generated.analytics.test_analytics_059" name="test_analytics[case0]" time="0.014" /><testcase classname="tests.generated.catalog.test_catalog_080" name="test_catalog[case8]" time="0.019" /><testcase classname="tests.generated.analytics.test_analytics_088" name="test_analytics[case0]" time="0.013" /><testcase classname="tests.generated.analytics.test_analytics_026" name="test_analytics[case9]" time="0.006" /><testcase classname="tests.generated.catalog.test_catalog_016" name="test_catalog[case7]" time="0.008" /><testcase classname="tests.generated.analytics.test_analytics_119" name="test_analytics[case5]" time="0.005" /><testcase classname="tests.generated.catalog.test_catalog_047" name="test_catalog[case2]" time="0.009" /><testcase classname="tests.generated.catalog.test_catalog_016" name="test_catalog[case8]" time="0.005" /><testcase classname="tests.generated.analytics.test_analytics_059" name="test_analytics[case1]" time="0.016" /><testcase classname="tests.generated.analytics.test_analytics_119" name="test_analytics[case6]" time="0.004" /><testcase classname="tests.generated.catalog.test_catalog_016" name="test_catalog[case9]" time="0.012" /><testcase classname="tests.generated.catalog.test_catalog_080" name="test_catalog[case9]" time="0.004" /><testcase classname="tests.generated.catalog.test_catalog_047" name="test_catalog[case3]" time="0.009" /><testcase classname="tests.generated.analytics.test_analytics_152" name="test_analytics[case3]" time="0.008" /><testcase classname="tests.generated.analytics.test_analytics_027" name="test_analytics[case0]" time="0.007" /><testcase classname="tests.generated.analytics.test_analytics_119" name="test_analytics[case7]" time="0.004" /><testcase classname="tests.generated.catalog.test_catalog_081" name="test_catalog[case0]" time="0.007" /><testcase classname="tests.generated.analytics.test_analytics_119" name="test_analytics[case8]" time="0.012" /><testcase classname="tests.generated.analytics.test_analytics_088" name="test_analytics[case1]" time="0.008" /><testcase classname="tests.generated.catalog.test_catalog_047" name="test_catalog[case4]" time="0.005" /><testcase classname="tests.generated.analytics.test_analytics_152" name="test_analytics[case4]" time="0.010" /><testcase classname="tests.generated.catalog.test_catalog_081" name="test_catalog[case1]" time="0.004" /><testcase classname="tests.generated.analytics.test_analytics_088" name="test_analytics[case2]" time="0.006" /><testcase classname="tests.generated.analytics.test_analytics_027" name="test_analytics[case1]" time="0.014" /><testcase classname="tests.generated.analytics.test_analytics_059" name="test_analytics[case2]" time="0.004" /><testcase classname="tests.generated.catalog.test_catalog_017" name="test_catalog[case0]" time="0.008" /><testcase classname="tests.generated.analytics.test_analytics_059" name="test_analytics[case3]" time="0.011" /><testcase classname="tests.generated.catalog.test_catalog_081" name="test_catalog[case2]" time="0.005" /><testcase classname="tests.generated.catalog.test_catalog_047" name="test_catalog[case5]" time="0.005" /><testcase classname="tests.generated.analytics.test_analytics_088" name="test_analytics[case3]" time="0.004" /><testcase classname="tests.generated.analytics.test_analytics_027" name="test_analytics[case2]" time="0.007" /><testcase classname="tests.generated.analytics.test_analytics_119" name="test_analytics[case9]" time="0.014" /><testcase classname="tests.generated.analytics.test_analytics_152" name="test_analytics[case5]" time="0.007" /><testcase classname="tests.generated.catalog.test_catalog_047" name="test_catalog[case6]" time="0.006" /><testcase classname="tests.generated.catalog.test_catalog_017" name="test_catalog[case1]" time="0.005" /><testcase classname="tests.generated.catalog.test_catalog_081" name="test_catalog[case3]" time="0.004" /><testcase classname="tests.generated.catalog.test_catalog_017" name="test_catalog[case2]" time="0.005" /><testcase classname="tests.generated.analytics.test_analytics_152" name="test_analytics[case6]" time="0.004" /><testcase classname="tests.generated.catalog.test_catalog_081" name="test_catalog[case4]" time="0.005" /><testcase classname="tests.generated.analytics.test_analytics_088" name="test_analytics[case4]" time="0.006" /><testcase classname="tests.generated.analytics.test_analytics_059" name="test_analytics[case4]" time="0.008" /><testcase classname="tests.generated.analytics.test_analytics_027" name="test_analytics[case3]" time="0.006" /><testcase classname="tests.generated.catalog.test_catalog_047" name="test_catalog[case7]" time="0.004" /><testcase classname="tests.generated.catalog.test_catalog_017" name="test_catalog[case3]" time="0.007" /><testcase classname="tests.generated.catalog.test_catalog_047" name="test_catalog[case8]" time="0.004" /><testcase classname="tests.generated.analytics.test_analytics_120" name="test_analytics[case0]" time="0.016" /><testcase classname="tests.generated.catalog.test_catalog_081" name="test_catalog[case5]" time="0.004" /><testcase classname="tests.generated.analytics.test_analytics_027" name="test_analytics[case4]" time="0.004" /><testcase classname="tests.generated.catalog.test_catalog_047" name="test_catalog[case9]" time="0.007" /><testcase classname="tests.generated.analytics.test_analytics_059" name="test_analytics[case5]" time="0.006" /><testcase classname="tests.generated.catalog.test_catalog_017" name="test_catalog[case4]" time="0.007" /><testcase classname="tests.generated.analytics.test_analytics_088" name="test_analytics[case5]" time="0.004" /><testcase classname="tests.generated.analytics.test_analytics_088" name="test_analytics[case6]" time="0.004" /><testcase classname="tests.generated.analytics.test_analytics_088" name="test_analytics[case7]" time="0.006" /><testcase classname="tests.generated.analytics.test_analytics_152" name="test_analytics[case7]" time="0.009" /><testcase classname="tests.generated.analytics.test_analytics_152" name="test_analytics[case8]" time="0.005" /><testcase classname="tests.generated.catalog.test_catalog_081" name="test_catalog[case6]" time="0.005" /><testcase classname="tests.generated.analytics.test_analytics_027" name="test_analytics[case5]" time="0.008" /><testcase classname="tests.generated.catalog.test_catalog_081" name="test_catalog[case7]" time="0.004" /><testcase classname="tests.generated.catalog.test_catalog_081" name="test_catalog[case8]" time="0.005" /><testcase classname="tests.generated.catalog.test_catalog_048" name="test_catalog[case0]" time="0.015" /><testcase classname="tests.generated.analytics.test_analytics_120" name="test_analytics[case1]" time="0.004" /><testcase classname="tests.generated.analytics.test_analytics_059" name="test_analytics[case6]" time="0.013" /><testcase classname="tests.generated.analytics.test_analytics_027" name="test_analytics[case6]" time="0.005" /><testcase classname="tests.generated.analytics.test_analytics_152" name="test_analytics[case9]" time="0.004" /><testcase classname="tests.generated.catalog.test_catalog_017" name="test_catalog[case5]" time="0.004" /><testcase classname="tests.generated.catalog.test_catalog_017" name="test_catalog[case6]" time="0.006" /><testcase classname="tests.generated.catalog.test_catalog_081" name="test_catalog[case9]" time="0.004" /><testcase classname="tests.generated.analytics.test_analytics_120" name="test_analytics[case2]" time="0.006" /><testcase classname="tests.generated.catalog.test_catalog_082" name="test_catalog[case0]" time="0.004" /><testcase classname="tests.generated.analytics.test_analytics_088" name="test_analytics[case8]" time="0.015" /><testcase classname="tests.generated.analytics.test_analytics_059" name="test_analytics[case7]" time="0.011" /><testcase classname="tests.generated.analytics.test_analytics_153" name="test_analytics[case0]" time="0.004" /><testcase classname="tests.generated.analytics.test_analytics_027" name="test_analytics[case7]" time="0.006" /><testcase classname="tests.generated.catalog.test_catalog_048" name="test_catalog[case1]" time="0.011" /><testcase classname="tests.generated.analytics.test_analytics_120" name="test_analytics[case3]" time="0.005" /><testcase classname="tests.generated.catalog.test_catalog_017" name="test_catalog[case7]" time="0.008" /><testcase classname="tests.generated.analytics.test_analytics_153" name="test_analytics[case1]" time="0.009" /><testcase classname="tests.generated.catalog.test_catalog_082" name="test_catalog[case1]" time="0.004" /><testcase classname="tests.generated.analytics.test_analytics_088" name="test_analytics[case9]" time="0.004" /><testcase classname="tests.generated.analytics.test_analytics_027" name="test_analytics[case8]" time="0.009" /><testcase classname="tests.generated.catalog.test_catalog_082" name="test_catalog[case2]" time="0.005" /><testcase classname="tests.generated.catalog.test_catalog_048" name="test_catalog[case2]" time="0.010" /><testcase classname="tests.generated.analytics.test_analytics_120" name="test_analytics[case4]" time="0.010" /><testcase classname="tests.generated.catalog.test_catalog_082" name="test_catalog[case3]" time="0.005" /><testcase classname="tests.generated.analytics.test_analytics_059" name="test_analytics[case8]" time="0.005" /><testcase classname="tests.generated.analytics.test_analytics_027" name="test_analytics[case9]" time="0.004" /><testcase classname="tests.generated.analytics.test_analytics_153" name="test_analytics[case2]" time="0.005" /><testcase classname="tests.generated.analytics.test_analytics_089" name="test_analytics[case0]" time="0.018" /><testcase classname="tests.generated.analytics.test_analytics_059" name="test_analytics[case9]" time="0.004" /><testcase classname="tests.generated.analytics.test_analytics_153" name="test_analytics[case3]" time="0.004" /><testcase classname="tests.generated.catalog.test_catalog_017" name="test_catalog[case8]" time="0.007" /><testcase classname="tests.generated.catalog.test_catalog_082" name="test_catalog[case4]" time="0.006" /><testcase classname="tests.generated.analytics.test_analytics_120" name="test_analytics[case5]" time="0.005" /><testcase classname="tests.generated.analytics.test_analytics_028" name="test_analytics[case0]" time="0.010" /><testcase classname="tests.generated.catalog.test_catalog_048" name="test_catalog[case3]" time="0.007" /><testcase classname="tests.generated.analytics.test_analytics_060" name="test_analytics[case0]" time="0.009" /><testcase classname="tests.generated.catalog.test_catalog_017" name="test_catalog[case9]" time="0.009" /><testcase classname="tests.generated.analytics.test_analytics_120" name="test_analytics[case6]" time="0.004" /><testcase classname="tests.generated.analytics.test_analytics_153" name="test_analytics[case4]" time="0.005" /><testcase classname="tests.generated.catalog.test_catalog_082" name="test_catalog[case5]" time="0.009" /><testcase classname="tests.generated.analytics.test_analytics_028" name="test_analytics[case1]" time="0.008" /><testcase classname="tests.generated.catalog.test_catalog_048" name="test_catalog[case4]" time="0.015" /><testcase classname="tests.generated.analytics.test_analytics_089" name="test_analytics[case1]" time="0.008" /><testcase classname="tests.generated.analytics.test_analytics_120" name="test_analytics[case7]" time="0.009" /><testcase classname="tests.generated.analytics.test_analytics_060" name="test_analytics[case1]" time="0.004" /><testcase classname="tests.generated.catalog.test_catalog_018" name="test_catalog[case0]" time="0.004" /><testcase classname="tests.generated.analytics.test_analytics_153" name="test_analytics[case5]" time="0.009" /><testcase classname="tests.generated.analytics.test_analytics_060" name="test_analytics[case2]" time="0.005" /><testcase classname="tests.generated.analytics.test_analytics_089" name="test_analytics[case2]" time="0.009" /><testcase classname="tests.generated.analytics.test_analytics_028" name="test_analytics[case2]" time="0.004" /><testcase classname="tests.generated.catalog.test_catalog_082" name="test_catalog[case6]" time="0.009" /><testcase classname="tests.generated.analytics.test_analytics_153" name="test_analytics[case6]" time="0.004" /><testcase classname="tests.generated.analytics.test_analytics_120" name="test_analytics[case8]" time="0.006" /><testcase classname="tests.generated.analytics.test_analytics_028" name="test_analytics[case3]" time="0.005" /><testcase classname="tests.generated.catalog.test_catalog_048" name="test_catalog[case5]" time="0.005" /><testcase classname="tests.generated.catalog.test_catalog_018" name="test_catalog[case1]" time="0.004" /><testcase classname="tests.generated.catalog.test_catalog_018" name="test_catalog[case2]" time="0.004" /><testcase classname="tests.generated.analytics.test_analytics_089" name="test_analytics[case3]" time="0.017" /><testcase classname="tests.generated.analytics.test_analytics_028" name="test_analytics[case4]" time="0.010" /><testcase classname="tests.generated.catalog.test_catalog_048" name="test_catalog[case6]" time="0.006" /><testcase classname="tests.generated.analytics.test_analytics_120" name="test_analytics[case9]" time="0.007" /><testcase classname="tests.generated.analytics.test_analytics_060" name="test_analytics[case3]" time="0.005" /><testcase classname="tests.generated.analytics.test_analytics_153" name="test_analytics[case7]" time="0.010" /><testcase classname="tests.generated.catalog.test_catalog_018" name="test_catalog[case3]" time="0.004" /><testcase classname="tests.generated.catalog.test_catalog_048" name="test_catalog[case7]" time="0.004" /><testcase classname="tests.generated.catalog.test_catalog_018" name="test_catalog[case4]" time="0.004" /><testcase classname="tests.generated.catalog.test_catalog_082" name="test_catalog[case7]" time="0.012" /><testcase classname="tests.generated.analytics.test_analytics_060" name="test_analytics[case4]" time="0.012" /><testcase classname="tests.generated.catalog.test_catalog_018" name="test_catalog[case5]" time="0.004" /><testcase classname="tests.generated.analytics.test_analytics_153" name="test_analytics[case8]" time="0.005" /><testcase classname="tests.generated.analytics.test_analytics_089" name="test_analytics[case4]" time="0.005" /><testcase classname="tests.generated.analytics.test_analytics_153" name="test_analytics[case9]" time="0.004" /><testcase classname="tests.generated.catalog.test_catalog_018" name="test_catalog[case6]" time="0.004" /><testcase classname="tests.generated.catalog.test_catalog_048" name="test_catalog[case8]" time="0.009" /><testcase classname="tests.generated.analytics.test_analytics_121" name="test_analytics[case0]" time="0.006" /><testcase classname="tests.generated.catalog.test_catalog_082" name="test_catalog[case8]" time="0.004" /><testcase classname="tests.generated.analytics.test_analytics_089" name="test_analytics[case5]" time="0.014" /><testcase classname="tests.generated.catalog.test_catalog_018" name="test_catalog[case7]" time="0.004" /><testcase classname="tests.generated.analytics.test_analytics_028" name="test_analytics[case5]" time="0.009" /><testcase classname="tests.generated.analytics.test_analytics_060" name="test_analytics[case5]" time="0.013" /><testcase classname="tests.generated.catalog.test_catalog_082" name="test_catalog[case9]" time="0.005" /><testcase classname="tests.generated.catalog.test_catalog_048" name="test_catalog[case9]" time="0.004" /><testcase classname="tests.generated.catalog.test_catalog_018" name="test_catalog[case8]" time="0.004" /><testcase classname="tests.generated.catalog.test_catalog_083" name="test_catalog[case0]" time="0.005" /><testcase classname="tests.generated.analytics.test_analytics_121" name="test_analytics[case1]" time="0.007" /><testcase classname="tests.generated.catalog.test_catalog_049" name="test_catalog[case0]" time="0.004" /><testcase classname="tests.generated.analytics.test_analytics_028" name="test_analytics[case6]" time="0.010" /><testcase classname="tests.generated.catalog.test_catalog_083" name="test_catalog[case1]" time="0.004" /><testcase classname="tests.generated.analytics.test_analytics_089" name="test_analytics[case6]" time="0.004" /><testcase classname="tests.generated.catalog.test_catalog_018" name="test_catalog[case9]" time="0.005" /><testcase classname="tests.generated.analytics.test_analytics_060" name="test_analytics[case6]" time="0.004" /><testcase classname="tests.generated.catalog.test_catalog_049" name="test_catalog[case1]" time="0.005" /><testcase classname="tests.generated.analytics.test_analytics_121" name="test_analytics[case2]" time="0.005" /><testcase classname="tests.generated.analytics.test_analytics_154" name="test_analytics[case0]" time="0.013" /><testcase classname="tests.generated.analytics.test_analytics_089" name="test_analytics[case7]" time="0.004" /><testcase classname="tests.generated.catalog.test_catalog_083" name="test_catalog[case2]" time="0.004" /><testcase classname="tests.generated.catalog.test_catalog_049" name="test_catalog[case2]" time="0.007" /><testcase classname="tests.generated.analytics.test_analytics_028" name="test_analytics[case7]" time="0.004" /><testcase classname="tests.generated.analytics.test_analytics_121" name="test_analytics[case3]" time="0.006" /><testcase classname="tests.generated.catalog.test_catalog_083" name="test_catalog[case3]" time="0.004" /><testcase classname="tests.generated.analytics.test_analytics_089" name="test_analytics[case8]" time="0.006" /><testcase classname="tests.generated.catalog.test_catalog_019" name="test_catalog[case0]" time="0.008" /><testcase classname="tests.generated.analytics.test_analytics_028" name="test_analytics[case8]" time="0.005" /><testcase classname="tests.generated.catalog.test_catalog_019" name="test_catalog[case1]" time="0.004" /><testcase classname="tests.generated.analytics.test_analytics_060" name="test_analytics[case7]" time="0.016" /><testcase classname="tests.generated.catalog.test_catalog_049" name="test_catalog[case3]" time="0.007" /><testcase classname="tests.generated.catalog.test_catalog_083" name="test_catalog[case4]" time="0.010" /><testcase classname="tests.generated.analytics.test_analytics_121" name="test_analytics[case4]" time="0.005" /><testcase classname="tests.generated.analytics.test_analytics_028" name="test_analytics[case9]" time="0.012" /><testcase classname="tests.generated.analytics.test_analytics_089" name="test_analytics[case9]" time="0.006" /><testcase classname="tests.generated.analytics.test_analytics_121" name="test_analytics[case5]" time="0.005" /><testcase classname="tests.generated.catalog.test_catalog_019" name="test_catalog[case2]" time="0.005" /><testcase classname="tests.generated.analytics.test_analytics_154" name="test_analytics[case1]" time="0.015" /><testcase classname="tests.generated.catalog.test_catalog_019" name="test_catalog[case3]" time="0.004" /><testcase classname="tests.generated.catalog.test_catalog_083" name="test_catalog[case5]" time="0.004" /><testcase classname="tests.generated.analytics.test_analytics_121" name="test_analytics[case6]" time="0.004" /><testcase classname="tests.generated.catalog.test_catalog_049" name="test_catalog[case4]" time="0.007" /><testcase classname="tests.generated.analytics.test_analytics_154" name="test_analytics[case2]" time="0.004" /><testcase classname="tests.generated.analytics.test_analytics_090" name="test_analytics[case0]" time="0.004" /><testcase classname="tests.generated.catalog.test_catalog_019" name="test_catalog[case4]" time="0.004" /><testcase classname="tests.generated.analytics.test_analytics_121" name="test_analytics[case7]" time="0.004" /><testcase classname="tests.generated.analytics.test_analytics_154" name="test_analytics[case3]" time="0.013" /><testcase classname="tests.generated.analytics.test_analytics_060" name="test_analytics[case8]" time="0.014" /><testcase classname="tests.generated.catalog.test_catalog_083" name="test_catalog[case6]" time="0.007" /><testcase classname="tests.generated.catalog.test_catalog_019" name="test_catalog[case5]" time="0.004" /><testcase classname="tests.generated.analytics.test_analytics_029" name="test_analytics[case0]" time="0.006" /><testcase classname="tests.generated.catalog.test_catalog_049" name="test_catalog[case5]" time="0.009" /><testcase classname="tests.generated.analytics.test_analytics_090" name="test_analytics[case1]" time="0.008" /><testcase classname="tests.generated.catalog.test_catalog_019" name="test_catalog[case6]" time="0.004" /><testcase classname="tests.generated.analytics.test_analytics_154" name="test_analytics[case4]" time="0.005" /><testcase classname="tests.generated.catalog.test_catalog_049" name="test_catalog[case6]" time="0.006" /><testcase classname="tests.generated.catalog.test_catalog_083" name="test_catalog[case7]" time="0.009" /><testcase classname="tests.generated.analytics.test_analytics_121" name="test_analytics[case8]" time="0.007" /><testcase classname="tests.generated.analytics.test_analytics_029" name="test_analytics[case1]" time="0.007" /><testcase classname="tests.generated.analytics.test_analytics_060" name="test_analytics[case9]" time="0.008" /><testcase classname="tests.generated.analytics.test_analytics_121" name="test_analytics[case9]" time="0.007" /><testcase classname="tests.generated.analytics.test_analytics_090" name="test_analytics[case2]" time="0.004" /><testcase classname="tests.generated.analytics.test_analytics_154" name="test_analytics[case5]" time="0.004" /><testcase classname="tests.generated.catalog.test_catalog_019" name="test_catalog[case7]" time="0.016" /><testcase classname="tests.generated.analytics.test_analytics_122" name="test_analytics[case0]" time="0.004" /><testcase classname="tests.generated.analytics.test_analytics_154" name="test_analytics[case6]" time="0.004" /><testcase classname="tests.generated.catalog.test_catalog_083" name="test_catalog[case8]" time="0.009" /><testcase classname="tests.generated.analytics.test_analytics_090" name="test_analytics[case3]" time="0.004" /><testcase classname="tests.generated.catalog.test_catalog_049" name="test_catalog[case7]" time="0.006" /><testcase classname="tests.generated.analytics.test_analytics_061" name="test_analytics[case0]" time="0.015" /><testcase classname="tests.generated.analytics.test_analytics_122" name="test_analytics[case1]" time="0.004" /><testcase classname="tests.generated.analytics.test_analytics_154" name="test_analytics[case7]" time="0.004" /><testcase classname="tests.generated.analytics.test_analytics_090" name="test_analytics[case4]" time="0.004" /><testcase classname="tests.generated.analytics.test_analytics_029" name="test_analytics[case2]" time="0.011" /><testcase classname="tests.generated.catalog.test_catalog_083" name="test_catalog[case9]" time="0.012" /><testcase classname="tests.generated.analytics.test_analytics_090" name="test_analytics[case5]" time="0.004" /><testcase classname="tests.generated.analytics.test_analytics_122" name="test_analytics[case2]" time="0.004" /><testcase classname="tests.generated.analytics.test_analytics_029" name="test_analytics[case3]" time="0.004" /><testcase classname="tests.generated.catalog.test_catalog_049" name="test_catalog[case8]" time="0.010" /><testcase classname="tests.generated.analytics.test_analytics_061" name="test_analytics[case1]" time="0.010" /><testcase classname="tests.generated.analytics.test_analytics_122" name="test_analytics[case3]" time="0.004" /><testcase classname="tests.generated.analytics.test_analytics_154" name="test_analytics[case8]" time="0.008" /><testcase classname="tests.generated.analytics.test_analytics_029" name="test_analytics[case4]" time="0.004" /><testcase classname="tests.generated.analytics.test_analytics_090" name="test_analytics[case6]" time="0.004" /><testcase classname="tests.generated.catalog.test_catalog_019" name="test_catalog[case8]" time="0.013" /><testcase classname="tests.generated.catalog.test_catalog_049" name="test_catalog[case9]" time="0.004" /><testcase classname="tests.generated.analytics.test_analytics_122" name="test_analytics[case4]" time="0.004" /><testcase classname="tests.generated.analytics.test_analytics_090" name="test_analytics[case7]" time="0.004" /><testcase classname="tests.generated.analytics.test_analytics_154" name="test_analytics[case9]" time="0.004" /><testcase classname="tests.generated.catalog.test_catalog_084" name="test_catalog[case0]" time="0.012" /><testcase classname="tests.generated.analytics.test_analytics_122" name="test_analytics[case5]" time="0.004" /><testcase classname="tests.generated.analytics.test_analytics_090" name="test_analytics[case8]" time="0.005" /><testcase classname="tests.generated.analytics.test_analytics_061" name="test_analytics[case2]" time="0.008" /><testcase classname="tests.generated.catalog.test_catalog_050" name="test_catalog[case0]" time="0.008" /><testcase classname="tests.generated.analytics.test_analytics_155" name="test_analytics[case0]" time="0.004" /><testcase classname="tests.generated.catalog.test_catalog_019" name="test_catalog[case9]" time="0.004" /><testcase classname="tests.generated.analytics.test_analytics_029" name="test_analytics[case5]" time="0.009" /><testcase classname="tests.generated.analytics.test_analytics_155" name="test_analytics[case1]" time="0.008" /><testcase classname="tests.generated.catalog.test_catalog_050" name="test_catalog[case1]" time="0.004" /><testcase classname="tests.generated.analytics.test_analytics_122" name="test_analytics[case6]" time="0.007" /><testcase classname="tests.generated.analytics.test_analytics_061" name="test_analytics[case3]" time="0.003" /><testcase classname="tests.generated.catalog.test_catalog_020" name="test_catalog[case0]" time="0.005" /><testcase classname="tests.generated.analytics.test_analytics_090" name="test_analytics[case9]" time="0.004" /><testcase classname="tests.generated.analytics.test_analytics_029" name="test_analytics[case6]" time="0.009" /><testcase classname="tests.generated.catalog.test_catalog_050" name="test_catalog[case2]" time="0.005" /><testcase classname="tests.generated.analytics.test_analytics_155" name="test_analytics[case2]" time="0.006" /><testcase classname="tests.generated.analytics.test_analytics_061" name="test_analytics[case4]" time="0.006" /><testcase classname="tests.generated.catalog.test_catalog_020" name="test_catalog[case1]" time="0.012" /><testcase classname="tests.generated.analytics.test_analytics_029" name="test_analytics[case7]" time="0.006" /><testcase classname="tests.generated.catalog.test_catalog_084" name="test_catalog[case1]" time="0.011" /><testcase classname="tests.generated.catalog.test_catalog_050" name="test_catalog[case3]" time="0.004" /><testcase classname="tests.generated.analytics.test_analytics_155" name="test_analytics[case3]" time="0.004" /><testcase classname="tests.generated.analytics.test_analytics_061" name="test_analytics[case5]" time="0.004" /><testcase classname="tests.generated.analytics.test_analytics_091" name="test_analytics[case0]" time="0.008" /><testcase classname="tests.generated.catalog.test_catalog_084" name="test_catalog[case2]" time="0.012" /><testcase classname="tests.generated.analytics.test_analytics_122" name="test_analytics[case7]" time="0.004" /><testcase classname="tests.generated.catalog.test_catalog_050" name="test_catalog[case4]" time="0.010" /><testcase classname="tests.generated.analytics.test_analytics_155" name="test_analytics[case4]" time="0.010" /><testcase classname="tests.generated.analytics.test_analytics_061" name="test_analytics[case6]" time="0.008" /><testcase classname="tests.generated.analytics.test_analytics_091" name="test_analytics[case1]" time="0.008" /><testcase classname="tests.generated.analytics.test_analytics_029" name="test_analytics[case8]" time="0.005" /><testcase classname="tests.generated.catalog.test_catalog_020" name="test_catalog[case2]" time="0.010" /><testcase classname="tests.generated.catalog.test_catalog_050" name="test_catalog[case5]" time="0.005" /><testcase classname="tests.generated.analytics.test_analytics_155" name="test_analytics[case5]" time="0.012" /><testcase classname="tests.generated.analytics.test_analytics_061" name="test_analytics[case7]" time="0.006" /><testcase classname="tests.generated.catalog.test_catalog_084" name="test_catalog[case3]" time="0.007" /><testcase classname="tests.generated.analytics.test_analytics_122" name="test_analytics[case8]" time="0.005" /><testcase classname="tests.generated.analytics.test_analytics_091" name="test_analytics[case2]" time="0.005" /><testcase classname="tests.generated.analytics.test_analytics_029" name="test_analytics[case9]" time="0.005" /><testcase classname="tests.generated.analytics.test_analytics_122" name="test_analytics[case9]" time="0.004" /><testcase classname="tests.generated.catalog.test_catalog_050" name="test_catalog[case6]" time="0.004" /><testcase classname="tests.generated.catalog.test_catalog_020" name="test_catalog[case3]" time="0.008" /><testcase classname="tests.generated.analytics.test_analytics_091" name="test_analytics[case3]" time="0.004" /><testcase classname="tests.generated.catalog.test_catalog_084" name="test_catalog[case4]" time="0.004" /><testcase classname="tests.generated.catalog.test_catalog_050" name="test_catalog[case7]" time="0.005" /><testcase classname="tests.generated.analytics.test_analytics_061" name="test_analytics[case8]" time="0.012" /><testcase classname="tests.generated.catalog.test_catalog_084" name="test_catalog[case5]" time="0.016" /><testcase classname="tests.generated.catalog.test_catalog_050" name="test_catalog[case8]" time="0.004" /><testcase classname="tests.generated.analytics.test_analytics_030" name="test_analytics[case0]" time="0.009" /><testcase classname="tests.generated.analytics.test_analytics_123" name="test_analytics[case0]" time="0.015" /><testcase classname="tests.generated.analytics.test_analytics_091" name="test_analytics[case4]" time="0.004" /><testcase classname="tests.generated.analytics.test_analytics_091" name="test_analytics[case5]" time="0.009" /><testcase classname="tests.generated.analytics.test_analytics_155" name="test_analytics[case6]" time="0.004" /><testcase classname="tests.generated.catalog.test_catalog_050" name="test_catalog[case9]" time="0.005" /><testcase classname="tests.generated.analytics.test_analytics_061" name="test_analytics[case9]" time="0.005" /><testcase classname="tests.generated.analytics.test_analytics_030" name="test_analytics[case1]" time="0.004" /><testcase classname="tests.generated.catalog.test_catalog_020" name="test_catalog[case4]" time="0.005" /><testcase classname="tests.generated.catalog.test_catalog_020" name="test_catalog[case5]" time="0.004" /><testcase classname="tests.generated.analytics.test_analytics_062" name="test_analytics[case0]" time="0.006" /><testcase classname="tests.generated.analytics.test_analytics_155" name="test_analytics[case7]" time="0.005" /><testcase classname="tests.generated.analytics.test_analytics_030" name="test_analytics[case2]" time="0.005" /><testcase classname="tests.generated.catalog.test_catalog_020" name="test_catalog[case6]" time="0.004" /><testcase classname="tests.generated.catalog.test_catalog_084" name="test_catalog[case6]" time="0.004" /><testcase classname="tests.generated.analytics.test_analytics_123" name="test_analytics[case1]" time="0.009" /><testcase classname="tests.generated.catalog.test_catalog_051" name="test_catalog[case0]" time="0.010" /><testcase classname="tests.generated.analytics.test_analytics_155" name="test_analytics[case8]" time="0.004" /><testcase classname="tests.generated.analytics.test_analytics_062" name="test_analytics[case1]" time="0.004" /><testcase classname="tests.generated.analytics.test_analytics_030" name="test_analytics[case3]" time="0.007" /><testcase classname="tests.generated.catalog.test_catalog_084" name="test_catalog[case7]" time="0.004" /><testcase classname="tests.generated.catalog.test_catalog_084" name="test_catalog[case8]" time="0.004" /><testcase classname="tests.generated.analytics.test_analytics_155" name="test_analytics[case9]" time="0.007" /><testcase classname="tests.generated.analytics.test_analytics_091" name="test_analytics[case6]" time="0.009" /><testcase classname="tests.generated.analytics.test_analytics_123" name="test_analytics[case2]" time="0.004" /><testcase classname="tests.generated.analytics.test_analytics_062" name="test_analytics[case2]" time="0.010" /><testcase classname="tests.generated.analytics.test_analytics_030" name="test_analytics[case4]" time="0.009" /><testcase classname="tests.generated.catalog.test_catalog_020" name="test_catalog[case7]" time="0.006" /><testcase classname="tests.generated.analytics.test_analytics_156" name="test_analytics[case0]" time="0.004" /><testcase classname="tests.generated.catalog.test_catalog_084" name="test_catalog[case9]" time="0.004" /><testcase classname="tests.generated.catalog.test_catalog_051" name="test_catalog[case1]" time="0.005" /><testcase classname="tests.generated.catalog.test_catalog_020" name="test_catalog[case8]" time="0.006" /><testcase classname="tests.generated.analytics.test_analytics_091" name="test_analytics[case7]" time="0.012" /><testcase classname="tests.generated.analytics.test_analytics_030" name="test_analytics[case5]" time="0.004" /><testcase classname="tests.generated.analytics.test_analytics_156" name="test_analytics[case1]" time="0.004" /><testcase classname="tests.generated.analytics.test_analytics_123" name="test_analytics[case3]" time="0.009" /><testcase classname="tests.generated.catalog.test_catalog_020" name="test_catalog[case9]" time="0.004" /><testcase classname="tests.generated.analytics.test_analytics_062" name="test_analytics[case3]" time="0.011" /><testcase classname="tests.generated.analytics.test_analytics_156" name="test_analytics[case2]" time="0.004" /><testcase classname="tests.generated.analytics.test_analytics_030" name="test_analytics[case6]" time="0.004" /><testcase classname="tests.generated.catalog.test_catalog_051" name="test_catalog[case2]" time="0.013" /><testcase classname="tests.generated.catalog.test_catalog_021" name="test_catalog[case0]" time="0.014" /><testcase classname="tests.generated.catalog.test_catalog_085" name="test_catalog[case0]" time="0.006" /><testcase classname="tests.generated.analytics.test_analytics_156" name="test_analytics[case3]" time="0.005" /><testcase classname="tests.generated.analytics.test_analytics_030" name="test_analytics[case7]" time="0.004" /><testcase classname="tests.generated.analytics.test_analytics_091" name="test_analytics[case8]" time="0.007" /><testcase classname="tests.generated.analytics.test_analytics_062" name="test_analytics[case4]" time="0.005" /><testcase classname="tests.generated.analytics.test_analytics_156" name="test_analytics[case4]" time="0.005" /><testcase classname="tests.generated.analytics.test_analytics_123" name="test_analytics[case4]" time="0.007" /><testcase classname="tests.generated.catalog.test_catalog_085" name="test_catalog[case1]" time="0.004" /><testcase classname="tests.generated.catalog.test_catalog_051" name="test_catalog[case3]" time="0.004" /><testcase classname="tests.generated.analytics.test_analytics_062" name="test_analytics[case5]" time="0.006" /><testcase classname="tests.generated.analytics.test_analytics_030" name="test_analytics[case8]" time="0.009" /><testcase classname="tests.generated.catalog.test_catalog_051" name="test_catalog[case4]" time="0.004" /><testcase classname="tests.generated.analytics.test_analytics_091" name="test_analytics[case9]" time="0.008" /><testcase classname="tests.generated.catalog.test_catalog_085" name="test_catalog[case2]" time="0.004" /><testcase classname="tests.generated.analytics.test_analytics_156" name="test_analytics[case5]" time="0.005" /><testcase classname="tests.generated.analytics.test_analytics_062" name="test_analytics[case6]" time="0.005" /><testcase classname="tests.generated.catalog.test_catalog_085" name="test_catalog[case3]" time="0.010" /><testcase classname="tests.generated.analytics.test_analytics_092" name="test_analytics[case0]" time="0.007" /><testcase classname="tests.generated.analytics.test_analytics_156" name="test_analytics[case6]" time="0.004" /><testcase classname="tests.generated.analytics.test_analytics_062" name="test_analytics[case7]" time="0.004" /><testcase classname="tests.generated.catalog.test_catalog_051" name="test_catalog[case5]" time="0.007" /><testcase classname="tests.generated.analytics.test_analytics_030" name="test_analytics[case9]" time="0.004" /><testcase classname="tests.generated.catalog.test_catalog_021" name="test_catalog[case1]" time="0.014" /><testcase classname="tests.generated.analytics.test_analytics_156" name="test_analytics[case7]" time="0.005" /><testcase classname="tests.generated.analytics.test_analytics_123" name="test_analytics[case5]" time="0.009" /><testcase classname="tests.generated.analytics.test_analytics_062" name="test_analytics[case8]" time="0.005" /><testcase classname="tests.generated.analytics.test_analytics_031" name="test_analytics[case0]" time="0.008" /><testcase classname="tests.generated.catalog.test_catalog_085" name="test_catalog[case4]" time="0.008" /><testcase classname="tests.generated.analytics.test_analytics_092" name="test_analytics[case1]" time="0.007" /><testcase classname="tests.generated.catalog.test_catalog_051" name="test_catalog[case6]" time="0.010" /><testcase classname="tests.generated.analytics.test_analytics_062" name="test_analytics[case9]" time="0.008" /><testcase classname="tests.generated.catalog.test_catalog_021" name="test_catalog[case2]" time="0.007" /><testcase classname="tests.generated.analytics.test_analytics_156" name="test_analytics[case8]" time="0.005" /><testcase classname="tests.generated.analytics.test_analytics_123" name="test_analytics[case6]" time="0.004" /><testcase classname="tests.generated.catalog.test_catalog_051" name="test_catalog[case7]" time="0.006" /><testcase classname="tests.generated.analytics.test_analytics_123" name="test_analytics[case7]" time="0.006" /><testcase classname="tests.generated.catalog.test_catalog_021" name="test_catalog[case3]" time="0.006" /><testcase classname="tests.generated.analytics.test_analytics_156" name="test_analytics[case9]" time="0.004" /><testcase classname="tests.generated.analytics.test_analytics_092" name="test_analytics[case2]" time="0.005" /><testcase classname="tests.generated.analytics.test_analytics_031" name="test_analytics[case1]" time="0.009" /><testcase classname="tests.generated.catalog.test_catalog_085" name="test_catalog[case5]" time="0.009" /><testcase classname="tests.generated.catalog.test_catalog_021" name="test_catalog[case4]" time="0.004" /><testcase classname="tests.generated.catalog.test_catalog_131" name="test_catalog[case0]" time="0.004" /><testcase classname="tests.generated.analytics.test_analytics_063" name="test_analytics[case0]" time="0.004" /><testcase classname="tests.generated.analytics.test_analytics_092" name="test_analytics[case3]" time="0.006" /><testcase classname="tests.generated.analytics.test_analytics_063" name="test_analytics[case1]" time="0.006" /><testcase classname="tests.generated.catalog.test_catalog_051" name="test_catalog[case8]" time="0.009" /><testcase classname="tests.generated.catalog.test_catalog_021" name="test_catalog[case5]" time="0.004" /><testcase classname="tests.generated.analytics.test_analytics_031" name="test_analytics[case2]" time="0.012" /><testcase classname="tests.generated.analytics.test_analytics_123" name="test_analytics[case8]" time="0.014" /><testcase classname="tests.generated.analytics.test_analytics_092" name="test_analytics[case4]" time="0.008" /><testcase classname="tests.generated.catalog.test_catalog_085" name="test_catalog[case6]" time="0.013" /><testcase classname="tests.generated.catalog.test_catalog_051" name="test_catalog[case9]" time="0.010" /><testcase classname="tests.generated.catalog.test_catalog_131" name="test_catalog[case1]" time="0.004" /><testcase classname="tests.generated.analytics.test_analytics_063" name="test_analytics[case2]" time="0.011" /><testcase classname="tests.generated.catalog.test_catalog_021" name="test_catalog[case6]" time="0.005" /><testcase classname="tests.generated.catalog.test_catalog_021" name="test_catalog[case7]" time="0.004" /><testcase classname="tests.generated.catalog.test_catalog_131" name="test_catalog[case2]" time="0.007" /><testcase classname="tests.generated.catalog.test_catalog_021" name="test_catalog[case8]" time="0.006" /><testcase classname="tests.generated.analytics.test_analytics_123" name="test_analytics[case9]" time="0.005" /><testcase classname="tests.generated.catalog.test_catalog_131" name="test_catalog[case3]" time="0.004" /><testcase classname="tests.generated.analytics.test_analytics_031" name="test_analytics[case3]" time="0.017" /><testcase classname="tests.generated.catalog.test_catalog_085" name="test_catalog[case7]" time="0.007" /><testcase classname="tests.generated.analytics.test_analytics_124" name="test_analytics[case0]" time="0.005" /><testcase classname="tests.generated.analytics.test_analytics_092" name="test_analytics[case5]" time="0.007" /><testcase classname="tests.generated.analytics.test_analytics_063" name="test_analytics[case3]" time="0.022" /><testcase classname="tests.generated.catalog.test_catalog_131" name="test_catalog[case4]" time="0.005" /><testcase classname="tests.generated.catalog.test_catalog_021" name="test_catalog[case9]" time="0.009" /><testcase classname="tests.generated.analytics.test_analytics_124" name="test_analytics[case1]" time="0.006" /><testcase classname="tests.generated.analytics.test_analytics_092" name="test_analytics[case6]" time="0.004" /><testcase classname="tests.generated.catalog.test_catalog_085" name="test_catalog[case8]" time="0.014" /><testcase classname="tests.generated.catalog.test_catalog_131" name="test_catalog[case5]" time="0.004" /><testcase classname="tests.generated.catalog.test_catalog_052" name="test_catalog[case0]" time="0.015" /><testcase classname="tests.generated.catalog.test_catalog_131" name="test_catalog[case6]" time="0.006" /><testcase classname="tests.generated.analytics.test_analytics_031" name="test_analytics[case4]" time="0.005" /><testcase classname="tests.generated.catalog.test_catalog_022" name="test_catalog[case0]" time="0.012" /><testcase classname="tests.generated.analytics.test_analytics_124" name="test_analytics[case2]" time="0.004" /><testcase classname="tests.generated.analytics.test_analytics_092" name="test_analytics[case7]" time="0.005" /><testcase classname="tests.generated.analytics.test_analytics_031" name="test_analytics[case5]" time="0.004" /><testcase classname="tests.generated.analytics.test_analytics_092" name="test_analytics[case8]" time="0.004" /><testcase classname="tests.generated.analytics.test_analytics_124" name="test_analytics[case3]" time="0.004" /><testcase classname="tests.generated.catalog.test_catalog_131" name="test_catalog[case7]" time="0.009" /><testcase classname="tests.generated.analytics.test_analytics_124" name="test_analytics[case4]" time="0.004" /><testcase classname="tests.generated.catalog.test_catalog_052" name="test_catalog[case1]" time="0.010" /><testcase classname="tests.generated.catalog.test_catalog_022" name="test_catalog[case1]" time="0.004" /><testcase classname="tests.generated.analytics.test_analytics_092" name="test_analytics[case9]" time="0.009" /><testcase classname="tests.generated.analytics.test_analytics_031" name="test_analytics[case6]" time="0.014" /><testcase classname="tests.generated.checkout.test_checkout_007" name="test_checkout[case5]" time="0.004" /><testcase classname="tests.generated.analytics.test_analytics_124" name="test_analytics[case5]" time="0.004" /><testcase classname="tests.generated.catalog.test_catalog_085" name="test_catalog[case9]" time="0.011" /><testcase classname="tests.generated.catalog.test_catalog_108" name="test_catalog[case2]" time="0.008" /><testcase classname="tests.generated.catalog.test_catalog_052" name="test_catalog[case2]" time="0.004" /><testcase classname="tests.generated.analytics.test_analytics_124" name="test_analytics[case6]" time="0.007" /><testcase classname="tests.generated.catalog.test_catalog_131" name="test_catalog[case8]" time="0.008" /><testcase classname="tests.generated.checkout.test_checkout_007" name="test_checkout[case6]" time="0.011" /><testcase classname="tests.generated.catalog.test_catalog_108" name="test_catalog[case3]" time="0.004" /><testcase classname="tests.generated.analytics.test_analytics_093" name="test_analytics[case0]" time="0.008" /><testcase classname="tests.generated.analytics.test_analytics_093" name="test_analytics[case1]" time="0.009" /><testcase classname="tests.generated.analytics.test_analytics_031" name="test_analytics[case7]" time="0.009" /><testcase classname="tests.generated.catalog.test_catalog_086" name="test_catalog[case0]" time="0.004" /><testcase classname="tests.generated.analytics.test_analytics_124" name="test_analytics[case7]" time="0.004" /><testcase classname="tests.generated.catalog.test_catalog_108" name="test_catalog[case4]" time="0.006" /><testcase classname="tests.generated.catalog.test_catalog_131" name="test_catalog[case9]" time="0.008" /><testcase classname="tests.generated.catalog.test_catalog_086" name="test_catalog[case1]" time="0.004" /><testcase classname="tests.generated.catalog.test_catalog_052" name="test_catalog[case3]" time="0.015" /><testcase classname="tests.generated.checkout.test_checkout_007" name="test_checkout[case7]" time="0.007" /><testcase classname="tests.generated.analytics.test_analytics_124" name="test_analytics[case8]" time="0.004" /><testcase classname="tests.generated.catalog.test_catalog_052" name="test_catalog[case4]" time="0.005" /><testcase classname="tests.generated.analytics.test_analytics_124" name="test_analytics[case9]" time="0.004" /><testcase classname="tests.generated.catalog.test_catalog_108" name="test_catalog[case5]" time="0.007" /><testcase classname="tests.generated.catalog.test_catalog_086" name="test_catalog[case2]" time="0.004" /><testcase classname="tests.generated.catalog.test_catalog_086" name="test_catalog[case3]" time="0.006" /><testcase classname="tests.generated.analytics.test_analytics_031" name="test_analytics[case8]" time="0.017" /><testcase classname="tests.generated.analytics.test_analytics_093" name="test_analytics[case2]" time="0.008" /><testcase classname="tests.generated.catalog.test_catalog_132" name="test_catalog[case0]" time="0.020" /><testcase classname="tests.generated.analytics.test_analytics_125" name="test_analytics[case0]" time="0.007" /><testcase classname="tests.generated.checkout.test_checkout_007" name="test_checkout[case8]" time="0.005" /><testcase classname="tests.generated.catalog.test_catalog_108" name="test_catalog[case6]" time="0.005" /><testcase classname="tests.generated.checkout.test_checkout_007" name="test_checkout[case9]" time="0.004" /><testcase classname="tests.generated.analytics.test_analytics_031" name="test_analytics[case9]" time="0.004" /><testcase classname="tests.generated.catalog.test_catalog_086" name="test_catalog[case4]" time="0.006" /><testcase classname="tests.generated.analytics.test_analytics_093" name="test_analytics[case3]" time="0.012" /><testcase classname="tests.generated.catalog.test_catalog_052" name="test_catalog[case5]" time="0.011" /><testcase classname="tests.generated.catalog.test_catalog_108" name="test_catalog[case7]" time="0.007" /><testcase classname="tests.generated.checkout.test_checkout_008" name="test_checkout[case0]" time="0.005" /><testcase classname="tests.generated.catalog.test_catalog_086" name="test_catalog[case5]" time="0.005" /><testcase classname="tests.generated.analytics.test_analytics_125" name="test_analytics[case1]" time="0.005" /><testcase classname="tests.generated.analytics.test_analytics_032" name="test_analytics[case0]" time="0.010" /><testcase classname="tests.generated.catalog.test_catalog_052" name="test_catalog[case6]" time="0.005" /><testcase classname="tests.generated.catalog.test_catalog_132" name="test_catalog[case1]" time="0.004" /><testcase classname="tests.generated.analytics.test_analytics_093" name="test_analytics[case4]" time="0.013" /><testcase classname="tests.generated.catalog.test_catalog_086" name="test_catalog[case6]" time="0.004" /><testcase classname="tests.generated.catalog.test_catalog_052" name="test_catalog[case7]" time="0.005" /><testcase classname="tests.generated.analytics.test_analytics_032" name="test_analytics[case1]" time="0.004" /><testcase classname="tests.generated.catalog.test_catalog_108" name="test_catalog[case8]" time="0.006" /><testcase classname="tests.generated.analytics.test_analytics_125" name="test_analytics[case2]" time="0.004" /><testcase classname="tests.generated.catalog.test_catalog_086" name="test_catalog[case7]" time="0.004" /><testcase classname="tests.generated.checkout.test_checkout_048" name="test_checkout[case3]" time="0.009" /><testcase classname="tests.generated.analytics.test_analytics_125" name="test_analytics[case3]" time="0.004" /><testcase classname="tests.generated.checkout.test_checkout_008" name="test_checkout[case1]" time="0.007" /><testcase classname="tests.generated.catalog.test_catalog_108" name="test_catalog[case9]" time="0.004" /><testcase classname="tests.generated.catalog.test_catalog_052" name="test_catalog[case8]" time="0.004" /><testcase classname="tests.generated.catalog.test_catalog_086" name="test_catalog[case8]" time="0.006" /><testcase classname="tests.generated.catalog.test_catalog_132" name="test_catalog[case2]" time="0.012" /><testcase classname="tests.generated.analytics.test_analytics_093" name="test_analytics[case5]" time="0.008" /><testcase classname="tests.generated.catalog.test_catalog_052" name="test_catalog[case9]" time="0.004" /><testcase classname="tests.generated.analytics.test_analytics_125" name="test_analytics[case4]" time="0.007" /><testcase classname="tests.generated.catalog.test_catalog_109" name="test_catalog[case0]" time="0.007" /><testcase classname="tests.generated.checkout.test_checkout_008" name="test_checkout[case2]" time="0.007" /><testcase classname="tests.generated.checkout.test_checkout_048" name="test_checkout[case4]" time="0.005" /><testcase classname="tests.generated.catalog.test_catalog_086" name="test_catalog[case9]" time="0.011" /><testcase classname="tests.generated.catalog.test_catalog_053" name="test_catalog[case0]" time="0.004" /><testcase classname="tests.generated.analytics.test_analytics_093" name="test_analytics[case6]" time="0.004" /><testcase classname="tests.generated.checkout.test_checkout_048" name="test_checkout[case5]" time="0.004" /><testcase classname="tests.generated.checkout.test_checkout_008" name="test_checkout[case3]" time="0.010" /><testcase classname="tests.generated.catalog.test_catalog_132" name="test_catalog[case3]" time="0.006" /><testcase classname="tests.generated.analytics.test_analytics_125" name="test_analytics[case5]" time="0.010" /><testcase classname="tests.generated.catalog.test_catalog_109" name="test_catalog[case1]" time="0.013" /><testcase classname="tests.generated.catalog.test_catalog_053" name="test_catalog[case1]" time="0.004" /><testcase classname="tests.generated.analytics.test_analytics_093" name="test_analytics[case7]" time="0.007" /><testcase classname="tests.generated.checkout.test_checkout_048" name="test_checkout[case6]" time="0.004" /><testcase classname="tests.generated.catalog.test_catalog_087" name="test_catalog[case0]" time="0.011" /><testcase classname="tests.generated.catalog.test_catalog_132" name="test_catalog[case4]" time="0.018" /><testcase classname="tests.generated.analytics.test_analytics_093" name="test_analytics[case8]" time="0.005" /><testcase classname="tests.generated.catalog.test_catalog_053" name="test_catalog[case2]" time="0.004" /><testcase classname="tests.generated.checkout.test_checkout_008" name="test_checkout[case4]" time="0.013" /><testcase classname="tests.generated.catalog.test_catalog_053" name="test_catalog[case3]" time="0.004" /><testcase classname="tests.generated.checkout.test_checkout_048" name="test_checkout[case7]" time="0.004" /><testcase classname="tests.generated.catalog.test_catalog_109" name="test_catalog[case2]" time="0.012" /><testcase classname="tests.generated.analytics.test_analytics_125" name="test_analytics[case6]" time="0.010" /><testcase classname="tests.generated.checkout.test_checkout_048" name="test_checkout[case8]" time="0.009" /><testcase classname="tests.generated.analytics.test_analytics_093" name="test_analytics[case9]" time="0.006" /><testcase classname="tests.generated.checkout.test_checkout_008" name="test_checkout[case5]" time="0.005" /><testcase classname="tests.generated.catalog.test_catalog_153" name="test_catalog[case1]" time="0.004" /><testcase classname="tests.generated.catalog.test_catalog_087" name="test_catalog[case1]" time="0.013" /><testcase classname="tests.generated.catalog.test_catalog_153" name="test_catalog[case2]" time="0.004" /><testcase classname="tests.generated.analytics.test_analytics_125" name="test_analytics[case7]" time="0.004" /><testcase classname="tests.generated.catalog.test_catalog_132" name="test_catalog[case5]" time="0.009" /><testcase classname="tests.generated.checkout.test_checkout_028" name="test_checkout[case2]" time="0.004" /><testcase classname="tests.generated.checkout.test_checkout_008" name="test_checkout[case6]" time="0.004" /><testcase classname="tests.generated.catalog.test_catalog_109" name="test_catalog[case3]" time="0.004" /><testcase classname="tests.generated.analytics.test_analytics_094" name="test_analytics[case0]" time="0.017" /><testcase classname="tests.generated.catalog.test_catalog_153" name="test_catalog[case3]" time="0.013" /><testcase classname="tests.generated.checkout.test_checkout_048" name="test_checkout[case9]" time="0.009" /><testcase classname="tests.generated.catalog.test_catalog_109" name="test_catalog[case4]" time="0.005" /><testcase classname="tests.generated.checkout.test_checkout_049" name="test_checkout[case0]" time="0.004" /><testcase classname="tests.generated.checkout.test_checkout_028" name="test_checkout[case3]" time="0.005" /><testcase classname="tests.generated.catalog.test_catalog_132" name="test_catalog[case6]" time="0.004" /><testcase classname="tests.generated.checkout.test_checkout_008" name="test_checkout[case7]" time="0.004" /><testcase classname="tests.generated.catalog.test_catalog_132" name="test_catalog[case7]" time="0.011" /><testcase classname="tests.generated.checkout.test_checkout_028" name="test_checkout[case4]" time="0.006" /><testcase classname="tests.generated.checkout.test_checkout_049" name="test_checkout[case1]" time="0.005" /><testcase classname="tests.generated.checkout.test_checkout_008" name="test_checkout[case8]" time="0.008" /><testcase classname="tests.generated.catalog.test_catalog_087" name="test_catalog[case2]" time="0.017" /><testcase classname="tests.generated.catalog.test_catalog_109" name="test_catalog[case5]" time="0.007" /><testcase classname="tests.generated.analytics.test_analytics_094" name="test_analytics[case1]" time="0.007" /><testcase classname="tests.generated.checkout.test_checkout_028" name="test_checkout[case5]" time="0.005" /><testcase classname="tests.generated.catalog.test_catalog_153" name="test_catalog[case4]" time="0.017" /><testcase classname="tests.generated.checkout.test_checkout_049" name="test_checkout[case2]" time="0.005" /><testcase classname="tests.generated.catalog.test_catalog_109" name="test_catalog[case6]" time="0.004" /><testcase classname="tests.generated.checkout.test_checkout_049" name="test_checkout[case3]" time="0.005" /><testcase classname="tests.generated.checkout.test_checkout_008" name="test_checkout[case9]" time="0.008" /><testcase classname="tests.generated.analytics.test_analytics_094" name="test_analytics[case2]" time="0.005" /><testcase classname="tests.generated.checkout.test_checkout_028" name="test_checkout[case6]" time="0.004" /><testcase classname="tests.generated.catalog.test_catalog_109" name="test_catalog[case7]" time="0.004" /><testcase classname="tests.generated.catalog.test_catalog_132" name="test_catalog[case8]" time="0.018" /><testcase classname="tests.generated.analytics.test_analytics_094" name="test_analytics[case3]" time="0.005" /><testcase classname="tests.generated.checkout.test_checkout_028" name="test_checkout[case7]" time="0.004" /><testcase classname="tests.generated.catalog.test_catalog_087" name="test_catalog[case3]" time="0.004" /><testcase classname="tests.generated.catalog.test_catalog_087" name="test_catalog[case4]" time="0.007" /><testcase classname="tests.generated.checkout.test_checkout_049" name="test_checkout[case4]" time="0.017" /><testcase classname="tests.generated.catalog.test_catalog_153" name="test_catalog[case5]" time="0.005" /><testcase classname="tests.generated.checkout.test_checkout_009" name="test_checkout[case0]" time="0.008" /><testcase classname="tests.generated.analytics.test_analytics_094" name="test_analytics[case4]" time="0.004" /><testcase classname="tests.generated.catalog.test_catalog_109" name="test_catalog[case8]" time="0.004" /><testcase classname="tests.generated.checkout.test_checkout_028" name="test_checkout[case8]" time="0.004" /><testcase classname="tests.generated.catalog.test_catalog_109" name="test_catalog[case9]" time="0.009" /><testcase classname="tests.generated.catalog.test_catalog_153" name="test_catalog[case6]" time="0.005" /><testcase classname="tests.generated.checkout.test_checkout_028" name="test_checkout[case9]" time="0.016" /><testcase classname="tests.generated.catalog.test_catalog_132" name="test_catalog[case9]" time="0.005" /><testcase classname="tests.generated.catalog.test_catalog_087" name="test_catalog[case5]" time="0.004" /><testcase classname="tests.generated.checkout.test_checkout_009" name="test_checkout[case1]" time="0.012" /><testcase classname="tests.generated.catalog.test_catalog_087" name="test_catalog[case6]" time="0.004" /><testcase classname="tests.generated.checkout.test_checkout_049" name="test_checkout[case5]" time="0.005" /><testcase classname="tests.generated.catalog.test_catalog_153" name="test_catalog[case7]" time="0.006" /><testcase classname="tests.generated.catalog.test_catalog_110" name="test_catalog[case0]" time="0.005" /><testcase classname="tests.generated.catalog.test_catalog_087" name="test_catalog[case7]" time="0.004" /><testcase classname="tests.generated.catalog.test_catalog_133" name="test_catalog[case0]" time="0.008" /><testcase classname="tests.generated.analytics.test_analytics_094" name="test_analytics[case5]" time="0.007" /><testcase classname="tests.generated.catalog.test_catalog_110" name="test_catalog[case1]" time="0.011" /><testcase classname="tests.generated.catalog.test_catalog_087" name="test_catalog[case8]" time="0.004" /><testcase classname="tests.generated.checkout.test_checkout_049" name="test_checkout[case6]" time="0.005" /><testcase classname="tests.generated.checkout.test_checkout_049" name="test_checkout[case7]" time="0.006" /><testcase classname="tests.generated.checkout.test_checkout_029" name="test_checkout[case0]" time="0.004" /><testcase classname="tests.generated.checkout.test_checkout_009" name="test_checkout[case2]" time="0.006" /><testcase classname="tests.generated.checkout.test_checkout_067" name="test_checkout[case8]" time="0.004" /><testcase classname="tests.generated.catalog.test_catalog_087" name="test_catalog[case9]" time="0.012" /><testcase classname="tests.generated.checkout.test_checkout_029" name="test_checkout[case1]" time="0.004" /><testcase classname="tests.generated.checkout.test_checkout_067" name="test_checkout[case9]" time="0.005" /><testcase classname="tests.generated.catalog.test_catalog_153" name="test_catalog[case8]" time="0.004" /><testcase classname="tests.generated.catalog.test_catalog_153" name="test_catalog[case9]" time="0.004" /><testcase classname="tests.generated.catalog.test_catalog_110" name="test_catalog[case2]" time="0.005" /><testcase classname="tests.generated.checkout.test_checkout_049" name="test_checkout[case8]" time="0.010" /><testcase classname="tests.generated.checkout.test_checkout_029" name="test_checkout[case2]" time="0.004" /><testcase classname="tests.generated.catalog.test_catalog_133" name="test_catalog[case1]" time="0.006" /><testcase classname="tests.generated.catalog.test_catalog_133" name="test_catalog[case2]" time="0.010" /><testcase classname="tests.generated.catalog.test_catalog_088" name="test_catalog[case0]" time="0.004" /><testcase classname="tests.generated.checkout.test_checkout_009" name="test_checkout[case3]" time="0.005" /><testcase classname="tests.generated.checkout.test_checkout_009" name="test_checkout[case4]" time="0.004" /><testcase classname="tests.generated.catalog.test_catalog_154" name="test_catalog[case0]" time="0.004" /><testcase classname="tests.generated.catalog.test_catalog_110" name="test_catalog[case3]" time="0.015" /><testcase classname="tests.generated.checkout.test_checkout_029" name="test_checkout[case3]" time="0.004" /><testcase classname="tests.generated.checkout.test_checkout_068" name="test_checkout[case0]" time="0.011" /><testcase classname="tests.generated.catalog.test_catalog_154" name="test_catalog[case1]" time="0.004" /><testcase classname="tests.generated.catalog.test_catalog_133" name="test_catalog[case3]" time="0.013" /><testcase classname="tests.generated.checkout.test_checkout_029" name="test_checkout[case4]" time="0.005" /><testcase classname="tests.generated.catalog.test_catalog_088" name="test_catalog[case1]" time="0.005" /><testcase classname="tests.generated.catalog.test_catalog_154" name="test_catalog[case2]" time="0.005" /><testcase classname="tests.generated.catalog.test_catalog_088" name="test_catalog[case2]" time="0.004" /><testcase classname="tests.generated.checkout.test_checkout_009" name="test_checkout[case5]" time="0.006" /><testcase classname="tests.generated.checkout.test_checkout_029" name="test_checkout[case5]" time="0.008" /><testcase classname="tests.generated.checkout.test_checkout_049" name="test_checkout[case9]" time="0.004" /><testcase classname="tests.generated.catalog.test_catalog_154" name="test_catalog[case3]" time="0.004" /><testcase classname="tests.generated.checkout.test_checkout_068" name="test_checkout[case1]" time="0.004" /><testcase classname="tests.generated.checkout.test_checkout_050" name="test_checkout[case0]" time="0.004" /><testcase classname="tests.generated.checkout.test_checkout_050" name="test_checkout[case1]" time="0.005" /><testcase classname="tests.generated.checkout.test_checkout_009" name="test_checkout[case6]" time="0.004" /><testcase classname="tests.generated.catalog.test_catalog_110" name="test_catalog[case4]" time="0.008" /><testcase classname="tests.generated.catalog.test_catalog_088" name="test_catalog[case3]" time="0.013" /><testcase classname="tests.generated.checkout.test_checkout_068" name="test_checkout[case2]" time="0.004" /><testcase classname="tests.generated.catalog.test_catalog_154" name="test_catalog[case4]" time="0.005" /><testcase classname="tests.generated.checkout.test_checkout_009" name="test_checkout[case7]" time="0.004" /><testcase classname="tests.generated.checkout.test_checkout_050" name="test_checkout[case2]" time="0.007" /><testcase classname="tests.generated.checkout.test_checkout_029" name="test_checkout[case6]" time="0.004" /><testcase classname="tests.generated.catalog.test_catalog_110" name="test_catalog[case5]" time="0.009" /><testcase classname="tests.generated.catalog.test_catalog_154" name="test_catalog[case5]" time="0.004" /><testcase classname="tests.generated.checkout.test_checkout_009" name="test_checkout[case8]" time="0.004" /><testcase classname="tests.generated.checkout.test_checkout_050" name="test_checkout[case3]" time="0.004" /><testcase classname="tests.generated.checkout.test_checkout_029" name="test_checkout[case7]" time="0.004" /><testcase classname="tests.generated.catalog.test_catalog_154" name="test_catalog[case6]" time="0.005" /><testcase classname="tests.generated.checkout.test_checkout_068" name="test_checkout[case3]" time="0.008" /><testcase classname="tests.generated.catalog.test_catalog_154" name="test_catalog[case7]" time="0.004" /><testcase classname="tests.generated.catalog.test_catalog_110" name="test_catalog[case6]" time="0.004" /><testcase classname="tests.generated.checkout.test_checkout_029" name="test_checkout[case8]" time="0.004" /><testcase classname="tests.generated.checkout.test_checkout_050" name="test_checkout[case4]" time="0.003" /><testcase classname="tests.generated.catalog.test_catalog_088" name="test_catalog[case4]" time="0.005" /><testcase classname="tests.generated.catalog.test_catalog_133" name="test_catalog[case4]" time="0.007" /><testcase classname="tests.generated.checkout.test_checkout_068" name="test_checkout[case4]" time="0.008" /><testcase classname="tests.generated.checkout.test_checkout_050" name="test_checkout[case5]" time="0.004" /><testcase classname="tests.generated.checkout.test_checkout_029" name="test_checkout[case9]" time="0.006" /><testcase classname="tests.generated.checkout.test_checkout_009" name="test_checkout[case9]" time="0.028" /><testcase classname="tests.generated.catalog.test_catalog_154" name="test_catalog[case8]" time="0.004" /><testcase classname="tests.generated.catalog.test_catalog_110" name="test_catalog[case7]" time="0.004" /><testcase classname="tests.generated.checkout.test_checkout_068" name="test_checkout[case5]" time="0.005" /><testcase classname="tests.generated.catalog.test_catalog_088" name="test_catalog[case5]" time="0.006" /><testcase classname="tests.generated.catalog.test_catalog_133" name="test_catalog[case5]" time="0.009" /><testcase classname="tests.generated.catalog.test_catalog_110" name="test_catalog[case8]" time="0.006" /><testcase classname="tests.generated.catalog.test_catalog_088" name="test_catalog[case6]" time="0.005" /><testcase classname="tests.generated.checkout.test_checkout_068" name="test_checkout[case6]" time="0.007" /><testcase classname="tests.generated.catalog.test_catalog_154" name="test_catalog[case9]" time="0.007" /><testcase classname="tests.generated.checkout.test_checkout_050" name="test_checkout[case6]" time="0.010" /><testcase classname="tests.generated.catalog.test_catalog_110" name="test_catalog[case9]" time="0.004" /><testcase classname="tests.generated.catalog.test_catalog_088" name="test_catalog[case7]" time="0.016" /><testcase classname="tests.generated.checkout.test_checkout_030" name="test_checkout[case0]" time="0.009" /><testcase classname="tests.generated.catalog.test_catalog_133" name="test_catalog[case6]" time="0.006" /><testcase classname="tests.generated.checkout.test_checkout_010" name="test_checkout[case0]" time="0.012" /><testcase classname="tests.generated.checkout.test_checkout_068" name="test_checkout[case7]" time="0.004" /><testcase classname="tests.generated.catalog.test_catalog_111" name="test_catalog[case0]" time="0.004" /><testcase classname="tests.generated.catalog.test_catalog_133" name="test_catalog[case7]" time="0.004" /><testcase classname="tests.generated.catalog.test_catalog_155" name="test_catalog[case0]" time="0.011" /><testcase classname="tests.generated.checkout.test_checkout_068" name="test_checkout[case8]" time="0.005" /><testcase classname="tests.generated.checkout.test_checkout_050" name="test_checkout[case7]" time="0.005" /><testcase classname="tests.generated.catalog.test_catalog_111" name="test_catalog[case1]" time="0.004" /><testcase classname="tests.generated.checkout.test_checkout_030" name="test_checkout[case1]" time="0.014" /><testcase classname="tests.generated.checkout.test_checkout_050" name="test_checkout[case8]" time="0.004" /><testcase classname="tests.generated.catalog.test_catalog_088" name="test_catalog[case8]" time="0.007" /><testcase classname="tests.generated.catalog.test_catalog_111" name="test_catalog[case2]" time="0.004" /><testcase classname="tests.generated.catalog.test_catalog_111" name="test_catalog[case3]" time="0.009" /><testcase classname="tests.generated.catalog.test_catalog_133" name="test_catalog[case8]" time="0.007" /><testcase classname="tests.generated.checkout.test_checkout_068" name="test_checkout[case9]" time="0.004" /><testcase classname="tests.generated.checkout.test_checkout_050" name="test_checkout[case9]" time="0.004" /><testcase classname="tests.generated.catalog.test_catalog_088" name="test_catalog[case9]" time="0.005" /><testcase classname="tests.generated.checkout.test_checkout_010" name="test_checkout[case1]" time="0.006" /><testcase classname="tests.generated.checkout.test_checkout_069" name="test_checkout[case0]" time="0.004" /><testcase classname="tests.generated.checkout.test_checkout_030" name="test_checkout[case2]" time="0.007" /><testcase classname="tests.generated.catalog.test_catalog_155" name="test_catalog[case1]" time="0.006" /><testcase classname="tests.generated.catalog.test_catalog_133" name="test_catalog[case9]" time="0.006" /><testcase classname="tests.generated.checkout.test_checkout_069" name="test_checkout[case1]" time="0.004" /><testcase classname="tests.generated.catalog.test_catalog_155" name="test_catalog[case2]" time="0.004" /><testcase classname="tests.generated.catalog.test_catalog_089" name="test_catalog[case0]" time="0.004" /><testcase classname="tests.generated.checkout.test_checkout_010" name="test_checkout[case2]" time="0.016" /><testcase classname="tests.generated.checkout.test_checkout_051" name="test_checkout[case0]" time="0.012" /><testcase classname="tests.generated.catalog.test_catalog_111" name="test_catalog[case4]" time="0.010" /><testcase classname="tests.generated.catalog.test_catalog_155" name="test_catalog[case3]" time="0.006" /><testcase classname="tests.generated.checkout.test_checkout_069" name="test_checkout[case2]" time="0.005" /><testcase classname="tests.generated.checkout.test_checkout_030" name="test_checkout[case3]" time="0.008" /><testcase classname="tests.generated.catalog.test_catalog_134" name="test_catalog[case0]" time="0.007" /><testcase classname="tests.generated.catalog.test_catalog_089" name="test_catalog[case1]" time="0.004" /><testcase classname="tests.generated.checkout.test_checkout_069" name="test_checkout[case3]" time="0.004" /><testcase classname="tests.generated.checkout.test_checkout_030" name="test_checkout[case4]" time="0.004" /><testcase classname="tests.generated.catalog.test_catalog_111" name="test_catalog[case5]" time="0.006" /><testcase classname="tests.generated.catalog.test_catalog_155" name="test_catalog[case4]" time="0.011" /><testcase classname="tests.generated.catalog.test_catalog_089" name="test_catalog[case2]" time="0.006" /><testcase classname="tests.generated.checkout.test_checkout_069" name="test_checkout[case4]" time="0.004" /><testcase classname="tests.generated.catalog.test_catalog_134" name="test_catalog[case1]" time="0.011" /><testcase classname="tests.generated.checkout.test_checkout_051" name="test_checkout[case1]" time="0.006" /><testcase classname="tests.generated.catalog.test_catalog_111" name="test_catalog[case6]" time="0.004" /><testcase classname="tests.generated.checkout.test_checkout_069" name="test_checkout[case5]" time="0.004" /><testcase classname="tests.generated.checkout.test_checkout_010" name="test_checkout[case3]" time="0.004" /><testcase classname="tests.generated.checkout.test_checkout_030" name="test_checkout[case5]" time="0.008" /><testcase classname="tests.generated.catalog.test_catalog_089" name="test_catalog[case3]" time="0.017" /><testcase classname="tests.generated.catalog.test_catalog_134" name="test_catalog[case2]" time="0.005" /><testcase classname="tests.generated.catalog.test_catalog_111" name="test_catalog[case7]" time="0.005" /><testcase classname="tests.generated.checkout.test_checkout_010" name="test_checkout[case4]" time="0.004" /><testcase classname="tests.generated.checkout.test_checkout_069" name="test_checkout[case6]" time="0.007" /><testcase classname="tests.generated.catalog.test_catalog_155" name="test_catalog[case5]" time="0.006" /><testcase classname="tests.generated.checkout.test_checkout_051" name="test_checkout[case2]" time="0.004" /><testcase classname="tests.generated.checkout.test_checkout_030" name="test_checkout[case6]" time="0.009" /><testcase classname="tests.generated.checkout.test_checkout_051" name="test_checkout[case3]" time="0.013" /><testcase classname="tests.generated.checkout.test_checkout_010" name="test_checkout[case5]" time="0.005" /><testcase classname="tests.generated.catalog.test_catalog_134" name="test_catalog[case3]" time="0.004" /><testcase classname="tests.generated.checkout.test_checkout_069" name="test_checkout[case7]" time="0.004" /><testcase classname="tests.generated.catalog.test_catalog_111" name="test_catalog[case8]" time="0.005" /><testcase classname="tests.generated.catalog.test_catalog_155" name="test_catalog[case6]" time="0.058" /><testcase classname="tests.generated.catalog.test_catalog_155" name="test_catalog[case7]" time="0.010" /><testcase classname="tests.generated.catalog.test_catalog_089" name="test_catalog[case4]" time="0.058" /><testcase classname="tests.generated.catalog.test_catalog_089" name="test_catalog[case5]" time="0.005" /><testcase classname="tests.generated.checkout.test_checkout_030" name="test_checkout[case7]" time="0.058" /><testcase classname="tests.generated.checkout.test_checkout_030" name="test_checkout[case8]" time="0.005" /><testcase classname="tests.generated.checkout.test_checkout_030" name="test_checkout[case9]" time="0.004" /><testcase classname="tests.generated.catalog.test_catalog_155" name="test_catalog[case8]" time="0.004" /><testcase classname="tests.generated.catalog.test_catalog_111" name="test_catalog[case9]" time="0.005" /><testcase classname="tests.generated.checkout.test_checkout_051" name="test_checkout[case4]" time="0.007" /><testcase classname="tests.generated.checkout.test_checkout_051" name="test_checkout[case5]" time="0.006" /><testcase classname="tests.generated.catalog.test_catalog_089" name="test_catalog[case6]" time="0.004" /><testcase classname="tests.generated.catalog.test_catalog_089" name="test_catalog[case7]" time="0.004" /><testcase classname="tests.generated.checkout.test_checkout_031" name="test_checkout[case0]" time="0.004" /><testcase classname="tests.generated.checkout.test_checkout_031" name="test_checkout[case1]" time="0.006" /><testcase classname="tests.generated.checkout.test_checkout_010" name="test_checkout[case6]" time="0.004" /><testcase classname="tests.generated.checkout.test_checkout_010" name="test_checkout[case7]" time="0.003" /><testcase classname="tests.generated.catalog.test_catalog_155" name="test_catalog[case9]" time="0.004" /><testcase classname="tests.generated.catalog.test_catalog_134" name="test_catalog[case4]" time="0.058" /><testcase classname="tests.generated.catalog.test_catalog_134" name="test_catalog[case5]" time="0.004" /><testcase classname="tests.generated.checkout.test_checkout_010" name="test_checkout[case8]" time="0.005" /><testcase classname="tests.generated.checkout.test_checkout_010" name="test_checkout[case9]" time="0.004" /><testcase classname="tests.generated.catalog.test_catalog_112" name="test_catalog[case0]" time="0.005" /><testcase classname="tests.generated.catalog.test_catalog_112" name="test_catalog[case1]" time="0.004" /><testcase classname="tests.generated.checkout.test_checkout_069" name="test_checkout[case8]" time="0.004" /><testcase classname="tests.generated.checkout.test_checkout_051" name="test_checkout[case6]" time="0.007" /><testcase classname="tests.generated.catalog.test_catalog_156" name="test_catalog[case0]" time="0.004" /><testcase classname="tests.generated.catalog.test_catalog_089" name="test_catalog[case8]" time="0.004" /><testcase classname="tests.generated.checkout.test_checkout_069" name="test_checkout[case9]" time="0.005" /><testcase classname="tests.generated.checkout.test_checkout_070" name="test_checkout[case0]" time="0.004" /><testcase classname="tests.generated.checkout.test_checkout_051" name="test_checkout[case7]" time="0.026" /><testcase classname="tests.generated.checkout.test_checkout_031" name="test_checkout[case2]" time="0.007" /><testcase classname="tests.generated.catalog.test_catalog_156" name="test_catalog[case1]" time="0.013" /><testcase classname="tests.generated.catalog.test_catalog_134" name="test_catalog[case6]" time="0.004" /><testcase classname="tests.generated.catalog.test_catalog_134" name="test_catalog[case7]" time="0.004" /><testcase classname="tests.generated.checkout.test_checkout_011" name="test_checkout[case0]" time="0.004" /><testcase classname="tests.generated.catalog.test_catalog_112" name="test_catalog[case2]" time="0.004" /><testcase classname="tests.generated.checkout.test_checkout_011" name="test_checkout[case1]" time="0.004" /><testcase classname="tests.generated.catalog.test_catalog_089" name="test_catalog[case9]" time="0.004" /><testcase classname="tests.generated.catalog.test_catalog_112" name="test_catalog[case3]" time="0.004" /><testcase classname="tests.generated.catalog.test_catalog_112" name="test_catalog[case4]" time="0.007" /><testcase classname="tests.generated.checkout.test_checkout_070" name="test_checkout[case1]" time="0.003" /><testcase classname="tests.generated.catalog.test_catalog_090" name="test_catalog[case0]" time="0.004" /><testcase classname="tests.generated.checkout.test_checkout_070" name="test_checkout[case2]" time="0.008" /><testcase classname="tests.generated.checkout.test_checkout_011" name="test_checkout[case2]" time="0.004" /><testcase classname="tests.generated.catalog.test_catalog_112" name="test_catalog[case5]" time="0.004" /><testcase classname="tests.generated.catalog.test_catalog_090" name="test_catalog[case1]" time="0.004" /><testcase classname="tests.generated.catalog.test_catalog_090" name="test_catalog[case2]" time="0.004" /><testcase classname="tests.generated.checkout.test_checkout_011" name="test_checkout[case3]" time="0.004" /><testcase classname="tests.generated.catalog.test_catalog_156" name="test_catalog[case2]" time="0.008" /><testcase classname="tests.generated.catalog.test_catalog_112" name="test_catalog[case6]" time="0.004" /><testcase classname="tests.generated.catalog.test_catalog_134" name="test_catalog[case8]" time="0.004" /><testcase classname="tests.generated.checkout.test_checkout_051" name="test_checkout[case8]" time="0.011" /><testcase classname="tests.generated.catalog.test_catalog_134" name="test_catalog[case9]" time="0.010" /><testcase classname="tests.generated.checkout.test_checkout_031" name="test_checkout[case3]" time="0.010" /><testcase classname="tests.generated.catalog.test_catalog_090" name="test_catalog[case3]" time="0.005" /><testcase classname="tests.generated.checkout.test_checkout_070" name="test_checkout[case3]" time="0.008" /><testcase classname="tests.generated.catalog.test_catalog_156" name="test_catalog[case3]" time="0.005" /><testcase classname="tests.generated.checkout.test_checkout_011" name="test_checkout[case4]" time="0.004" /><testcase classname="tests.generated.catalog.test_catalog_112" name="test_catalog[case7]" time="0.011" /><testcase classname="tests.generated.checkout.test_checkout_031" name="test_checkout[case4]" time="0.004" /><testcase classname="tests.generated.catalog.test_catalog_090" name="test_catalog[case4]" time="0.004" /><testcase classname="tests.generated.checkout.test_checkout_070" name="test_checkout[case4]" time="0.004" /><testcase classname="tests.generated.catalog.test_catalog_135" name="test_catalog[case0]" time="0.009" /><testcase classname="tests.generated.checkout.test_checkout_011" name="test_checkout[case5]" time="0.011" /><testcase classname="tests.generated.catalog.test_catalog_090" name="test_catalog[case5]" time="0.004" /><testcase classname="tests.generated.checkout.test_checkout_031" name="test_checkout[case5]" time="0.011" /><testcase classname="tests.generated.catalog.test_catalog_112" name="test_catalog[case8]" time="0.008" /><testcase classname="tests.generated.checkout.test_checkout_070" name="test_checkout[case5]" time="0.005" /><testcase classname="tests.generated.checkout.test_checkout_051" name="test_checkout[case9]" time="0.004" /><testcase classname="tests.generated.checkout.test_checkout_052" name="test_checkout[case0]" time="0.005" /><testcase classname="tests.generated.catalog.test_catalog_156" name="test_catalog[case4]" time="0.004" /><testcase classname="tests.generated.catalog.test_catalog_156" name="test_catalog[case5]" time="0.005" /><testcase classname="tests.generated.catalog.test_catalog_090" name="test_catalog[case6]" time="0.004" /><testcase classname="tests.generated.checkout.test_checkout_070" name="test_checkout[case6]" time="0.007" /><testcase classname="tests.generated.checkout.test_checkout_011" name="test_checkout[case6]" time="0.010" /><testcase classname="tests.generated.catalog.test_catalog_090" name="test_catalog[case7]" time="0.004" /><testcase classname="tests.generated.catalog.test_catalog_112" name="test_catalog[case9]" time="0.012" /><testcase classname="tests.generated.checkout.test_checkout_052" name="test_checkout[case1]" time="0.017" /><testcase classname="tests.generated.checkout.test_checkout_031" name="test_checkout[case6]" time="0.005" /><testcase classname="tests.generated.catalog.test_catalog_135" name="test_catalog[case1]" time="0.004" /><testcase classname="tests.generated.catalog.test_catalog_156" name="test_catalog[case6]" time="0.004" /><testcase classname="tests.generated.checkout.test_checkout_070" name="test_checkout[case7]" time="0.014" /><testcase classname="tests.generated.checkout.test_checkout_031" name="test_checkout[case7]" time="0.005" /><testcase classname="tests.generated.catalog.test_catalog_135" name="test_catalog[case2]" time="0.004" /><testcase classname="tests.generated.catalog.test_catalog_156" name="test_catalog[case7]" time="0.004" /><testcase classname="tests.generated.checkout.test_checkout_031" name="test_checkout[case8]" time="0.005" /><testcase classname="tests.generated.catalog.test_catalog_090" name="test_catalog[case8]" time="0.004" /><testcase classname="tests.generated.checkout.test_checkout_052" name="test_checkout[case2]" time="0.005" /><testcase classname="tests.generated.catalog.test_catalog_090" name="test_catalog[case9]" time="0.004" /><testcase classname="tests.generated.catalog.test_catalog_156" name="test_catalog[case8]" time="0.005" /><testcase classname="tests.generated.catalog.test_catalog_135" name="test_catalog[case3]" time="0.004" /><testcase classname="tests.generated.checkout.test_checkout_031" name="test_checkout[case9]" time="0.004" /><testcase classname="tests.generated.checkout.test_checkout_032" name="test_checkout[case0]" time="0.005" /><testcase classname="tests.generated.catalog.test_catalog_091" name="test_catalog[case0]" time="0.004" /><testcase classname="tests.generated.checkout.test_checkout_011" name="test_checkout[case7]" time="0.012" /><testcase classname="tests.generated.checkout.test_checkout_052" name="test_checkout[case3]" time="0.004" /><testcase classname="tests.generated.catalog.test_catalog_091" name="test_catalog[case1]" time="0.004" /><testcase classname="tests.generated.catalog.test_catalog_135" name="test_catalog[case4]" time="0.004" /><testcase classname="tests.generated.catalog.test_catalog_135" name="test_catalog[case5]" time="0.004" /><testcase classname="tests.generated.checkout.test_checkout_070" name="test_checkout[case8]" time="0.016" /><testcase classname="tests.generated.catalog.test_catalog_156" name="test_catalog[case9]" time="0.004" /><testcase classname="tests.generated.catalog.test_catalog_157" name="test_catalog[case0]" time="0.004" /><testcase classname="tests.generated.catalog.test_catalog_135" name="test_catalog[case6]" time="0.004" /><testcase classname="tests.generated.catalog.test_catalog_135" name="test_catalog[case7]" time="0.004" /><testcase classname="tests.generated.checkout.test_checkout_032" name="test_checkout[case1]" time="0.004" /><testcase classname="tests.generated.catalog.test_catalog_113" name="test_catalog[case0]" time="0.011" /><testcase classname="tests.generated.checkout.test_checkout_070" name="test_checkout[case9]" time="0.004" /><testcase classname="tests.generated.checkout.test_checkout_011" name="test_checkout[case8]" time="0.005" /><testcase classname="tests.generated.checkout.test_checkout_032" name="test_checkout[case2]" time="0.008" /><testcase classname="tests.generated.checkout.test_checkout_052" name="test_checkout[case4]" time="0.026" /><testcase classname="tests.generated.checkout.test_checkout_011" name="test_checkout[case9]" time="0.004" /><testcase classname="tests.generated.catalog.test_catalog_157" name="test_catalog[case1]" time="0.005" /><testcase classname="tests.generated.catalog.test_catalog_157" name="test_catalog[case2]" time="0.004" /><testcase classname="tests.generated.checkout.test_checkout_071" name="test_checkout[case0]" time="0.004" /><testcase classname="tests.generated.catalog.test_catalog_135" name="test_catalog[case8]" time="0.004" /><testcase classname="tests.generated.catalog.test_catalog_135" name="test_catalog[case9]" time="0.004" /><testcase classname="tests.generated.catalog.test_catalog_157" name="test_catalog[case3]" time="0.004" /><testcase classname="tests.generated.catalog.test_catalog_091" name="test_catalog[case2]" time="0.011" /><testcase classname="tests.generated.catalog.test_catalog_091" name="test_catalog[case3]" time="0.009" /><testcase classname="tests.generated.checkout.test_checkout_012" name="test_checkout[case0]" time="0.011" /><testcase classname="tests.generated.catalog.test_catalog_113" name="test_catalog[case1]" time="0.005" /><testcase classname="tests.generated.checkout.test_checkout_071" name="test_checkout[case1]" time="0.004" /><testcase classname="tests.generated.catalog.test_catalog_136" name="test_catalog[case0]" time="0.004" /><testcase classname="tests.generated.catalog.test_catalog_113" name="test_catalog[case2]" time="0.004" /><testcase classname="tests.generated.checkout.test_checkout_032" name="test_checkout[case3]" time="0.007" /><testcase classname="tests.generated.catalog.test_catalog_136" name="test_catalog[case1]" time="0.006" /><testcase classname="tests.generated.checkout.test_checkout_012" name="test_checkout[case1]" time="0.004" /><testcase classname="tests.generated.catalog.test_catalog_091" name="test_catalog[case4]" time="0.009" /><testcase classname="tests.generated.catalog.test_catalog_157" name="test_catalog[case4]" time="0.008" /><testcase classname="tests.generated.checkout.test_checkout_071" name="test_checkout[case2]" time="0.009" /><testcase classname="tests.generated.checkout.test_checkout_032" name="test_checkout[case4]" time="0.005" /><testcase classname="tests.generated.checkout.test_checkout_052" name="test_checkout[case5]" time="0.009" /><testcase classname="tests.generated.catalog.test_catalog_113" name="test_catalog[case3]" time="0.004" /><testcase classname="tests.generated.checkout.test_checkout_012" name="test_checkout[case2]" time="0.006" /><testcase classname="tests.generated.catalog.test_catalog_157" name="test_catalog[case5]" time="0.004" /><testcase classname="tests.generated.checkout.test_checkout_032" name="test_checkout[case5]" time="0.005" /><testcase classname="tests.generated.catalog.test_catalog_136" name="test_catalog[case2]" time="0.008" /><testcase classname="tests.generated.catalog.test_catalog_113" name="test_catalog[case4]" time="0.010" /><testcase classname="tests.generated.checkout.test_checkout_052" name="test_checkout[case6]" time="0.017" /><testcase classname="tests.generated.catalog.test_catalog_157" name="test_catalog[case6]" time="0.004" /><testcase classname="tests.generated.checkout.test_checkout_071" name="test_checkout[case3]" time="0.004" /><testcase classname="tests.generated.checkout.test_checkout_012" name="test_checkout[case3]" time="0.016" /><testcase classname="tests.generated.catalog.test_catalog_091" name="test_catalog[case5]" time="0.004" /><testcase classname="tests.generated.checkout.test_checkout_032" name="test_checkout[case6]" time="0.005" /><testcase classname="tests.generated.catalog.test_catalog_157" name="test_catalog[case7]" time="0.006" /><testcase classname="tests.generated.catalog.test_catalog_091" name="test_catalog[case6]" time="0.013" /><testcase classname="tests.generated.catalog.test_catalog_136" name="test_catalog[case3]" time="0.007" /><testcase classname="tests.generated.checkout.test_checkout_071" name="test_checkout[case4]" time="0.009" /><testcase classname="tests.generated.checkout.test_checkout_032" name="test_checkout[case7]" time="0.009" /><testcase classname="tests.generated.catalog.test_catalog_157" name="test_catalog[case8]" time="0.004" /><testcase classname="tests.generated.checkout.test_checkout_052" name="test_checkout[case7]" time="0.006" /><testcase classname="tests.generated.catalog.test_catalog_136" name="test_catalog[case4]" time="0.005" /><testcase classname="tests.generated.checkout.test_checkout_071" name="test_checkout[case5]" time="0.009" /><testcase classname="tests.generated.catalog.test_catalog_157" name="test_catalog[case9]" time="0.006" /><testcase classname="tests.generated.catalog.test_catalog_091" name="test_catalog[case7]" time="0.008" /><testcase classname="tests.generated.catalog.test_catalog_113" name="test_catalog[case5]" time="0.016" /><testcase classname="tests.generated.checkout.test_checkout_012" name="test_checkout[case4]" time="0.006" /><testcase classname="tests.generated.catalog.test_catalog_136" name="test_catalog[case5]" time="0.006" /><testcase classname="tests.generated.checkout.test_checkout_052" name="test_checkout[case8]" time="0.007" /><testcase classname="tests.generated.checkout.test_checkout_032" name="test_checkout[case8]" time="0.006" /><testcase classname="tests.generated.checkout.test_checkout_012" name="test_checkout[case5]" time="0.004" /><testcase classname="tests.generated.catalog.test_catalog_091" name="test_catalog[case8]" time="0.010" /><testcase classname="tests.generated.catalog.test_catalog_158" name="test_catalog[case0]" time="0.005" /><testcase classname="tests.generated.checkout.test_checkout_071" name="test_checkout[case6]" time="0.004" /><testcase classname="tests.generated.catalog.test_catalog_136" name="test_catalog[case6]" time="0.010" /><testcase classname="tests.generated.catalog.test_catalog_113" name="test_catalog[case6]" time="0.012" /><testcase classname="tests.generated.checkout.test_checkout_012" name="test_checkout[case6]" time="0.004" /><testcase classname="tests.generated.checkout.test_checkout_032" name="test_checkout[case9]" time="0.016" /><testcase classname="tests.generated.catalog.test_catalog_091" name="test_catalog[case9]" time="0.006" /><testcase classname="tests.generated.checkout.test_checkout_071" name="test_checkout[case7]" time="0.005" /><testcase classname="tests.generated.catalog.test_catalog_158" name="test_catalog[case1]" time="0.004" /><testcase classname="tests.generated.catalog.test_catalog_092" name="test_catalog[case0]" time="0.005" /><testcase classname="tests.generated.checkout.test_checkout_012" name="test_checkout[case7]" time="0.008" /><testcase classname="tests.generated.checkout.test_checkout_052" name="test_checkout[case9]" time="0.013" /><testcase classname="tests.generated.catalog.test_catalog_158" name="test_catalog[case2]" time="0.005" /><testcase classname="tests.generated.catalog.test_catalog_158" name="test_catalog[case3]" time="0.004" /><testcase classname="tests.generated.checkout.test_checkout_071" name="test_checkout[case8]" time="0.005" /><testcase classname="tests.generated.catalog.test_catalog_136" name="test_catalog[case7]" time="0.007" /><testcase classname="tests.generated.checkout.test_checkout_071" name="test_checkout[case9]" time="0.005" /><testcase classname="tests.generated.checkout.test_checkout_033" name="test_checkout[case0]" time="0.004" /><testcase classname="tests.generated.catalog.test_catalog_092" name="test_catalog[case1]" time="0.005" /><testcase classname="tests.generated.checkout.test_checkout_012" name="test_checkout[case8]" time="0.009" /><testcase classname="tests.generated.checkout.test_checkout_033" name="test_checkout[case1]" time="0.006" /><testcase classname="tests.generated.catalog.test_catalog_092" name="test_catalog[case2]" time="0.004" /><testcase classname="tests.generated.catalog.test_catalog_136" name="test_catalog[case8]" time="0.005" /><testcase classname="tests.generated.checkout.test_checkout_072" name="test_checkout[case0]" time="0.004" /><testcase classname="tests.generated.catalog.test_catalog_158" name="test_catalog[case4]" time="0.008" /><testcase classname="tests.generated.checkout.test_checkout_072" name="test_checkout[case1]" time="0.009" /><testcase classname="tests.generated.catalog.test_catalog_092" name="test_catalog[case3]" time="0.006" /><testcase classname="tests.generated.checkout.test_checkout_012" name="test_checkout[case9]" time="0.004" /><testcase classname="tests.generated.catalog.test_catalog_136" name="test_catalog[case9]" time="0.005" /><testcase classname="tests.generated.checkout.test_checkout_033" name="test_checkout[case2]" time="0.010" /><testcase classname="tests.generated.catalog.test_catalog_113" name="test_catalog[case7]" time="0.014" /><testcase classname="tests.generated.checkout.test_checkout_053" name="test_checkout[case0]" time="0.009" /><testcase classname="tests.generated.checkout.test_checkout_013" name="test_checkout[case0]" time="0.012" /><testcase classname="tests.generated.catalog.test_catalog_158" name="test_catalog[case5]" time="0.007" /><testcase classname="tests.generated.checkout.test_checkout_053" name="test_checkout[case1]" time="0.006" /><testcase classname="tests.generated.catalog.test_catalog_137" name="test_catalog[case0]" time="0.005" /><testcase classname="tests.generated.catalog.test_catalog_113" name="test_catalog[case8]" time="0.005" /><testcase classname="tests.generated.checkout.test_checkout_072" name="test_checkout[case2]" time="0.005" /><testcase classname="tests.generated.catalog.test_catalog_092" name="test_catalog[case4]" time="0.015" /><testcase classname="tests.generated.catalog.test_catalog_113" name="test_catalog[case9]" time="0.005" /><testcase classname="tests.generated.checkout.test_checkout_072" name="test_checkout[case3]" time="0.004" /><testcase classname="tests.generated.catalog.test_catalog_137" name="test_catalog[case1]" time="0.004" /><testcase classname="tests.generated.checkout.test_checkout_013" name="test_checkout[case1]" time="0.004" /><testcase classname="tests.generated.checkout.test_checkout_053" name="test_checkout[case2]" time="0.007" /><testcase classname="tests.generated.catalog.test_catalog_137" name="test_catalog[case2]" time="0.008" /><testcase classname="tests.generated.checkout.test_checkout_033" name="test_checkout[case3]" time="0.013" /><testcase classname="tests.generated.checkout.test_checkout_013" name="test_checkout[case2]" time="0.014" /><testcase classname="tests.generated.checkout.test_checkout_072" name="test_checkout[case4]" time="0.006" /><testcase classname="tests.generated.catalog.test_catalog_092" name="test_catalog[case5]" time="0.005" /><testcase classname="tests.generated.catalog.test_catalog_158" name="test_catalog[case6]" time="0.008" /><testcase classname="tests.generated.checkout.test_checkout_053" name="test_checkout[case3]" time="0.006" /><testcase classname="tests.generated.catalog.test_catalog_137" name="test_catalog[case3]" time="0.005" /><testcase classname="tests.generated.catalog.test_catalog_114" name="test_catalog[case0]" time="0.005" /><testcase classname="tests.generated.catalog.test_catalog_092" name="test_catalog[case6]" time="0.005" /><testcase classname="tests.generated.checkout.test_checkout_053" name="test_checkout[case4]" time="0.005" /><testcase classname="tests.generated.catalog.test_catalog_114" name="test_catalog[case1]" time="0.005" /><testcase classname="tests.generated.checkout.test_checkout_033" name="test_checkout[case4]" time="0.004" /><testcase classname="tests.generated.checkout.test_checkout_033" name="test_checkout[case5]" time="0.005" /><testcase classname="tests.generated.checkout.test_checkout_072" name="test_checkout[case5]" time="0.005" /><testcase classname="tests.generated.checkout.test_checkout_072" name="test_checkout[case6]" time="0.004" /><testcase classname="tests.generated.catalog.test_catalog_092" name="test_catalog[case7]" time="0.009" /><testcase classname="tests.generated.catalog.test_catalog_158" name="test_catalog[case7]" time="0.015" /><testcase classname="tests.generated.checkout.test_checkout_033" name="test_checkout[case6]" time="0.004" /><testcase classname="tests.generated.checkout.test_checkout_053" name="test_checkout[case5]" time="0.005" /><testcase classname="tests.generated.checkout.test_checkout_013" name="test_checkout[case3]" time="0.010" /><testcase classname="tests.generated.catalog.test_catalog_114" name="test_catalog[case2]" time="0.004" /><testcase classname="tests.generated.catalog.test_catalog_137" name="test_catalog[case4]" time="0.019" /><testcase classname="tests.generated.checkout.test_checkout_053" name="test_checkout[case6]" time="0.004" /><testcase classname="tests.generated.catalog.test_catalog_092" name="test_catalog[case8]" time="0.004" /><testcase classname="tests.generated.catalog.test_catalog_114" name="test_catalog[case3]" time="0.007" /><testcase classname="tests.generated.checkout.test_checkout_033" name="test_checkout[case7]" time="0.004" /><testcase classname="tests.generated.checkout.test_checkout_072" name="test_checkout[case7]" time="0.009" /><testcase classname="tests.generated.checkout.test_checkout_053" name="test_checkout[case7]" time="0.007" /><testcase classname="tests.generated.catalog.test_catalog_092" name="test_catalog[case9]" time="0.005" /><testcase classname="tests.generated.catalog.test_catalog_158" name="test_catalog[case8]" time="0.010" /><testcase classname="tests.generated.checkout.test_checkout_013" name="test_checkout[case4]" time="0.005" /><testcase classname="tests.generated.checkout.test_checkout_033" name="test_checkout[case8]" time="0.009" /><testcase classname="tests.generated.checkout.test_checkout_072" name="test_checkout[case8]" time="0.004" /><testcase classname="tests.generated.catalog.test_catalog_093" name="test_catalog[case0]" time="0.007" /><testcase classname="tests.generated.catalog.test_catalog_114" name="test_catalog[case4]" time="0.004" /><testcase classname="tests.generated.checkout.test_checkout_013" name="test_checkout[case5]" time="0.004" /><testcase classname="tests.generated.checkout.test_checkout_013" name="test_checkout[case6]" time="0.004" /><testcase classname="tests.generated.catalog.test_catalog_137" name="test_catalog[case5]" time="0.011" /><testcase classname="tests.generated.catalog.test_catalog_114" name="test_catalog[case5]" time="0.004" /><testcase classname="tests.generated.checkout.test_checkout_053" name="test_checkout[case8]" time="0.010" /><testcase classname="tests.generated.catalog.test_catalog_114" name="test_catalog[case6]" time="0.004" /><testcase classname="tests.generated.catalog.test_catalog_158" name="test_catalog[case9]" time="0.004" /><testcase classname="tests.generated.checkout.test_checkout_072" name="test_checkout[case9]" time="0.005" /><testcase classname="tests.generated.catalog.test_catalog_093" name="test_catalog[case1]" time="0.005" /><testcase classname="tests.generated.checkout.test_checkout_033" name="test_checkout[case9]" time="0.010" /><testcase classname="tests.generated.catalog.test_catalog_159" name="test_catalog[case0]" time="0.004" /><testcase classname="tests.generated.checkout.test_checkout_073" name="test_checkout[case0]" time="0.004" /><testcase classname="tests.generated.catalog.test_catalog_093" name="test_catalog[case2]" time="0.004" /><testcase classname="tests.generated.catalog.test_catalog_114" name="test_catalog[case7]" time="0.004" /><testcase classname="tests.generated.checkout.test_checkout_013" name="test_checkout[case7]" time="0.004" /><testcase classname="tests.generated.checkout.test_checkout_034" name="test_checkout[case0]" time="0.007" /><testcase classname="tests.generated.catalog.test_catalog_137" name="test_catalog[case6]" time="0.024" /><testcase classname="tests.generated.catalog.test_catalog_114" name="test_catalog[case8]" time="0.021" /><testcase classname="tests.generated.checkout.test_checkout_013" name="test_checkout[case8]" time="0.005" /><testcase classname="tests.generated.catalog.test_catalog_093" name="test_catalog[case3]" time="0.020" /><testcase classname="tests.generated.catalog.test_catalog_159" name="test_catalog[case1]" time="0.007" /><testcase classname="tests.generated.checkout.test_checkout_073" name="test_checkout[case1]" time="0.004" /><testcase classname="tests.generated.checkout.test_checkout_013" name="test_checkout[case9]" time="0.006" /><testcase classname="tests.generated.checkout.test_checkout_034" name="test_checkout[case1]" time="0.005" /><testcase classname="tests.generated.catalog.test_catalog_159" name="test_catalog[case2]" time="0.004" /><testcase classname="tests.generated.checkout.test_checkout_053" name="test_checkout[case9]" time="0.014" /><testcase classname="tests.generated.checkout.test_checkout_073" name="test_checkout[case2]" time="0.004" /><testcase classname="tests.generated.checkout.test_checkout_034" name="test_checkout[case2]" time="0.007" /><testcase classname="tests.generated.catalog.test_catalog_159" name="test_catalog[case3]" time="0.004" /><testcase classname="tests.generated.checkout.test_checkout_014" name="test_checkout[case0]" time="0.007" /><testcase classname="tests.generated.checkout.test_checkout_073" name="test_checkout[case3]" time="0.004" /><testcase classname="tests.generated.catalog.test_catalog_137" name="test_catalog[case7]" time="0.006" /><testcase classname="tests.generated.catalog.test_catalog_114" name="test_catalog[case9]" time="0.009" /><testcase classname="tests.generated.catalog.test_catalog_159" name="test_catalog[case4]" time="0.004" /><testcase classname="tests.generated.catalog.test_catalog_093" name="test_catalog[case4]" time="0.007" /><testcase classname="tests.generated.checkout.test_checkout_014" name="test_checkout[case1]" time="0.004" /><testcase classname="tests.generated.checkout.test_checkout_034" name="test_checkout[case3]" time="0.007" /><testcase classname="tests.generated.checkout.test_checkout_073" name="test_checkout[case4]" time="0.005" /><testcase classname="tests.generated.catalog.test_catalog_159" name="test_catalog[case5]" time="0.009" /><testcase classname="tests.generated.catalog.test_catalog_137" name="test_catalog[case8]" time="0.009" /><testcase classname="tests.generated.checkout.test_checkout_034" name="test_checkout[case4]" time="0.004" /><testcase classname="tests.generated.checkout.test_checkout_014" name="test_checkout[case2]" time="0.009" /><testcase classname="tests.generated.checkout.test_checkout_073" name="test_checkout[case5]" time="0.005" /><testcase classname="tests.generated.checkout.test_checkout_054" name="test_checkout[case0]" time="0.004" /><testcase classname="tests.generated.catalog.test_catalog_115" name="test_catalog[case0]" time="0.012" /><testcase classname="tests.generated.catalog.test_catalog_093" name="test_catalog[case5]" time="0.004" /><testcase classname="tests.generated.catalog.test_catalog_093" name="test_catalog[case6]" time="0.007" /><testcase classname="tests.generated.catalog.test_catalog_137" name="test_catalog[case9]" time="0.009" /><testcase classname="tests.generated.catalog.test_catalog_159" name="test_catalog[case6]" time="0.010" /><testcase classname="tests.generated.checkout.test_checkout_054" name="test_checkout[case1]" time="0.007" /><testcase classname="tests.generated.checkout.test_checkout_014" name="test_checkout[case3]" time="0.004" /><testcase classname="tests.generated.catalog.test_catalog_115" name="test_catalog[case1]" time="0.018" /><testcase classname="tests.generated.checkout.test_checkout_073" name="test_checkout[case6]" time="0.009" /><testcase classname="tests.generated.checkout.test_checkout_034" name="test_checkout[case5]" time="0.005" /><testcase classname="tests.generated.checkout.test_checkout_014" name="test_checkout[case4]" time="0.004" /><testcase classname="tests.generated.catalog.test_catalog_159" name="test_catalog[case7]" time="0.011" /><testcase classname="tests.generated.catalog.test_catalog_093" name="test_catalog[case7]" time="0.008" /><testcase classname="tests.generated.checkout.test_checkout_073" name="test_checkout[case7]" time="0.005" /><testcase classname="tests.generated.checkout.test_checkout_034" name="test_checkout[case6]" time="0.005" /><testcase classname="tests.generated.checkout.test_checkout_054" name="test_checkout[case2]" time="0.004" /><testcase classname="tests.generated.checkout.test_checkout_034" name="test_checkout[case7]" time="0.004" /><testcase classname="tests.generated.checkout.test_checkout_054" name="test_checkout[case3]" time="0.004" /><testcase classname="tests.generated.catalog.test_catalog_138" name="test_catalog[case0]" time="0.005" /><testcase classname="tests.generated.checkout.test_checkout_073" name="test_checkout[case8]" time="0.005" /><testcase classname="tests.generated.catalog.test_catalog_093" name="test_catalog[case8]" time="0.008" /><testcase classname="tests.generated.checkout.test_checkout_014" name="test_checkout[case5]" time="0.004" /><testcase classname="tests.generated.checkout.test_checkout_054" name="test_checkout[case4]" time="0.004" /><testcase classname="tests.generated.checkout.test_checkout_034" name="test_checkout[case8]" time="0.004" /><testcase classname="tests.generated.checkout.test_checkout_014" name="test_checkout[case6]" time="0.004" /><testcase classname="tests.generated.catalog.test_catalog_138" name="test_catalog[case1]" time="0.004" /><testcase classname="tests.generated.checkout.test_checkout_073" name="test_checkout[case9]" time="0.014" /><testcase classname="tests.generated.catalog.test_catalog_115" name="test_catalog[case2]" time="0.013" /><testcase classname="tests.generated.checkout.test_checkout_054" name="test_checkout[case5]" time="0.007" /><testcase classname="tests.generated.catalog.test_catalog_093" name="test_catalog[case9]" time="0.004" /><testcase classname="tests.generated.checkout.test_checkout_034" name="test_checkout[case9]" time="0.005" /><testcase classname="tests.generated.checkout.test_checkout_014" name="test_checkout[case7]" time="0.004" /><testcase classname="tests.generated.catalog.test_catalog_159" name="test_catalog[case8]" time="0.012" /><testcase classname="tests.generated.catalog.test_catalog_138" name="test_catalog[case2]" time="0.010" /><testcase classname="tests.generated.checkout.test_checkout_035" name="test_checkout[case0]" time="0.004" /><testcase classname="tests.generated.checkout.test_checkout_014" name="test_checkout[case8]" time="0.005" /><testcase classname="tests.generated.checkout.test_checkout_074" name="test_checkout[case0]" time="0.005" /><testcase classname="tests.generated.catalog.test_catalog_094" name="test_catalog[case0]" time="0.010" /><testcase classname="tests.generated.checkout.test_checkout_014" name="test_checkout[case9]" time="0.006" /><testcase classname="tests.generated.catalog.test_catalog_159" name="test_catalog[case9]" time="0.006" /><testcase classname="tests.generated.catalog.test_catalog_138" name="test_catalog[case3]" time="0.009" /><testcase classname="tests.generated.checkout.test_checkout_035" name="test_checkout[case1]" time="0.005" /><testcase classname="tests.generated.checkout.test_checkout_054" name="test_checkout[case6]" time="0.015" /><testcase classname="tests.generated.catalog.test_catalog_115" name="test_catalog[case3]" time="0.004" /><testcase classname="tests.generated.checkout.test_checkout_035" name="test_checkout[case2]" time="0.005" /><testcase classname="tests.generated.catalog.test_catalog_160" name="test_catalog[case0]" time="0.004" /><testcase classname="tests.generated.catalog.test_catalog_094" name="test_catalog[case1]" time="0.004" /><testcase classname="tests.generated.catalog.test_catalog_115" name="test_catalog[case4]" time="0.008" /><testcase classname="tests.generated.checkout.test_checkout_015" name="test_checkout[case0]" time="0.009" /><testcase classname="tests.generated.checkout.test_checkout_074" name="test_checkout[case1]" time="0.015" /><testcase classname="tests.generated.checkout.test_checkout_035" name="test_checkout[case3]" time="0.004" /><testcase classname="tests.generated.catalog.test_catalog_094" name="test_catalog[case2]" time="0.004" /><testcase classname="tests.generated.catalog.test_catalog_160" name="test_catalog[case1]" time="0.011" /><testcase classname="tests.generated.catalog.test_catalog_115" name="test_catalog[case5]" time="0.022" /><testcase classname="tests.generated.checkout.test_checkout_054" name="test_checkout[case7]" time="0.023" /><testcase classname="tests.generated.catalog.test_catalog_138" name="test_catalog[case4]" time="0.014" /><testcase classname="tests.generated.checkout.test_checkout_074" name="test_checkout[case2]" time="0.004" /><testcase classname="tests.generated.catalog.test_catalog_094" name="test_catalog[case3]" time="0.008" /><testcase classname="tests.generated.checkout.test_checkout_015" name="test_checkout[case1]" time="0.006" /><testcase classname="tests.generated.catalog.test_catalog_160" name="test_catalog[case2]" time="0.016" /><testcase classname="tests.generated.catalog.test_catalog_138" name="test_catalog[case5]" time="0.012" /><testcase classname="tests.generated.catalog.test_catalog_094" name="test_catalog[case4]" time="0.010" /><testcase classname="tests.generated.checkout.test_checkout_074" name="test_checkout[case3]" time="0.005" /><testcase classname="tests.generated.checkout.test_checkout_035" name="test_checkout[case4]" time="0.017" /><testcase classname="tests.generated.checkout.test_checkout_074" name="test_checkout[case4]" time="0.016" /><testcase classname="tests.generated.catalog.test_catalog_094" name="test_catalog[case5]" time="0.005" /><testcase classname="tests.generated.catalog.test_catalog_138" name="test_catalog[case6]" time="0.004" /><testcase classname="tests.generated.checkout.test_checkout_015" name="test_checkout[case2]" time="0.007" /><testcase classname="tests.generated.catalog.test_catalog_115" name="test_catalog[case6]" time="0.012" /><testcase classname="tests.generated.checkout.test_checkout_054" name="test_checkout[case8]" time="0.012" /><testcase classname="tests.generated.catalog.test_catalog_160" name="test_catalog[case3]" time="0.005" /><testcase classname="tests.generated.catalog.test_catalog_138" name="test_catalog[case7]" time="0.007" /><testcase classname="tests.generated.catalog.test_catalog_094" name="test_catalog[case6]" time="0.006" /><testcase classname="tests.generated.checkout.test_checkout_015" name="test_checkout[case3]" time="0.005" /><testcase classname="tests.generated.catalog.test_catalog_160" name="test_catalog[case4]" time="0.004" /><testcase classname="tests.generated.checkout.test_checkout_074" name="test_checkout[case5]" time="0.005" /><testcase classname="tests.generated.catalog.test_catalog_115" name="test_catalog[case7]" time="0.008" /><testcase classname="tests.generated.checkout.test_checkout_015" name="test_checkout[case4]" time="0.004" /><testcase classname="tests.generated.catalog.test_catalog_094" name="test_catalog[case7]" time="0.005" /><testcase classname="tests.generated.checkout.test_checkout_074" name="test_checkout[case6]" time="0.004" /><testcase classname="tests.generated.checkout.test_checkout_054" name="test_checkout[case9]" time="0.009" /><testcase classname="tests.generated.catalog.test_catalog_115" name="test_catalog[case8]" time="0.023" /><testcase classname="tests.generated.catalog.test_catalog_160" name="test_catalog[case5]" time="0.010" /><testcase classname="tests.generated.checkout.test_checkout_035" name="test_checkout[case5]" time="0.017" /><testcase classname="tests.generated.catalog.test_catalog_094" name="test_catalog[case8]" time="0.008" /><testcase classname="tests.generated.checkout.test_checkout_015" name="test_checkout[case5]" time="0.004" /><testcase classname="tests.generated.checkout.test_checkout_074" name="test_checkout[case7]" time="0.004" /><testcase classname="tests.generated.catalog.test_catalog_138" name="test_catalog[case8]" time="0.012" /><testcase classname="tests.generated.checkout.test_checkout_015" name="test_checkout[case6]" time="0.005" /><testcase classname="tests.generated.checkout.test_checkout_055" name="test_checkout[case0]" time="0.005" /><testcase classname="tests.generated.catalog.test_catalog_094" name="test_catalog[case9]" time="0.005" /><testcase classname="tests.generated.checkout.test_checkout_015" name="test_checkout[case7]" time="0.004" /><testcase classname="tests.generated.catalog.test_catalog_138" name="test_catalog[case9]" time="0.004" /><testcase classname="tests.generated.catalog.test_catalog_160" name="test_catalog[case6]" time="0.018" /><testcase classname="tests.generated.checkout.test_checkout_074" name="test_checkout[case8]" time="0.009" /><testcase classname="tests.generated.checkout.test_checkout_055" name="test_checkout[case1]" time="0.010" /><testcase classname="tests.generated.checkout.test_checkout_035" name="test_checkout[case6]" time="0.011" /><testcase classname="tests.generated.checkout.test_checkout_015" name="test_checkout[case8]" time="0.004" /><testcase classname="tests.generated.catalog.test_catalog_095" name="test_catalog[case0]" time="0.005" /><testcase classname="tests.generated.checkout.test_checkout_015" name="test_checkout[case9]" time="0.007" /><testcase classname="tests.generated.catalog.test_catalog_139" name="test_catalog[case0]" time="0.004" /><testcase classname="tests.generated.catalog.test_catalog_115" name="test_catalog[case9]" time="0.008" /><testcase classname="tests.generated.catalog.test_catalog_095" name="test_catalog[case1]" time="0.007" /><testcase classname="tests.generated.checkout.test_checkout_055" name="test_checkout[case2]" time="0.005" /><testcase classname="tests.generated.catalog.test_catalog_139" name="test_catalog[case1]" time="0.010" /><testcase classname="tests.generated.checkout.test_checkout_074" name="test_checkout[case9]" time="0.011" /><testcase classname="tests.generated.catalog.test_catalog_160" name="test_catalog[case7]" time="0.007" /><testcase classname="tests.generated.catalog.test_catalog_116" name="test_catalog[case0]" time="0.005" /><testcase classname="tests.generated.catalog.test_catalog_095" name="test_catalog[case2]" time="0.005" /><testcase classname="tests.generated.checkout.test_checkout_035" name="test_checkout[case7]" time="0.005" /><testcase classname="tests.generated.checkout.test_checkout_055" name="test_checkout[case3]" time="0.006" /><testcase classname="tests.generated.catalog.test_catalog_116" name="test_catalog[case1]" time="0.005" /><testcase classname="tests.generated.checkout.test_checkout_035" name="test_checkout[case8]" time="0.006" /><testcase classname="tests.generated.catalog.test_catalog_160" name="test_catalog[case8]" time="0.004" /><testcase classname="tests.generated.checkout.test_checkout_055" name="test_checkout[case4]" time="0.010" /><testcase classname="tests.generated.checkout.test_checkout_016" name="test_checkout[case0]" time="0.006" /><testcase classname="tests.generated.catalog.test_catalog_160" name="test_catalog[case9]" time="0.004" /><testcase classname="tests.generated.catalog.test_catalog_095" name="test_catalog[case3]" time="0.011" /><testcase classname="tests.generated.catalog.test_catalog_116" name="test_catalog[case2]" time="0.009" /><testcase classname="tests.generated.checkout.test_checkout_035" name="test_checkout[case9]" time="0.004" /><testcase classname="tests.generated.checkout.test_checkout_075" name="test_checkout[case0]" time="0.009" /><testcase classname="tests.generated.catalog.test_catalog_139" name="test_catalog[case2]" time="0.005" /><testcase classname="tests.generated.catalog.test_catalog_139" name="test_catalog[case3]" time="0.004" /><testcase classname="tests.generated.checkout.test_checkout_036" name="test_checkout[case0]" time="0.004" /><testcase classname="tests.generated.catalog.test_catalog_116" name="test_catalog[case3]" time="0.005" /><testcase classname="tests.generated.catalog.test_catalog_161" name="test_catalog[case0]" time="0.005" /><testcase classname="tests.generated.checkout.test_checkout_055" name="test_checkout[case5]" time="0.005" /><testcase classname="tests.generated.checkout.test_checkout_016" name="test_checkout[case1]" time="0.006" /><testcase classname="tests.generated.checkout.test_checkout_036" name="test_checkout[case1]" time="0.016" /><testcase classname="tests.generated.catalog.test_catalog_139" name="test_catalog[case4]" time="0.004" /><testcase classname="tests.generated.catalog.test_catalog_095" name="test_catalog[case4]" time="0.006" /><testcase classname="tests.generated.catalog.test_catalog_161" name="test_catalog[case1]" time="0.009" /><testcase classname="tests.generated.checkout.test_checkout_075" name="test_checkout[case1]" time="0.004" /><testcase classname="tests.generated.catalog.test_catalog_139" name="test_catalog[case5]" time="0.011" /><testcase classname="tests.generated.checkout.test_checkout_016" name="test_checkout[case2]" time="0.004" /><testcase classname="tests.generated.checkout.test_checkout_055" name="test_checkout[case6]" time="0.008" /><testcase classname="tests.generated.catalog.test_catalog_116" name="test_catalog[case4]" time="0.008" /><testcase classname="tests.generated.checkout.test_checkout_075" name="test_checkout[case2]" time="0.004" /><testcase classname="tests.generated.catalog.test_catalog_095" name="test_catalog[case5]" time="0.005" /><testcase classname="tests.generated.checkout.test_checkout_016" name="test_checkout[case3]" time="0.004" /><testcase classname="tests.generated.checkout.test_checkout_036" name="test_checkout[case2]" time="0.004" /><testcase classname="tests.generated.checkout.test_checkout_075" name="test_checkout[case3]" time="0.006" /><testcase classname="tests.generated.catalog.test_catalog_161" name="test_catalog[case2]" time="0.009" /><testcase classname="tests.generated.catalog.test_catalog_095" name="test_catalog[case6]" time="0.006" /><testcase classname="tests.generated.catalog.test_catalog_139" name="test_catalog[case6]" time="0.008" /><testcase classname="tests.generated.catalog.test_catalog_116" name="test_catalog[case5]" time="0.004" /><testcase classname="tests.generated.checkout.test_checkout_016" name="test_checkout[case4]" time="0.008" /><testcase classname="tests.generated.checkout.test_checkout_036" name="test_checkout[case3]" time="0.004" /><testcase classname="tests.generated.checkout.test_checkout_075" name="test_checkout[case4]" time="0.005" /><testcase classname="tests.generated.checkout.test_checkout_036" name="test_checkout[case4]" time="0.009" /><testcase classname="tests.generated.checkout.test_checkout_055" name="test_checkout[case7]" time="0.013" /><testcase classname="tests.generated.catalog.test_catalog_116" name="test_catalog[case6]" time="0.009" /><testcase classname="tests.generated.catalog.test_catalog_161" name="test_catalog[case3]" time="0.004" /><testcase classname="tests.generated.checkout.test_checkout_016" name="test_checkout[case5]" time="0.008" /><testcase classname="tests.generated.catalog.test_catalog_095" name="test_catalog[case7]" time="0.009" /><testcase classname="tests.generated.checkout.test_checkout_075" name="test_checkout[case5]" time="0.004" /><testcase classname="tests.generated.catalog.test_catalog_139" name="test_catalog[case7]" time="0.014" /><testcase classname="tests.generated.catalog.test_catalog_116" name="test_catalog[case7]" time="0.004" /><testcase classname="tests.generated.catalog.test_catalog_161" name="test_catalog[case4]" time="0.007" /><testcase classname="tests.generated.checkout.test_checkout_055" name="test_checkout[case8]" time="0.011" /><testcase classname="tests.generated.checkout.test_checkout_016" name="test_checkout[case6]" time="0.013" /><testcase classname="tests.generated.catalog.test_catalog_161" name="test_catalog[case5]" time="0.005" /><testcase classname="tests.generated.checkout.test_checkout_075" name="test_checkout[case6]" time="0.004" /><testcase classname="tests.generated.catalog.test_catalog_116" name="test_catalog[case8]" time="0.027" /><testcase classname="tests.generated.catalog.test_catalog_161" name="test_catalog[case6]" time="0.004" /><testcase classname="tests.generated.checkout.test_checkout_075" name="test_checkout[case7]" time="0.010" /><testcase classname="tests.generated.catalog.test_catalog_139" name="test_catalog[case8]" time="0.025" /><testcase classname="tests.generated.catalog.test_catalog_095" name="test_catalog[case8]" time="0.007" /><testcase classname="tests.generated.checkout.test_checkout_036" name="test_checkout[case5]" time="0.008" /><testcase classname="tests.generated.checkout.test_checkout_036" name="test_checkout[case6]" time="0.004" /><testcase classname="tests.generated.checkout.test_checkout_055" name="test_checkout[case9]" time="0.004" /><testcase classname="tests.generated.checkout.test_checkout_016" name="test_checkout[case7]" time="0.009" /><testcase classname="tests.generated.catalog.test_catalog_161" name="test_catalog[case7]" time="0.004" /><testcase classname="tests.generated.catalog.test_catalog_095" name="test_catalog[case9]" time="0.016" /><testcase classname="tests.generated.checkout.test_checkout_075" name="test_checkout[case8]" time="0.004" /><testcase classname="tests.generated.checkout.test_checkout_075" name="test_checkout[case9]" time="0.004" /><testcase classname="tests.generated.catalog.test_catalog_161" name="test_catalog[case8]" time="0.006" /><testcase classname="tests.generated.checkout.test_checkout_036" name="test_checkout[case7]" time="0.010" /><testcase classname="tests.generated.checkout.test_checkout_056" name="test_checkout[case0]" time="0.004" /><testcase classname="tests.generated.catalog.test_catalog_116" name="test_catalog[case9]" time="0.005" /><testcase classname="tests.generated.checkout.test_checkout_076" name="test_checkout[case0]" time="0.004" /><testcase classname="tests.generated.checkout.test_checkout_016" name="test_checkout[case8]" time="0.010" /><testcase classname="tests.generated.catalog.test_catalog_139" name="test_catalog[case9]" time="0.005" /><testcase classname="tests.generated.checkout.test_checkout_036" name="test_checkout[case8]" time="0.005" /><testcase classname="tests.generated.catalog.test_catalog_117" name="test_catalog[case0]" time="0.005" /><testcase classname="tests.generated.checkout.test_checkout_076" name="test_checkout[case1]" time="0.004" /><testcase classname="tests.generated.catalog.test_catalog_096" name="test_catalog[case0]" time="0.009" /><testcase classname="tests.generated.catalog.test_catalog_140" name="test_catalog[case0]" time="0.004" /><testcase classname="tests.generated.catalog.test_catalog_161" name="test_catalog[case9]" time="0.004" /><testcase classname="tests.generated.checkout.test_checkout_016" name="test_checkout[case9]" time="0.005" /><testcase classname="tests.generated.checkout.test_checkout_076" name="test_checkout[case2]" time="0.004" /><testcase classname="tests.generated.checkout.test_checkout_036" name="test_checkout[case9]" time="0.014" /><testcase classname="tests.generated.checkout.test_checkout_056" name="test_checkout[case1]" time="0.022" /><testcase classname="tests.generated.catalog.test_catalog_162" name="test_catalog[case0]" time="0.004" /><testcase classname="tests.generated.checkout.test_checkout_017" name="test_checkout[case0]" time="0.005" /><testcase classname="tests.generated.catalog.test_catalog_140" name="test_catalog[case1]" time="0.005" /><testcase classname="tests.generated.checkout.test_checkout_076" name="test_checkout[case3]" time="0.005" /><testcase classname="tests.generated.catalog.test_catalog_140" name="test_catalog[case2]" time="0.004" /><testcase classname="tests.generated.catalog.test_catalog_096" name="test_catalog[case1]" time="0.008" /><testcase classname="tests.generated.catalog.test_catalog_162" name="test_catalog[case1]" time="0.007" /><testcase classname="tests.generated.checkout.test_checkout_037" name="test_checkout[case0]" time="0.009" /><testcase classname="tests.generated.checkout.test_checkout_076" name="test_checkout[case4]" time="0.016" /><testcase classname="tests.generated.catalog.test_catalog_117" name="test_catalog[case1]" time="0.010" /><testcase classname="tests.generated.catalog.test_catalog_140" name="test_catalog[case3]" time="0.004" /><testcase classname="tests.generated.checkout.test_checkout_017" name="test_checkout[case1]" time="0.006" /><testcase classname="tests.generated.catalog.test_catalog_162" name="test_catalog[case2]" time="0.017" /><testcase classname="tests.generated.checkout.test_checkout_056" name="test_checkout[case2]" time="0.006" /><testcase classname="tests.generated.catalog.test_catalog_096" name="test_catalog[case2]" time="0.004" /><testcase classname="tests.generated.catalog.test_catalog_117" name="test_catalog[case2]" time="0.005" /><testcase classname="tests.generated.catalog.test_catalog_140" name="test_catalog[case4]" time="0.009" /><testcase classname="tests.generated.checkout.test_checkout_056" name="test_checkout[case3]" time="0.006" /><testcase classname="tests.generated.catalog.test_catalog_117" name="test_catalog[case3]" time="0.009" /><testcase classname="tests.generated.checkout.test_checkout_017" name="test_checkout[case2]" time="0.004" /><testcase classname="tests.generated.catalog.test_catalog_096" name="test_catalog[case3]" time="0.009" /><testcase classname="tests.generated.checkout.test_checkout_037" name="test_checkout[case1]" time="0.014" /><testcase classname="tests.generated.checkout.test_checkout_017" name="test_checkout[case3]" time="0.004" /><testcase classname="tests.generated.checkout.test_checkout_076" name="test_checkout[case5]" time="0.006" /><testcase classname="tests.generated.checkout.test_checkout_056" name="test_checkout[case4]" time="0.007" /><testcase classname="tests.generated.catalog.test_catalog_140" name="test_catalog[case5]" time="0.010" /><testcase classname="tests.generated.checkout.test_checkout_017" name="test_checkout[case4]" time="0.004" /><testcase classname="tests.generated.catalog.test_catalog_096" name="test_catalog[case4]" time="0.004" /><testcase classname="tests.generated.checkout.test_checkout_037" name="test_checkout[case2]" time="0.004" /><testcase classname="tests.generated.catalog.test_catalog_162" name="test_catalog[case3]" time="0.012" /><testcase classname="tests.generated.catalog.test_catalog_117" name="test_catalog[case4]" time="0.004" /><testcase classname="tests.generated.checkout.test_checkout_076" name="test_checkout[case6]" time="0.015" /><testcase classname="tests.generated.checkout.test_checkout_017" name="test_checkout[case5]" time="0.006" /><testcase classname="tests.generated.checkout.test_checkout_056" name="test_checkout[case5]" time="0.005" /><testcase classname="tests.generated.catalog.test_catalog_117" name="test_catalog[case5]" time="0.004" /><testcase classname="tests.generated.checkout.test_checkout_037" name="test_checkout[case3]" time="0.004" /><testcase classname="tests.generated.checkout.test_checkout_056" name="test_checkout[case6]" time="0.005" /><testcase classname="tests.generated.catalog.test_catalog_140" name="test_catalog[case6]" time="0.008" /><testcase classname="tests.generated.catalog.test_catalog_162" name="test_catalog[case4]" time="0.004" /><testcase classname="tests.generated.checkout.test_checkout_037" name="test_checkout[case4]" time="0.004" /><testcase classname="tests.generated.catalog.test_catalog_117" name="test_catalog[case6]" time="0.008" /><testcase classname="tests.generated.checkout.test_checkout_056" name="test_checkout[case7]" time="0.004" /><testcase classname="tests.generated.checkout.test_checkout_076" name="test_checkout[case7]" time="0.008" /><testcase classname="tests.generated.catalog.test_catalog_096" name="test_catalog[case5]" time="0.009" /><testcase classname="tests.generated.checkout.test_checkout_037" name="test_checkout[case5]" time="0.004" /><testcase classname="tests.generated.catalog.test_catalog_140" name="test_catalog[case7]" time="0.004" /><testcase classname="tests.generated.checkout.test_checkout_017" name="test_checkout[case6]" time="0.004" /><testcase classname="tests.generated.checkout.test_checkout_056" name="test_checkout[case8]" time="0.013" /><testcase classname="tests.generated.catalog.test_catalog_162" name="test_catalog[case5]" time="0.006" /><testcase classname="tests.generated.checkout.test_checkout_076" name="test_checkout[case8]" time="0.008" /><testcase classname="tests.generated.catalog.test_catalog_096" name="test_catalog[case6]" time="0.005" /><testcase classname="tests.generated.checkout.test_checkout_017" name="test_checkout[case7]" time="0.005" /><testcase classname="tests.generated.catalog.test_catalog_140" name="test_catalog[case8]" time="0.007" /><testcase classname="tests.generated.catalog.test_catalog_162" name="test_catalog[case6]" time="0.004" /><testcase classname="tests.generated.checkout.test_checkout_037" name="test_checkout[case6]" time="0.011" /><testcase classname="tests.generated.catalog.test_catalog_117" name="test_catalog[case7]" time="0.013" /><testcase classname="tests.generated.checkout.test_checkout_017" name="test_checkout[case8]" time="0.007" /><testcase classname="tests.generated.catalog.test_catalog_162" name="test_catalog[case7]" time="0.006" /><testcase classname="tests.generated.catalog.test_catalog_140" name="test_catalog[case9]" time="0.004" /><testcase classname="tests.generated.catalog.test_catalog_096" name="test_catalog[case7]" time="0.012" /><testcase classname="tests.generated.catalog.test_catalog_117" name="test_catalog[case8]" time="0.005" /><testcase classname="tests.generated.checkout.test_checkout_076" name="test_checkout[case9]" time="0.012" /><testcase classname="tests.generated.checkout.test_checkout_056" name="test_checkout[case9]" time="0.005" /><testcase classname="tests.generated.catalog.test_catalog_141" name="test_catalog[case0]" time="0.015" /><testcase classname="tests.generated.checkout.test_checkout_017" name="test_checkout[case9]" time="0.004" /><testcase classname="tests.generated.checkout.test_checkout_018" name="test_checkout[case0]" time="0.008" /><testcase classname="tests.generated.catalog.test_catalog_162" name="test_catalog[case8]" time="0.010" /><testcase classname="tests.generated.catalog.test_catalog_117" name="test_catalog[case9]" time="0.004" /><testcase classname="tests.generated.checkout.test_checkout_037" name="test_checkout[case7]" time="0.005" /><testcase classname="tests.generated.checkout.test_checkout_057" name="test_checkout[case0]" time="0.009" /><testcase classname="tests.generated.checkout.test_checkout_077" name="test_checkout[case0]" time="0.007" /><testcase classname="tests.generated.catalog.test_catalog_118" name="test_catalog[case0]" time="0.005" /><testcase classname="tests.generated.catalog.test_catalog_096" name="test_catalog[case8]" time="0.005" /><testcase classname="tests.generated.checkout.test_checkout_037" name="test_checkout[case8]" time="0.005" /><testcase classname="tests.generated.catalog.test_catalog_162" name="test_catalog[case9]" time="0.008" /><testcase classname="tests.generated.catalog.test_catalog_096" name="test_catalog[case9]" time="0.005" /><testcase classname="tests.generated.checkout.test_checkout_077" name="test_checkout[case1]" time="0.004" /><testcase classname="tests.generated.checkout.test_checkout_018" name="test_checkout[case1]" time="0.005" /><testcase classname="tests.generated.catalog.test_catalog_141" name="test_catalog[case1]" time="0.005" /><testcase classname="tests.generated.checkout.test_checkout_037" name="test_checkout[case9]" time="0.004" /><testcase classname="tests.generated.checkout.test_checkout_057" name="test_checkout[case1]" time="0.011" /><testcase classname="tests.generated.checkout.test_checkout_018" name="test_checkout[case2]" time="0.004" /><testcase classname="tests.generated.catalog.test_catalog_118" name="test_catalog[case1]" time="0.010" /><testcase classname="tests.generated.checkout.test_checkout_077" name="test_checkout[case2]" time="0.005" /><testcase classname="tests.generated.catalog.test_catalog_163" name="test_catalog[case0]" time="0.007" /><testcase classname="tests.generated.checkout.test_checkout_077" name="test_checkout[case3]" time="0.004" /><testcase classname="tests.generated.checkout.test_checkout_038" name="test_checkout[case0]" time="0.009" /><testcase classname="tests.generated.catalog.test_catalog_097" name="test_catalog[case0]" time="0.011" /><testcase classname="tests.generated.checkout.test_checkout_018" name="test_checkout[case3]" time="0.005" /><testcase classname="tests.generated.checkout.test_checkout_018" name="test_checkout[case4]" time="0.016" /><testcase classname="tests.generated.catalog.test_catalog_141" name="test_catalog[case2]" time="0.010" /><testcase classname="tests.generated.checkout.test_checkout_077" name="test_checkout[case4]" time="0.007" /><testcase classname="tests.generated.catalog.test_catalog_163" name="test_catalog[case1]" time="0.006" /><testcase classname="tests.generated.catalog.test_catalog_118" name="test_catalog[case2]" time="0.008" /><testcase classname="tests.generated.catalog.test_catalog_118" name="test_catalog[case3]" time="0.004" /><testcase classname="tests.generated.checkout.test_checkout_057" name="test_checkout[case2]" time="0.004" /><testcase classname="tests.generated.checkout.test_checkout_057" name="test_checkout[case3]" time="0.004" /><testcase classname="tests.generated.checkout.test_checkout_038" name="test_checkout[case1]" time="0.006" /><testcase classname="tests.generated.checkout.test_checkout_077" name="test_checkout[case5]" time="0.005" /><testcase classname="tests.generated.catalog.test_catalog_097" name="test_catalog[case1]" time="0.007" /><testcase classname="tests.generated.catalog.test_catalog_118" name="test_catalog[case4]" time="0.006" /><testcase classname="tests.generated.catalog.test_catalog_163" name="test_catalog[case2]" time="0.015" /><testcase classname="tests.generated.checkout.test_checkout_038" name="test_checkout[case2]" time="0.004" /><testcase classname="tests.generated.catalog.test_catalog_097" name="test_catalog[case2]" time="0.007" /><testcase classname="tests.generated.checkout.test_checkout_018" name="test_checkout[case5]" time="0.004" /><testcase classname="tests.generated.catalog.test_catalog_141" name="test_catalog[case3]" time="0.018" /><testcase classname="tests.generated.checkout.test_checkout_077" name="test_checkout[case6]" time="0.016" /><testcase classname="tests.generated.checkout.test_checkout_038" name="test_checkout[case3]" time="0.004" /><testcase classname="tests.generated.catalog.test_catalog_118" name="test_catalog[case5]" time="0.005" /><testcase classname="tests.generated.checkout.test_checkout_057" name="test_checkout[case4]" time="0.019" /><testcase classname="tests.generated.catalog.test_catalog_118" name="test_catalog[case6]" time="0.004" /><testcase classname="tests.generated.checkout.test_checkout_018" name="test_checkout[case6]" time="0.007" /><testcase classname="tests.generated.checkout.test_checkout_038" name="test_checkout[case4]" time="0.006" /><testcase classname="tests.generated.catalog.test_catalog_097" name="test_catalog[case3]" time="0.009" /><testcase classname="tests.generated.checkout.test_checkout_077" name="test_checkout[case7]" time="0.005" /><testcase classname="tests.generated.checkout.test_checkout_018" name="test_checkout[case7]" time="0.016" /><testcase classname="tests.generated.checkout.test_checkout_038" name="test_checkout[case5]" time="0.006" /><testcase classname="tests.generated.catalog.test_catalog_141" name="test_catalog[case4]" time="0.008" /><testcase classname="tests.generated.catalog.test_catalog_118" name="test_catalog[case7]" time="0.004" /><testcase classname="tests.generated.catalog.test_catalog_163" name="test_catalog[case3]" time="0.011" /><testcase classname="tests.generated.catalog.test_catalog_118" name="test_catalog[case8]" time="0.005" /><testcase classname="tests.generated.checkout.test_checkout_057" name="test_checkout[case5]" time="0.004" /><testcase classname="tests.generated.checkout.test_checkout_038" name="test_checkout[case6]" time="0.012" /><testcase classname="tests.generated.catalog.test_catalog_141" name="test_catalog[case5]" time="0.006" /><testcase classname="tests.generated.checkout.test_checkout_057" name="test_checkout[case6]" time="0.007" /><testcase classname="tests.generated.catalog.test_catalog_118" name="test_catalog[case9]" time="0.005" /><testcase classname="tests.generated.catalog.test_catalog_163" name="test_catalog[case4]" time="0.005" /><testcase classname="tests.generated.catalog.test_catalog_141" name="test_catalog[case6]" time="0.004" /><testcase classname="tests.generated.checkout.test_checkout_077" name="test_checkout[case8]" time="0.006" /><testcase classname="tests.generated.catalog.test_catalog_163" name="test_catalog[case5]" time="0.007" /><testcase classname="tests.generated.catalog.test_catalog_119" name="test_catalog[case0]" time="0.004" /><testcase classname="tests.generated.catalog.test_catalog_097" name="test_catalog[case4]" time="0.006" /><testcase classname="tests.generated.checkout.test_checkout_018" name="test_checkout[case8]" time="0.007" /><testcase classname="tests.generated.catalog.test_catalog_119" name="test_catalog[case1]" time="0.004" /><testcase classname="tests.generated.catalog.test_catalog_141" name="test_catalog[case7]" time="0.006" /><testcase classname="tests.generated.checkout.test_checkout_077" name="test_checkout[case9]" time="0.004" /><testcase classname="tests.generated.checkout.test_checkout_018" name="test_checkout[case9]" time="0.007" /><testcase classname="tests.generated.catalog.test_catalog_097" name="test_catalog[case5]" time="0.011" /><testcase classname="tests.generated.checkout.test_checkout_057" name="test_checkout[case7]" time="0.013" /><testcase classname="tests.generated.catalog.test_catalog_141" name="test_catalog[case8]" time="0.004" /><testcase classname="tests.generated.catalog.test_catalog_119" name="test_catalog[case2]" time="0.007" /><testcase classname="tests.generated.checkout.test_checkout_078" name="test_checkout[case0]" time="0.004" /><testcase classname="tests.generated.checkout.test_checkout_038" name="test_checkout[case7]" time="0.008" /><testcase classname="tests.generated.catalog.test_catalog_163" name="test_catalog[case6]" time="0.006" /><testcase classname="tests.generated.checkout.test_checkout_078" name="test_checkout[case1]" time="0.006" /><testcase classname="tests.generated.catalog.test_catalog_141" name="test_catalog[case9]" time="0.005" /><testcase classname="tests.generated.catalog.test_catalog_097" name="test_catalog[case6]" time="0.006" /><testcase classname="tests.generated.checkout.test_checkout_019" name="test_checkout[case0]" time="0.006" /><testcase classname="tests.generated.catalog.test_catalog_163" name="test_catalog[case7]" time="0.005" /><testcase classname="tests.generated.checkout.test_checkout_057" name="test_checkout[case8]" time="0.006" /><testcase classname="tests.generated.checkout.test_checkout_019" name="test_checkout[case1]" time="0.006" /><testcase classname="tests.generated.checkout.test_checkout_038" name="test_checkout[case8]" time="0.010" /><testcase classname="tests.generated.catalog.test_catalog_097" name="test_catalog[case7]" time="0.010" /><testcase classname="tests.generated.catalog.test_catalog_119" name="test_catalog[case3]" time="0.011" /><testcase classname="tests.generated.checkout.test_checkout_078" name="test_checkout[case2]" time="0.008" /><testcase classname="tests.generated.catalog.test_catalog_163" name="test_catalog[case8]" time="0.004" /><testcase classname="tests.generated.catalog.test_catalog_142" name="test_catalog[case0]" time="0.005" /><testcase classname="tests.generated.checkout.test_checkout_019" name="test_checkout[case2]" time="0.004" /><testcase classname="tests.generated.checkout.test_checkout_057" name="test_checkout[case9]" time="0.006" /><testcase classname="tests.generated.checkout.test_checkout_038" name="test_checkout[case9]" time="0.005" /><testcase classname="tests.generated.checkout.test_checkout_078" name="test_checkout[case3]" time="0.004" /><testcase classname="tests.generated.checkout.test_checkout_019" name="test_checkout[case3]" time="0.004" /><testcase classname="tests.generated.catalog.test_catalog_142" name="test_catalog[case1]" time="0.010" /><testcase classname="tests.generated.catalog.test_catalog_163" name="test_catalog[case9]" time="0.007" /><testcase classname="tests.generated.catalog.test_catalog_097" name="test_catalog[case8]" time="0.006" /><testcase classname="tests.generated.checkout.test_checkout_039" name="test_checkout[case0]" time="0.011" /><testcase classname="tests.generated.checkout.test_checkout_078" name="test_checkout[case4]" time="0.007" /><testcase classname="tests.generated.checkout.test_checkout_019" name="test_checkout[case4]" time="0.010" /><testcase classname="tests.generated.catalog.test_catalog_119" name="test_catalog[case4]" time="0.011" /><testcase classname="tests.generated.checkout.test_checkout_058" name="test_checkout[case0]" time="0.008" /><testcase classname="tests.generated.catalog.test_catalog_164" name="test_catalog[case0]" time="0.007" /><testcase classname="tests.generated.catalog.test_catalog_097" name="test_catalog[case9]" time="0.005" /><testcase classname="tests.generated.checkout.test_checkout_078" name="test_checkout[case5]" time="0.004" /><testcase classname="tests.generated.catalog.test_catalog_098" name="test_catalog[case0]" time="0.004" /><testcase classname="tests.generated.catalog.test_catalog_142" name="test_catalog[case2]" time="0.005" /><testcase classname="tests.generated.checkout.test_checkout_019" name="test_checkout[case5]" time="0.007" /><testcase classname="tests.generated.checkout.test_checkout_078" name="test_checkout[case6]" time="0.004" /><testcase classname="tests.generated.checkout.test_checkout_058" name="test_checkout[case1]" time="0.012" /><testcase classname="tests.generated.catalog.test_catalog_119" name="test_catalog[case5]" time="0.008" /><testcase classname="tests.generated.catalog.test_catalog_098" name="test_catalog[case1]" time="0.005" /><testcase classname="tests.generated.checkout.test_checkout_039" name="test_checkout[case1]" time="0.005" /><testcase classname="tests.generated.checkout.test_checkout_039" name="test_checkout[case2]" time="0.004" /><testcase classname="tests.generated.catalog.test_catalog_142" name="test_catalog[case3]" time="0.007" /><testcase classname="tests.generated.checkout.test_checkout_019" name="test_checkout[case6]" time="0.005" /><testcase classname="tests.generated.catalog.test_catalog_164" name="test_catalog[case1]" time="0.007" /><testcase classname="tests.generated.checkout.test_checkout_019" name="test_checkout[case7]" time="0.005" /><testcase classname="tests.generated.checkout.test_checkout_039" name="test_checkout[case3]" time="0.007" /><testcase classname="tests.generated.catalog.test_catalog_098" name="test_catalog[case2]" time="0.007" /><testcase classname="tests.generated.catalog.test_catalog_119" name="test_catalog[case6]" time="0.004" /><testcase classname="tests.generated.checkout.test_checkout_078" name="test_checkout[case7]" time="0.004" /><testcase classname="tests.generated.catalog.test_catalog_119" name="test_catalog[case7]" time="0.007" /><testcase classname="tests.generated.catalog.test_catalog_142" name="test_catalog[case4]" time="0.010" /><testcase classname="tests.generated.catalog.test_catalog_164" name="test_catalog[case2]" time="0.004" /><testcase classname="tests.generated.checkout.test_checkout_078" name="test_checkout[case8]" time="0.012" /><testcase classname="tests.generated.checkout.test_checkout_058" name="test_checkout[case2]" time="0.004" /><testcase classname="tests.generated.checkout.test_checkout_058" name="test_checkout[case3]" time="0.004" /><testcase classname="tests.generated.catalog.test_catalog_098" name="test_catalog[case3]" time="0.009" /><testcase classname="tests.generated.checkout.test_checkout_019" name="test_checkout[case8]" time="0.004" /><testcase classname="tests.generated.catalog.test_catalog_164" name="test_catalog[case3]" time="0.005" /><testcase classname="tests.generated.checkout.test_checkout_019" name="test_checkout[case9]" time="0.004" /><testcase classname="tests.generated.checkout.test_checkout_039" name="test_checkout[case4]" time="0.008" /><testcase classname="tests.generated.catalog.test_catalog_119" name="test_catalog[case8]" time="0.005" /><testcase classname="tests.generated.checkout.test_checkout_058" name="test_checkout[case4]" time="0.004" /><testcase classname="tests.generated.checkout.test_checkout_020" name="test_checkout[case0]" time="0.004" /><testcase classname="tests.generated.checkout.test_checkout_078" name="test_checkout[case9]" time="0.004" /><testcase classname="tests.generated.checkout.test_checkout_058" name="test_checkout[case5]" time="0.004" /><testcase classname="tests.generated.checkout.test_checkout_020" name="test_checkout[case1]" time="0.004" /><testcase classname="tests.generated.catalog.test_catalog_119" name="test_catalog[case9]" time="0.009" /><testcase classname="tests.generated.catalog.test_catalog_098" name="test_catalog[case4]" time="0.008" /><testcase classname="tests.generated.catalog.test_catalog_142" name="test_catalog[case5]" time="0.013" /><testcase classname="tests.generated.checkout.test_checkout_039" name="test_checkout[case5]" time="0.008" /><testcase classname="tests.generated.checkout.test_checkout_079" name="test_checkout[case0]" time="0.006" /><testcase classname="tests.generated.checkout.test_checkout_020" name="test_checkout[case2]" time="0.004" /><testcase classname="tests.generated.checkout.test_checkout_058" name="test_checkout[case6]" time="0.004" /><testcase classname="tests.generated.catalog.test_catalog_164" name="test_catalog[case4]" time="0.007" /><testcase classname="tests.generated.checkout.test_checkout_058" name="test_checkout[case7]" time="0.004" /><testcase classname="tests.generated.catalog.test_catalog_098" name="test_catalog[case5]" time="0.006" /><testcase classname="tests.generated.catalog.test_catalog_120" name="test_catalog[case0]" time="0.013" /><testcase classname="tests.generated.checkout.test_checkout_020" name="test_checkout[case3]" time="0.006" /><testcase classname="tests.generated.checkout.test_checkout_079" name="test_checkout[case1]" time="0.010" /><testcase classname="tests.generated.checkout.test_checkout_058" name="test_checkout[case8]" time="0.006" /><testcase classname="tests.generated.catalog.test_catalog_164" name="test_catalog[case5]" time="0.004" /><testcase classname="tests.generated.catalog.test_catalog_164" name="test_catalog[case6]" time="0.006" /><testcase classname="tests.generated.checkout.test_checkout_039" name="test_checkout[case6]" time="0.005" /><testcase classname="tests.generated.catalog.test_catalog_098" name="test_catalog[case6]" time="0.005" /><testcase classname="tests.generated.checkout.test_checkout_058" name="test_checkout[case9]" time="0.005" /><testcase classname="tests.generated.catalog.test_catalog_120" name="test_catalog[case1]" time="0.004" /><testcase classname="tests.generated.checkout.test_checkout_079" name="test_checkout[case2]" time="0.005" /><testcase classname="tests.generated.checkout.test_checkout_020" name="test_checkout[case4]" time="0.005" /><testcase classname="tests.generated.catalog.test_catalog_142" name="test_catalog[case6]" time="0.008" /><testcase classname="tests.generated.checkout.test_checkout_039" name="test_checkout[case7]" time="0.004" /><testcase classname="tests.generated.catalog.test_catalog_120" name="test_catalog[case2]" time="0.005" /><testcase classname="tests.generated.checkout.test_checkout_020" name="test_checkout[case5]" time="0.004" /><testcase classname="tests.generated.catalog.test_catalog_164" name="test_catalog[case7]" time="0.018" /><testcase classname="tests.generated.checkout.test_checkout_020" name="test_checkout[case6]" time="0.008" /><testcase classname="tests.generated.catalog.test_catalog_098" name="test_catalog[case7]" time="0.013" /><testcase classname="tests.generated.checkout.test_checkout_079" name="test_checkout[case3]" time="0.010" /><testcase classname="tests.generated.checkout.test_checkout_059" name="test_checkout[case0]" time="0.017" /><testcase classname="tests.generated.checkout.test_checkout_039" name="test_checkout[case8]" time="0.005" /><testcase classname="tests.generated.checkout.test_checkout_020" name="test_checkout[case7]" time="0.006" /><testcase classname="tests.generated.catalog.test_catalog_142" name="test_catalog[case7]" time="0.009" /><testcase classname="tests.generated.catalog.test_catalog_120" name="test_catalog[case3]" time="0.007" /><testcase classname="tests.generated.checkout.test_checkout_039" name="test_checkout[case9]" time="0.006" /><testcase classname="tests.generated.checkout.test_checkout_040" name="test_checkout[case0]" time="0.004" /><testcase classname="tests.generated.checkout.test_checkout_079" name="test_checkout[case4]" time="0.005" /><testcase classname="tests.generated.checkout.test_checkout_059" name="test_checkout[case1]" time="0.012" /><testcase classname="tests.generated.checkout.test_checkout_020" name="test_checkout[case8]" time="0.004" /><testcase classname="tests.generated.catalog.test_catalog_142" name="test_catalog[case8]" time="0.005" /><testcase classname="tests.generated.checkout.test_checkout_040" name="test_checkout[case1]" time="0.004" /><testcase classname="tests.generated.checkout.test_checkout_079" name="test_checkout[case5]" time="0.008" /><testcase classname="tests.generated.catalog.test_catalog_164" name="test_catalog[case8]" time="0.011" /><testcase classname="tests.generated.catalog.test_catalog_142" name="test_catalog[case9]" time="0.004" /><testcase classname="tests.generated.catalog.test_catalog_120" name="test_catalog[case4]" time="0.009" /><testcase classname="tests.generated.checkout.test_checkout_059" name="test_checkout[case2]" time="0.057" /><testcase classname="tests.generated.catalog.test_catalog_098" name="test_catalog[case8]" time="0.061" /><testcase classname="tests.generated.checkout.test_checkout_020" name="test_checkout[case9]" time="0.067" /><testcase classname="tests.generated.catalog.test_catalog_164" name="test_catalog[case9]" time="0.054" /><testcase classname="tests.generated.checkout.test_checkout_079" name="test_checkout[case6]" time="0.053" /><testcase classname="tests.generated.checkout.test_checkout_040" name="test_checkout[case2]" time="0.009" /><testcase classname="tests.generated.catalog.test_catalog_143" name="test_catalog[case0]" time="0.049" /><testcase classname="tests.generated.catalog.test_catalog_120" name="test_catalog[case5]" time="0.004" /><testcase classname="tests.generated.checkout.test_checkout_040" name="test_checkout[case3]" time="0.015" /><testcase classname="tests.generated.catalog.test_catalog_098" name="test_catalog[case9]" time="0.004" /><testcase classname="tests.generated.checkout.test_checkout_059" name="test_checkout[case3]" time="0.004" /><testcase classname="tests.generated.checkout.test_checkout_079" name="test_checkout[case7]" time="0.004" /><testcase classname="tests.generated.catalog.test_catalog_165" name="test_catalog[case0]" time="0.009" /><testcase classname="tests.generated.catalog.test_catalog_120" name="test_catalog[case6]" time="0.021" /><testcase classname="tests.generated.checkout.test_checkout_021" name="test_checkout[case0]" time="0.005" /><testcase classname="tests.generated.checkout.test_checkout_079" name="test_checkout[case8]" time="0.005" /><testcase classname="tests.generated.catalog.test_catalog_143" name="test_catalog[case1]" time="0.007" /><testcase classname="tests.generated.catalog.test_catalog_099" name="test_catalog[case0]" time="0.007" /><testcase classname="tests.generated.catalog.test_catalog_165" name="test_catalog[case1]" time="0.005" /><testcase classname="tests.generated.checkout.test_checkout_040" name="test_checkout[case4]" time="0.008" /><testcase classname="tests.generated.checkout.test_checkout_059" name="test_checkout[case4]" time="0.005" /><testcase classname="tests.generated.checkout.test_checkout_021" name="test_checkout[case1]" time="0.015" /><testcase classname="tests.generated.catalog.test_catalog_143" name="test_catalog[case2]" time="0.006" /><testcase classname="tests.generated.checkout.test_checkout_079" name="test_checkout[case9]" time="0.005" /><testcase classname="tests.generated.checkout.test_checkout_059" name="test_checkout[case5]" time="0.005" /><testcase classname="tests.generated.catalog.test_catalog_099" name="test_catalog[case1]" time="0.005" /><testcase classname="tests.generated.checkout.test_checkout_059" name="test_checkout[case6]" time="0.005" /><testcase classname="tests.generated.checkout.test_checkout_080" name="test_checkout[case0]" time="0.005" /><testcase classname="tests.generated.catalog.test_catalog_143" name="test_catalog[case3]" time="0.004" /><testcase classname="tests.generated.catalog.test_catalog_165" name="test_catalog[case2]" time="0.013" /><testcase classname="tests.generated.checkout.test_checkout_040" name="test_checkout[case5]" time="0.007" /><testcase classname="tests.generated.catalog.test_catalog_099" name="test_catalog[case2]" time="0.005" /><testcase classname="tests.generated.catalog.test_catalog_120" name="test_catalog[case7]" time="0.005" /><testcase classname="tests.generated.catalog.test_catalog_143" name="test_catalog[case4]" time="0.008" /><testcase classname="tests.generated.checkout.test_checkout_021" name="test_checkout[case2]" time="0.005" /><testcase classname="tests.generated.checkout.test_checkout_080" name="test_checkout[case1]" time="0.011" /><testcase classname="tests.generated.catalog.test_catalog_165" name="test_catalog[case3]" time="0.011" /><testcase classname="tests.generated.catalog.test_catalog_120" name="test_catalog[case8]" time="0.007" /><testcase classname="tests.generated.checkout.test_checkout_021" name="test_checkout[case3]" time="0.005" /><testcase classname="tests.generated.catalog.test_catalog_099" name="test_catalog[case3]" time="0.006" /><testcase classname="tests.generated.catalog.test_catalog_143" name="test_catalog[case5]" time="0.004" /><testcase classname="tests.generated.checkout.test_checkout_059" name="test_checkout[case7]" time="0.012" /><testcase classname="tests.generated.checkout.test_checkout_040" name="test_checkout[case6]" time="0.005" /><testcase classname="tests.generated.checkout.test_checkout_040" name="test_checkout[case7]" time="0.006" /><testcase classname="tests.generated.catalog.test_catalog_143" name="test_catalog[case6]" time="0.005" /><testcase classname="tests.generated.catalog.test_catalog_120" name="test_catalog[case9]" time="0.016" /><testcase classname="tests.generated.checkout.test_checkout_080" name="test_checkout[case2]" time="0.006" /><testcase classname="tests.generated.checkout.test_checkout_059" name="test_checkout[case8]" time="0.009" /><testcase classname="tests.generated.catalog.test_catalog_143" name="test_catalog[case7]" time="0.004" /><testcase classname="tests.generated.catalog.test_catalog_099" name="test_catalog[case4]" time="0.004" /><testcase classname="tests.generated.checkout.test_checkout_080" name="test_checkout[case3]" time="0.005" /><testcase classname="tests.generated.catalog.test_catalog_143" name="test_catalog[case8]" time="0.005" /><testcase classname="tests.generated.catalog.test_catalog_165" name="test_catalog[case4]" time="0.016" /><testcase classname="tests.generated.checkout.test_checkout_021" name="test_checkout[case4]" time="0.015" /><testcase classname="tests.generated.catalog.test_catalog_099" name="test_catalog[case5]" time="0.005" /><testcase classname="tests.generated.catalog.test_catalog_143" name="test_catalog[case9]" time="0.004" /><testcase classname="tests.generated.catalog.test_catalog_099" name="test_catalog[case6]" time="0.004" /><testcase classname="tests.generated.checkout.test_checkout_040" name="test_checkout[case8]" time="0.017" /><testcase classname="tests.generated.checkout.test_checkout_080" name="test_checkout[case4]" time="0.004" /><testcase classname="tests.generated.checkout.test_checkout_059" name="test_checkout[case9]" time="0.012" /><testcase classname="tests.generated.catalog.test_catalog_165" name="test_catalog[case5]" time="0.010" /><testcase classname="tests.generated.checkout.test_checkout_080" name="test_checkout[case5]" time="0.004" /><testcase classname="tests.generated.checkout.test_checkout_021" name="test_checkout[case5]" time="0.004" /><testcase classname="tests.generated.checkout.test_checkout_080" name="test_checkout[case6]" time="0.008" /><testcase classname="tests.generated.checkout.test_checkout_040" name="test_checkout[case9]" time="0.011" /><testcase classname="tests.generated.catalog.test_catalog_144" name="test_catalog[case0]" time="0.009" /><testcase classname="tests.generated.checkout.test_checkout_021" name="test_checkout[case6]" time="0.006" /><testcase classname="tests.generated.catalog.test_catalog_099" name="test_catalog[case7]" time="0.011" /><testcase classname="tests.generated.checkout.test_checkout_060" name="test_checkout[case0]" time="0.005" /><testcase classname="tests.generated.checkout.test_checkout_021" name="test_checkout[case7]" time="0.010" /><testcase classname="tests.generated.catalog.test_catalog_121" name="test_catalog[case0]" time="0.016" /><testcase classname="tests.generated.checkout.test_checkout_080" name="test_checkout[case7]" time="0.005" /><testcase classname="tests.generated.catalog.test_catalog_165" name="test_catalog[case6]" time="0.005" /><testcase classname="tests.generated.checkout.test_checkout_041" name="test_checkout[case0]" time="0.005" /><testcase classname="tests.generated.checkout.test_checkout_060" name="test_checkout[case1]" time="0.006" /><testcase classname="tests.generated.checkout.test_checkout_080" name="test_checkout[case8]" time="0.005" /><testcase classname="tests.generated.catalog.test_catalog_165" name="test_catalog[case7]" time="0.006" /><testcase classname="tests.generated.catalog.test_catalog_144" name="test_catalog[case1]" time="0.008" /><testcase classname="tests.generated.checkout.test_checkout_041" name="test_checkout[case1]" time="0.012" /><testcase classname="tests.generated.catalog.test_catalog_099" name="test_catalog[case8]" time="0.004" /><testcase classname="tests.generated.checkout.test_checkout_021" name="test_checkout[case8]" time="0.006" /><testcase classname="tests.generated.catalog.test_catalog_121" name="test_catalog[case1]" time="0.005" /><testcase classname="tests.generated.checkout.test_checkout_060" name="test_checkout[case2]" time="0.006" /><testcase classname="tests.generated.catalog.test_catalog_099" name="test_catalog[case9]" time="0.006" /><testcase classname="tests.generated.checkout.test_checkout_080" name="test_checkout[case9]" time="0.013" /><testcase classname="tests.generated.catalog.test_catalog_165" name="test_catalog[case8]" time="0.012" /><testcase classname="tests.generated.catalog.test_catalog_121" name="test_catalog[case2]" time="0.006" /><testcase classname="tests.generated.catalog.test_catalog_144" name="test_catalog[case2]" time="0.008" /><testcase classname="tests.generated.checkout.test_checkout_060" name="test_checkout[case3]" time="0.004" /><testcase classname="tests.generated.checkout.test_checkout_041" name="test_checkout[case2]" time="0.005" /><testcase classname="tests.generated.checkout.test_checkout_021" name="test_checkout[case9]" time="0.008" /><testcase classname="tests.generated.checkout.test_checkout_060" name="test_checkout[case4]" time="0.004" /><testcase classname="tests.generated.catalog.test_catalog_100" name="test_catalog[case0]" time="0.007" /><testcase classname="tests.generated.catalog.test_catalog_121" name="test_catalog[case3]" time="0.008" /><testcase classname="tests.generated.catalog.test_catalog_165" name="test_catalog[case9]" time="0.007" /><testcase classname="tests.generated.catalog.test_catalog_144" name="test_catalog[case3]" time="0.010" /><testcase classname="tests.generated.checkout.test_checkout_081" name="test_checkout[case0]" time="0.004" /><testcase classname="tests.generated.checkout.test_checkout_060" name="test_checkout[case5]" time="0.004" /><testcase classname="tests.generated.catalog.test_catalog_100" name="test_catalog[case1]" time="0.004" /><testcase classname="tests.generated.checkout.test_checkout_041" name="test_checkout[case3]" time="0.009" /><testcase classname="tests.generated.checkout.test_checkout_060" name="test_checkout[case6]" time="0.004" /><testcase classname="tests.generated.checkout.test_checkout_081" name="test_checkout[case1]" time="0.010" /><testcase classname="tests.generated.catalog.test_catalog_166" name="test_catalog[case0]" time="0.005" /><testcase classname="tests.generated.catalog.test_catalog_100" name="test_catalog[case2]" time="0.012" /><testcase classname="tests.generated.catalog.test_catalog_121" name="test_catalog[case4]" time="0.011" /><testcase classname="tests.generated.checkout.test_checkout_060" name="test_checkout[case7]" time="0.006" /><testcase classname="tests.generated.checkout.test_checkout_041" name="test_checkout[case4]" time="0.005" /><testcase classname="tests.generated.checkout.test_checkout_022" name="test_checkout[case0]" time="0.007" /><testcase classname="tests.generated.catalog.test_catalog_144" name="test_catalog[case4]" time="0.009" /><testcase classname="tests.generated.checkout.test_checkout_081" name="test_checkout[case2]" time="0.005" /><testcase classname="tests.generated.catalog.test_catalog_166" name="test_catalog[case1]" time="0.006" /><testcase classname="tests.generated.checkout.test_checkout_041" name="test_checkout[case5]" time="0.005" /><testcase classname="tests.generated.catalog.test_catalog_144" name="test_catalog[case5]" time="0.011" /><testcase classname="tests.generated.catalog.test_catalog_121" name="test_catalog[case5]" time="0.008" /><testcase classname="tests.generated.catalog.test_catalog_100" name="test_catalog[case3]" time="0.004" /><testcase classname="tests.generated.checkout.test_checkout_022" name="test_checkout[case1]" time="0.007" /><testcase classname="tests.generated.checkout.test_checkout_060" name="test_checkout[case8]" time="0.006" /><testcase classname="tests.generated.checkout.test_checkout_081" name="test_checkout[case3]" time="0.013" /><testcase classname="tests.generated.checkout.test_checkout_041" name="test_checkout[case6]" time="0.006" /><testcase classname="tests.generated.checkout.test_checkout_060" name="test_checkout[case9]" time="0.005" /><testcase classname="tests.generated.catalog.test_catalog_100" name="test_catalog[case4]" time="0.004" /><testcase classname="tests.generated.checkout.test_checkout_022" name="test_checkout[case2]" time="0.005" /><testcase classname="tests.generated.checkout.test_checkout_041" name="test_checkout[case7]" time="0.005" /><testcase classname="tests.generated.catalog.test_catalog_166" name="test_catalog[case2]" time="0.006" /><testcase classname="tests.generated.catalog.test_catalog_100" name="test_catalog[case5]" time="0.004" /><testcase classname="tests.generated.checkout.test_checkout_061" name="test_checkout[case0]" time="0.004" /><testcase classname="tests.generated.catalog.test_catalog_121" name="test_catalog[case6]" time="0.011" /><testcase classname="tests.generated.checkout.test_checkout_022" name="test_checkout[case3]" time="0.004" /><testcase classname="tests.generated.catalog.test_catalog_166" name="test_catalog[case3]" time="0.004" /><testcase classname="tests.generated.catalog.test_catalog_100" name="test_catalog[case6]" time="0.004" /><testcase classname="tests.generated.checkout.test_checkout_022" name="test_checkout[case4]" time="0.007" /><testcase classname="tests.generated.catalog.test_catalog_144" name="test_catalog[case6]" time="0.011" /><testcase classname="tests.generated.catalog.test_catalog_166" name="test_catalog[case4]" time="0.004" /><testcase classname="tests.generated.catalog.test_catalog_100" name="test_catalog[case7]" time="0.006" /><testcase classname="tests.generated.checkout.test_checkout_041" name="test_checkout[case8]" time="0.009" /><testcase classname="tests.generated.checkout.test_checkout_061" name="test_checkout[case1]" time="0.010" /><testcase classname="tests.generated.checkout.test_checkout_081" name="test_checkout[case4]" time="0.008" /><testcase classname="tests.generated.catalog.test_catalog_144" name="test_catalog[case7]" time="0.006" /><testcase classname="tests.generated.catalog.test_catalog_166" name="test_catalog[case5]" time="0.008" /><testcase classname="tests.generated.catalog.test_catalog_100" name="test_catalog[case8]" time="0.005" /><testcase classname="tests.generated.catalog.test_catalog_121" name="test_catalog[case7]" time="0.004" /><testcase classname="tests.generated.catalog.test_catalog_121" name="test_catalog[case8]" time="0.004" /><testcase classname="tests.generated.checkout.test_checkout_081" name="test_checkout[case5]" time="0.004" /><testcase classname="tests.generated.checkout.test_checkout_081" name="test_checkout[case6]" time="0.004" /><testcase classname="tests.generated.checkout.test_checkout_041" name="test_checkout[case9]" time="0.004" /><testcase classname="tests.generated.catalog.test_catalog_166" name="test_catalog[case6]" time="0.004" /><testcase classname="tests.generated.checkout.test_checkout_022" name="test_checkout[case5]" time="0.012" /><testcase classname="tests.generated.catalog.test_catalog_100" name="test_catalog[case9]" time="0.012" /><testcase classname="tests.generated.checkout.test_checkout_081" name="test_checkout[case7]" time="0.004" /><testcase classname="tests.generated.catalog.test_catalog_121" name="test_catalog[case9]" time="0.006" /><testcase classname="tests.generated.checkout.test_checkout_061" name="test_checkout[case2]" time="0.006" /><testcase classname="tests.generated.catalog.test_catalog_144" name="test_catalog[case8]" time="0.007" /><testcase classname="tests.generated.checkout.test_checkout_042" name="test_checkout[case0]" time="0.007" /><testcase classname="tests.generated.checkout.test_checkout_081" name="test_checkout[case8]" time="0.004" /><testcase classname="tests.generated.catalog.test_catalog_166" name="test_catalog[case7]" time="0.004" /><testcase classname="tests.generated.catalog.test_catalog_122" name="test_catalog[case0]" time="0.004" /><testcase classname="tests.generated.catalog.test_catalog_166" name="test_catalog[case8]" time="0.004" /><testcase classname="tests.generated.checkout.test_checkout_022" name="test_checkout[case6]" time="0.011" /><testcase classname="tests.generated.catalog.test_catalog_144" name="test_catalog[case9]" time="0.005" /><testcase classname="tests.generated.checkout.test_checkout_061" name="test_checkout[case3]" time="0.012" /><testcase classname="tests.generated.catalog.test_catalog_122" name="test_catalog[case1]" time="0.004" /><testcase classname="tests.generated.checkout.test_checkout_081" name="test_checkout[case9]" time="0.005" /><testcase classname="tests.generated.checkout.test_checkout_082" name="test_checkout[case0]" time="0.004" /><testcase classname="tests.generated.catalog.test_catalog_166" name="test_catalog[case9]" time="0.009" /><testcase classname="tests.generated.checkout.test_checkout_042" name="test_checkout[case1]" time="0.010" /><testcase classname="tests.generated.catalog.test_catalog_122" name="test_catalog[case2]" time="0.004" /><testcase classname="tests.generated.catalog.test_catalog_145" name="test_catalog[case0]" time="0.005" /><testcase classname="tests.generated.checkout.test_checkout_082" name="test_checkout[case1]" time="0.007" /><testcase classname="tests.generated.catalog.test_catalog_167" name="test_catalog[case0]" time="0.004" /><testcase classname="tests.generated.catalog.test_catalog_101" name="test_catalog[case0]" time="0.011" /><testcase classname="tests.generated.checkout.test_checkout_042" name="test_checkout[case2]" time="0.010" /><testcase classname="tests.generated.checkout.test_checkout_022" name="test_checkout[case7]" time="0.009" /><testcase classname="tests.generated.catalog.test_catalog_145" name="test_catalog[case1]" time="0.007" /><testcase classname="tests.generated.catalog.test_catalog_167" name="test_catalog[case1]" time="0.004" /><testcase classname="tests.generated.checkout.test_checkout_061" name="test_checkout[case4]" time="0.010" /><testcase classname="tests.generated.catalog.test_catalog_101" name="test_catalog[case1]" time="0.004" /><testcase classname="tests.generated.catalog.test_catalog_145" name="test_catalog[case2]" time="0.005" /><testcase classname="tests.generated.catalog.test_catalog_122" name="test_catalog[case3]" time="0.010" /><testcase classname="tests.generated.checkout.test_checkout_022" name="test_checkout[case8]" time="0.005" /><testcase classname="tests.generated.catalog.test_catalog_167" name="test_catalog[case2]" time="0.004" /><testcase classname="tests.generated.checkout.test_checkout_061" name="test_checkout[case5]" time="0.026" /><testcase classname="tests.generated.catalog.test_catalog_101" name="test_catalog[case2]" time="0.006" /><testcase classname="tests.generated.catalog.test_catalog_145" name="test_catalog[case3]" time="0.005" /><testcase classname="tests.generated.checkout.test_checkout_082" name="test_checkout[case2]" time="0.012" /><testcase classname="tests.generated.checkout.test_checkout_042" name="test_checkout[case3]" time="0.009" /><testcase classname="tests.generated.catalog.test_catalog_167" name="test_catalog[case3]" time="0.008" /><testcase classname="tests.generated.checkout.test_checkout_022" name="test_checkout[case9]" time="0.010" /><testcase classname="tests.generated.catalog.test_catalog_122" name="test_catalog[case4]" time="0.014" /><testcase classname="tests.generated.catalog.test_catalog_101" name="test_catalog[case3]" time="0.007" /><testcase classname="tests.generated.checkout.test_checkout_082" name="test_checkout[case3]" time="0.005" /><testcase classname="tests.generated.catalog.test_catalog_145" name="test_catalog[case4]" time="0.005" /><testcase classname="tests.generated.catalog.test_catalog_145" name="test_catalog[case5]" time="0.008" /><testcase classname="tests.generated.checkout.test_checkout_042" name="test_checkout[case4]" time="0.012" /><testcase classname="tests.generated.catalog.test_catalog_167" name="test_catalog[case4]" time="0.005" /><testcase classname="tests.generated.catalog.test_catalog_101" name="test_catalog[case4]" time="0.004" /><testcase classname="tests.generated.checkout.test_checkout_082" name="test_checkout[case4]" time="0.004" /><testcase classname="tests.generated.checkout.test_checkout_061" name="test_checkout[case6]" time="0.004" /><testcase classname="tests.generated.catalog.test_catalog_167" name="test_catalog[case5]" time="0.006" /><testcase classname="tests.generated.catalog.test_catalog_145" name="test_catalog[case6]" time="0.004" /><testcase classname="tests.generated.checkout.test_checkout_082" name="test_checkout[case5]" time="0.004" /><testcase classname="tests.generated.checkout.test_checkout_082" name="test_checkout[case6]" time="0.007" /><testcase classname="tests.generated.checkout.test_checkout_061" name="test_checkout[case7]" time="0.009" /><testcase classname="tests.generated.catalog.test_catalog_122" name="test_catalog[case5]" time="0.008" /><testcase classname="tests.generated.checkout.test_checkout_042" name="test_checkout[case5]" time="0.009" /><testcase classname="tests.generated.catalog.test_catalog_145" name="test_catalog[case7]" time="0.004" /><testcase classname="tests.generated.catalog.test_catalog_101" name="test_catalog[case5]" time="0.008" /><testcase classname="tests.generated.checkout.test_checkout_023" name="test_checkout[case0]" time="0.014" /><testcase classname="tests.generated.catalog.test_catalog_122" name="test_catalog[case6]" time="0.008" /><testcase classname="tests.generated.checkout.test_checkout_061" name="test_checkout[case8]" time="0.004" /><testcase classname="tests.generated.catalog.test_catalog_167" name="test_catalog[case6]" time="0.005" /><testcase classname="tests.generated.catalog.test_catalog_145" name="test_catalog[case8]" time="0.004" /><testcase classname="tests.generated.checkout.test_checkout_023" name="test_checkout[case1]" time="0.005" /><testcase classname="tests.generated.catalog.test_catalog_145" name="test_catalog[case9]" time="0.004" /><testcase classname="tests.generated.checkout.test_checkout_061" name="test_checkout[case9]" time="0.004" /><testcase classname="tests.generated.checkout.test_checkout_082" name="test_checkout[case7]" time="0.004" /><testcase classname="tests.generated.checkout.test_checkout_082" name="test_checkout[case8]" time="0.004" /><testcase classname="tests.generated.checkout.test_checkout_062" name="test_checkout[case0]" time="0.004" /><testcase classname="tests.generated.catalog.test_catalog_122" name="test_catalog[case7]" time="0.013" /><testcase classname="tests.generated.catalog.test_catalog_101" name="test_catalog[case6]" time="0.008" /><testcase classname="tests.generated.checkout.test_checkout_023" name="test_checkout[case2]" time="0.004" /><testcase classname="tests.generated.checkout.test_checkout_042" name="test_checkout[case6]" time="0.010" /><testcase classname="tests.generated.catalog.test_catalog_146" name="test_catalog[case0]" time="0.010" /><testcase classname="tests.generated.checkout.test_checkout_062" name="test_checkout[case1]" time="0.005" /><testcase classname="tests.generated.catalog.test_catalog_101" name="test_catalog[case7]" time="0.006" /><testcase classname="tests.generated.checkout.test_checkout_023" name="test_checkout[case3]" time="0.015" /><testcase classname="tests.generated.catalog.test_catalog_167" name="test_catalog[case7]" time="0.005" /><testcase classname="tests.generated.catalog.test_catalog_167" name="test_catalog[case8]" time="0.004" /><testcase classname="tests.generated.checkout.test_checkout_082" name="test_checkout[case9]" time="0.005" /><testcase classname="tests.generated.checkout.test_checkout_083" name="test_checkout[case0]" time="0.005" /><testcase classname="tests.generated.checkout.test_checkout_042" name="test_checkout[case7]" time="0.006" /><testcase classname="tests.generated.checkout.test_checkout_083" name="test_checkout[case1]" time="0.010" /><testcase classname="tests.generated.checkout.test_checkout_062" name="test_checkout[case2]" time="0.004" /><testcase classname="tests.generated.checkout.test_checkout_062" name="test_checkout[case3]" time="0.004" /><testcase classname="tests.generated.catalog.test_catalog_122" name="test_catalog[case8]" time="0.010" /><testcase classname="tests.generated.catalog.test_catalog_101" name="test_catalog[case8]" time="0.005" /><testcase classname="tests.generated.catalog.test_catalog_167" name="test_catalog[case9]" time="0.004" /><testcase classname="tests.generated.checkout.test_checkout_062" name="test_checkout[case4]" time="0.005" /><testcase classname="tests.generated.catalog.test_catalog_146" name="test_catalog[case1]" time="0.005" /><testcase classname="tests.generated.catalog.test_catalog_101" name="test_catalog[case9]" time="0.004" /><testcase classname="tests.generated.checkout.test_checkout_001" name="test_checkout[case0]" time="0.007" /><testcase classname="tests.generated.catalog.test_catalog_146" name="test_catalog[case2]" time="0.006" /><testcase classname="tests.generated.catalog.test_catalog_122" name="test_catalog[case9]" time="0.004" /><testcase classname="tests.generated.checkout.test_checkout_023" name="test_checkout[case4]" time="0.005" /><testcase classname="tests.generated.checkout.test_checkout_083" name="test_checkout[case2]" time="0.007" /><testcase classname="tests.generated.checkout.test_checkout_062" name="test_checkout[case5]" time="0.004" /><testcase classname="tests.generated.catalog.test_catalog_123" name="test_catalog[case0]" time="0.007" /><testcase classname="tests.generated.checkout.test_checkout_023" name="test_checkout[case5]" time="0.004" /><testcase classname="tests.generated.checkout.test_checkout_083" name="test_checkout[case3]" time="0.006" /><testcase classname="tests.generated.catalog.test_catalog_146" name="test_catalog[case3]" time="0.007" /><testcase classname="tests.generated.checkout.test_checkout_062" name="test_checkout[case6]" time="0.005" /><testcase classname="tests.generated.checkout.test_checkout_001" name="test_checkout[case1]" time="0.007" /><testcase classname="tests.generated.checkout.test_checkout_042" name="test_checkout[case8]" time="0.009" /><testcase classname="tests.generated.catalog.test_catalog_102" name="test_catalog[case0]" time="0.012" /><testcase classname="tests.generated.checkout.test_checkout_023" name="test_checkout[case6]" time="0.004" /><testcase classname="tests.generated.checkout.test_checkout_001" name="test_checkout[case2]" time="0.004" /><testcase classname="tests.generated.checkout.test_checkout_083" name="test_checkout[case4]" time="0.010" /><testcase classname="tests.generated.catalog.test_catalog_123" name="test_catalog[case1]" time="0.009" /><testcase classname="tests.generated.catalog.test_catalog_146" name="test_catalog[case4]" time="0.005" /><testcase classname="tests.generated.checkout.test_checkout_062" name="test_checkout[case7]" time="0.004" /><testcase classname="tests.generated.checkout.test_checkout_042" name="test_checkout[case9]" time="0.004" /><testcase classname="tests.generated.checkout.test_checkout_001" name="test_checkout[case3]" time="0.006" /><testcase classname="tests.generated.checkout.test_checkout_023" name="test_checkout[case7]" time="0.006" /><testcase classname="tests.generated.checkout.test_checkout_062" name="test_checkout[case8]" time="0.004" /><testcase classname="tests.generated.catalog.test_catalog_102" name="test_catalog[case1]" time="0.004" /><testcase classname="tests.generated.checkout.test_checkout_043" name="test_checkout[case0]" time="0.008" /><testcase classname="tests.generated.catalog.test_catalog_123" name="test_catalog[case2]" time="0.006" /><testcase classname="tests.generated.checkout.test_checkout_062" name="test_checkout[case9]" time="0.005" /><testcase classname="tests.generated.checkout.test_checkout_001" name="test_checkout[case4]" time="0.008" /><testcase classname="tests.generated.checkout.test_checkout_023" name="test_checkout[case8]" time="0.004" /><testcase classname="tests.generated.catalog.test_catalog_102" name="test_catalog[case2]" time="0.006" /><testcase classname="tests.generated.catalog.test_catalog_146" name="test_catalog[case5]" time="0.005" /><testcase classname="tests.generated.catalog.test_catalog_123" name="test_catalog[case3]" time="0.004" /><testcase classname="tests.generated.checkout.test_checkout_063" name="test_checkout[case0]" time="0.006" /><testcase classname="tests.generated.checkout.test_checkout_023" name="test_checkout[case9]" time="0.004" /><testcase classname="tests.generated.checkout.test_checkout_083" name="test_checkout[case5]" time="0.015" /><testcase classname="tests.generated.catalog.test_catalog_146" name="test_catalog[case6]" time="0.004" /><testcase classname="tests.generated.checkout.test_checkout_001" name="test_checkout[case5]" time="0.012" /><testcase classname="tests.generated.catalog.test_catalog_123" name="test_catalog[case4]" time="0.005" /><testcase classname="tests.generated.checkout.test_checkout_063" name="test_checkout[case1]" time="0.004" /><testcase classname="tests.generated.checkout.test_checkout_024" name="test_checkout[case0]" time="0.004" /><testcase classname="tests.generated.catalog.test_catalog_102" name="test_catalog[case3]" time="0.007" /><testcase classname="tests.generated.catalog.test_catalog_146" name="test_catalog[case7]" time="0.011" /><testcase classname="tests.generated.checkout.test_checkout_043" name="test_checkout[case1]" time="0.008" /><testcase classname="tests.generated.checkout.test_checkout_063" name="test_checkout[case2]" time="0.004" /><testcase classname="tests.generated.catalog.test_catalog_102" name="test_catalog[case4]" time="0.005" /><testcase classname="tests.generated.catalog.test_catalog_123" name="test_catalog[case5]" time="0.005" /><testcase classname="tests.generated.checkout.test_checkout_024" name="test_checkout[case1]" time="0.004" /><testcase classname="tests.generated.checkout.test_checkout_024" name="test_checkout[case2]" time="0.004" /><testcase classname="tests.generated.catalog.test_catalog_123" name="test_catalog[case6]" time="0.005" /><testcase classname="tests.generated.checkout.test_checkout_083" name="test_checkout[case6]" time="0.020" /><testcase classname="tests.generated.checkout.test_checkout_024" name="test_checkout[case3]" time="0.004" /><testcase classname="tests.generated.catalog.test_catalog_102" name="test_catalog[case5]" time="0.004" /><testcase classname="tests.generated.checkout.test_checkout_001" name="test_checkout[case6]" time="0.006" /><testcase classname="tests.generated.checkout.test_checkout_043" name="test_checkout[case2]" time="0.011" /><testcase classname="tests.generated.checkout.test_checkout_063" name="test_checkout[case3]" time="0.016" /><testcase classname="tests.generated.checkout.test_checkout_001" name="test_checkout[case7]" time="0.005" /><testcase classname="tests.generated.catalog.test_catalog_123" name="test_catalog[case7]" time="0.004" /><testcase classname="tests.generated.catalog.test_catalog_146" name="test_catalog[case8]" time="0.007" /><testcase classname="tests.generated.checkout.test_checkout_001" name="test_checkout[case8]" time="0.008" /><testcase classname="tests.generated.checkout.test_checkout_024" name="test_checkout[case4]" time="0.012" /><testcase classname="tests.generated.catalog.test_catalog_102" name="test_catalog[case6]" time="0.011" /><testcase classname="tests.generated.catalog.test_catalog_123" name="test_catalog[case8]" time="0.015" /><testcase classname="tests.generated.checkout.test_checkout_043" name="test_checkout[case3]" time="0.007" /><testcase classname="tests.generated.catalog.test_catalog_146" name="test_catalog[case9]" time="0.007" /><testcase classname="tests.generated.checkout.test_checkout_083" name="test_checkout[case7]" time="0.018" /><testcase classname="tests.generated.checkout.test_checkout_001" name="test_checkout[case9]" time="0.006" /><testcase classname="tests.generated.catalog.test_catalog_102" name="test_catalog[case7]" time="0.005" /><testcase classname="tests.generated.checkout.test_checkout_024" name="test_checkout[case5]" time="0.005" /><testcase classname="tests.generated.catalog.test_catalog_147" name="test_catalog[case0]" time="0.004" /><testcase classname="tests.generated.checkout.test_checkout_063" name="test_checkout[case4]" time="0.018" /><testcase classname="tests.generated.catalog.test_catalog_102" name="test_catalog[case8]" time="0.005" /><testcase classname="tests.generated.checkout.test_checkout_002" name="test_checkout[case0]" time="0.004" /><testcase classname="tests.generated.checkout.test_checkout_024" name="test_checkout[case6]" time="0.004" /><testcase classname="tests.generated.catalog.test_catalog_147" name="test_catalog[case1]" time="0.004" /><testcase classname="tests.generated.checkout.test_checkout_002" name="test_checkout[case1]" time="0.005" /><testcase classname="tests.generated.catalog.test_catalog_123" name="test_catalog[case9]" time="0.010" /><testcase classname="tests.generated.catalog.test_catalog_102" name="test_catalog[case9]" time="0.005" /><testcase classname="tests.generated.checkout.test_checkout_024" name="test_checkout[case7]" time="0.005" /><testcase classname="tests.generated.catalog.test_catalog_147" name="test_catalog[case2]" time="0.005" /><testcase classname="tests.generated.checkout.test_checkout_043" name="test_checkout[case4]" time="0.011" /><testcase classname="tests.generated.checkout.test_checkout_024" name="test_checkout[case8]" time="0.004" /><testcase classname="tests.generated.checkout.test_checkout_002" name="test_checkout[case2]" time="0.005" /><testcase classname="tests.generated.checkout.test_checkout_083" name="test_checkout[case8]" time="0.010" /><testcase classname="tests.generated.catalog.test_catalog_103" name="test_catalog[case0]" time="0.005" /><testcase classname="tests.generated.checkout.test_checkout_063" name="test_checkout[case5]" time="0.011" /><testcase classname="tests.generated.catalog.test_catalog_147" name="test_catalog[case3]" time="0.004" /><testcase classname="tests.generated.catalog.test_catalog_147" name="test_catalog[case4]" time="0.005" /><testcase classname="tests.generated.checkout.test_checkout_002" name="test_checkout[case3]" time="0.004" /><testcase classname="tests.generated.checkout.test_checkout_043" name="test_checkout[case5]" time="0.008" /><testcase classname="tests.generated.checkout.test_checkout_024" name="test_checkout[case9]" time="0.005" /><testcase classname="tests.generated.catalog.test_catalog_124" name="test_catalog[case0]" time="0.010" /><testcase classname="tests.generated.checkout.test_checkout_025" name="test_checkout[case0]" time="0.004" /><testcase classname="tests.generated.checkout.test_checkout_063" name="test_checkout[case6]" time="0.014" /><testcase classname="tests.generated.checkout.test_checkout_083" name="test_checkout[case9]" time="0.004" /><testcase classname="tests.generated.checkout.test_checkout_043" name="test_checkout[case6]" time="0.006" /><testcase classname="tests.generated.catalog.test_catalog_147" name="test_catalog[case5]" time="0.005" /><testcase classname="tests.generated.checkout.test_checkout_025" name="test_checkout[case1]" time="0.004" /><testcase classname="tests.generated.checkout.test_checkout_002" name="test_checkout[case4]" time="0.013" /><testcase classname="tests.generated.catalog.test_catalog_103" name="test_catalog[case1]" time="0.005" /><testcase classname="tests.generated.catalog.test_catalog_103" name="test_catalog[case2]" time="0.007" /><testcase classname="tests.generated.catalog.test_catalog_103" name="test_catalog[case3]" time="0.004" /><testcase classname="tests.generated.checkout.test_checkout_084" name="test_checkout[case0]" time="0.005" /><testcase classname="tests.generated.catalog.test_catalog_124" name="test_catalog[case1]" time="0.006" /><testcase classname="tests.generated.catalog.test_catalog_147" name="test_catalog[case6]" time="0.004" /><testcase classname="tests.generated.checkout.test_checkout_084" name="test_checkout[case1]" time="0.004" /><testcase classname="tests.generated.checkout.test_checkout_025" name="test_checkout[case2]" time="0.004" /><testcase classname="tests.generated.checkout.test_checkout_043" name="test_checkout[case7]" time="0.009" /><testcase classname="tests.generated.checkout.test_checkout_025" name="test_checkout[case3]" time="0.005" /><testcase classname="tests.generated.catalog.test_catalog_103" name="test_catalog[case4]" time="0.004" /><testcase classname="tests.generated.checkout.test_checkout_002" name="test_checkout[case5]" time="0.009" /><testcase classname="tests.generated.checkout.test_checkout_063" name="test_checkout[case7]" time="0.012" /><testcase classname="tests.generated.catalog.test_catalog_124" name="test_catalog[case2]" time="0.004" /><testcase classname="tests.generated.catalog.test_catalog_103" name="test_catalog[case5]" time="0.004" /><testcase classname="tests.generated.checkout.test_checkout_025" name="test_checkout[case4]" time="0.011" /><testcase classname="tests.generated.checkout.test_checkout_084" name="test_checkout[case2]" time="0.004" /><testcase classname="tests.generated.catalog.test_catalog_147" name="test_catalog[case7]" time="0.012" /><testcase classname="tests.generated.checkout.test_checkout_084" name="test_checkout[case3]" time="0.004" /><testcase classname="tests.generated.catalog.test_catalog_103" name="test_catalog[case6]" time="0.008" /><testcase classname="tests.generated.checkout.test_checkout_043" name="test_checkout[case8]" time="0.005" /><testcase classname="tests.generated.catalog.test_catalog_124" name="test_catalog[case3]" time="0.014" /><testcase classname="tests.generated.checkout.test_checkout_043" name="test_checkout[case9]" time="0.004" /><testcase classname="tests.generated.checkout.test_checkout_063" name="test_checkout[case8]" time="0.006" /><testcase classname="tests.generated.checkout.test_checkout_002" name="test_checkout[case6]" time="0.004" /><testcase classname="tests.generated.catalog.test_catalog_147" name="test_catalog[case8]" time="0.008" /><testcase classname="tests.generated.checkout.test_checkout_025" name="test_checkout[case5]" time="0.008" /><testcase classname="tests.generated.catalog.test_catalog_103" name="test_catalog[case7]" time="0.004" /><testcase classname="tests.generated.checkout.test_checkout_002" name="test_checkout[case7]" time="0.014" /><testcase classname="tests.generated.checkout.test_checkout_084" name="test_checkout[case4]" time="0.007" /><testcase classname="tests.generated.checkout.test_checkout_063" name="test_checkout[case9]" time="0.004" /><testcase classname="tests.generated.checkout.test_checkout_044" name="test_checkout[case0]" time="0.004" /><testcase classname="tests.generated.catalog.test_catalog_103" name="test_catalog[case8]" time="0.004" /><testcase classname="tests.generated.catalog.test_catalog_124" name="test_catalog[case4]" time="0.008" /><testcase classname="tests.generated.checkout.test_checkout_084" name="test_checkout[case5]" time="0.005" /><testcase classname="tests.generated.checkout.test_checkout_025" name="test_checkout[case6]" time="0.005" /><testcase classname="tests.generated.catalog.test_catalog_147" name="test_catalog[case9]" time="0.016" /><testcase classname="tests.generated.checkout.test_checkout_044" name="test_checkout[case1]" time="0.008" /><testcase classname="tests.generated.catalog.test_catalog_103" name="test_catalog[case9]" time="0.008" /><testcase classname="tests.generated.checkout.test_checkout_064" name="test_checkout[case0]" time="0.006" /><testcase classname="tests.generated.checkout.test_checkout_025" name="test_checkout[case7]" time="0.004" /><testcase classname="tests.generated.checkout.test_checkout_002" name="test_checkout[case8]" time="0.005" /><testcase classname="tests.generated.checkout.test_checkout_064" name="test_checkout[case1]" time="0.006" /><testcase classname="tests.generated.catalog.test_catalog_124" name="test_catalog[case5]" time="0.008" /><testcase classname="tests.generated.checkout.test_checkout_002" name="test_checkout[case9]" time="0.004" /><testcase classname="tests.generated.checkout.test_checkout_025" name="test_checkout[case8]" time="0.005" /><testcase classname="tests.generated.checkout.test_checkout_084" name="test_checkout[case6]" time="0.006" /><testcase classname="tests.generated.checkout.test_checkout_044" name="test_checkout[case2]" time="0.004" /><testcase classname="tests.generated.checkout.test_checkout_003" name="test_checkout[case0]" time="0.004" /><testcase classname="tests.generated.catalog.test_catalog_148" name="test_catalog[case0]" time="0.008" /><testcase classname="tests.generated.checkout.test_checkout_064" name="test_checkout[case2]" time="0.011" /><testcase classname="tests.generated.checkout.test_checkout_084" name="test_checkout[case7]" time="0.011" /><testcase classname="tests.generated.checkout.test_checkout_044" name="test_checkout[case3]" time="0.004" /><testcase classname="tests.generated.catalog.test_catalog_104" name="test_catalog[case0]" time="0.019" /><testcase classname="tests.generated.checkout.test_checkout_003" name="test_checkout[case1]" time="0.007" /><testcase classname="tests.generated.catalog.test_catalog_124" name="test_catalog[case6]" time="0.010" /><testcase classname="tests.generated.checkout.test_checkout_044" name="test_checkout[case4]" time="0.004" /><testcase classname="tests.generated.catalog.test_catalog_148" name="test_catalog[case1]" time="0.007" /><testcase classname="tests.generated.checkout.test_checkout_025" name="test_checkout[case9]" time="0.007" /><testcase classname="tests.generated.catalog.test_catalog_124" name="test_catalog[case7]" time="0.013" /><testcase classname="tests.generated.checkout.test_checkout_044" name="test_checkout[case5]" time="0.008" /><testcase classname="tests.generated.checkout.test_checkout_003" name="test_checkout[case2]" time="0.005" /><testcase classname="tests.generated.catalog.test_catalog_104" name="test_catalog[case1]" time="0.009" /><testcase classname="tests.generated.checkout.test_checkout_064" name="test_checkout[case3]" time="0.008" /><testcase classname="tests.generated.catalog.test_catalog_148" name="test_catalog[case2]" time="0.012" /><testcase classname="tests.generated.checkout.test_checkout_003" name="test_checkout[case3]" time="0.004" /><testcase classname="tests.generated.checkout.test_checkout_084" name="test_checkout[case8]" time="0.009" /><testcase classname="tests.generated.checkout.test_checkout_044" name="test_checkout[case6]" time="0.024" /><testcase classname="tests.generated.checkout.test_checkout_003" name="test_checkout[case4]" time="0.006" /><testcase classname="tests.generated.catalog.test_catalog_104" name="test_catalog[case2]" time="0.004" /><testcase classname="tests.generated.checkout.test_checkout_084" name="test_checkout[case9]" time="0.005" /><testcase classname="tests.generated.checkout.test_checkout_026" name="test_checkout[case0]" time="0.011" /><testcase classname="tests.generated.checkout.test_checkout_064" name="test_checkout[case4]" time="0.005" /><testcase classname="tests.generated.catalog.test_catalog_104" name="test_catalog[case3]" time="0.004" /><testcase classname="tests.generated.catalog.test_catalog_124" name="test_catalog[case8]" time="0.013" /><testcase classname="tests.generated.checkout.test_checkout_003" name="test_checkout[case5]" time="0.008" /><testcase classname="tests.generated.checkout.test_checkout_064" name="test_checkout[case5]" time="0.005" /><testcase classname="tests.generated.catalog.test_catalog_148" name="test_catalog[case3]" time="0.016" /><testcase classname="tests.generated.catalog.test_catalog_104" name="test_catalog[case4]" time="0.005" /><testcase classname="tests.generated.checkout.test_checkout_026" name="test_checkout[case1]" time="0.005" /><testcase classname="tests.generated.checkout.test_checkout_064" name="test_checkout[case6]" time="0.004" /><testcase classname="tests.generated.checkout.test_checkout_003" name="test_checkout[case6]" time="0.004" /><testcase classname="tests.generated.checkout.test_checkout_085" name="test_checkout[case0]" time="0.010" /><testcase classname="tests.generated.checkout.test_checkout_044" name="test_checkout[case7]" time="0.010" /><testcase classname="tests.generated.checkout.test_checkout_064" name="test_checkout[case7]" time="0.005" /><testcase classname="tests.generated.checkout.test_checkout_003" name="test_checkout[case7]" time="0.004" /><testcase classname="tests.generated.checkout.test_checkout_085" name="test_checkout[case1]" time="0.008" /><testcase classname="tests.generated.catalog.test_catalog_124" name="test_catalog[case9]" time="0.007" /><testcase classname="tests.generated.checkout.test_checkout_003" name="test_checkout[case8]" time="0.004" /><testcase classname="tests.generated.catalog.test_catalog_104" name="test_catalog[case5]" time="0.006" /><testcase classname="tests.generated.catalog.test_catalog_104" name="test_catalog[case6]" time="0.005" /><testcase classname="tests.generated.checkout.test_checkout_064" name="test_checkout[case8]" time="0.005" /><testcase classname="tests.generated.catalog.test_catalog_125" name="test_catalog[case0]" time="0.011" /><testcase classname="tests.generated.catalog.test_catalog_148" name="test_catalog[case4]" time="0.005" /><testcase classname="tests.generated.checkout.test_checkout_085" name="test_checkout[case2]" time="0.005" /><testcase classname="tests.generated.checkout.test_checkout_026" name="test_checkout[case2]" time="0.017" /><testcase classname="tests.generated.checkout.test_checkout_044" name="test_checkout[case8]" time="0.007" /><testcase classname="tests.generated.checkout.test_checkout_064" name="test_checkout[case9]" time="0.005" /><testcase classname="tests.generated.catalog.test_catalog_104" name="test_catalog[case7]" time="0.004" /><testcase classname="tests.generated.catalog.test_catalog_148" name="test_catalog[case5]" time="0.012" /><testcase classname="tests.generated.checkout.test_checkout_085" name="test_checkout[case3]" time="0.010" /><testcase classname="tests.generated.checkout.test_checkout_026" name="test_checkout[case3]" time="0.010" /><testcase classname="tests.generated.checkout.test_checkout_003" name="test_checkout[case9]" time="0.008" /><testcase classname="tests.generated.catalog.test_catalog_104" name="test_catalog[case8]" time="0.004" /><testcase classname="tests.generated.checkout.test_checkout_044" name="test_checkout[case9]" time="0.006" /><testcase classname="tests.generated.checkout.test_checkout_065" name="test_checkout[case0]" time="0.005" /><testcase classname="tests.generated.catalog.test_catalog_125" name="test_catalog[case1]" time="0.008" /><testcase classname="tests.generated.catalog.test_catalog_148" name="test_catalog[case6]" time="0.004" /><testcase classname="tests.generated.checkout.test_checkout_004" name="test_checkout[case0]" time="0.007" /><testcase classname="tests.generated.checkout.test_checkout_065" name="test_checkout[case1]" time="0.004" /><testcase classname="tests.generated.catalog.test_catalog_104" name="test_catalog[case9]" time="0.006" /><testcase classname="tests.generated.catalog.test_catalog_148" name="test_catalog[case7]" time="0.004" /><testcase classname="tests.generated.checkout.test_checkout_065" name="test_checkout[case2]" time="0.004" /><testcase classname="tests.generated.checkout.test_checkout_026" name="test_checkout[case4]" time="0.006" /><testcase classname="tests.generated.checkout.test_checkout_045" name="test_checkout[case0]" time="0.010" /><testcase classname="tests.generated.checkout.test_checkout_085" name="test_checkout[case4]" time="0.007" /><testcase classname="tests.generated.catalog.test_catalog_148" name="test_catalog[case8]" time="0.004" /><testcase classname="tests.generated.catalog.test_catalog_148" name="test_catalog[case9]" time="0.004" /><testcase classname="tests.generated.checkout.test_checkout_045" name="test_checkout[case1]" time="0.006" /><testcase classname="tests.generated.catalog.test_catalog_125" name="test_catalog[case2]" time="0.007" /><testcase classname="tests.generated.checkout.test_checkout_004" name="test_checkout[case1]" time="0.018" /><testcase classname="tests.generated.checkout.test_checkout_026" name="test_checkout[case5]" time="0.012" /><testcase classname="tests.generated.catalog.test_catalog_105" name="test_catalog[case0]" time="0.005" /><testcase classname="tests.generated.checkout.test_checkout_065" name="test_checkout[case3]" time="0.006" /><testcase classname="tests.generated.checkout.test_checkout_085" name="test_checkout[case5]" time="0.004" /><testcase classname="tests.generated.catalog.test_catalog_105" name="test_catalog[case1]" time="0.004" /><testcase classname="tests.generated.checkout.test_checkout_045" name="test_checkout[case2]" time="0.005" /><testcase classname="tests.generated.checkout.test_checkout_045" name="test_checkout[case3]" time="0.004" /><testcase classname="tests.generated.checkout.test_checkout_085" name="test_checkout[case6]" time="0.004" /><testcase classname="tests.generated.checkout.test_checkout_085" name="test_checkout[case7]" time="0.004" /><testcase classname="tests.generated.checkout.test_checkout_026" name="test_checkout[case6]" time="0.007" /><testcase classname="tests.generated.catalog.test_catalog_125" name="test_catalog[case3]" time="0.008" /><testcase classname="tests.generated.catalog.test_catalog_149" name="test_catalog[case0]" time="0.008" /><testcase classname="tests.generated.checkout.test_checkout_004" name="test_checkout[case2]" time="0.007" /><testcase classname="tests.generated.checkout.test_checkout_065" name="test_checkout[case4]" time="0.008" /><testcase classname="tests.generated.checkout.test_checkout_085" name="test_checkout[case8]" time="0.004" /><testcase classname="tests.generated.catalog.test_catalog_105" name="test_catalog[case2]" time="0.005" /><testcase classname="tests.generated.checkout.test_checkout_026" name="test_checkout[case7]" time="0.005" /><testcase classname="tests.generated.catalog.test_catalog_105" name="test_catalog[case3]" time="0.004" /><testcase classname="tests.generated.checkout.test_checkout_045" name="test_checkout[case4]" time="0.006" /><testcase classname="tests.generated.catalog.test_catalog_125" name="test_catalog[case4]" time="0.006" /><testcase classname="tests.generated.checkout.test_checkout_085" name="test_checkout[case9]" time="0.005" /><testcase classname="tests.generated.checkout.test_checkout_026" name="test_checkout[case8]" time="0.004" /><testcase classname="tests.generated.checkout.test_checkout_045" name="test_checkout[case5]" time="0.004" /><testcase classname="tests.generated.catalog.test_catalog_105" name="test_catalog[case4]" time="0.011" /><testcase classname="tests.generated.checkout.test_checkout_086" name="test_checkout[case0]" time="0.004" /><testcase classname="tests.generated.catalog.test_catalog_149" name="test_catalog[case1]" time="0.007" /><testcase classname="tests.generated.checkout.test_checkout_065" name="test_checkout[case5]" time="0.006" /><testcase classname="tests.generated.checkout.test_checkout_045" name="test_checkout[case6]" time="0.004" /><testcase classname="tests.generated.checkout.test_checkout_004" name="test_checkout[case3]" time="0.015" /><testcase classname="tests.generated.checkout.test_checkout_086" name="test_checkout[case1]" time="0.004" /><testcase classname="tests.generated.checkout.test_checkout_026" name="test_checkout[case9]" time="0.008" /><testcase classname="tests.generated.catalog.test_catalog_149" name="test_catalog[case2]" time="0.007" /><testcase classname="tests.generated.catalog.test_catalog_105" name="test_catalog[case5]" time="0.004" /><testcase classname="tests.generated.checkout.test_checkout_045" name="test_checkout[case7]" time="0.008" /><testcase classname="tests.generated.catalog.test_catalog_125" name="test_catalog[case5]" time="0.012" /><testcase classname="tests.generated.catalog.test_catalog_125" name="test_catalog[case6]" time="0.008" /><testcase classname="tests.generated.checkout.test_checkout_086" name="test_checkout[case2]" time="0.005" /><testcase classname="tests.generated.checkout.test_checkout_027" name="test_checkout[case0]" time="0.008" /><testcase classname="tests.generated.catalog.test_catalog_105" name="test_catalog[case6]" time="0.004" /><testcase classname="tests.generated.checkout.test_checkout_065" name="test_checkout[case6]" time="0.008" /><testcase classname="tests.generated.catalog.test_catalog_149" name="test_catalog[case3]" time="0.004" /><testcase classname="tests.generated.checkout.test_checkout_004" name="test_checkout[case4]" time="0.011" /><testcase classname="tests.generated.catalog.test_catalog_105" name="test_catalog[case7]" time="0.011" /><testcase classname="tests.generated.checkout.test_checkout_045" name="test_checkout[case8]" time="0.004" /><testcase classname="tests.generated.checkout.test_checkout_086" name="test_checkout[case3]" time="0.006" /><testcase classname="tests.generated.checkout.test_checkout_027" name="test_checkout[case1]" time="0.004" /><testcase classname="tests.generated.catalog.test_catalog_149" name="test_catalog[case4]" time="0.004" /><testcase classname="tests.generated.checkout.test_checkout_045" name="test_checkout[case9]" time="0.004" /><testcase classname="tests.generated.catalog.test_catalog_125" name="test_catalog[case7]" time="0.012" /><testcase classname="tests.generated.checkout.test_checkout_027" name="test_checkout[case2]" time="0.004" /><testcase classname="tests.generated.checkout.test_checkout_086" name="test_checkout[case4]" time="0.004" /><testcase classname="tests.generated.catalog.test_catalog_149" name="test_catalog[case5]" time="0.005" /><testcase classname="tests.generated.checkout.test_checkout_046" name="test_checkout[case0]" time="0.004" /><testcase classname="tests.generated.checkout.test_checkout_027" name="test_checkout[case3]" time="0.004" /><testcase classname="tests.generated.checkout.test_checkout_004" name="test_checkout[case5]" time="0.010" /><testcase classname="tests.generated.checkout.test_checkout_086" name="test_checkout[case5]" time="0.008" /><testcase classname="tests.generated.checkout.test_checkout_065" name="test_checkout[case7]" time="0.010" /><testcase classname="tests.generated.catalog.test_catalog_149" name="test_catalog[case6]" time="0.004" /><testcase classname="tests.generated.checkout.test_checkout_027" name="test_checkout[case4]" time="0.004" /><testcase classname="tests.generated.catalog.test_catalog_105" name="test_catalog[case8]" time="0.010" /><testcase classname="tests.generated.catalog.test_catalog_125" name="test_catalog[case8]" time="0.007" /><testcase classname="tests.generated.catalog.test_catalog_105" name="test_catalog[case9]" time="0.009" /><testcase classname="tests.generated.catalog.test_catalog_149" name="test_catalog[case7]" time="0.005" /><testcase classname="tests.generated.checkout.test_checkout_046" name="test_checkout[case1]" time="0.005" /><testcase classname="tests.generated.checkout.test_checkout_065" name="test_checkout[case8]" time="0.008" /><testcase classname="tests.generated.checkout.test_checkout_027" name="test_checkout[case5]" time="0.004" /><testcase classname="tests.generated.checkout.test_checkout_046" name="test_checkout[case2]" time="0.009" /><testcase classname="tests.generated.checkout.test_checkout_004" name="test_checkout[case6]" time="0.006" /><testcase classname="tests.generated.catalog.test_catalog_149" name="test_catalog[case8]" time="0.004" /><testcase classname="tests.generated.checkout.test_checkout_027" name="test_checkout[case6]" time="0.004" /><testcase classname="tests.generated.catalog.test_catalog_106" name="test_catalog[case0]" time="0.005" /><testcase classname="tests.generated.checkout.test_checkout_004" name="test_checkout[case7]" time="0.014" /><testcase classname="tests.generated.catalog.test_catalog_149" name="test_catalog[case9]" time="0.005" /><testcase classname="tests.generated.catalog.test_catalog_125" name="test_catalog[case9]" time="0.006" /><testcase classname="tests.generated.catalog.test_catalog_126" name="test_catalog[case0]" time="0.008" /><testcase classname="tests.generated.checkout.test_checkout_065" name="test_checkout[case9]" time="0.011" /><testcase classname="tests.generated.catalog.test_catalog_106" name="test_catalog[case1]" time="0.004" /><testcase classname="tests.generated.checkout.test_checkout_046" name="test_checkout[case3]" time="0.015" /><testcase classname="tests.generated.catalog.test_catalog_106" name="test_catalog[case2]" time="0.005" /><testcase classname="tests.generated.checkout.test_checkout_004" name="test_checkout[case8]" time="0.008" /><testcase classname="tests.generated.checkout.test_checkout_066" name="test_checkout[case0]" time="0.004" /><testcase classname="tests.generated.catalog.test_catalog_150" name="test_catalog[case0]" time="0.009" /><testcase classname="tests.generated.catalog.test_catalog_126" name="test_catalog[case1]" time="0.008" /><testcase classname="tests.generated.checkout.test_checkout_027" name="test_checkout[case7]" time="0.010" /><testcase classname="tests.generated.checkout.test_checkout_004" name="test_checkout[case9]" time="0.007" /><testcase classname="tests.generated.checkout.test_checkout_066" name="test_checkout[case1]" time="0.008" /><testcase classname="tests.generated.checkout.test_checkout_046" name="test_checkout[case4]" time="0.006" /><testcase classname="tests.generated.catalog.test_catalog_106" name="test_catalog[case3]" time="0.008" /><testcase classname="tests.generated.catalog.test_catalog_126" name="test_catalog[case2]" time="0.007" /><testcase classname="tests.generated.checkout.test_checkout_046" name="test_checkout[case5]" time="0.007" /><testcase classname="tests.generated.catalog.test_catalog_126" name="test_catalog[case3]" time="0.005" /><testcase classname="tests.generated.catalog.test_catalog_150" name="test_catalog[case1]" time="0.004" /><testcase classname="tests.generated.catalog.test_catalog_150" name="test_catalog[case2]" time="0.005" /><testcase classname="tests.generated.checkout.test_checkout_027" name="test_checkout[case8]" time="0.008" /><testcase classname="tests.generated.checkout.test_checkout_066" name="test_checkout[case2]" time="0.004" /><testcase classname="tests.generated.catalog.test_catalog_106" name="test_catalog[case4]" time="0.009" /><testcase classname="tests.generated.checkout.test_checkout_027" name="test_checkout[case9]" time="0.004" /><testcase classname="tests.generated.checkout.test_checkout_005" name="test_checkout[case0]" time="0.004" /><testcase classname="tests.generated.checkout.test_checkout_066" name="test_checkout[case3]" time="0.006" /><testcase classname="tests.generated.catalog.test_catalog_126" name="test_catalog[case4]" time="0.005" /><testcase classname="tests.generated.checkout.test_checkout_046" name="test_checkout[case6]" time="0.008" /><testcase classname="tests.generated.checkout.test_checkout_028" name="test_checkout[case0]" time="0.007" /><testcase classname="tests.generated.catalog.test_catalog_150" name="test_catalog[case3]" time="0.004" /><testcase classname="tests.generated.catalog.test_catalog_126" name="test_catalog[case5]" time="0.004" /><testcase classname="tests.generated.catalog.test_catalog_106" name="test_catalog[case5]" time="0.008" /><testcase classname="tests.generated.checkout.test_checkout_005" name="test_checkout[case1]" time="0.006" /><testcase classname="tests.generated.checkout.test_checkout_066" name="test_checkout[case4]" time="0.005" /><testcase classname="tests.generated.catalog.test_catalog_150" name="test_catalog[case4]" time="0.004" /><testcase classname="tests.generated.checkout.test_checkout_046" name="test_checkout[case7]" time="0.010" /><testcase classname="tests.generated.catalog.test_catalog_126" name="test_catalog[case6]" time="0.005" /><testcase classname="tests.generated.checkout.test_checkout_066" name="test_checkout[case5]" time="0.005" /><testcase classname="tests.generated.catalog.test_catalog_150" name="test_catalog[case5]" time="0.005" /><testcase classname="tests.generated.catalog.test_catalog_106" name="test_catalog[case6]" time="0.005" /><testcase classname="tests.generated.checkout.test_checkout_005" name="test_checkout[case2]" time="0.006" /><testcase classname="tests.generated.catalog.test_catalog_106" name="test_catalog[case7]" time="0.004" /><testcase classname="tests.generated.checkout.test_checkout_066" name="test_checkout[case6]" time="0.004" /><testcase classname="tests.generated.catalog.test_catalog_126" name="test_catalog[case7]" time="0.004" /><testcase classname="tests.generated.catalog.test_catalog_126" name="test_catalog[case8]" time="0.004" /><testcase classname="tests.generated.checkout.test_checkout_005" name="test_checkout[case3]" time="0.007" /><testcase classname="tests.generated.catalog.test_catalog_150" name="test_catalog[case6]" time="0.007" /><testcase classname="tests.generated.checkout.test_checkout_046" name="test_checkout[case8]" time="0.005" /><testcase classname="tests.generated.checkout.test_checkout_066" name="test_checkout[case7]" time="0.005" /><testcase classname="tests.generated.catalog.test_catalog_106" name="test_catalog[case8]" time="0.005" /><testcase classname="tests.generated.catalog.test_catalog_126" name="test_catalog[case9]" time="0.004" /><testcase classname="tests.generated.catalog.test_catalog_150" name="test_catalog[case7]" time="0.005" /><testcase classname="tests.generated.catalog.test_catalog_106" name="test_catalog[case9]" time="0.004" /><testcase classname="tests.generated.checkout.test_checkout_005" name="test_checkout[case4]" time="0.007" /><testcase classname="tests.generated.checkout.test_checkout_046" name="test_checkout[case9]" time="0.005" /><testcase classname="tests.generated.catalog.test_catalog_150" name="test_catalog[case8]" time="0.006" /><testcase classname="tests.generated.checkout.test_checkout_005" name="test_checkout[case5]" time="0.006" /><testcase classname="tests.generated.catalog.test_catalog_127" name="test_catalog[case0]" time="0.007" /><testcase classname="tests.generated.checkout.test_checkout_066" name="test_checkout[case8]" time="0.007" /><testcase classname="tests.generated.checkout.test_checkout_066" name="test_checkout[case9]" time="0.007" /><testcase classname="tests.generated.catalog.test_catalog_107" name="test_catalog[case0]" time="0.006" /><testcase classname="tests.generated.checkout.test_checkout_047" name="test_checkout[case0]" time="0.007" /><testcase classname="tests.generated.catalog.test_catalog_107" name="test_catalog[case1]" time="0.005" /><testcase classname="tests.generated.checkout.test_checkout_067" name="test_checkout[case0]" time="0.004" /><testcase classname="tests.generated.checkout.test_checkout_047" name="test_checkout[case1]" time="0.006" /><testcase classname="tests.generated.checkout.test_checkout_005" name="test_checkout[case6]" time="0.005" /><testcase classname="tests.generated.catalog.test_catalog_150" name="test_catalog[case9]" time="0.004" /><testcase classname="tests.generated.catalog.test_catalog_127" name="test_catalog[case1]" time="0.004" /><testcase classname="tests.generated.catalog.test_catalog_151" name="test_catalog[case0]" time="0.007" /><testcase classname="tests.generated.catalog.test_catalog_107" name="test_catalog[case2]" time="0.004" /><testcase classname="tests.generated.checkout.test_checkout_067" name="test_checkout[case1]" time="0.004" /><testcase classname="tests.generated.catalog.test_catalog_127" name="test_catalog[case2]" time="0.004" /><testcase classname="tests.generated.checkout.test_checkout_005" name="test_checkout[case7]" time="0.007" /><testcase classname="tests.generated.catalog.test_catalog_107" name="test_catalog[case3]" time="0.005" /><testcase classname="tests.generated.checkout.test_checkout_047" name="test_checkout[case2]" time="0.007" /><testcase classname="tests.generated.catalog.test_catalog_151" name="test_catalog[case1]" time="0.005" /><testcase classname="tests.generated.catalog.test_catalog_127" name="test_catalog[case3]" time="0.004" /><testcase classname="tests.generated.checkout.test_checkout_005" name="test_checkout[case8]" time="0.004" /><testcase classname="tests.generated.checkout.test_checkout_067" name="test_checkout[case2]" time="0.009" /><testcase classname="tests.generated.checkout.test_checkout_005" name="test_checkout[case9]" time="0.004" /><testcase classname="tests.generated.catalog.test_catalog_107" name="test_catalog[case4]" time="0.006" /><testcase classname="tests.generated.checkout.test_checkout_047" name="test_checkout[case3]" time="0.004" /><testcase classname="tests.generated.catalog.test_catalog_127" name="test_catalog[case4]" time="0.010" /><testcase classname="tests.generated.catalog.test_catalog_107" name="test_catalog[case5]" time="0.004" /><testcase classname="tests.generated.checkout.test_checkout_047" name="test_checkout[case4]" time="0.004" /><testcase classname="tests.generated.catalog.test_catalog_151" name="test_catalog[case2]" time="0.004" /><testcase classname="tests.generated.catalog.test_catalog_151" name="test_catalog[case3]" time="0.004" /><testcase classname="tests.generated.checkout.test_checkout_067" name="test_checkout[case3]" time="0.008" /><testcase classname="tests.generated.checkout.test_checkout_006" name="test_checkout[case0]" time="0.007" /><testcase classname="tests.generated.checkout.test_checkout_047" name="test_checkout[case5]" time="0.004" /><testcase classname="tests.generated.catalog.test_catalog_107" name="test_catalog[case6]" time="0.004" /><testcase classname="tests.generated.catalog.test_catalog_127" name="test_catalog[case5]" time="0.008" /><testcase classname="tests.generated.catalog.test_catalog_151" name="test_catalog[case4]" time="0.005" /><testcase classname="tests.generated.catalog.test_catalog_107" name="test_catalog[case7]" time="0.004" /><testcase classname="tests.generated.checkout.test_checkout_067" name="test_checkout[case4]" time="0.007" /><testcase classname="tests.generated.checkout.test_checkout_006" name="test_checkout[case1]" time="0.007" /><testcase classname="tests.generated.checkout.test_checkout_047" name="test_checkout[case6]" time="0.004" /><testcase classname="tests.generated.checkout.test_checkout_047" name="test_checkout[case7]" time="0.004" /><testcase classname="tests.generated.catalog.test_catalog_151" name="test_catalog[case5]" time="0.004" /><testcase classname="tests.generated.catalog.test_catalog_127" name="test_catalog[case6]" time="0.007" /><testcase classname="tests.generated.catalog.test_catalog_151" name="test_catalog[case6]" time="0.004" /><testcase classname="tests.generated.checkout.test_checkout_047" name="test_checkout[case8]" time="0.004" /><testcase classname="tests.generated.checkout.test_checkout_067" name="test_checkout[case5]" time="0.007" /><testcase classname="tests.generated.catalog.test_catalog_107" name="test_catalog[case8]" time="0.006" /><testcase classname="tests.generated.catalog.test_catalog_107" name="test_catalog[case9]" time="0.004" /><testcase classname="tests.generated.checkout.test_checkout_047" name="test_checkout[case9]" time="0.005" /><testcase classname="tests.generated.catalog.test_catalog_151" name="test_catalog[case7]" time="0.004" /><testcase classname="tests.generated.checkout.test_checkout_006" name="test_checkout[case2]" time="0.009" /><testcase classname="tests.generated.catalog.test_catalog_151" name="test_catalog[case8]" time="0.004" /><testcase classname="tests.generated.checkout.test_checkout_067" name="test_checkout[case6]" time="0.008" /><testcase classname="tests.generated.checkout.test_checkout_048" name="test_checkout[case0]" time="0.005" /><testcase classname="tests.generated.catalog.test_catalog_127" name="test_catalog[case7]" time="0.007" /><testcase classname="tests.generated.catalog.test_catalog_108" name="test_catalog[case0]" time="0.004" /><testcase classname="tests.generated.catalog.test_catalog_127" name="test_catalog[case8]" time="0.004" /><testcase classname="tests.generated.checkout.test_checkout_006" name="test_checkout[case3]" time="0.009" /><testcase classname="tests.generated.checkout.test_checkout_048" name="test_checkout[case1]" time="0.005" /><testcase classname="tests.generated.catalog.test_catalog_151" name="test_catalog[case9]" time="0.007" /><testcase classname="tests.generated.checkout.test_checkout_006" name="test_checkout[case4]" time="0.004" /><testcase classname="tests.generated.catalog.test_catalog_127" name="test_catalog[case9]" time="0.004" /><testcase classname="tests.generated.catalog.test_catalog_152" name="test_catalog[case0]" time="0.004" /><testcase classname="tests.generated.catalog.test_catalog_128" name="test_catalog[case0]" time="0.003" /><testcase classname="tests.generated.catalog.test_catalog_128" name="test_catalog[case1]" time="0.004" /><testcase classname="tests.generated.catalog.test_catalog_152" name="test_catalog[case1]" time="0.004" /><testcase classname="tests.generated.checkout.test_checkout_006" name="test_checkout[case5]" time="0.004" /><testcase classname="tests.generated.checkout.test_checkout_006" name="test_checkout[case6]" time="0.003" /><testcase classname="tests.generated.catalog.test_catalog_152" name="test_catalog[case2]" time="0.004" /><testcase classname="tests.generated.catalog.test_catalog_128" name="test_catalog[case2]" time="0.004" /><testcase classname="tests.generated.catalog.test_catalog_152" name="test_catalog[case3]" time="0.004" /><testcase classname="tests.generated.checkout.test_checkout_006" name="test_checkout[case7]" time="0.003" /><testcase classname="tests.generated.catalog.test_catalog_128" name="test_catalog[case3]" time="0.003" /><testcase classname="tests.generated.catalog.test_catalog_128" name="test_catalog[case4]" time="0.004" /><testcase classname="tests.generated.checkout.test_checkout_006" name="test_checkout[case8]" time="0.004" /><testcase classname="tests.generated.checkout.test_checkout_006" name="test_checkout[case9]" time="0.004" /><testcase classname="tests.generated.checkout.test_checkout_007" name="test_checkout[case0]" time="0.003" /><testcase classname="tests.generated.catalog.test_catalog_128" name="test_catalog[case5]" time="0.004" /><testcase classname="tests.generated.catalog.test_catalog_128" name="test_catalog[case6]" time="0.003" /><testcase classname="tests.generated.catalog.test_catalog_128" name="test_catalog[case7]" time="0.003" /><testcase classname="tests.generated.checkout.test_checkout_007" name="test_checkout[case1]" time="0.003" /><testcase classname="tests.generated.catalog.test_catalog_152" name="test_catalog[case4]" time="0.003" /><testcase classname="tests.generated.catalog.test_catalog_152" name="test_catalog[case5]" time="0.004" /><testcase classname="tests.generated.checkout.test_checkout_007" name="test_checkout[case2]" time="0.003" /><testcase classname="tests.generated.checkout.test_checkout_007" name="test_checkout[case3]" time="0.003" /><testcase classname="tests.generated.catalog.test_catalog_128" name="test_catalog[case8]" time="0.003" /><testcase classname="tests.generated.catalog.test_catalog_152" name="test_catalog[case6]" time="0.003" /><testcase classname="tests.generated.catalog.test_catalog_152" name="test_catalog[case7]" time="0.003" /><testcase classname="tests.generated.catalog.test_catalog_152" name="test_catalog[case8]" time="0.003" /><testcase classname="tests.generated.catalog.test_catalog_128" name="test_catalog[case9]" time="0.003" /><testcase classname="tests.generated.catalog.test_catalog_129" name="test_catalog[case0]" time="0.003" /><testcase classname="tests.generated.catalog.test_catalog_129" name="test_catalog[case1]" time="0.003" /><testcase classname="tests.generated.catalog.test_catalog_129" name="test_catalog[case2]" time="0.003" /><testcase classname="tests.generated.catalog.test_catalog_129" name="test_catalog[case3]" time="0.064" /><testcase classname="tests.generated.catalog.test_catalog_152" name="test_catalog[case9]" time="0.003" /><testcase classname="tests.generated.catalog.test_catalog_129" name="test_catalog[case4]" time="0.004" /><testcase classname="tests.generated.catalog.test_catalog_129" name="test_catalog[case5]" time="0.003" /><testcase classname="tests.generated.catalog.test_catalog_129" name="test_catalog[case6]" time="0.004" /><testcase classname="tests.generated.catalog.test_catalog_129" name="test_catalog[case7]" time="0.003" /><testcase classname="tests.generated.catalog.test_catalog_129" name="test_catalog[case8]" time="0.003" /><testcase classname="tests.generated.catalog.test_catalog_129" name="test_catalog[case9]" time="0.003" /><testcase classname="tests.generated.catalog.test_catalog_130" name="test_catalog[case0]" time="0.003" /><testcase classname="tests.generated.catalog.test_catalog_130" name="test_catalog[case1]" time="0.003" /><testcase classname="tests.generated.catalog.test_catalog_130" name="test_catalog[case2]" time="0.003" /><testcase classname="tests.generated.catalog.test_catalog_130" name="test_catalog[case3]" time="0.003" /><testcase classname="tests.generated.catalog.test_catalog_130" name="test_catalog[case4]" time="0.003" /><testcase classname="tests.generated.catalog.test_catalog_130" name="test_catalog[case5]" time="0.003" /><testcase classname="tests.generated.catalog.test_catalog_130" name="test_catalog[case6]" time="0.002" /><testcase classname="tests.generated.catalog.test_catalog_130" name="test_catalog[case7]" time="0.003" /><testcase classname="tests.generated.catalog.test_catalog_130" name="test_catalog[case8]" time="0.003" /><testcase classname="tests.generated.checkout.test_checkout_067" name="test_checkout[case7]" time="0.003" /><testcase classname="tests.generated.checkout.test_checkout_086" name="test_checkout[case6]" time="0.002" /><testcase classname="tests.generated.checkout.test_checkout_105" name="test_checkout[case0]" time="0.002" /><testcase classname="tests.generated.checkout.test_checkout_028" name="test_checkout[case1]" time="0.002" /><testcase classname="tests.generated.checkout.test_checkout_086" name="test_checkout[case7]" time="0.002" /><testcase classname="tests.generated.checkout.test_checkout_086" name="test_checkout[case8]" time="0.003" /><testcase classname="tests.generated.checkout.test_checkout_122" name="test_checkout[case7]" time="0.003" /><testcase classname="tests.generated.checkout.test_checkout_086" name="test_checkout[case9]" time="0.003" /><testcase classname="tests.generated.checkout.test_checkout_087" name="test_checkout[case0]" time="0.003" /><testcase classname="tests.generated.checkout.test_checkout_087" name="test_checkout[case1]" time="0.003" /><testcase classname="tests.generated.checkout.test_checkout_048" name="test_checkout[case2]" time="0.003" /><testcase classname="tests.generated.checkout.test_checkout_139" name="test_checkout[case8]" time="0.003" /><testcase classname="tests.generated.checkout.test_checkout_122" name="test_checkout[case8]" time="0.003" /><testcase classname="tests.generated.checkout.test_checkout_122" name="test_checkout[case9]" time="0.003" /><testcase classname="tests.generated.checkout.test_checkout_123" name="test_checkout[case0]" time="0.004" /><testcase classname="tests.generated.checkout.test_checkout_139" name="test_checkout[case9]" time="0.003" /><testcase classname="tests.generated.checkout.test_checkout_105" name="test_checkout[case1]" time="0.003" /><testcase classname="tests.generated.checkout.test_checkout_105" name="test_checkout[case2]" time="0.003" /><testcase classname="tests.generated.checkout.test_checkout_105" name="test_checkout[case3]" time="0.003" /><testcase classname="tests.generated.checkout.test_checkout_087" name="test_checkout[case2]" time="0.003" /><testcase classname="tests.generated.checkout.test_checkout_087" name="test_checkout[case3]" time="0.004" /><testcase classname="tests.generated.checkout.test_checkout_140" name="test_checkout[case0]" time="0.003" /><testcase classname="tests.generated.checkout.test_checkout_140" name="test_checkout[case1]" time="0.003" /><testcase classname="tests.generated.checkout.test_checkout_123" name="test_checkout[case1]" time="0.003" /><testcase classname="tests.generated.checkout.test_checkout_123" name="test_checkout[case2]" time="0.006" /><testcase classname="tests.generated.checkout.test_checkout_105" name="test_checkout[case4]" time="0.004" /><testcase classname="tests.generated.checkout.test_checkout_087" name="test_checkout[case4]" time="0.006" /><testcase classname="tests.generated.checkout.test_checkout_140" name="test_checkout[case2]" time="0.005" /><testcase classname="tests.generated.checkout.test_checkout_105" name="test_checkout[case5]" time="0.005" /><testcase classname="tests.generated.checkout.test_checkout_105" name="test_checkout[case6]" time="0.005" /><testcase classname="tests.generated.checkout.test_checkout_123" name="test_checkout[case3]" time="0.005" /><testcase classname="tests.generated.checkout.test_checkout_087" name="test_checkout[case5]" time="0.006" /><testcase classname="tests.generated.checkout.test_checkout_123" name="test_checkout[case4]" time="0.004" /><testcase classname="tests.generated.checkout.test_checkout_123" name="test_checkout[case5]" time="0.004" /><testcase classname="tests.generated.checkout.test_checkout_140" name="test_checkout[case3]" time="0.011" /><testcase classname="tests.generated.checkout.test_checkout_087" name="test_checkout[case6]" time="0.004" /><testcase classname="tests.generated.checkout.test_checkout_087" name="test_checkout[case7]" time="0.005" /><testcase classname="tests.generated.checkout.test_checkout_105" name="test_checkout[case7]" time="0.004" /><testcase classname="tests.generated.checkout.test_checkout_105" name="test_checkout[case8]" time="0.005" /><testcase classname="tests.generated.checkout.test_checkout_123" name="test_checkout[case6]" time="0.006" /><testcase classname="tests.generated.checkout.test_checkout_087" name="test_checkout[case8]" time="0.004" /><testcase classname="tests.generated.checkout.test_checkout_105" name="test_checkout[case9]" time="0.004" /><testcase classname="tests.generated.checkout.test_checkout_123" name="test_checkout[case7]" time="0.005" /><testcase classname="tests.generated.checkout.test_checkout_106" name="test_checkout[case0]" time="0.004" /><testcase classname="tests.generated.checkout.test_checkout_140" name="test_checkout[case4]" time="0.008" /><testcase classname="tests.generated.checkout.test_checkout_140" name="test_checkout[case5]" time="0.004" /><testcase classname="tests.generated.checkout.test_checkout_087" name="test_checkout[case9]" time="0.005" /><testcase classname="tests.generated.checkout.test_checkout_140" name="test_checkout[case6]" time="0.003" /><testcase classname="tests.generated.checkout.test_checkout_106" name="test_checkout[case1]" time="0.003" /><testcase classname="tests.generated.checkout.test_checkout_123" name="test_checkout[case8]" time="0.004" /><testcase classname="tests.generated.checkout.test_checkout_088" name="test_checkout[case0]" time="0.004" /><testcase classname="tests.generated.checkout.test_checkout_106" name="test_checkout[case2]" time="0.004" /><testcase classname="tests.generated.checkout.test_checkout_140" name="test_checkout[case7]" time="0.003" /><testcase classname="tests.generated.checkout.test_checkout_123" name="test_checkout[case9]" time="0.004" /><testcase classname="tests.generated.checkout.test_checkout_140" name="test_checkout[case8]" time="0.004" /><testcase classname="tests.generated.checkout.test_checkout_088" name="test_checkout[case1]" time="0.004" /><testcase classname="tests.generated.checkout.test_checkout_124" name="test_checkout[case0]" time="0.004" /><testcase classname="tests.generated.checkout.test_checkout_088" name="test_checkout[case2]" time="0.004" /><testcase classname="tests.generated.checkout.test_checkout_106" name="test_checkout[case3]" time="0.004" /><testcase classname="tests.generated.checkout.test_checkout_140" name="test_checkout[case9]" time="0.005" /><testcase classname="tests.generated.checkout.test_checkout_106" name="test_checkout[case4]" time="0.004" /><testcase classname="tests.generated.checkout.test_checkout_124" name="test_checkout[case1]" time="0.004" /><testcase classname="tests.generated.checkout.test_checkout_088" name="test_checkout[case3]" time="0.003" /><testcase classname="tests.generated.checkout.test_checkout_124" name="test_checkout[case2]" time="0.005" /><testcase classname="tests.generated.checkout.test_checkout_106" name="test_checkout[case5]" time="0.003" /><testcase classname="tests.generated.checkout.test_checkout_141" name="test_checkout[case0]" time="0.005" /><testcase classname="tests.generated.checkout.test_checkout_088" name="test_checkout[case4]" time="0.005" /><testcase classname="tests.generated.catalog.test_catalog_108" name="test_catalog[case1]" time="0.004" /><testcase classname="tests.generated.checkout.test_checkout_141" name="test_checkout[case1]" time="0.004" /><testcase classname="tests.generated.checkout.test_checkout_124" name="test_checkout[case3]" time="0.009" /><testcase classname="tests.generated.checkout.test_checkout_106" name="test_checkout[case6]" time="0.004" /><testcase classname="tests.generated.checkout.test_checkout_156" name="test_checkout[case4]" time="0.004" /><testcase classname="tests.generated.checkout.test_checkout_088" name="test_checkout[case5]" time="0.004" /><testcase classname="tests.generated.checkout.test_checkout_106" name="test_checkout[case7]" time="0.005" /><testcase classname="tests.generated.checkout.test_checkout_156" name="test_checkout[case5]" time="0.004" /><testcase classname="tests.generated.checkout.test_checkout_141" name="test_checkout[case2]" time="0.005" /><testcase classname="tests.generated.checkout.test_checkout_106" name="test_checkout[case8]" time="0.007" /><testcase classname="tests.generated.checkout.test_checkout_124" name="test_checkout[case4]" time="0.007" /><testcase classname="tests.generated.checkout.test_checkout_088" name="test_checkout[case6]" time="0.004" /><testcase classname="tests.generated.checkout.test_checkout_088" name="test_checkout[case7]" time="0.004" /><testcase classname="tests.generated.checkout.test_checkout_156" name="test_checkout[case6]" time="0.005" /><testcase classname="tests.generated.checkout.test_checkout_124" name="test_checkout[case5]" time="0.006" /><testcase classname="tests.generated.checkout.test_checkout_141" name="test_checkout[case3]" time="0.004" /><testcase classname="tests.generated.checkout.test_checkout_156" name="test_checkout[case7]" time="0.007" /><testcase classname="tests.generated.checkout.test_checkout_106" name="test_checkout[case9]" time="0.006" /><testcase classname="tests.generated.checkout.test_checkout_088" name="test_checkout[case8]" time="0.003" /><testcase classname="tests.generated.checkout.test_checkout_088" name="test_checkout[case9]" time="0.004" /><testcase classname="tests.generated.checkout.test_checkout_141" name="test_checkout[case4]" time="0.005" /><testcase classname="tests.generated.checkout.test_checkout_124" name="test_checkout[case6]" time="0.005" /><testcase classname="tests.generated.checkout.test_checkout_141" name="test_checkout[case5]" time="0.004" /><testcase classname="tests.generated.checkout.test_checkout_107" name="test_checkout[case0]" time="0.007" /><testcase classname="tests.generated.checkout.test_checkout_156" name="test_checkout[case8]" time="0.007" /><testcase classname="tests.generated.checkout.test_checkout_089" name="test_checkout[case0]" time="0.004" /><testcase classname="tests.generated.checkout.test_checkout_124" name="test_checkout[case7]" time="0.006" /><testcase classname="tests.generated.checkout.test_checkout_141" name="test_checkout[case6]" time="0.004" /><testcase classname="tests.generated.checkout.test_checkout_107" name="test_checkout[case1]" time="0.007" /><testcase classname="tests.generated.checkout.test_checkout_156" name="test_checkout[case9]" time="0.005" /><testcase classname="tests.generated.checkout.test_checkout_089" name="test_checkout[case1]" time="0.008" /><testcase classname="tests.generated.checkout.test_checkout_124" name="test_checkout[case8]" time="0.004" /><testcase classname="tests.generated.checkout.test_checkout_141" name="test_checkout[case7]" time="0.004" /><testcase classname="tests.generated.checkout.test_checkout_141" name="test_checkout[case8]" time="0.005" /><testcase classname="tests.generated.checkout.test_checkout_107" name="test_checkout[case2]" time="0.005" /><testcase classname="tests.generated.checkout.test_checkout_157" name="test_checkout[case0]" time="0.004" /><testcase classname="tests.generated.checkout.test_checkout_089" name="test_checkout[case2]" time="0.008" /><testcase classname="tests.generated.checkout.test_checkout_124" name="test_checkout[case9]" time="0.004" /><testcase classname="tests.generated.checkout.test_checkout_141" name="test_checkout[case9]" time="0.006" /><testcase classname="tests.generated.checkout.test_checkout_157" name="test_checkout[case1]" time="0.005" /><testcase classname="tests.generated.checkout.test_checkout_125" name="test_checkout[case0]" time="0.006" /><testcase classname="tests.generated.checkout.test_checkout_107" name="test_checkout[case3]" time="0.006" /><testcase classname="tests.generated.checkout.test_checkout_089" name="test_checkout[case3]" time="0.007" /><testcase classname="tests.generated.checkout.test_checkout_107" name="test_checkout[case4]" time="0.009" /><testcase classname="tests.generated.checkout.test_checkout_157" name="test_checkout[case2]" time="0.004" /><testcase classname="tests.generated.checkout.test_checkout_157" name="test_checkout[case3]" time="0.005" /><testcase classname="tests.generated.checkout.test_checkout_125" name="test_checkout[case1]" time="0.008" /><testcase classname="tests.generated.checkout.test_checkout_089" name="test_checkout[case4]" time="0.011" /><testcase classname="tests.generated.checkout.test_checkout_142" name="test_checkout[case0]" time="0.007" /><testcase classname="tests.generated.checkout.test_checkout_125" name="test_checkout[case2]" time="0.011" /><testcase classname="tests.generated.checkout.test_checkout_107" name="test_checkout[case5]" time="0.010" /><testcase classname="tests.generated.checkout.test_checkout_142" name="test_checkout[case1]" time="0.008" /><testcase classname="tests.generated.checkout.test_checkout_157" name="test_checkout[case4]" time="0.005" /><testcase classname="tests.generated.checkout.test_checkout_142" name="test_checkout[case2]" time="0.004" /><testcase classname="tests.generated.checkout.test_checkout_089" name="test_checkout[case5]" time="0.004" /><testcase classname="tests.generated.checkout.test_checkout_157" name="test_checkout[case5]" time="0.005" /><testcase classname="tests.generated.checkout.test_checkout_125" name="test_checkout[case3]" time="0.004" /><testcase classname="tests.generated.checkout.test_checkout_142" name="test_checkout[case3]" time="0.007" /><testcase classname="tests.generated.checkout.test_checkout_157" name="test_checkout[case6]" time="0.007" /><testcase classname="tests.generated.checkout.test_checkout_089" name="test_checkout[case6]" time="0.007" /><testcase classname="tests.generated.checkout.test_checkout_142" name="test_checkout[case4]" time="0.004" /><testcase classname="tests.generated.checkout.test_checkout_107" name="test_checkout[case6]" time="0.006" /><testcase classname="tests.generated.checkout.test_checkout_125" name="test_checkout[case4]" time="0.005" /><testcase classname="tests.generated.checkout.test_checkout_142" name="test_checkout[case5]" time="0.006" /><testcase classname="tests.generated.checkout.test_checkout_089" name="test_checkout[case7]" time="0.008" /><testcase classname="tests.generated.checkout.test_checkout_157" name="test_checkout[case7]" time="0.004" /><testcase classname="tests.generated.checkout.test_checkout_107" name="test_checkout[case7]" time="0.008" /><testcase classname="tests.generated.checkout.test_checkout_125" name="test_checkout[case5]" time="0.007" /><testcase classname="tests.generated.checkout.test_checkout_157" name="test_checkout[case8]" time="0.004" /><testcase classname="tests.generated.checkout.test_checkout_142" name="test_checkout[case6]" time="0.008" /><testcase classname="tests.generated.checkout.test_checkout_089" name="test_checkout[case8]" time="0.006" /><testcase classname="tests.generated.checkout.test_checkout_107" name="test_checkout[case8]" time="0.006" /><testcase classname="tests.generated.checkout.test_checkout_125" name="test_checkout[case6]" time="0.004" /><testcase classname="tests.generated.checkout.test_checkout_125" name="test_checkout[case7]" time="0.004" /><testcase classname="tests.generated.checkout.test_checkout_157" name="test_checkout[case9]" time="0.005" /><testcase classname="tests.generated.checkout.test_checkout_142" name="test_checkout[case7]" time="0.004" /><testcase classname="tests.generated.checkout.test_checkout_125" name="test_checkout[case8]" time="0.004" /><testcase classname="tests.generated.checkout.test_checkout_107" name="test_checkout[case9]" time="0.004" /><testcase classname="tests.generated.checkout.test_checkout_089" name="test_checkout[case9]" time="0.005" /><testcase classname="tests.generated.checkout.test_checkout_158" name="test_checkout[case0]" time="0.004" /><testcase classname="tests.generated.checkout.test_checkout_142" name="test_checkout[case8]" time="0.004" /><testcase classname="tests.generated.checkout.test_checkout_007" name="test_checkout[case4]" time="0.004" /><testcase classname="tests.generated.checkout.test_checkout_158" name="test_checkout[case1]" time="0.004" /><testcase classname="tests.generated.checkout.test_checkout_142" name="test_checkout[case9]" time="0.008" /><testcase classname="tests.generated.checkout.test_checkout_125" name="test_checkout[case9]" time="0.007" /><testcase classname="tests.generated.checkout.test_checkout_108" name="test_checkout[case0]" time="0.007" /><testcase classname="tests.generated.checkout.test_checkout_090" name="test_checkout[case0]" time="0.011" /><testcase classname="tests.generated.email.test_email_005" name="test_email[case5]" time="0.004" /><testcase classname="tests.generated.checkout.test_checkout_158" name="test_checkout[case2]" time="0.004" /><testcase classname="tests.generated.checkout.test_checkout_126" name="test_checkout[case0]" time="0.004" /><testcase classname="tests.generated.checkout.test_checkout_143" name="test_checkout[case0]" time="0.004" /><testcase classname="tests.generated.checkout.test_checkout_158" name="test_checkout[case3]" time="0.004" /><testcase classname="tests.generated.checkout.test_checkout_108" name="test_checkout[case1]" time="0.005" /><testcase classname="tests.generated.checkout.test_checkout_090" name="test_checkout[case1]" time="0.007" /><testcase classname="tests.generated.email.test_email_005" name="test_email[case6]" time="0.004" /><testcase classname="tests.generated.checkout.test_checkout_126" name="test_checkout[case1]" time="0.005" /><testcase classname="tests.generated.checkout.test_checkout_158" name="test_checkout[case4]" time="0.006" /><testcase classname="tests.generated.checkout.test_checkout_143" name="test_checkout[case1]" time="0.004" /><testcase classname="tests.generated.email.test_email_005" name="test_email[case7]" time="0.004" /><testcase classname="tests.generated.checkout.test_checkout_108" name="test_checkout[case2]" time="0.004" /><testcase classname="tests.generated.email.test_email_005" name="test_email[case8]" time="0.006" /><testcase classname="tests.generated.checkout.test_checkout_126" name="test_checkout[case2]" time="0.004" /><testcase classname="tests.generated.checkout.test_checkout_143" name="test_checkout[case2]" time="0.004" /><testcase classname="tests.generated.checkout.test_checkout_158" name="test_checkout[case5]" time="0.004" /><testcase classname="tests.generated.checkout.test_checkout_126" name="test_checkout[case3]" time="0.006" /><testcase classname="tests.generated.checkout.test_checkout_090" name="test_checkout[case2]" time="0.006" /><testcase classname="tests.generated.checkout.test_checkout_143" name="test_checkout[case3]" time="0.006" /><testcase classname="tests.generated.checkout.test_checkout_108" name="test_checkout[case3]" time="0.007" /><testcase classname="tests.generated.checkout.test_checkout_158" name="test_checkout[case6]" time="0.004" /><testcase classname="tests.generated.email.test_email_005" name="test_email[case9]" time="0.006" /><testcase classname="tests.generated.checkout.test_checkout_126" name="test_checkout[case4]" time="0.007" /><testcase classname="tests.generated.checkout.test_checkout_143" name="test_checkout[case4]" time="0.004" /><testcase classname="tests.generated.checkout.test_checkout_108" name="test_checkout[case4]" time="0.004" /><testcase classname="tests.generated.checkout.test_checkout_158" name="test_checkout[case7]" time="0.006" /><testcase classname="tests.generated.checkout.test_checkout_090" name="test_checkout[case3]" time="0.011" /><testcase classname="tests.generated.email.test_email_006" name="test_email[case0]" time="0.004" /><testcase classname="tests.generated.checkout.test_checkout_143" name="test_checkout[case5]" time="0.009" /><testcase classname="tests.generated.checkout.test_checkout_108" name="test_checkout[case5]" time="0.005" /><testcase classname="tests.generated.checkout.test_checkout_158" name="test_checkout[case8]" time="0.006" /><testcase classname="tests.generated.checkout.test_checkout_108" name="test_checkout[case6]" time="0.004" /><testcase classname="tests.generated.email.test_email_006" name="test_email[case1]" time="0.004" /><testcase classname="tests.generated.email.test_email_006" name="test_email[case2]" time="0.005" /><testcase classname="tests.generated.checkout.test_checkout_090" name="test_checkout[case4]" time="0.006" /><testcase classname="tests.generated.checkout.test_checkout_126" name="test_checkout[case5]" time="0.007" /><testcase classname="tests.generated.checkout.test_checkout_143" name="test_checkout[case6]" time="0.008" /><testcase classname="tests.generated.checkout.test_checkout_158" name="test_checkout[case9]" time="0.005" /><testcase classname="tests.generated.checkout.test_checkout_126" name="test_checkout[case6]" time="0.004" /><testcase classname="tests.generated.checkout.test_checkout_108" name="test_checkout[case7]" time="0.005" /><testcase classname="tests.generated.checkout.test_checkout_090" name="test_checkout[case5]" time="0.005" /><testcase classname="tests.generated.checkout.test_checkout_126" name="test_checkout[case7]" time="0.004" /><testcase classname="tests.generated.email.test_email_006" name="test_email[case3]" time="0.008" /><testcase classname="tests.generated.checkout.test_checkout_090" name="test_checkout[case6]" time="0.004" /><testcase classname="tests.generated.checkout.test_checkout_108" name="test_checkout[case8]" time="0.004" /><testcase classname="tests.generated.checkout.test_checkout_159" name="test_checkout[case0]" time="0.007" /><testcase classname="tests.generated.checkout.test_checkout_143" name="test_checkout[case7]" time="0.005" /><testcase classname="tests.generated.checkout.test_checkout_090" name="test_checkout[case7]" time="0.004" /><testcase classname="tests.generated.checkout.test_checkout_126" name="test_checkout[case8]" time="0.005" /><testcase classname="tests.generated.email.test_email_006" name="test_email[case4]" time="0.006" /><testcase classname="tests.generated.checkout.test_checkout_108" name="test_checkout[case9]" time="0.005" /><testcase classname="tests.generated.checkout.test_checkout_143" name="test_checkout[case8]" time="0.005" /><testcase classname="tests.generated.checkout.test_checkout_159" name="test_checkout[case1]" time="0.005" /><testcase classname="tests.generated.checkout.test_checkout_090" name="test_checkout[case8]" time="0.004" /><testcase classname="tests.generated.checkout.test_checkout_126" name="test_checkout[case9]" time="0.004" /><testcase classname="tests.generated.checkout.test_checkout_109" name="test_checkout[case0]" time="0.007" /><testcase classname="tests.generated.email.test_email_006" name="test_email[case5]" time="0.005" /><testcase classname="tests.generated.checkout.test_checkout_159" name="test_checkout[case2]" time="0.004" /><testcase classname="tests.generated.checkout.test_checkout_143" name="test_checkout[case9]" time="0.007" /><testcase classname="tests.generated.checkout.test_checkout_127" name="test_checkout[case0]" time="0.004" /><testcase classname="tests.generated.checkout.test_checkout_090" name="test_checkout[case9]" time="0.010" /><testcase classname="tests.generated.checkout.test_checkout_159" name="test_checkout[case3]" time="0.005" /><testcase classname="tests.generated.email.test_email_006" name="test_email[case6]" time="0.005" /><testcase classname="tests.generated.checkout.test_checkout_127" name="test_checkout[case1]" time="0.004" /><testcase classname="tests.generated.checkout.test_checkout_144" name="test_checkout[case0]" time="0.006" /><testcase classname="tests.generated.checkout.test_checkout_109" name="test_checkout[case1]" time="0.010" /><testcase classname="tests.generated.email.test_email_006" name="test_email[case7]" time="0.008" /><testcase classname="tests.generated.checkout.test_checkout_127" name="test_checkout[case2]" time="0.004" /><testcase classname="tests.generated.checkout.test_checkout_091" name="test_checkout[case0]" time="0.009" /><testcase classname="tests.generated.checkout.test_checkout_159" name="test_checkout[case4]" time="0.009" /><testcase classname="tests.generated.checkout.test_checkout_144" name="test_checkout[case1]" time="0.005" /><testcase classname="tests.generated.checkout.test_checkout_127" name="test_checkout[case3]" time="0.009" /><testcase classname="tests.generated.checkout.test_checkout_109" name="test_checkout[case2]" time="0.008" /><testcase classname="tests.generated.email.test_email_006" name="test_email[case8]" time="0.011" /><testcase classname="tests.generated.checkout.test_checkout_091" name="test_checkout[case1]" time="0.004" /><testcase classname="tests.generated.checkout.test_checkout_159" name="test_checkout[case5]" time="0.005" /><testcase classname="tests.generated.checkout.test_checkout_144" name="test_checkout[case2]" time="0.006" /><testcase classname="tests.generated.checkout.test_checkout_127" name="test_checkout[case4]" time="0.007" /><testcase classname="tests.generated.email.test_email_006" name="test_email[case9]" time="0.007" /><testcase classname="tests.generated.checkout.test_checkout_159" name="test_checkout[case6]" time="0.004" /><testcase classname="tests.generated.checkout.test_checkout_091" name="test_checkout[case2]" time="0.008" /><testcase classname="tests.generated.checkout.test_checkout_109" name="test_checkout[case3]" time="0.004" /><testcase classname="tests.generated.checkout.test_checkout_144" name="test_checkout[case3]" time="0.006" /><testcase classname="tests.generated.checkout.test_checkout_109" name="test_checkout[case4]" time="0.004" /><testcase classname="tests.generated.checkout.test_checkout_144" name="test_checkout[case4]" time="0.004" /><testcase classname="tests.generated.checkout.test_checkout_127" name="test_checkout[case5]" time="0.007" /><testcase classname="tests.generated.checkout.test_checkout_159" name="test_checkout[case7]" time="0.008" /><testcase classname="tests.generated.email.test_email_007" name="test_email[case0]" time="0.007" /><testcase classname="tests.generated.checkout.test_checkout_109" name="test_checkout[case5]" time="0.004" /><testcase classname="tests.generated.checkout.test_checkout_144" name="test_checkout[case5]" time="0.004" /><testcase classname="tests.generated.checkout.test_checkout_091" name="test_checkout[case3]" time="0.005" /><testcase classname="tests.generated.checkout.test_checkout_091" name="test_checkout[case4]" time="0.009" /><testcase classname="tests.generated.checkout.test_checkout_127" name="test_checkout[case6]" time="0.006" /><testcase classname="tests.generated.checkout.test_checkout_109" name="test_checkout[case6]" time="0.004" /><testcase classname="tests.generated.email.test_email_007" name="test_email[case1]" time="0.004" /><testcase classname="tests.generated.checkout.test_checkout_159" name="test_checkout[case8]" time="0.006" /><testcase classname="tests.generated.checkout.test_checkout_144" name="test_checkout[case6]" time="0.006" /><testcase classname="tests.generated.checkout.test_checkout_109" name="test_checkout[case7]" time="0.004" /><testcase classname="tests.generated.email.test_email_007" name="test_email[case2]" time="0.005" /><testcase classname="tests.generated.checkout.test_checkout_091" name="test_checkout[case5]" time="0.009" /><testcase classname="tests.generated.checkout.test_checkout_159" name="test_checkout[case9]" time="0.004" /><testcase classname="tests.generated.email.test_email_007" name="test_email[case3]" time="0.004" /><testcase classname="tests.generated.checkout.test_checkout_144" name="test_checkout[case7]" time="0.005" /><testcase classname="tests.generated.checkout.test_checkout_109" name="test_checkout[case8]" time="0.005" /><testcase classname="tests.generated.checkout.test_checkout_127" name="test_checkout[case7]" time="0.009" /><testcase classname="tests.generated.checkout.test_checkout_160" name="test_checkout[case0]" time="0.008" /><testcase classname="tests.generated.checkout.test_checkout_109" name="test_checkout[case9]" time="0.005" /><testcase classname="tests.generated.catalog.test_catalog_153" name="test_catalog[case0]" time="0.004" /><testcase classname="tests.generated.checkout.test_checkout_091" name="test_checkout[case6]" time="0.010" /><testcase classname="tests.generated.email.test_email_007" name="test_email[case4]" time="0.009" /><testcase classname="tests.generated.checkout.test_checkout_144" name="test_checkout[case8]" time="0.008" /><testcase classname="tests.generated.email.test_email_021" name="test_email[case1]" time="0.004" /><testcase classname="tests.generated.checkout.test_checkout_160" name="test_checkout[case1]" time="0.004" /><testcase classname="tests.generated.checkout.test_checkout_110" name="test_checkout[case0]" time="0.004" /><testcase classname="tests.generated.checkout.test_checkout_127" name="test_checkout[case8]" time="0.008" /><testcase classname="tests.generated.email.test_email_007" name="test_email[case5]" time="0.009" /><testcase classname="tests.generated.email.test_email_021" name="test_email[case2]" time="0.004" /><testcase classname="tests.generated.checkout.test_checkout_160" name="test_checkout[case2]" time="0.004" /><testcase classname="tests.generated.checkout.test_checkout_110" name="test_checkout[case1]" time="0.005" /><testcase classname="tests.generated.checkout.test_checkout_127" name="test_checkout[case9]" time="0.008" /><testcase classname="tests.generated.checkout.test_checkout_160" name="test_checkout[case3]" time="0.005" /><testcase classname="tests.generated.checkout.test_checkout_110" name="test_checkout[case2]" time="0.004" /><testcase classname="tests.generated.email.test_email_021" name="test_email[case3]" time="0.005" /><testcase classname="tests.generated.checkout.test_checkout_144" name="test_checkout[case9]" time="0.008" /><testcase classname="tests.generated.email.test_email_007" name="test_email[case6]" time="0.004" /><testcase classname="tests.generated.checkout.test_checkout_091" name="test_checkout[case7]" time="0.007" /><testcase classname="tests.generated.email.test_email_021" name="test_email[case4]" time="0.005" /><testcase classname="tests.generated.checkout.test_checkout_160" name="test_checkout[case4]" time="0.010" /><testcase classname="tests.generated.checkout.test_checkout_091" name="test_checkout[case8]" time="0.006" /><testcase classname="tests.generated.email.test_email_007" name="test_email[case7]" time="0.009" /><testcase classname="tests.generated.checkout.test_checkout_145" name="test_checkout[case0]" time="0.005" /><testcase classname="tests.generated.checkout.test_checkout_110" name="test_checkout[case3]" time="0.006" /><testcase classname="tests.generated.checkout.test_checkout_091" name="test_checkout[case9]" time="0.005" /><testcase classname="tests.generated.checkout.test_checkout_128" name="test_checkout[case0]" time="0.006" /><testcase classname="tests.generated.checkout.test_checkout_145" name="test_checkout[case1]" time="0.004" /><testcase classname="tests.generated.email.test_email_021" name="test_email[case5]" time="0.007" /><testcase classname="tests.generated.checkout.test_checkout_110" name="test_checkout[case4]" time="0.005" /><testcase classname="tests.generated.email.test_email_007" name="test_email[case8]" time="0.005" /><testcase classname="tests.generated.checkout.test_checkout_160" name="test_checkout[case5]" time="0.011" /><testcase classname="tests.generated.checkout.test_checkout_110" name="test_checkout[case5]" time="0.004" /><testcase classname="tests.generated.checkout.test_checkout_092" name="test_checkout[case0]" time="0.005" /><testcase classname="tests.generated.checkout.test_checkout_145" name="test_checkout[case2]" time="0.004" /><testcase classname="tests.generated.checkout.test_checkout_092" name="test_checkout[case1]" time="0.005" /><testcase classname="tests.generated.checkout.test_checkout_145" name="test_checkout[case3]" time="0.004" /><testcase classname="tests.generated.checkout.test_checkout_128" name="test_checkout[case1]" time="0.016" /><testcase classname="tests.generated.email.test_email_007" name="test_email[case9]" time="0.007" /><testcase classname="tests.generated.email.test_email_021" name="test_email[case6]" time="0.012" /><testcase classname="tests.generated.checkout.test_checkout_110" name="test_checkout[case6]" time="0.005" /><testcase classname="tests.generated.checkout.test_checkout_092" name="test_checkout[case2]" time="0.005" /><testcase classname="tests.generated.checkout.test_checkout_160" name="test_checkout[case6]" time="0.005" /><testcase classname="tests.generated.checkout.test_checkout_110" name="test_checkout[case7]" time="0.004" /><testcase classname="tests.generated.checkout.test_checkout_160" name="test_checkout[case7]" time="0.004" /><testcase classname="tests.generated.email.test_email_021" name="test_email[case7]" time="0.007" /><testcase classname="tests.generated.checkout.test_checkout_128" name="test_checkout[case2]" time="0.010" /><testcase classname="tests.generated.checkout.test_checkout_145" name="test_checkout[case4]" time="0.006" /><testcase classname="tests.generated.email.test_email_008" name="test_email[case0]" time="0.010" /><testcase classname="tests.generated.checkout.test_checkout_092" name="test_checkout[case3]" time="0.008" /><testcase classname="tests.generated.checkout.test_checkout_110" name="test_checkout[case8]" time="0.004" /><testcase classname="tests.generated.checkout.test_checkout_145" name="test_checkout[case5]" time="0.004" /><testcase classname="tests.generated.checkout.test_checkout_160" name="test_checkout[case8]" time="0.004" /><testcase classname="tests.generated.email.test_email_021" name="test_email[case8]" time="0.005" /><testcase classname="tests.generated.checkout.test_checkout_160" name="test_checkout[case9]" time="0.008" /><testcase classname="tests.generated.checkout.test_checkout_110" name="test_checkout[case9]" time="0.004" /><testcase classname="tests.generated.checkout.test_checkout_145" name="test_checkout[case6]" time="0.008" /><testcase classname="tests.generated.checkout.test_checkout_128" name="test_checkout[case3]" time="0.009" /><testcase classname="tests.generated.checkout.test_checkout_092" name="test_checkout[case4]" time="0.009" /><testcase classname="tests.generated.checkout.test_checkout_111" name="test_checkout[case0]" time="0.005" /><testcase classname="tests.generated.email.test_email_008" name="test_email[case1]" time="0.006" /><testcase classname="tests.generated.email.test_email_021" name="test_email[case9]" time="0.007" /><testcase classname="tests.generated.email.test_email_008" name="test_email[case2]" time="0.005" /><testcase classname="tests.generated.checkout.test_checkout_145" name="test_checkout[case7]" time="0.004" /><testcase classname="tests.generated.checkout.test_checkout_128" name="test_checkout[case4]" time="0.004" /><testcase classname="tests.generated.checkout.test_checkout_161" name="test_checkout[case0]" time="0.020" /><testcase classname="tests.generated.email.test_email_022" name="test_email[case0]" time="0.006" /><testcase classname="tests.generated.checkout.test_checkout_092" name="test_checkout[case5]" time="0.007" /><testcase classname="tests.generated.checkout.test_checkout_111" name="test_checkout[case1]" time="0.006" /><testcase classname="tests.generated.email.test_email_008" name="test_email[case3]" time="0.006" /><testcase classname="tests.generated.checkout.test_checkout_145" name="test_checkout[case8]" time="0.005" /><testcase classname="tests.generated.email.test_email_008" name="test_email[case4]" time="0.004" /><testcase classname="tests.generated.checkout.test_checkout_111" name="test_checkout[case2]" time="0.004" /><testcase classname="tests.generated.checkout.test_checkout_092" name="test_checkout[case6]" time="0.006" /><testcase classname="tests.generated.email.test_email_022" name="test_email[case1]" time="0.004" /><testcase classname="tests.generated.checkout.test_checkout_145" name="test_checkout[case9]" time="0.005" /><testcase classname="tests.generated.checkout.test_checkout_111" name="test_checkout[case3]" time="0.005" /><testcase classname="tests.generated.checkout.test_checkout_128" name="test_checkout[case5]" time="0.012" /><testcase classname="tests.generated.checkout.test_checkout_092" name="test_checkout[case7]" time="0.006" /><testcase classname="tests.generated.checkout.test_checkout_146" name="test_checkout[case0]" time="0.007" /><testcase classname="tests.generated.email.test_email_022" name="test_email[case2]" time="0.010" /><testcase classname="tests.generated.email.test_email_008" name="test_email[case5]" time="0.009" /><testcase classname="tests.generated.checkout.test_checkout_161" name="test_checkout[case1]" time="0.009" /><testcase classname="tests.generated.checkout.test_checkout_128" name="test_checkout[case6]" time="0.004" /><testcase classname="tests.generated.checkout.test_checkout_146" name="test_checkout[case1]" time="0.007" /><testcase classname="tests.generated.checkout.test_checkout_092" name="test_checkout[case8]" time="0.004" /><testcase classname="tests.generated.checkout.test_checkout_111" name="test_checkout[case4]" time="0.010" /><testcase classname="tests.generated.email.test_email_008" name="test_email[case6]" time="0.005" /><testcase classname="tests.generated.email.test_email_022" name="test_email[case3]" time="0.009" /><testcase classname="tests.generated.checkout.test_checkout_128" name="test_checkout[case7]" time="0.004" /><testcase classname="tests.generated.checkout.test_checkout_092" name="test_checkout[case9]" time="0.005" /><testcase classname="tests.generated.checkout.test_checkout_161" name="test_checkout[case2]" time="0.012" /><testcase classname="tests.generated.email.test_email_008" name="test_email[case7]" time="0.004" /><testcase classname="tests.generated.checkout.test_checkout_128" name="test_checkout[case8]" time="0.007" /><testcase classname="tests.generated.checkout.test_checkout_111" name="test_checkout[case5]" time="0.012" /><testcase classname="tests.generated.checkout.test_checkout_146" name="test_checkout[case2]" time="0.008" /><testcase classname="tests.generated.checkout.test_checkout_093" name="test_checkout[case0]" time="0.006" /><testcase classname="tests.generated.email.test_email_022" name="test_email[case4]" time="0.006" /><testcase classname="tests.generated.email.test_email_008" name="test_email[case8]" time="0.004" /><testcase classname="tests.generated.checkout.test_checkout_128" name="test_checkout[case9]" time="0.005" /><testcase classname="tests.generated.checkout.test_checkout_161" name="test_checkout[case3]" time="0.006" /><testcase classname="tests.generated.email.test_email_008" name="test_email[case9]" time="0.004" /><testcase classname="tests.generated.email.test_email_022" name="test_email[case5]" time="0.010" /><testcase classname="tests.generated.checkout.test_checkout_146" name="test_checkout[case3]" time="0.013" /><testcase classname="tests.generated.checkout.test_checkout_111" name="test_checkout[case6]" time="0.011" /><testcase classname="tests.generated.checkout.test_checkout_093" name="test_checkout[case1]" time="0.007" /><testcase classname="tests.generated.checkout.test_checkout_129" name="test_checkout[case0]" time="0.005" /><testcase classname="tests.generated.email.test_email_009" name="test_email[case0]" time="0.008" /><testcase classname="tests.generated.email.test_email_022" name="test_email[case6]" time="0.004" /><testcase classname="tests.generated.checkout.test_checkout_161" name="test_checkout[case4]" time="0.007" /><testcase classname="tests.generated.checkout.test_checkout_129" name="test_checkout[case1]" time="0.005" /><testcase classname="tests.generated.checkout.test_checkout_093" name="test_checkout[case2]" time="0.008" /><testcase classname="tests.generated.checkout.test_checkout_111" name="test_checkout[case7]" time="0.006" /><testcase classname="tests.generated.email.test_email_009" name="test_email[case1]" time="0.004" /><testcase classname="tests.generated.email.test_email_022" name="test_email[case7]" time="0.008" /><testcase classname="tests.generated.checkout.test_checkout_146" name="test_checkout[case4]" time="0.006" /><testcase classname="tests.generated.checkout.test_checkout_129" name="test_checkout[case2]" time="0.009" /><testcase classname="tests.generated.checkout.test_checkout_146" name="test_checkout[case5]" time="0.008" /><testcase classname="tests.generated.checkout.test_checkout_161" name="test_checkout[case5]" time="0.005" /><testcase classname="tests.generated.email.test_email_009" name="test_email[case2]" time="0.004" /><testcase classname="tests.generated.checkout.test_checkout_111" name="test_checkout[case8]" time="0.006" /><testcase classname="tests.generated.checkout.test_checkout_129" name="test_checkout[case3]" time="0.010" /><testcase classname="tests.generated.checkout.test_checkout_093" name="test_checkout[case3]" time="0.006" /><testcase classname="tests.generated.email.test_email_009" name="test_email[case3]" time="0.004" /><testcase classname="tests.generated.email.test_email_022" name="test_email[case8]" time="0.006" /><testcase classname="tests.generated.checkout.test_checkout_111" name="test_checkout[case9]" time="0.004" /><testcase classname="tests.generated.checkout.test_checkout_093" name="test_checkout[case4]" time="0.007" /><testcase classname="tests.generated.checkout.test_checkout_146" name="test_checkout[case6]" time="0.004" /><testcase classname="tests.generated.checkout.test_checkout_161" name="test_checkout[case6]" time="0.009" /><testcase classname="tests.generated.email.test_email_009" name="test_email[case4]" time="0.013" /><testcase classname="tests.generated.checkout.test_checkout_112" name="test_checkout[case0]" time="0.004" /><testcase classname="tests.generated.email.test_email_022" name="test_email[case9]" time="0.009" /><testcase classname="tests.generated.checkout.test_checkout_112" name="test_checkout[case1]" time="0.004" /><testcase classname="tests.generated.checkout.test_checkout_146" name="test_checkout[case7]" time="0.004" /><testcase classname="tests.generated.checkout.test_checkout_129" name="test_checkout[case4]" time="0.010" /><testcase classname="tests.generated.checkout.test_checkout_161" name="test_checkout[case7]" time="0.005" /><testcase classname="tests.generated.checkout.test_checkout_093" name="test_checkout[case5]" time="0.004" /><testcase classname="tests.generated.checkout.test_checkout_093" name="test_checkout[case6]" time="0.007" /><testcase classname="tests.generated.checkout.test_checkout_161" name="test_checkout[case8]" time="0.004" /><testcase classname="tests.generated.email.test_email_009" name="test_email[case5]" time="0.006" /><testcase classname="tests.generated.checkout.test_checkout_146" name="test_checkout[case8]" time="0.004" /><testcase classname="tests.generated.checkout.test_checkout_129" name="test_checkout[case5]" time="0.004" /><testcase classname="tests.generated.checkout.test_checkout_146" name="test_checkout[case9]" time="0.007" /><testcase classname="tests.generated.checkout.test_checkout_161" name="test_checkout[case9]" time="0.006" /><testcase classname="tests.generated.email.test_email_009" name="test_email[case6]" time="0.004" /><testcase classname="tests.generated.checkout.test_checkout_112" name="test_checkout[case2]" time="0.007" /><testcase classname="tests.generated.email.test_email_023" name="test_email[case0]" time="0.009" /><testcase classname="tests.generated.checkout.test_checkout_129" name="test_checkout[case6]" time="0.004" /><testcase classname="tests.generated.checkout.test_checkout_093" name="test_checkout[case7]" time="0.006" /><testcase classname="tests.generated.checkout.test_checkout_112" name="test_checkout[case3]" time="0.005" /><testcase classname="tests.generated.email.test_email_009" name="test_email[case7]" time="0.004" /><testcase classname="tests.generated.checkout.test_checkout_162" name="test_checkout[case0]" time="0.006" /><testcase classname="tests.generated.checkout.test_checkout_112" name="test_checkout[case4]" time="0.004" /><testcase classname="tests.generated.checkout.test_checkout_093" name="test_checkout[case8]" time="0.004" /><testcase classname="tests.generated.checkout.test_checkout_129" name="test_checkout[case7]" time="0.007" /><testcase classname="tests.generated.email.test_email_009" name="test_email[case8]" time="0.007" /><testcase classname="tests.generated.checkout.test_checkout_147" name="test_checkout[case0]" time="0.009" /><testcase classname="tests.generated.email.test_email_023" name="test_email[case1]" time="0.009" /><testcase classname="tests.generated.checkout.test_checkout_162" name="test_checkout[case1]" time="0.004" /><testcase classname="tests.generated.checkout.test_checkout_147" name="test_checkout[case1]" time="0.004" /><testcase classname="tests.generated.checkout.test_checkout_129" name="test_checkout[case8]" time="0.011" /><testcase classname="tests.generated.checkout.test_checkout_093" name="test_checkout[case9]" time="0.011" /><testcase classname="tests.generated.checkout.test_checkout_112" name="test_checkout[case5]" time="0.005" /><testcase classname="tests.generated.checkout.test_checkout_147" name="test_checkout[case2]" time="0.006" /><testcase classname="tests.generated.checkout.test_checkout_162" name="test_checkout[case2]" time="0.004" /><testcase classname="tests.generated.email.test_email_009" name="test_email[case9]" time="0.004" /><testcase classname="tests.generated.checkout.test_checkout_112" name="test_checkout[case6]" time="0.004" /><testcase classname="tests.generated.email.test_email_023" name="test_email[case2]" time="0.008" /><testcase classname="tests.generated.email.test_email_010" name="test_email[case0]" time="0.005" /><testcase classname="tests.generated.checkout.test_checkout_162" name="test_checkout[case3]" time="0.010" /><testcase classname="tests.generated.checkout.test_checkout_094" name="test_checkout[case0]" time="0.004" /><testcase classname="tests.generated.email.test_email_010" name="test_email[case1]" time="0.005" /><testcase classname="tests.generated.checkout.test_checkout_129" name="test_checkout[case9]" time="0.008" /><testcase classname="tests.generated.checkout.test_checkout_112" name="test_checkout[case7]" time="0.005" /><testcase classname="tests.generated.checkout.test_checkout_147" name="test_checkout[case3]" time="0.014" /><testcase classname="tests.generated.checkout.test_checkout_094" name="test_checkout[case1]" time="0.004" /><testcase classname="tests.generated.email.test_email_010" name="test_email[case2]" time="0.008" /><testcase classname="tests.generated.email.test_email_023" name="test_email[case3]" time="0.004" /><testcase classname="tests.generated.checkout.test_checkout_112" name="test_checkout[case8]" time="0.010" /><testcase classname="tests.generated.checkout.test_checkout_094" name="test_checkout[case2]" time="0.007" /><testcase classname="tests.generated.checkout.test_checkout_130" name="test_checkout[case0]" time="0.009" /><testcase classname="tests.generated.email.test_email_023" name="test_email[case4]" time="0.004" /><testcase classname="tests.generated.checkout.test_checkout_162" name="test_checkout[case4]" time="0.010" /><testcase classname="tests.generated.checkout.test_checkout_147" name="test_checkout[case4]" time="0.012" /><testcase classname="tests.generated.email.test_email_023" name="test_email[case5]" time="0.004" /><testcase classname="tests.generated.checkout.test_checkout_094" name="test_checkout[case3]" time="0.006" /><testcase classname="tests.generated.email.test_email_010" name="test_email[case3]" time="0.004" /><testcase classname="tests.generated.checkout.test_checkout_162" name="test_checkout[case5]" time="0.005" /><testcase classname="tests.generated.checkout.test_checkout_112" name="test_checkout[case9]" time="0.007" /><testcase classname="tests.generated.checkout.test_checkout_130" name="test_checkout[case1]" time="0.005" /><testcase classname="tests.generated.checkout.test_checkout_113" name="test_checkout[case0]" time="0.009" /><testcase classname="tests.generated.email.test_email_010" name="test_email[case4]" time="0.005" /><testcase classname="tests.generated.checkout.test_checkout_130" name="test_checkout[case2]" time="0.006" /><testcase classname="tests.generated.checkout.test_checkout_094" name="test_checkout[case4]" time="0.004" /><testcase classname="tests.generated.email.test_email_010" name="test_email[case5]" time="0.007" /><testcase classname="tests.generated.email.test_email_023" name="test_email[case6]" time="0.013" /><testcase classname="tests.generated.checkout.test_checkout_162" name="test_checkout[case6]" time="0.011" /><testcase classname="tests.generated.checkout.test_checkout_094" name="test_checkout[case5]" time="0.005" /><testcase classname="tests.generated.checkout.test_checkout_147" name="test_checkout[case5]" time="0.005" /><testcase classname="tests.generated.checkout.test_checkout_147" name="test_checkout[case6]" time="0.007" /><testcase classname="tests.generated.checkout.test_checkout_130" name="test_checkout[case3]" time="0.006" /><testcase classname="tests.generated.checkout.test_checkout_113" name="test_checkout[case1]" time="0.004" /><testcase classname="tests.generated.checkout.test_checkout_094" name="test_checkout[case6]" time="0.008" /><testcase classname="tests.generated.checkout.test_checkout_162" name="test_checkout[case7]" time="0.004" /><testcase classname="tests.generated.email.test_email_010" name="test_email[case6]" time="0.010" /><testcase classname="tests.generated.checkout.test_checkout_130" name="test_checkout[case4]" time="0.006" /><testcase classname="tests.generated.email.test_email_023" name="test_email[case7]" time="0.005" /><testcase classname="tests.generated.checkout.test_checkout_113" name="test_checkout[case2]" time="0.005" /><testcase classname="tests.generated.checkout.test_checkout_162" name="test_checkout[case8]" time="0.006" /><testcase classname="tests.generated.checkout.test_checkout_094" name="test_checkout[case7]" time="0.009" /><testcase classname="tests.generated.checkout.test_checkout_147" name="test_checkout[case7]" time="0.008" /><testcase classname="tests.generated.checkout.test_checkout_130" name="test_checkout[case5]" time="0.005" /><testcase classname="tests.generated.email.test_email_023" name="test_email[case8]" time="0.008" /><testcase classname="tests.generated.checkout.test_checkout_113" name="test_checkout[case3]" time="0.004" /><testcase classname="tests.generated.checkout.test_checkout_162" name="test_checkout[case9]" time="0.005" /><testcase classname="tests.generated.checkout.test_checkout_147" name="test_checkout[case8]" time="0.005" /><testcase classname="tests.generated.checkout.test_checkout_113" name="test_checkout[case4]" time="0.006" /><testcase classname="tests.generated.checkout.test_checkout_130" name="test_checkout[case6]" time="0.004" /><testcase classname="tests.generated.checkout.test_checkout_163" name="test_checkout[case0]" time="0.005" /><testcase classname="tests.generated.email.test_email_010" name="test_email[case7]" time="0.008" /><testcase classname="tests.generated.checkout.test_checkout_094" name="test_checkout[case8]" time="0.012" /><testcase classname="tests.generated.checkout.test_checkout_147" name="test_checkout[case9]" time="0.006" /><testcase classname="tests.generated.checkout.test_checkout_130" name="test_checkout[case7]" time="0.004" /><testcase classname="tests.generated.checkout.test_checkout_113" name="test_checkout[case5]" time="0.004" /><testcase classname="tests.generated.email.test_email_023" name="test_email[case9]" time="0.007" /><testcase classname="tests.generated.checkout.test_checkout_163" name="test_checkout[case1]" time="0.006" /><testcase classname="tests.generated.checkout.test_checkout_130" name="test_checkout[case8]" time="0.007" /><testcase classname="tests.generated.email.test_email_024" name="test_email[case0]" time="0.010" /><testcase classname="tests.generated.checkout.test_checkout_094" name="test_checkout[case9]" time="0.007" /><testcase classname="tests.generated.checkout.test_checkout_148" name="test_checkout[case0]" time="0.006" /><testcase classname="tests.generated.checkout.test_checkout_113" name="test_checkout[case6]" time="0.004" /><testcase classname="tests.generated.email.test_email_010" name="test_email[case8]" time="0.008" /><testcase classname="tests.generated.checkout.test_checkout_113" name="test_checkout[case7]" time="0.004" /><testcase classname="tests.generated.catalog.test_catalog_130" name="test_catalog[case9]" time="0.005" /><testcase classname="tests.generated.email.test_email_010" name="test_email[case9]" time="0.005" /><testcase classname="tests.generated.checkout.test_checkout_163" name="test_checkout[case2]" time="0.010" /><testcase classname="tests.generated.checkout.test_checkout_130" name="test_checkout[case9]" time="0.008" /><testcase classname="tests.generated.checkout.test_checkout_148" name="test_checkout[case1]" time="0.055" /><testcase classname="tests.generated.checkout.test_checkout_113" name="test_checkout[case8]" time="0.057" /><testcase classname="tests.generated.email.test_email_036" name="test_email[case2]" time="0.052" /><testcase classname="tests.generated.email.test_email_024" name="test_email[case1]" time="0.063" /><testcase classname="tests.generated.email.test_email_011" name="test_email[case0]" time="0.052" /><testcase classname="tests.generated.checkout.test_checkout_095" name="test_checkout[case0]" time="0.042" /><testcase classname="tests.generated.checkout.test_checkout_113" name="test_checkout[case9]" time="0.012" /><testcase classname="tests.generated.checkout.test_checkout_163" name="test_checkout[case3]" time="0.007" /><testcase classname="tests.generated.checkout.test_checkout_131" name="test_checkout[case0]" time="0.011" /><testcase classname="tests.generated.checkout.test_checkout_095" name="test_checkout[case1]" time="0.004" /><testcase classname="tests.generated.checkout.test_checkout_148" name="test_checkout[case2]" time="0.009" /><testcase classname="tests.generated.checkout.test_checkout_095" name="test_checkout[case2]" time="0.004" /><testcase classname="tests.generated.checkout.test_checkout_163" name="test_checkout[case4]" time="0.015" /><testcase classname="tests.generated.email.test_email_036" name="test_email[case3]" time="0.007" /><testcase classname="tests.generated.email.test_email_011" name="test_email[case1]" time="0.006" /><testcase classname="tests.generated.checkout.test_checkout_095" name="test_checkout[case3]" time="0.004" /><testcase classname="tests.generated.checkout.test_checkout_148" name="test_checkout[case3]" time="0.005" /><testcase classname="tests.generated.email.test_email_024" name="test_email[case2]" time="0.015" /><testcase classname="tests.generated.email.test_email_011" name="test_email[case2]" time="0.004" /><testcase classname="tests.generated.checkout.test_checkout_131" name="test_checkout[case1]" time="0.009" /><testcase classname="tests.generated.email.test_email_036" name="test_email[case4]" time="0.010" /><testcase classname="tests.generated.checkout.test_checkout_095" name="test_checkout[case4]" time="0.004" /><testcase classname="tests.generated.checkout.test_checkout_148" name="test_checkout[case4]" time="0.005" /><testcase classname="tests.generated.checkout.test_checkout_114" name="test_checkout[case0]" time="0.006" /><testcase classname="tests.generated.email.test_email_011" name="test_email[case3]" time="0.004" /><testcase classname="tests.generated.checkout.test_checkout_095" name="test_checkout[case5]" time="0.007" /><testcase classname="tests.generated.checkout.test_checkout_163" name="test_checkout[case5]" time="0.004" /><testcase classname="tests.generated.checkout.test_checkout_114" name="test_checkout[case1]" time="0.006" /><testcase classname="tests.generated.checkout.test_checkout_131" name="test_checkout[case2]" time="0.011" /><testcase classname="tests.generated.email.test_email_036" name="test_email[case5]" time="0.005" /><testcase classname="tests.generated.email.test_email_011" name="test_email[case4]" time="0.013" /><testcase classname="tests.generated.checkout.test_checkout_163" name="test_checkout[case6]" time="0.005" /><testcase classname="tests.generated.email.test_email_036" name="test_email[case6]" time="0.004" /><testcase classname="tests.generated.email.test_email_024" name="test_email[case3]" time="0.004" /><testcase classname="tests.generated.checkout.test_checkout_148" name="test_checkout[case5]" time="0.013" /><testcase classname="tests.generated.checkout.test_checkout_163" name="test_checkout[case7]" time="0.008" /><testcase classname="tests.generated.email.test_email_011" name="test_email[case5]" time="0.005" /><testcase classname="tests.generated.email.test_email_024" name="test_email[case4]" time="0.009" /><testcase classname="tests.generated.email.test_email_036" name="test_email[case7]" time="0.015" /><testcase classname="tests.generated.checkout.test_checkout_131" name="test_checkout[case3]" time="0.010" /><testcase classname="tests.generated.checkout.test_checkout_095" name="test_checkout[case6]" time="0.017" /><testcase classname="tests.generated.checkout.test_checkout_148" name="test_checkout[case6]" time="0.006" /><testcase classname="tests.generated.checkout.test_checkout_114" name="test_checkout[case2]" time="0.008" /><testcase classname="tests.generated.checkout.test_checkout_163" name="test_checkout[case8]" time="0.005" /><testcase classname="tests.generated.email.test_email_011" name="test_email[case6]" time="0.004" /><testcase classname="tests.generated.email.test_email_011" name="test_email[case7]" time="0.004" /><testcase classname="tests.generated.checkout.test_checkout_148" name="test_checkout[case7]" time="0.006" /><testcase classname="tests.generated.email.test_email_024" name="test_email[case5]" time="0.006" /><testcase classname="tests.generated.checkout.test_checkout_095" name="test_checkout[case7]" time="0.005" /><testcase classname="tests.generated.checkout.test_checkout_114" name="test_checkout[case3]" time="0.007" /><testcase classname="tests.generated.checkout.test_checkout_131" name="test_checkout[case4]" time="0.005" /><testcase classname="tests.generated.email.test_email_011" name="test_email[case8]" time="0.015" /><testcase classname="tests.generated.checkout.test_checkout_163" name="test_checkout[case9]" time="0.014" /><testcase classname="tests.generated.checkout.test_checkout_131" name="test_checkout[case5]" time="0.009" /><testcase classname="tests.generated.checkout.test_checkout_148" name="test_checkout[case8]" time="0.006" /><testcase classname="tests.generated.email.test_email_024" name="test_email[case6]" time="0.005" /><testcase classname="tests.generated.checkout.test_checkout_095" name="test_checkout[case8]" time="0.005" /><testcase classname="tests.generated.checkout.test_checkout_114" name="test_checkout[case4]" time="0.009" /><testcase classname="tests.generated.checkout.test_checkout_148" name="test_checkout[case9]" time="0.004" /><testcase classname="tests.generated.checkout.test_checkout_095" name="test_checkout[case9]" time="0.009" /><testcase classname="tests.generated.email.test_email_024" name="test_email[case7]" time="0.004" /><testcase classname="tests.generated.checkout.test_checkout_131" name="test_checkout[case6]" time="0.017" /><testcase classname="tests.generated.email.test_email_036" name="test_email[case8]" time="0.009" /><testcase classname="tests.generated.checkout.test_checkout_164" name="test_checkout[case0]" time="0.005" /><testcase classname="tests.generated.checkout.test_checkout_149" name="test_checkout[case0]" time="0.004" /><testcase classname="tests.generated.email.test_email_024" name="test_email[case8]" time="0.005" /><testcase classname="tests.generated.email.test_email_011" name="test_email[case9]" time="0.008" /><testcase classname="tests.generated.checkout.test_checkout_164" name="test_checkout[case1]" time="0.006" /><testcase classname="tests.generated.checkout.test_checkout_114" name="test_checkout[case5]" time="0.005" /><testcase classname="tests.generated.email.test_email_024" name="test_email[case9]" time="0.004" /><testcase classname="tests.generated.checkout.test_checkout_149" name="test_checkout[case1]" time="0.005" /><testcase classname="tests.generated.email.test_email_036" name="test_email[case9]" time="0.013" /><testcase classname="tests.generated.checkout.test_checkout_149" name="test_checkout[case2]" time="0.005" /><testcase classname="tests.generated.email.test_email_012" name="test_email[case0]" time="0.004" /><testcase classname="tests.generated.email.test_email_025" name="test_email[case0]" time="0.004" /><testcase classname="tests.generated.checkout.test_checkout_164" name="test_checkout[case2]" time="0.006" /><testcase classname="tests.generated.checkout.test_checkout_096" name="test_checkout[case0]" time="0.010" /><testcase classname="tests.generated.checkout.test_checkout_149" name="test_checkout[case3]" time="0.004" /><testcase classname="tests.generated.checkout.test_checkout_131" name="test_checkout[case7]" time="0.018" /><testcase classname="tests.generated.checkout.test_checkout_114" name="test_checkout[case6]" time="0.012" /><testcase classname="tests.generated.email.test_email_012" name="test_email[case1]" time="0.004" /><testcase classname="tests.generated.email.test_email_025" name="test_email[case1]" time="0.009" /><testcase classname="tests.generated.checkout.test_checkout_164" name="test_checkout[case3]" time="0.006" /><testcase classname="tests.generated.checkout.test_checkout_149" name="test_checkout[case4]" time="0.004" /><testcase classname="tests.generated.email.test_email_012" name="test_email[case2]" time="0.006" /><testcase classname="tests.generated.checkout.test_checkout_096" name="test_checkout[case1]" time="0.009" /><testcase classname="tests.generated.email.test_email_037" name="test_email[case0]" time="0.012" /><testcase classname="tests.generated.checkout.test_checkout_164" name="test_checkout[case4]" time="0.004" /><testcase classname="tests.generated.checkout.test_checkout_114" name="test_checkout[case7]" time="0.004" /><testcase classname="tests.generated.email.test_email_012" name="test_email[case3]" time="0.004" /><testcase classname="tests.generated.email.test_email_025" name="test_email[case2]" time="0.006" /><testcase classname="tests.generated.checkout.test_checkout_149" name="test_checkout[case5]" time="0.014" /><testcase classname="tests.generated.checkout.test_checkout_164" name="test_checkout[case5]" time="0.009" /><testcase classname="tests.generated.checkout.test_checkout_114" name="test_checkout[case8]" time="0.005" /><testcase classname="tests.generated.email.test_email_037" name="test_email[case1]" time="0.004" /><testcase classname="tests.generated.checkout.test_checkout_131" name="test_checkout[case8]" time="0.009" /><testcase classname="tests.generated.email.test_email_012" name="test_email[case4]" time="0.004" /><testcase classname="tests.generated.email.test_email_025" name="test_email[case3]" time="0.007" /><testcase classname="tests.generated.checkout.test_checkout_114" name="test_checkout[case9]" time="0.005" /><testcase classname="tests.generated.checkout.test_checkout_096" name="test_checkout[case2]" time="0.012" /><testcase classname="tests.generated.checkout.test_checkout_131" name="test_checkout[case9]" time="0.004" /><testcase classname="tests.generated.email.test_email_012" name="test_email[case5]" time="0.004" /><testcase classname="tests.generated.email.test_email_037" name="test_email[case2]" time="0.007" /><testcase classname="tests.generated.checkout.test_checkout_164" name="test_checkout[case6]" time="0.007" /><testcase classname="tests.generated.checkout.test_checkout_115" name="test_checkout[case0]" time="0.004" /><testcase classname="tests.generated.checkout.test_checkout_149" name="test_checkout[case6]" time="0.004" /><testcase classname="tests.generated.email.test_email_025" name="test_email[case4]" time="0.004" /><testcase classname="tests.generated.email.test_email_012" name="test_email[case6]" time="0.005" /><testcase classname="tests.generated.checkout.test_checkout_096" name="test_checkout[case3]" time="0.004" /><testcase classname="tests.generated.checkout.test_checkout_149" name="test_checkout[case7]" time="0.004" /><testcase classname="tests.generated.email.test_email_025" name="test_email[case5]" time="0.005" /><testcase classname="tests.generated.checkout.test_checkout_115" name="test_checkout[case1]" time="0.004" /><testcase classname="tests.generated.email.test_email_012" name="test_email[case7]" time="0.005" /><testcase classname="tests.generated.checkout.test_checkout_164" name="test_checkout[case7]" time="0.005" /><testcase classname="tests.generated.checkout.test_checkout_132" name="test_checkout[case0]" time="0.016" /><testcase classname="tests.generated.email.test_email_037" name="test_email[case3]" time="0.009" /><testcase classname="tests.generated.checkout.test_checkout_149" name="test_checkout[case8]" time="0.004" /><testcase classname="tests.generated.checkout.test_checkout_096" name="test_checkout[case4]" time="0.005" /><testcase classname="tests.generated.email.test_email_025" name="test_email[case6]" time="0.015" /><testcase classname="tests.generated.checkout.test_checkout_164" name="test_checkout[case8]" time="0.004" /><testcase classname="tests.generated.checkout.test_checkout_132" name="test_checkout[case1]" time="0.005" /><testcase classname="tests.generated.checkout.test_checkout_096" name="test_checkout[case5]" time="0.005" /><testcase classname="tests.generated.email.test_email_012" name="test_email[case8]" time="0.011" /><testcase classname="tests.generated.checkout.test_checkout_149" name="test_checkout[case9]" time="0.009" /><testcase classname="tests.generated.email.test_email_037" name="test_email[case4]" time="0.005" /><testcase classname="tests.generated.email.test_email_037" name="test_email[case5]" time="0.005" /><testcase classname="tests.generated.checkout.test_checkout_164" name="test_checkout[case9]" time="0.006" /><testcase classname="tests.generated.checkout.test_checkout_132" name="test_checkout[case2]" time="0.005" /><testcase classname="tests.generated.email.test_email_037" name="test_email[case6]" time="0.006" /><testcase classname="tests.generated.checkout.test_checkout_165" name="test_checkout[case0]" time="0.005" /><testcase classname="tests.generated.checkout.test_checkout_150" name="test_checkout[case0]" time="0.004" /><testcase classname="tests.generated.checkout.test_checkout_115" name="test_checkout[case2]" time="0.014" /><testcase classname="tests.generated.checkout.test_checkout_132" name="test_checkout[case3]" time="0.005" /><testcase classname="tests.generated.checkout.test_checkout_096" name="test_checkout[case6]" time="0.015" /><testcase classname="tests.generated.checkout.test_checkout_150" name="test_checkout[case1]" time="0.004" /><testcase classname="tests.generated.email.test_email_012" name="test_email[case9]" time="0.007" /><testcase classname="tests.generated.email.test_email_025" name="test_email[case7]" time="0.016" /><testcase classname="tests.generated.checkout.test_checkout_115" name="test_checkout[case3]" time="0.007" /><testcase classname="tests.generated.checkout.test_checkout_165" name="test_checkout[case1]" time="0.004" /><testcase classname="tests.generated.checkout.test_checkout_132" name="test_checkout[case4]" time="0.011" /><testcase classname="tests.generated.checkout.test_checkout_165" name="test_checkout[case2]" time="0.005" /><testcase classname="tests.generated.email.test_email_013" name="test_email[case0]" time="0.004" /><testcase classname="tests.generated.checkout.test_checkout_150" name="test_checkout[case2]" time="0.007" /><testcase classname="tests.generated.email.test_email_037" name="test_email[case7]" time="0.025" /><testcase classname="tests.generated.checkout.test_checkout_150" name="test_checkout[case3]" time="0.006" /><testcase classname="tests.generated.email.test_email_025" name="test_email[case8]" time="0.004" /><testcase classname="tests.generated.checkout.test_checkout_115" name="test_checkout[case4]" time="0.009" /><testcase classname="tests.generated.checkout.test_checkout_165" name="test_checkout[case3]" time="0.022" /><testcase classname="tests.generated.checkout.test_checkout_096" name="test_checkout[case7]" time="0.004" /><testcase classname="tests.generated.checkout.test_checkout_096" name="test_checkout[case8]" time="0.005" /><testcase classname="tests.generated.checkout.test_checkout_132" name="test_checkout[case5]" time="0.010" /><testcase classname="tests.generated.email.test_email_025" name="test_email[case9]" time="0.006" /><testcase classname="tests.generated.checkout.test_checkout_150" name="test_checkout[case4]" time="0.017" /><testcase classname="tests.generated.checkout.test_checkout_096" name="test_checkout[case9]" time="0.004" /><testcase classname="tests.generated.checkout.test_checkout_115" name="test_checkout[case5]" time="0.005" /><testcase classname="tests.generated.checkout.test_checkout_132" name="test_checkout[case6]" time="0.017" /><testcase classname="tests.generated.checkout.test_checkout_097" name="test_checkout[case0]" time="0.004" /><testcase classname="tests.generated.checkout.test_checkout_115" name="test_checkout[case6]" time="0.004" /><testcase classname="tests.generated.email.test_email_013" name="test_email[case1]" time="0.023" /><testcase classname="tests.generated.checkout.test_checkout_165" name="test_checkout[case4]" time="0.005" /><testcase classname="tests.generated.checkout.test_checkout_097" name="test_checkout[case1]" time="0.004" /><testcase classname="tests.generated.email.test_email_026" name="test_email[case0]" time="0.018" /><testcase classname="tests.generated.checkout.test_checkout_150" name="test_checkout[case5]" time="0.004" /><testcase classname="tests.generated.checkout.test_checkout_115" name="test_checkout[case7]" time="0.007" /><testcase classname="tests.generated.checkout.test_checkout_097" name="test_checkout[case2]" time="0.013" /><testcase classname="tests.generated.checkout.test_checkout_165" name="test_checkout[case5]" time="0.005" /><testcase classname="tests.generated.checkout.test_checkout_150" name="test_checkout[case6]" time="0.010" /><testcase classname="tests.generated.checkout.test_checkout_115" name="test_checkout[case8]" time="0.004" /><testcase classname="tests.generated.email.test_email_037" name="test_email[case8]" time="0.008" /><testcase classname="tests.generated.email.test_email_013" name="test_email[case2]" time="0.010" /><testcase classname="tests.generated.checkout.test_checkout_165" name="test_checkout[case6]" time="0.018" /><testcase classname="tests.generated.checkout.test_checkout_115" name="test_checkout[case9]" time="0.004" /><testcase classname="tests.generated.checkout.test_checkout_132" name="test_checkout[case7]" time="0.005" /><testcase classname="tests.generated.checkout.test_checkout_116" name="test_checkout[case0]" time="0.005" /><testcase classname="tests.generated.email.test_email_037" name="test_email[case9]" time="0.005" /><testcase classname="tests.generated.checkout.test_checkout_150" name="test_checkout[case7]" time="0.005" /><testcase classname="tests.generated.checkout.test_checkout_097" name="test_checkout[case3]" time="0.011" /><testcase classname="tests.generated.email.test_email_038" name="test_email[case0]" time="0.006" /><testcase classname="tests.generated.email.test_email_026" name="test_email[case1]" time="0.006" /><testcase classname="tests.generated.checkout.test_checkout_116" name="test_checkout[case1]" time="0.006" /><testcase classname="tests.generated.checkout.test_checkout_150" name="test_checkout[case8]" time="0.004" /><testcase classname="tests.generated.email.test_email_013" name="test_email[case3]" time="0.006" /><testcase classname="tests.generated.checkout.test_checkout_165" name="test_checkout[case7]" time="0.005" /><testcase classname="tests.generated.checkout.test_checkout_132" name="test_checkout[case8]" time="0.008" /><testcase classname="tests.generated.email.test_email_026" name="test_email[case2]" time="0.005" /><testcase classname="tests.generated.checkout.test_checkout_165" name="test_checkout[case8]" time="0.005" /><testcase classname="tests.generated.checkout.test_checkout_150" name="test_checkout[case9]" time="0.013" /><testcase classname="tests.generated.checkout.test_checkout_116" name="test_checkout[case2]" time="0.004" /><testcase classname="tests.generated.email.test_email_038" name="test_email[case1]" time="0.007" /><testcase classname="tests.generated.email.test_email_026" name="test_email[case3]" time="0.004" /><testcase classname="tests.generated.email.test_email_013" name="test_email[case4]" time="0.005" /><testcase classname="tests.generated.checkout.test_checkout_097" name="test_checkout[case4]" time="0.005" /><testcase classname="tests.generated.email.test_email_038" name="test_email[case2]" time="0.005" /><testcase classname="tests.generated.email.test_email_026" name="test_email[case4]" time="0.023" /><testcase classname="tests.generated.checkout.test_checkout_097" name="test_checkout[case5]" time="0.005" /><testcase classname="tests.generated.checkout.test_checkout_132" name="test_checkout[case9]" time="0.017" /><testcase classname="tests.generated.checkout.test_checkout_116" name="test_checkout[case3]" time="0.004" /><testcase classname="tests.generated.email.test_email_013" name="test_email[case5]" time="0.004" /><testcase classname="tests.generated.checkout.test_checkout_116" name="test_checkout[case4]" time="0.005" /><testcase classname="tests.generated.email.test_email_038" name="test_email[case3]" time="0.004" /><testcase classname="tests.generated.checkout.test_checkout_097" name="test_checkout[case6]" time="0.005" /><testcase classname="tests.generated.checkout.test_checkout_165" name="test_checkout[case9]" time="0.008" /><testcase classname="tests.generated.email.test_email_038" name="test_email[case4]" time="0.007" /><testcase classname="tests.generated.checkout.test_checkout_151" name="test_checkout[case0]" time="0.009" /><testcase classname="tests.generated.checkout.test_checkout_116" name="test_checkout[case5]" time="0.005" /><testcase classname="tests.generated.checkout.test_checkout_166" name="test_checkout[case0]" time="0.005" /><testcase classname="tests.generated.checkout.test_checkout_097" name="test_checkout[case7]" time="0.004" /><testcase classname="tests.generated.checkout.test_checkout_166" name="test_checkout[case1]" time="0.004" /><testcase classname="tests.generated.checkout.test_checkout_116" name="test_checkout[case6]" time="0.005" /><testcase classname="tests.generated.email.test_email_038" name="test_email[case5]" time="0.004" /><testcase classname="tests.generated.email.test_email_013" name="test_email[case6]" time="0.011" /><testcase classname="tests.generated.checkout.test_checkout_097" name="test_checkout[case8]" time="0.014" /><testcase classname="tests.generated.checkout.test_checkout_151" name="test_checkout[case1]" time="0.005" /><testcase classname="tests.generated.checkout.test_checkout_116" name="test_checkout[case7]" time="0.009" /><testcase classname="tests.generated.checkout.test_checkout_133" name="test_checkout[case0]" time="0.010" /><testcase classname="tests.generated.checkout.test_checkout_166" name="test_checkout[case2]" time="0.006" /><testcase classname="tests.generated.email.test_email_038" name="test_email[case6]" time="0.004" /><testcase classname="tests.generated.email.test_email_026" name="test_email[case5]" time="0.005" /><testcase classname="tests.generated.checkout.test_checkout_151" name="test_checkout[case2]" time="0.004" /><testcase classname="tests.generated.email.test_email_013" name="test_email[case7]" time="0.015" /><testcase classname="tests.generated.checkout.test_checkout_166" name="test_checkout[case3]" time="0.008" /><testcase classname="tests.generated.checkout.test_checkout_097" name="test_checkout[case9]" time="0.004" /><testcase classname="tests.generated.email.test_email_038" name="test_email[case7]" time="0.004" /><testcase classname="tests.generated.email.test_email_038" name="test_email[case8]" time="0.008" /><testcase classname="tests.generated.checkout.test_checkout_151" name="test_checkout[case3]" time="0.010" /><testcase classname="tests.generated.email.test_email_026" name="test_email[case6]" time="0.005" /><testcase classname="tests.generated.checkout.test_checkout_133" name="test_checkout[case1]" time="0.008" /><testcase classname="tests.generated.checkout.test_checkout_166" name="test_checkout[case4]" time="0.004" /><testcase classname="tests.generated.email.test_email_026" name="test_email[case7]" time="0.004" /><testcase classname="tests.generated.checkout.test_checkout_098" name="test_checkout[case0]" time="0.004" /><testcase classname="tests.generated.checkout.test_checkout_116" name="test_checkout[case8]" time="0.007" /><testcase classname="tests.generated.checkout.test_checkout_098" name="test_checkout[case1]" time="0.005" /><testcase classname="tests.generated.checkout.test_checkout_133" name="test_checkout[case2]" time="0.004" /><testcase classname="tests.generated.checkout.test_checkout_116" name="test_checkout[case9]" time="0.004" /><testcase classname="tests.generated.email.test_email_026" name="test_email[case8]" time="0.014" /><testcase classname="tests.generated.checkout.test_checkout_166" name="test_checkout[case5]" time="0.004" /><testcase classname="tests.generated.email.test_email_013" name="test_email[case8]" time="0.012" /><testcase classname="tests.generated.email.test_email_038" name="test_email[case9]" time="0.013" /><testcase classname="tests.generated.checkout.test_checkout_133" name="test_checkout[case3]" time="0.007" /><testcase classname="tests.generated.checkout.test_checkout_117" name="test_checkout[case0]" time="0.006" /><testcase classname="tests.generated.checkout.test_checkout_166" name="test_checkout[case6]" time="0.006" /><testcase classname="tests.generated.checkout.test_checkout_098" name="test_checkout[case2]" time="0.005" /><testcase classname="tests.generated.checkout.test_checkout_151" name="test_checkout[case4]" time="0.014" /><testcase classname="tests.generated.email.test_email_013" name="test_email[case9]" time="0.005" /><testcase classname="tests.generated.checkout.test_checkout_117" name="test_checkout[case1]" time="0.005" /><testcase classname="tests.generated.checkout.test_checkout_166" name="test_checkout[case7]" time="0.005" /><testcase classname="tests.generated.checkout.test_checkout_133" name="test_checkout[case4]" time="0.010" /><testcase classname="tests.generated.email.test_email_026" name="test_email[case9]" time="0.004" /><testcase classname="tests.generated.email.test_email_039" name="test_email[case0]" time="0.004" /><testcase classname="tests.generated.checkout.test_checkout_098" name="test_checkout[case3]" time="0.018" /><testcase classname="tests.generated.email.test_email_027" name="test_email[case0]" time="0.005" /><testcase classname="tests.generated.checkout.test_checkout_166" name="test_checkout[case8]" time="0.012" /><testcase classname="tests.generated.checkout.test_checkout_117" name="test_checkout[case2]" time="0.005" /><testcase classname="tests.generated.email.test_email_039" name="test_email[case1]" time="0.004" /><testcase classname="tests.generated.checkout.test_checkout_151" name="test_checkout[case5]" time="0.004" /><testcase classname="tests.generated.checkout.test_checkout_133" name="test_checkout[case5]" time="0.004" /><testcase classname="tests.generated.email.test_email_027" name="test_email[case1]" time="0.004" /><testcase classname="tests.generated.email.test_email_014" name="test_email[case0]" time="0.009" /><testcase classname="tests.generated.checkout.test_checkout_133" name="test_checkout[case6]" time="0.004" /><testcase classname="tests.generated.email.test_email_039" name="test_email[case2]" time="0.010" /><testcase classname="tests.generated.checkout.test_checkout_117" name="test_checkout[case3]" time="0.005" /><testcase classname="tests.generated.checkout.test_checkout_151" name="test_checkout[case6]" time="0.005" /><testcase classname="tests.generated.checkout.test_checkout_117" name="test_checkout[case4]" time="0.008" /><testcase classname="tests.generated.checkout.test_checkout_133" name="test_checkout[case7]" time="0.015" /><testcase classname="tests.generated.email.test_email_027" name="test_email[case2]" time="0.004" /><testcase classname="tests.generated.checkout.test_checkout_166" name="test_checkout[case9]" time="0.017" /><testcase classname="tests.generated.checkout.test_checkout_098" name="test_checkout[case4]" time="0.009" /><testcase classname="tests.generated.email.test_email_039" name="test_email[case3]" time="0.005" /><testcase classname="tests.generated.checkout.test_checkout_151" name="test_checkout[case7]" time="0.005" /><testcase classname="tests.generated.email.test_email_027" name="test_email[case3]" time="0.012" /><testcase classname="tests.generated.email.test_email_014" name="test_email[case1]" time="0.004" /><testcase classname="tests.generated.email.test_email_014" name="test_email[case2]" time="0.007" /><testcase classname="tests.generated.checkout.test_checkout_151" name="test_checkout[case8]" time="0.010" /><testcase classname="tests.generated.email.test_email_039" name="test_email[case4]" time="0.008" /><testcase classname="tests.generated.checkout.test_checkout_167" name="test_checkout[case0]" time="0.005" /><testcase classname="tests.generated.checkout.test_checkout_117" name="test_checkout[case5]" time="0.009" /><testcase classname="tests.generated.checkout.test_checkout_133" name="test_checkout[case8]" time="0.004" /><testcase classname="tests.generated.email.test_email_027" name="test_email[case4]" time="0.011" /><testcase classname="tests.generated.email.test_email_039" name="test_email[case5]" time="0.005" /><testcase classname="tests.generated.checkout.test_checkout_133" name="test_checkout[case9]" time="0.004" /><testcase classname="tests.generated.checkout.test_checkout_117" name="test_checkout[case6]" time="0.004" /><testcase classname="tests.generated.checkout.test_checkout_151" name="test_checkout[case9]" time="0.005" /><testcase classname="tests.generated.checkout.test_checkout_167" name="test_checkout[case1]" time="0.013" /><testcase classname="tests.generated.email.test_email_039" name="test_email[case6]" time="0.004" /><testcase classname="tests.generated.email.test_email_014" name="test_email[case3]" time="0.012" /><testcase classname="tests.generated.checkout.test_checkout_134" name="test_checkout[case0]" time="0.005" /><testcase classname="tests.generated.checkout.test_checkout_117" name="test_checkout[case7]" time="0.005" /><testcase classname="tests.generated.checkout.test_checkout_152" name="test_checkout[case0]" time="0.005" /><testcase classname="tests.generated.email.test_email_027" name="test_email[case5]" time="0.011" /><testcase classname="tests.generated.checkout.test_checkout_098" name="test_checkout[case5]" time="0.014" /><testcase classname="tests.generated.email.test_email_014" name="test_email[case4]" time="0.004" /><testcase classname="tests.generated.checkout.test_checkout_134" name="test_checkout[case1]" time="0.011" /><testcase classname="tests.generated.checkout.test_checkout_152" name="test_checkout[case1]" time="0.004" /><testcase classname="tests.generated.checkout.test_checkout_098" name="test_checkout[case6]" time="0.004" /><testcase classname="tests.generated.checkout.test_checkout_117" name="test_checkout[case8]" time="0.014" /><testcase classname="tests.generated.email.test_email_039" name="test_email[case7]" time="0.009" /><testcase classname="tests.generated.checkout.test_checkout_167" name="test_checkout[case2]" time="0.009" /><testcase classname="tests.generated.checkout.test_checkout_152" name="test_checkout[case2]" time="0.005" /><testcase classname="tests.generated.email.test_email_014" name="test_email[case5]" time="0.009" /><testcase classname="tests.generated.checkout.test_checkout_117" name="test_checkout[case9]" time="0.004" /><testcase classname="tests.generated.email.test_email_039" name="test_email[case8]" time="0.007" /><testcase classname="tests.generated.checkout.test_checkout_134" name="test_checkout[case2]" time="0.004" /><testcase classname="tests.generated.checkout.test_checkout_098" name="test_checkout[case7]" time="0.008" /><testcase classname="tests.generated.checkout.test_checkout_134" name="test_checkout[case3]" time="0.004" /><testcase classname="tests.generated.checkout.test_checkout_167" name="test_checkout[case3]" time="0.004" /><testcase classname="tests.generated.checkout.test_checkout_152" name="test_checkout[case3]" time="0.007" /><testcase classname="tests.generated.email.test_email_014" name="test_email[case6]" time="0.006" /><testcase classname="tests.generated.checkout.test_checkout_118" name="test_checkout[case0]" time="0.015" /><testcase classname="tests.generated.email.test_email_027" name="test_email[case6]" time="0.011" /><testcase classname="tests.generated.checkout.test_checkout_167" name="test_checkout[case4]" time="0.005" /><testcase classname="tests.generated.checkout.test_checkout_134" name="test_checkout[case4]" time="0.004" /><testcase classname="tests.generated.checkout.test_checkout_152" name="test_checkout[case4]" time="0.014" /><testcase classname="tests.generated.checkout.test_checkout_134" name="test_checkout[case5]" time="0.010" /><testcase classname="tests.generated.email.test_email_039" name="test_email[case9]" time="0.005" /><testcase classname="tests.generated.checkout.test_checkout_167" name="test_checkout[case5]" time="0.004" /><testcase classname="tests.generated.checkout.test_checkout_098" name="test_checkout[case8]" time="0.005" /><testcase classname="tests.generated.checkout.test_checkout_118" name="test_checkout[case1]" time="0.004" /><testcase classname="tests.generated.checkout.test_checkout_098" name="test_checkout[case9]" time="0.004" /><testcase classname="tests.generated.email.test_email_014" name="test_email[case7]" time="0.011" /><testcase classname="tests.generated.checkout.test_checkout_099" name="test_checkout[case0]" time="0.008" /><testcase classname="tests.generated.checkout.test_checkout_167" name="test_checkout[case6]" time="0.004" /><testcase classname="tests.generated.email.test_email_040" name="test_email[case0]" time="0.004" /><testcase classname="tests.generated.checkout.test_checkout_118" name="test_checkout[case2]" time="0.008" /><testcase classname="tests.generated.checkout.test_checkout_134" name="test_checkout[case6]" time="0.006" /><testcase classname="tests.generated.checkout.test_checkout_152" name="test_checkout[case5]" time="0.005" /><testcase classname="tests.generated.checkout.test_checkout_167" name="test_checkout[case7]" time="0.004" /><testcase classname="tests.generated.email.test_email_027" name="test_email[case7]" time="0.005" /><testcase classname="tests.generated.email.test_email_014" name="test_email[case8]" time="0.006" /><testcase classname="tests.generated.checkout.test_checkout_167" name="test_checkout[case8]" time="0.004" /><testcase classname="tests.generated.checkout.test_checkout_152" name="test_checkout[case6]" time="0.008" /><testcase classname="tests.generated.checkout.test_checkout_134" name="test_checkout[case7]" time="0.011" /><testcase classname="tests.generated.checkout.test_checkout_118" name="test_checkout[case3]" time="0.009" /><testcase classname="tests.generated.checkout.test_checkout_167" name="test_checkout[case9]" time="0.005" /><testcase classname="tests.generated.email.test_email_014" name="test_email[case9]" time="0.004" /><testcase classname="tests.generated.email.test_email_040" name="test_email[case1]" time="0.015" /><testcase classname="tests.generated.email.test_email_027" name="test_email[case8]" time="0.005" /><testcase classname="tests.generated.checkout.test_checkout_099" name="test_checkout[case1]" time="0.010" /><testcase classname="tests.generated.email.test_email_027" name="test_email[case9]" time="0.008" /><testcase classname="tests.generated.email.test_email_001" name="test_email[case0]" time="0.004" /><testcase classname="tests.generated.email.test_email_015" name="test_email[case0]" time="0.007" /><testcase classname="tests.generated.checkout.test_checkout_152" name="test_checkout[case7]" time="0.006" /><testcase classname="tests.generated.checkout.test_checkout_099" name="test_checkout[case2]" time="0.005" /><testcase classname="tests.generated.email.test_email_040" name="test_email[case2]" time="0.005" /><testcase classname="tests.generated.checkout.test_checkout_134" name="test_checkout[case8]" time="0.013" /><testcase classname="tests.generated.checkout.test_checkout_118" name="test_checkout[case4]" time="0.006" /><testcase classname="tests.generated.email.test_email_001" name="test_email[case1]" time="0.005" /><testcase classname="tests.generated.checkout.test_checkout_152" name="test_checkout[case8]" time="0.009" /><testcase classname="tests.generated.checkout.test_checkout_099" name="test_checkout[case3]" time="0.004" /><testcase classname="tests.generated.email.test_email_040" name="test_email[case3]" time="0.004" /><testcase classname="tests.generated.email.test_email_015" name="test_email[case1]" time="0.004" /><testcase classname="tests.generated.email.test_email_015" name="test_email[case2]" time="0.005" /><testcase classname="tests.generated.email.test_email_001" name="test_email[case2]" time="0.007" /><testcase classname="tests.generated.checkout.test_checkout_118" name="test_checkout[case5]" time="0.004" /><testcase classname="tests.generated.checkout.test_checkout_118" name="test_checkout[case6]" time="0.008" /><testcase classname="tests.generated.checkout.test_checkout_152" name="test_checkout[case9]" time="0.009" /><testcase classname="tests.generated.checkout.test_checkout_134" name="test_checkout[case9]" time="0.007" /><testcase classname="tests.generated.email.test_email_015" name="test_email[case3]" time="0.006" /><testcase classname="tests.generated.checkout.test_checkout_099" name="test_checkout[case4]" time="0.008" /><testcase classname="tests.generated.email.test_email_040" name="test_email[case4]" time="0.004" /><testcase classname="tests.generated.email.test_email_001" name="test_email[case3]" time="0.009" /><testcase classname="tests.generated.email.test_email_028" name="test_email[case0]" time="0.006" /><testcase classname="tests.generated.email.test_email_015" name="test_email[case4]" time="0.006" /><testcase classname="tests.generated.checkout.test_checkout_153" name="test_checkout[case0]" time="0.005" /><testcase classname="tests.generated.email.test_email_040" name="test_email[case5]" time="0.004" /><testcase classname="tests.generated.checkout.test_checkout_099" name="test_checkout[case5]" time="0.012" /><testcase classname="tests.generated.checkout.test_checkout_153" name="test_checkout[case1]" time="0.004" /><testcase classname="tests.generated.email.test_email_040" name="test_email[case6]" time="0.007" /><testcase classname="tests.generated.email.test_email_028" name="test_email[case1]" time="0.004" /><testcase classname="tests.generated.checkout.test_checkout_135" name="test_checkout[case0]" time="0.005" /><testcase classname="tests.generated.email.test_email_001" name="test_email[case4]" time="0.010" /><testcase classname="tests.generated.email.test_email_028" name="test_email[case2]" time="0.009" /><testcase classname="tests.generated.checkout.test_checkout_118" name="test_checkout[case7]" time="0.004" /><testcase classname="tests.generated.email.test_email_015" name="test_email[case5]" time="0.010" /><testcase classname="tests.generated.checkout.test_checkout_135" name="test_checkout[case1]" time="0.023" /><testcase classname="tests.generated.email.test_email_040" name="test_email[case7]" time="0.004" /><testcase classname="tests.generated.checkout.test_checkout_118" name="test_checkout[case8]" time="0.004" /><testcase classname="tests.generated.email.test_email_040" name="test_email[case8]" time="0.004" /><testcase classname="tests.generated.checkout.test_checkout_099" name="test_checkout[case6]" time="0.010" /><testcase classname="tests.generated.checkout.test_checkout_153" name="test_checkout[case2]" time="0.005" /><testcase classname="tests.generated.checkout.test_checkout_153" name="test_checkout[case3]" time="0.004" /><testcase classname="tests.generated.email.test_email_015" name="test_email[case6]" time="0.005" /><testcase classname="tests.generated.checkout.test_checkout_118" name="test_checkout[case9]" time="0.004" /><testcase classname="tests.generated.email.test_email_040" name="test_email[case9]" time="0.005" /><testcase classname="tests.generated.email.test_email_028" name="test_email[case3]" time="0.010" /><testcase classname="tests.generated.email.test_email_028" name="test_email[case4]" time="0.005" /><testcase classname="tests.generated.checkout.test_checkout_119" name="test_checkout[case0]" time="0.005" /><testcase classname="tests.generated.email.test_email_015" name="test_email[case7]" time="0.007" /><testcase classname="tests.generated.checkout.test_checkout_153" name="test_checkout[case4]" time="0.005" /><testcase classname="tests.generated.checkout.test_checkout_099" name="test_checkout[case7]" time="0.009" /><testcase classname="tests.generated.email.test_email_001" name="test_email[case5]" time="0.005" /><testcase classname="tests.generated.email.test_email_001" name="test_email[case6]" time="0.005" /><testcase classname="tests.generated.email.test_email_001" name="test_email[case7]" time="0.004" /><testcase classname="tests.generated.checkout.test_checkout_135" name="test_checkout[case2]" time="0.010" /><testcase classname="tests.generated.email.test_email_015" name="test_email[case8]" time="0.008" /><testcase classname="tests.generated.checkout.test_checkout_153" name="test_checkout[case5]" time="0.010" /><testcase classname="tests.generated.email.test_email_001" name="test_email[case8]" time="0.005" /><testcase classname="tests.generated.email.test_email_028" name="test_email[case5]" time="0.005" /><testcase classname="tests.generated.checkout.test_checkout_099" name="test_checkout[case8]" time="0.005" /><testcase classname="tests.generated.checkout.test_checkout_119" name="test_checkout[case1]" time="0.007" /><testcase classname="tests.generated.email.test_email_041" name="test_email[case0]" time="0.007" /><testcase classname="tests.generated.email.test_email_028" name="test_email[case6]" time="0.010" /><testcase classname="tests.generated.checkout.test_checkout_153" name="test_checkout[case6]" time="0.007" /><testcase classname="tests.generated.email.test_email_001" name="test_email[case9]" time="0.005" /><testcase classname="tests.generated.checkout.test_checkout_135" name="test_checkout[case3]" time="0.004" /><testcase classname="tests.generated.email.test_email_041" name="test_email[case1]" time="0.004" /><testcase classname="tests.generated.email.test_email_015" name="test_email[case9]" time="0.009" /><testcase classname="tests.generated.checkout.test_checkout_099" name="test_checkout[case9]" time="0.015" /><testcase classname="tests.generated.checkout.test_checkout_153" name="test_checkout[case7]" time="0.004" /><testcase classname="tests.generated.email.test_email_002" name="test_email[case0]" time="0.004" /><testcase classname="tests.generated.checkout.test_checkout_119" name="test_checkout[case2]" time="0.007" /><testcase classname="tests.generated.email.test_email_002" name="test_email[case1]" time="0.005" /><testcase classname="tests.generated.checkout.test_checkout_135" name="test_checkout[case4]" time="0.005" /><testcase classname="tests.generated.email.test_email_041" name="test_email[case2]" time="0.005" /><testcase classname="tests.generated.checkout.test_checkout_153" name="test_checkout[case8]" time="0.010" /><testcase classname="tests.generated.email.test_email_041" name="test_email[case3]" time="0.004" /><testcase classname="tests.generated.email.test_email_002" name="test_email[case2]" time="0.005" /><testcase classname="tests.generated.checkout.test_checkout_135" name="test_checkout[case5]" time="0.004" /><testcase classname="tests.generated.email.test_email_016" name="test_email[case0]" time="0.004" /><testcase classname="tests.generated.email.test_email_002" name="test_email[case3]" time="0.016" /><testcase classname="tests.generated.email.test_email_028" name="test_email[case7]" time="0.010" /><testcase classname="tests.generated.checkout.test_checkout_100" name="test_checkout[case0]" time="0.004" /><testcase classname="tests.generated.email.test_email_016" name="test_email[case1]" time="0.005" /><testcase classname="tests.generated.checkout.test_checkout_135" name="test_checkout[case6]" time="0.006" /><testcase classname="tests.generated.checkout.test_checkout_119" name="test_checkout[case3]" time="0.006" /><testcase classname="tests.generated.checkout.test_checkout_135" name="test_checkout[case7]" time="0.004" /><testcase classname="tests.generated.email.test_email_041" name="test_email[case4]" time="0.004" /><testcase classname="tests.generated.email.test_email_041" name="test_email[case5]" time="0.004" /><testcase classname="tests.generated.email.test_email_028" name="test_email[case8]" time="0.007" /><testcase classname="tests.generated.checkout.test_checkout_100" name="test_checkout[case1]" time="0.004" /><testcase classname="tests.generated.checkout.test_checkout_153" name="test_checkout[case9]" time="0.016" /><testcase classname="tests.generated.email.test_email_016" name="test_email[case2]" time="0.004" /><testcase classname="tests.generated.email.test_email_041" name="test_email[case6]" time="0.009" /><testcase classname="tests.generated.checkout.test_checkout_100" name="test_checkout[case2]" time="0.010" /><testcase classname="tests.generated.checkout.test_checkout_135" name="test_checkout[case8]" time="0.004" /><testcase classname="tests.generated.checkout.test_checkout_119" name="test_checkout[case4]" time="0.006" /><testcase classname="tests.generated.email.test_email_016" name="test_email[case3]" time="0.006" /><testcase classname="tests.generated.email.test_email_028" name="test_email[case9]" time="0.004" /><testcase classname="tests.generated.checkout.test_checkout_135" name="test_checkout[case9]" time="0.005" /><testcase classname="tests.generated.checkout.test_checkout_119" name="test_checkout[case5]" time="0.006" /><testcase classname="tests.generated.email.test_email_041" name="test_email[case7]" time="0.006" /><testcase classname="tests.generated.email.test_email_002" name="test_email[case4]" time="0.010" /><testcase classname="tests.generated.email.test_email_029" name="test_email[case0]" time="0.004" /><testcase classname="tests.generated.checkout.test_checkout_100" name="test_checkout[case3]" time="0.011" /><testcase classname="tests.generated.email.test_email_016" name="test_email[case4]" time="0.008" /><testcase classname="tests.generated.email.test_email_029" name="test_email[case1]" time="0.004" /><testcase classname="tests.generated.checkout.test_checkout_136" name="test_checkout[case0]" time="0.004" /><testcase classname="tests.generated.checkout.test_checkout_154" name="test_checkout[case0]" time="0.015" /><testcase classname="tests.generated.email.test_email_002" name="test_email[case5]" time="0.005" /><testcase classname="tests.generated.checkout.test_checkout_136" name="test_checkout[case1]" time="0.004" /><testcase classname="tests.generated.checkout.test_checkout_119" name="test_checkout[case6]" time="0.007" /><testcase classname="tests.generated.email.test_email_016" name="test_email[case5]" time="0.005" /><testcase classname="tests.generated.email.test_email_041" name="test_email[case8]" time="0.007" /><testcase classname="tests.generated.email.test_email_029" name="test_email[case2]" time="0.013" /><testcase classname="tests.generated.email.test_email_002" name="test_email[case6]" time="0.004" /><testcase classname="tests.generated.checkout.test_checkout_136" name="test_checkout[case2]" time="0.004" /><testcase classname="tests.generated.email.test_email_016" name="test_email[case6]" time="0.005" /><testcase classname="tests.generated.checkout.test_checkout_119" name="test_checkout[case7]" time="0.006" /><testcase classname="tests.generated.checkout.test_checkout_154" name="test_checkout[case1]" time="0.006" /><testcase classname="tests.generated.checkout.test_checkout_100" name="test_checkout[case4]" time="0.019" /><testcase classname="tests.generated.checkout.test_checkout_136" name="test_checkout[case3]" time="0.005" /><testcase classname="tests.generated.email.test_email_041" name="test_email[case9]" time="0.004" /><testcase classname="tests.generated.email.test_email_016" name="test_email[case7]" time="0.004" /><testcase classname="tests.generated.checkout.test_checkout_119" name="test_checkout[case8]" time="0.006" /><testcase classname="tests.generated.email.test_email_029" name="test_email[case3]" time="0.005" /><testcase classname="tests.generated.email.test_email_002" name="test_email[case7]" time="0.016" /><testcase classname="tests.generated.checkout.test_checkout_136" name="test_checkout[case4]" time="0.004" /><testcase classname="tests.generated.email.test_email_042" name="test_email[case0]" time="0.007" /><testcase classname="tests.generated.email.test_email_029" name="test_email[case4]" time="0.004" /><testcase classname="tests.generated.checkout.test_checkout_119" name="test_checkout[case9]" time="0.004" /><testcase classname="tests.generated.checkout.test_checkout_136" name="test_checkout[case5]" time="0.004" /><testcase classname="tests.generated.checkout.test_checkout_154" name="test_checkout[case2]" time="0.004" /><testcase classname="tests.generated.email.test_email_016" name="test_email[case8]" time="0.004" /><testcase classname="tests.generated.email.test_email_042" name="test_email[case1]" time="0.010" /><testcase classname="tests.generated.checkout.test_checkout_100" name="test_checkout[case5]" time="0.012" /><testcase classname="tests.generated.checkout.test_checkout_154" name="test_checkout[case3]" time="0.004" /><testcase classname="tests.generated.email.test_email_016" name="test_email[case9]" time="0.009" /><testcase classname="tests.generated.email.test_email_029" name="test_email[case5]" time="0.004" /><testcase classname="tests.generated.checkout.test_checkout_136" name="test_checkout[case6]" time="0.009" /><testcase classname="tests.generated.email.test_email_002" name="test_email[case8]" time="0.009" /><testcase classname="tests.generated.email.test_email_029" name="test_email[case6]" time="0.004" /><testcase classname="tests.generated.checkout.test_checkout_154" name="test_checkout[case4]" time="0.011" /><testcase classname="tests.generated.email.test_email_029" name="test_email[case7]" time="0.004" /><testcase classname="tests.generated.checkout.test_checkout_120" name="test_checkout[case0]" time="0.011" /><testcase classname="tests.generated.checkout.test_checkout_136" name="test_checkout[case7]" time="0.005" /><testcase classname="tests.generated.email.test_email_042" name="test_email[case2]" time="0.005" /><testcase classname="tests.generated.checkout.test_checkout_120" name="test_checkout[case1]" time="0.005" /><testcase classname="tests.generated.checkout.test_checkout_100" name="test_checkout[case6]" time="0.011" /><testcase classname="tests.generated.email.test_email_002" name="test_email[case9]" time="0.008" /><testcase classname="tests.generated.checkout.test_checkout_136" name="test_checkout[case8]" time="0.005" /><testcase classname="tests.generated.email.test_email_017" name="test_email[case0]" time="0.005" /><testcase classname="tests.generated.email.test_email_017" name="test_email[case1]" time="0.004" /><testcase classname="tests.generated.email.test_email_042" name="test_email[case3]" time="0.007" /><testcase classname="tests.generated.email.test_email_029" name="test_email[case8]" time="0.004" /><testcase classname="tests.generated.email.test_email_003" name="test_email[case0]" time="0.012" /><testcase classname="tests.generated.email.test_email_017" name="test_email[case2]" time="0.005" /><testcase classname="tests.generated.email.test_email_029" name="test_email[case9]" time="0.004" /><testcase classname="tests.generated.checkout.test_checkout_154" name="test_checkout[case5]" time="0.010" /><testcase classname="tests.generated.checkout.test_checkout_100" name="test_checkout[case7]" time="0.005" /><testcase classname="tests.generated.checkout.test_checkout_100" name="test_checkout[case8]" time="0.004" /><testcase classname="tests.generated.email.test_email_017" name="test_email[case3]" time="0.004" /><testcase classname="tests.generated.checkout.test_checkout_120" name="test_checkout[case2]" time="0.007" /><testcase classname="tests.generated.checkout.test_checkout_136" name="test_checkout[case9]" time="0.015" /><testcase classname="tests.generated.email.test_email_030" name="test_email[case0]" time="0.004" /><testcase classname="tests.generated.email.test_email_042" name="test_email[case4]" time="0.013" /><testcase classname="tests.generated.email.test_email_017" name="test_email[case4]" time="0.004" /><testcase classname="tests.generated.checkout.test_checkout_154" name="test_checkout[case6]" time="0.004" /><testcase classname="tests.generated.checkout.test_checkout_120" name="test_checkout[case3]" time="0.005" /><testcase classname="tests.generated.email.test_email_030" name="test_email[case1]" time="0.009" /><testcase classname="tests.generated.email.test_email_003" name="test_email[case1]" time="0.016" /><testcase classname="tests.generated.checkout.test_checkout_154" name="test_checkout[case7]" time="0.004" /><testcase classname="tests.generated.checkout.test_checkout_100" name="test_checkout[case9]" time="0.008" /><testcase classname="tests.generated.email.test_email_017" name="test_email[case5]" time="0.004" /><testcase classname="tests.generated.email.test_email_042" name="test_email[case5]" time="0.005" /><testcase classname="tests.generated.checkout.test_checkout_120" name="test_checkout[case4]" time="0.004" /><testcase classname="tests.generated.email.test_email_017" name="test_email[case6]" time="0.007" /><testcase classname="tests.generated.checkout.test_checkout_101" name="test_checkout[case0]" time="0.004" /><testcase classname="tests.generated.email.test_email_042" name="test_email[case6]" time="0.005" /><testcase classname="tests.generated.email.test_email_030" name="test_email[case2]" time="0.005" /><testcase classname="tests.generated.checkout.test_checkout_120" name="test_checkout[case5]" time="0.007" /><testcase classname="tests.generated.email.test_email_003" name="test_email[case2]" time="0.011" /><testcase classname="tests.generated.email.test_email_017" name="test_email[case7]" time="0.004" /><testcase classname="tests.generated.checkout.test_checkout_154" name="test_checkout[case8]" time="0.014" /><testcase classname="tests.generated.checkout.test_checkout_101" name="test_checkout[case1]" time="0.006" /><testcase classname="tests.generated.email.test_email_030" name="test_email[case3]" time="0.005" /><testcase classname="tests.generated.checkout.test_checkout_137" name="test_checkout[case0]" time="0.016" /><testcase classname="tests.generated.email.test_email_017" name="test_email[case8]" time="0.008" /><testcase classname="tests.generated.email.test_email_042" name="test_email[case7]" time="0.010" /><testcase classname="tests.generated.email.test_email_030" name="test_email[case4]" time="0.005" /><testcase classname="tests.generated.checkout.test_checkout_101" name="test_checkout[case2]" time="0.006" /><testcase classname="tests.generated.email.test_email_003" name="test_email[case3]" time="0.004" /><testcase classname="tests.generated.checkout.test_checkout_120" name="test_checkout[case6]" time="0.006" /><testcase classname="tests.generated.email.test_email_042" name="test_email[case8]" time="0.004" /><testcase classname="tests.generated.checkout.test_checkout_154" name="test_checkout[case9]" time="0.012" /><testcase classname="tests.generated.email.test_email_003" name="test_email[case4]" time="0.007" /><testcase classname="tests.generated.checkout.test_checkout_101" name="test_checkout[case3]" time="0.005" /><testcase classname="tests.generated.email.test_email_017" name="test_email[case9]" time="0.007" /><testcase classname="tests.generated.email.test_email_042" name="test_email[case9]" time="0.005" /><testcase classname="tests.generated.email.test_email_030" name="test_email[case5]" time="0.008" /><testcase classname="tests.generated.checkout.test_checkout_137" name="test_checkout[case1]" time="0.009" /><testcase classname="tests.generated.checkout.test_checkout_120" name="test_checkout[case7]" time="0.008" /><testcase classname="tests.generated.checkout.test_checkout_101" name="test_checkout[case4]" time="0.005" /><testcase classname="tests.generated.email.test_email_018" name="test_email[case0]" time="0.005" /><testcase classname="tests.generated.email.test_email_003" name="test_email[case5]" time="0.004" /><testcase classname="tests.generated.email.test_email_043" name="test_email[case0]" time="0.006" /><testcase classname="tests.generated.email.test_email_030" name="test_email[case6]" time="0.005" /><testcase classname="tests.generated.email.test_email_030" name="test_email[case7]" time="0.004" /><testcase classname="tests.generated.email.test_email_003" name="test_email[case6]" time="0.005" /><testcase classname="tests.generated.checkout.test_checkout_137" name="test_checkout[case2]" time="0.004" /><testcase classname="tests.generated.email.test_email_043" name="test_email[case1]" time="0.009" /><testcase classname="tests.generated.email.test_email_030" name="test_email[case8]" time="0.004" /><testcase classname="tests.generated.email.test_email_003" name="test_email[case7]" time="0.004" /><testcase classname="tests.generated.checkout.test_checkout_137" name="test_checkout[case3]" time="0.012" /><testcase classname="tests.generated.checkout.test_checkout_101" name="test_checkout[case5]" time="0.013" /><testcase classname="tests.generated.email.test_email_018" name="test_email[case1]" time="0.014" /><testcase classname="tests.generated.checkout.test_checkout_120" name="test_checkout[case8]" time="0.008" /><testcase classname="tests.generated.checkout.test_checkout_155" name="test_checkout[case0]" time="0.009" /><testcase classname="tests.generated.email.test_email_030" name="test_email[case9]" time="0.018" /><testcase classname="tests.generated.email.test_email_043" name="test_email[case2]" time="0.011" /><testcase classname="tests.generated.checkout.test_checkout_101" name="test_checkout[case6]" time="0.004" /><testcase classname="tests.generated.email.test_email_003" name="test_email[case8]" time="0.006" /><testcase classname="tests.generated.checkout.test_checkout_120" name="test_checkout[case9]" time="0.005" /><testcase classname="tests.generated.checkout.test_checkout_137" name="test_checkout[case4]" time="0.005" /><testcase classname="tests.generated.email.test_email_018" name="test_email[case2]" time="0.011" /><testcase classname="tests.generated.checkout.test_checkout_101" name="test_checkout[case7]" time="0.005" /><testcase classname="tests.generated.checkout.test_checkout_121" name="test_checkout[case0]" time="0.004" /><testcase classname="tests.generated.email.test_email_003" name="test_email[case9]" time="0.005" /><testcase classname="tests.generated.checkout.test_checkout_137" name="test_checkout[case5]" time="0.008" /><testcase classname="tests.generated.checkout.test_checkout_155" name="test_checkout[case1]" time="0.023" /><testcase classname="tests.generated.email.test_email_031" name="test_email[case0]" time="0.005" /><testcase classname="tests.generated.email.test_email_043" name="test_email[case3]" time="0.004" /><testcase classname="tests.generated.checkout.test_checkout_101" name="test_checkout[case8]" time="0.008" /><testcase classname="tests.generated.email.test_email_004" name="test_email[case0]" time="0.005" /><testcase classname="tests.generated.checkout.test_checkout_137" name="test_checkout[case6]" time="0.004" /><testcase classname="tests.generated.email.test_email_031" name="test_email[case1]" time="0.004" /><testcase classname="tests.generated.email.test_email_018" name="test_email[case3]" time="0.012" /><testcase classname="tests.generated.checkout.test_checkout_137" name="test_checkout[case7]" time="0.004" /><testcase classname="tests.generated.checkout.test_checkout_121" name="test_checkout[case1]" time="0.010" /><testcase classname="tests.generated.email.test_email_043" name="test_email[case4]" time="0.004" /><testcase classname="tests.generated.email.test_email_031" name="test_email[case2]" time="0.009" /><testcase classname="tests.generated.checkout.test_checkout_101" name="test_checkout[case9]" time="0.004" /><testcase classname="tests.generated.checkout.test_checkout_137" name="test_checkout[case8]" time="0.004" /><testcase classname="tests.generated.email.test_email_004" name="test_email[case1]" time="0.004" /><testcase classname="tests.generated.email.test_email_043" name="test_email[case5]" time="0.014" /><testcase classname="tests.generated.checkout.test_checkout_155" name="test_checkout[case2]" time="0.004" /><testcase classname="tests.generated.email.test_email_018" name="test_email[case4]" time="0.005" /><testcase classname="tests.generated.email.test_email_004" name="test_email[case2]" time="0.017" /><testcase classname="tests.generated.checkout.test_checkout_121" name="test_checkout[case2]" time="0.004" /><testcase classname="tests.generated.checkout.test_checkout_155" name="test_checkout[case3]" time="0.015" /><testcase classname="tests.generated.email.test_email_018" name="test_email[case5]" time="0.007" /><testcase classname="tests.generated.checkout.test_checkout_137" name="test_checkout[case9]" time="0.011" /><testcase classname="tests.generated.checkout.test_checkout_102" name="test_checkout[case0]" time="0.009" /><testcase classname="tests.generated.email.test_email_031" name="test_email[case3]" time="0.010" /><testcase classname="tests.generated.checkout.test_checkout_121" name="test_checkout[case3]" time="0.004" /><testcase classname="tests.generated.email.test_email_043" name="test_email[case6]" time="0.005" /><testcase classname="tests.generated.email.test_email_018" name="test_email[case6]" time="0.010" /><testcase classname="tests.generated.checkout.test_checkout_121" name="test_checkout[case4]" time="0.005" /><testcase classname="tests.generated.checkout.test_checkout_102" name="test_checkout[case1]" time="0.013" /><testcase classname="tests.generated.email.test_email_043" name="test_email[case7]" time="0.004" /><testcase classname="tests.generated.email.test_email_031" name="test_email[case4]" time="0.004" /><testcase classname="tests.generated.email.test_email_004" name="test_email[case3]" time="0.005" /><testcase classname="tests.generated.checkout.test_checkout_155" name="test_checkout[case4]" time="0.008" /><testcase classname="tests.generated.checkout.test_checkout_121" name="test_checkout[case5]" time="0.005" /><testcase classname="tests.generated.email.test_email_004" name="test_email[case4]" time="0.004" /><testcase classname="tests.generated.email.test_email_031" name="test_email[case5]" time="0.004" /><testcase classname="tests.generated.checkout.test_checkout_155" name="test_checkout[case5]" time="0.006" /><testcase classname="tests.generated.checkout.test_checkout_121" name="test_checkout[case6]" time="0.006" /><testcase classname="tests.generated.email.test_email_043" name="test_email[case8]" time="0.004" /><testcase classname="tests.generated.email.test_email_031" name="test_email[case6]" time="0.004" /><testcase classname="tests.generated.email.test_email_004" name="test_email[case5]" time="0.006" /><testcase classname="tests.generated.checkout.test_checkout_102" name="test_checkout[case2]" time="0.015" /><testcase classname="tests.generated.email.test_email_043" name="test_email[case9]" time="0.005" /><testcase classname="tests.generated.checkout.test_checkout_138" name="test_checkout[case0]" time="0.020" /><testcase classname="tests.generated.email.test_email_018" name="test_email[case7]" time="0.008" /><testcase classname="tests.generated.email.test_email_044" name="test_email[case0]" time="0.004" /><testcase classname="tests.generated.email.test_email_004" name="test_email[case6]" time="0.005" /><testcase classname="tests.generated.email.test_email_031" name="test_email[case7]" time="0.004" /><testcase classname="tests.generated.checkout.test_checkout_138" name="test_checkout[case1]" time="0.007" /><testcase classname="tests.generated.checkout.test_checkout_121" name="test_checkout[case7]" time="0.011" /><testcase classname="tests.generated.email.test_email_044" name="test_email[case1]" time="0.004" /><testcase classname="tests.generated.email.test_email_031" name="test_email[case8]" time="0.004" /><testcase classname="tests.generated.checkout.test_checkout_155" name="test_checkout[case6]" time="0.006" /><testcase classname="tests.generated.checkout.test_checkout_155" name="test_checkout[case7]" time="0.007" /><testcase classname="tests.generated.email.test_email_044" name="test_email[case2]" time="0.004" /><testcase classname="tests.generated.checkout.test_checkout_102" name="test_checkout[case3]" time="0.006" /><testcase classname="tests.generated.email.test_email_004" name="test_email[case7]" time="0.010" /><testcase classname="tests.generated.email.test_email_018" name="test_email[case8]" time="0.022" /><testcase classname="tests.generated.email.test_email_031" name="test_email[case9]" time="0.004" /><testcase classname="tests.generated.checkout.test_checkout_138" name="test_checkout[case2]" time="0.024" /><testcase classname="tests.generated.email.test_email_004" name="test_email[case8]" time="0.004" /><testcase classname="tests.generated.email.test_email_044" name="test_email[case3]" time="0.005" /><testcase classname="tests.generated.email.test_email_032" name="test_email[case0]" time="0.005" /><testcase classname="tests.generated.checkout.test_checkout_121" name="test_checkout[case8]" time="0.024" /><testcase classname="tests.generated.email.test_email_044" name="test_email[case4]" time="0.023" /><testcase classname="tests.generated.email.test_email_004" name="test_email[case9]" time="0.005" /><testcase classname="tests.generated.email.test_email_032" name="test_email[case1]" time="0.004" /><testcase classname="tests.generated.checkout.test_checkout_155" name="test_checkout[case8]" time="0.010" /><testcase classname="tests.generated.email.test_email_018" name="test_email[case9]" time="0.004" /><testcase classname="tests.generated.email.test_email_005" name="test_email[case0]" time="0.008" /><testcase classname="tests.generated.email.test_email_019" name="test_email[case0]" time="0.005" /><testcase classname="tests.generated.checkout.test_checkout_102" name="test_checkout[case4]" time="0.016" /><testcase classname="tests.generated.checkout.test_checkout_155" name="test_checkout[case9]" time="0.007" /><testcase classname="tests.generated.email.test_email_032" name="test_email[case2]" time="0.009" /><testcase classname="tests.generated.checkout.test_checkout_138" name="test_checkout[case3]" time="0.009" /><testcase classname="tests.generated.checkout.test_checkout_121" name="test_checkout[case9]" time="0.015" /><testcase classname="tests.generated.email.test_email_019" name="test_email[case1]" time="0.005" /><testcase classname="tests.generated.email.test_email_005" name="test_email[case1]" time="0.008" /><testcase classname="tests.generated.email.test_email_032" name="test_email[case3]" time="0.020" /><testcase classname="tests.generated.checkout.test_checkout_138" name="test_checkout[case4]" time="0.005" /><testcase classname="tests.generated.email.test_email_019" name="test_email[case2]" time="0.004" /><testcase classname="tests.generated.email.test_email_044" name="test_email[case5]" time="0.012" /><testcase classname="tests.generated.email.test_email_005" name="test_email[case2]" time="0.005" /><testcase classname="tests.generated.checkout.test_checkout_156" name="test_checkout[case0]" time="0.009" /><testcase classname="tests.generated.checkout.test_checkout_138" name="test_checkout[case5]" time="0.018" /><testcase classname="tests.generated.email.test_email_019" name="test_email[case3]" time="0.004" /><testcase classname="tests.generated.checkout.test_checkout_122" name="test_checkout[case0]" time="0.004" /><testcase classname="tests.generated.email.test_email_005" name="test_email[case3]" time="0.005" /><testcase classname="tests.generated.checkout.test_checkout_102" name="test_checkout[case5]" time="0.008" /><testcase classname="tests.generated.email.test_email_032" name="test_email[case4]" time="0.004" /><testcase classname="tests.generated.email.test_email_019" name="test_email[case4]" time="0.006" /><testcase classname="tests.generated.checkout.test_checkout_156" name="test_checkout[case1]" time="0.008" /><testcase classname="tests.generated.email.test_email_044" name="test_email[case6]" time="0.005" /><testcase classname="tests.generated.email.test_email_044" name="test_email[case7]" time="0.004" /><testcase classname="tests.generated.email.test_email_019" name="test_email[case5]" time="0.007" /><testcase classname="tests.generated.checkout.test_checkout_122" name="test_checkout[case1]" time="0.005" /><testcase classname="tests.generated.email.test_email_032" name="test_email[case5]" time="0.006" /><testcase classname="tests.generated.checkout.test_checkout_102" name="test_checkout[case6]" time="0.011" /><testcase classname="tests.generated.checkout.test_checkout_138" name="test_checkout[case6]" time="0.007" /><testcase classname="tests.generated.checkout.test_checkout_156" name="test_checkout[case2]" time="0.006" /><testcase classname="tests.generated.checkout.test_checkout_122" name="test_checkout[case2]" time="0.004" /><testcase classname="tests.generated.email.test_email_019" name="test_email[case6]" time="0.004" /><testcase classname="tests.generated.checkout.test_checkout_138" name="test_checkout[case7]" time="0.004" /><testcase classname="tests.generated.email.test_email_044" name="test_email[case8]" time="0.008" /><testcase classname="tests.generated.email.test_email_032" name="test_email[case6]" time="0.009" /><testcase classname="tests.generated.email.test_email_019" name="test_email[case7]" time="0.007" /><testcase classname="tests.generated.checkout.test_checkout_102" name="test_checkout[case7]" time="0.004" /><testcase classname="tests.generated.checkout.test_checkout_122" name="test_checkout[case3]" time="0.004" /><testcase classname="tests.generated.checkout.test_checkout_138" name="test_checkout[case8]" time="0.004" /><testcase classname="tests.generated.checkout.test_checkout_102" name="test_checkout[case8]" time="0.005" /><testcase classname="tests.generated.email.test_email_032" name="test_email[case7]" time="0.006" /><testcase classname="tests.generated.checkout.test_checkout_122" name="test_checkout[case4]" time="0.006" /><testcase classname="tests.generated.email.test_email_044" name="test_email[case9]" time="0.007" /><testcase classname="tests.generated.checkout.test_checkout_122" name="test_checkout[case5]" time="0.004" /><testcase classname="tests.generated.email.test_email_019" name="test_email[case8]" time="0.007" /><testcase classname="tests.generated.email.test_email_019" name="test_email[case9]" time="0.005" /><testcase classname="tests.generated.checkout.test_checkout_138" name="test_checkout[case9]" time="0.005" /><testcase classname="tests.generated.email.test_email_032" name="test_email[case8]" time="0.006" /><testcase classname="tests.generated.email.test_email_032" name="test_email[case9]" time="0.005" /><testcase classname="tests.generated.checkout.test_checkout_139" name="test_checkout[case0]" time="0.006" /><testcase classname="tests.generated.email.test_email_020" name="test_email[case0]" time="0.004" /><testcase classname="tests.generated.email.test_email_045" name="test_email[case0]" time="0.007" /><testcase classname="tests.generated.email.test_email_045" name="test_email[case1]" time="0.003" /><testcase classname="tests.generated.checkout.test_checkout_139" name="test_checkout[case1]" time="0.004" /><testcase classname="tests.generated.checkout.test_checkout_102" name="test_checkout[case9]" time="0.004" /><testcase classname="tests.generated.checkout.test_checkout_103" name="test_checkout[case0]" time="0.004" /><testcase classname="tests.generated.email.test_email_020" name="test_email[case1]" time="0.064" /><testcase classname="tests.generated.email.test_email_045" name="test_email[case2]" time="0.003" /><testcase classname="tests.generated.email.test_email_045" name="test_email[case3]" time="0.062" /><testcase classname="tests.generated.checkout.test_checkout_103" name="test_checkout[case1]" time="0.004" /><testcase classname="tests.generated.email.test_email_033" name="test_email[case0]" time="0.063" /><testcase classname="tests.generated.checkout.test_checkout_139" name="test_checkout[case2]" time="0.064" /><testcase classname="tests.generated.email.test_email_045" name="test_email[case4]" time="0.004" /><testcase classname="tests.generated.checkout.test_checkout_103" name="test_checkout[case2]" time="0.004" /><testcase classname="tests.generated.checkout.test_checkout_103" name="test_checkout[case3]" time="0.004" /><testcase classname="tests.generated.checkout.test_checkout_103" name="test_checkout[case4]" time="0.004" /><testcase classname="tests.generated.email.test_email_020" name="test_email[case2]" time="0.004" /><testcase classname="tests.generated.email.test_email_033" name="test_email[case1]" time="0.004" /><testcase classname="tests.generated.email.test_email_033" name="test_email[case2]" time="0.004" /><testcase classname="tests.generated.checkout.test_checkout_103" name="test_checkout[case5]" time="0.004" /><testcase classname="tests.generated.checkout.test_checkout_139" name="test_checkout[case3]" time="0.006" /><testcase classname="tests.generated.checkout.test_checkout_139" name="test_checkout[case4]" time="0.004" /><testcase classname="tests.generated.email.test_email_045" name="test_email[case5]" time="0.004" /><testcase classname="tests.generated.email.test_email_045" name="test_email[case6]" time="0.003" /><testcase classname="tests.generated.email.test_email_045" name="test_email[case7]" time="0.004" /><testcase classname="tests.generated.email.test_email_020" name="test_email[case3]" time="0.004" /><testcase classname="tests.generated.email.test_email_020" name="test_email[case4]" time="0.004" /><testcase classname="tests.generated.email.test_email_020" name="test_email[case5]" time="0.004" /><testcase classname="tests.generated.checkout.test_checkout_103" name="test_checkout[case6]" time="0.005" /><testcase classname="tests.generated.email.test_email_045" name="test_email[case8]" time="0.005" /><testcase classname="tests.generated.checkout.test_checkout_139" name="test_checkout[case5]" time="0.004" /><testcase classname="tests.generated.checkout.test_checkout_139" name="test_checkout[case6]" time="0.004" /><testcase classname="tests.generated.email.test_email_033" name="test_email[case3]" time="0.004" /><testcase classname="tests.generated.checkout.test_checkout_103" name="test_checkout[case7]" time="0.004" /><testcase classname="tests.generated.email.test_email_033" name="test_email[case4]" time="0.003" /><testcase classname="tests.generated.email.test_email_033" name="test_email[case5]" time="0.003" /><testcase classname="tests.generated.email.test_email_045" name="test_email[case9]" time="0.004" /><testcase classname="tests.generated.email.test_email_020" name="test_email[case6]" time="0.005" /><testcase classname="tests.generated.checkout.test_checkout_103" name="test_checkout[case8]" time="0.005" /><testcase classname="tests.generated.email.test_email_033" name="test_email[case6]" time="0.004" /><testcase classname="tests.generated.email.test_email_046" name="test_email[case0]" time="0.004" /><testcase classname="tests.generated.email.test_email_020" name="test_email[case7]" time="0.004" /><testcase classname="tests.generated.email.test_email_033" name="test_email[case7]" time="0.005" /><testcase classname="tests.generated.checkout.test_checkout_103" name="test_checkout[case9]" time="0.005" /><testcase classname="tests.generated.email.test_email_020" name="test_email[case8]" time="0.003" /><testcase classname="tests.generated.email.test_email_046" name="test_email[case1]" time="0.005" /><testcase classname="tests.generated.checkout.test_checkout_104" name="test_checkout[case0]" time="0.005" /><testcase classname="tests.generated.email.test_email_046" name="test_email[case2]" time="0.004" /><testcase classname="tests.generated.email.test_email_046" name="test_email[case3]" time="0.004" /><testcase classname="tests.generated.email.test_email_033" name="test_email[case8]" time="0.004" /><testcase classname="tests.generated.email.test_email_033" name="test_email[case9]" time="0.003" /><testcase classname="tests.generated.checkout.test_checkout_104" name="test_checkout[case1]" time="0.004" /><testcase classname="tests.generated.email.test_email_020" name="test_email[case9]" time="0.004" /><testcase classname="tests.generated.email.test_email_034" name="test_email[case0]" time="0.003" /><testcase classname="tests.generated.checkout.test_checkout_104" name="test_checkout[case2]" time="0.004" /><testcase classname="tests.generated.email.test_email_046" name="test_email[case4]" time="0.004" /><testcase classname="tests.generated.email.test_email_034" name="test_email[case1]" time="0.003" /><testcase classname="tests.generated.email.test_email_046" name="test_email[case5]" time="0.004" /><testcase classname="tests.generated.checkout.test_checkout_104" name="test_checkout[case3]" time="0.005" /><testcase classname="tests.generated.email.test_email_034" name="test_email[case2]" time="0.003" /><testcase classname="tests.generated.checkout.test_checkout_104" name="test_checkout[case4]" time="0.003" /><testcase classname="tests.generated.email.test_email_046" name="test_email[case6]" time="0.003" /><testcase classname="tests.generated.email.test_email_034" name="test_email[case3]" time="0.004" /><testcase classname="tests.generated.email.test_email_046" name="test_email[case7]" time="0.003" /><testcase classname="tests.generated.email.test_email_046" name="test_email[case8]" time="0.004" /><testcase classname="tests.generated.email.test_email_034" name="test_email[case4]" time="0.003" /><testcase classname="tests.generated.email.test_email_034" name="test_email[case5]" time="0.003" /><testcase classname="tests.generated.checkout.test_checkout_104" name="test_checkout[case5]" time="0.004" /><testcase classname="tests.generated.email.test_email_034" name="test_email[case6]" time="0.003" /><testcase classname="tests.generated.checkout.test_checkout_104" name="test_checkout[case6]" time="0.004" /><testcase classname="tests.generated.email.test_email_046" name="test_email[case9]" time="0.004" /><testcase classname="tests.generated.email.test_email_047" name="test_email[case0]" time="0.003" /><testcase classname="tests.generated.email.test_email_047" name="test_email[case1]" time="0.004" /><testcase classname="tests.generated.email.test_email_034" name="test_email[case7]" time="0.017" /><testcase classname="tests.generated.checkout.test_checkout_104" name="test_checkout[case7]" time="0.005" /><testcase classname="tests.generated.checkout.test_checkout_104" name="test_checkout[case8]" time="0.006" /><testcase classname="tests.generated.email.test_email_047" name="test_email[case2]" time="0.006" /><testcase classname="tests.generated.email.test_email_047" name="test_email[case3]" time="0.004" /><testcase classname="tests.generated.email.test_email_034" name="test_email[case8]" time="0.007" /><testcase classname="tests.generated.email.test_email_047" name="test_email[case4]" time="0.005" /><testcase classname="tests.generated.email.test_email_047" name="test_email[case5]" time="0.003" /><testcase classname="tests.generated.email.test_email_034" name="test_email[case9]" time="0.004" /><testcase classname="tests.generated.email.test_email_047" name="test_email[case6]" time="0.005" /><testcase classname="tests.generated.email.test_email_035" name="test_email[case0]" time="0.006" /><testcase classname="tests.generated.email.test_email_047" name="test_email[case7]" time="0.004" /><testcase classname="tests.generated.email.test_email_047" name="test_email[case8]" time="0.003" /><testcase classname="tests.generated.email.test_email_047" name="test_email[case9]" time="0.003" /><testcase classname="tests.generated.email.test_email_048" name="test_email[case0]" time="0.003" /><testcase classname="tests.generated.email.test_email_048" name="test_email[case1]" time="0.003" /><testcase classname="tests.generated.email.test_email_035" name="test_email[case1]" time="0.003" /><testcase classname="tests.generated.email.test_email_035" name="test_email[case2]" time="0.004" /><testcase classname="tests.generated.email.test_email_035" name="test_email[case3]" time="0.003" /><testcase classname="tests.generated.email.test_email_035" name="test_email[case4]" time="0.004" /><testcase classname="tests.generated.email.test_email_048" name="test_email[case2]" time="0.003" /><testcase classname="tests.generated.email.test_email_035" name="test_email[case5]" time="0.003" /><testcase classname="tests.generated.email.test_email_035" name="test_email[case6]" time="0.003" /><testcase classname="tests.generated.email.test_email_048" name="test_email[case3]" time="0.003" /><testcase classname="tests.generated.email.test_email_035" name="test_email[case7]" time="0.003" /><testcase classname="tests.generated.email.test_email_048" name="test_email[case4]" time="0.003" /><testcase classname="tests.generated.email.test_email_035" name="test_email[case8]" time="0.003" /><testcase classname="tests.generated.email.test_email_048" name="test_email[case5]" time="0.003" /><testcase classname="tests.generated.email.test_email_048" name="test_email[case6]" time="0.003" /><testcase classname="tests.generated.email.test_email_048" name="test_email[case7]" time="0.004" /><testcase classname="tests.generated.email.test_email_035" name="test_email[case9]" time="0.003" /><testcase classname="tests.generated.email.test_email_036" name="test_email[case0]" time="0.006" /><testcase classname="tests.generated.email.test_email_048" name="test_email[case8]" time="0.005" /><testcase classname="tests.generated.email.test_email_048" name="test_email[case9]" time="0.005" /><testcase classname="tests.generated.email.test_email_049" name="test_email[case0]" time="0.004" /><testcase classname="tests.generated.email.test_email_049" name="test_email[case1]" time="0.002" /><testcase classname="tests.generated.email.test_email_049" name="test_email[case2]" time="0.004" /><testcase classname="tests.generated.email.test_email_049" name="test_email[case3]" time="0.003" /><testcase classname="tests.generated.email.test_email_049" name="test_email[case4]" time="0.003" /><testcase classname="tests.generated.email.test_email_049" name="test_email[case5]" time="0.003" /><testcase classname="tests.generated.email.test_email_049" name="test_email[case6]" time="0.003" /><testcase classname="tests.generated.email.test_email_049" name="test_email[case7]" time="0.003" /><testcase classname="tests.generated.email.test_email_049" name="test_email[case8]" time="0.002" /><testcase classname="tests.generated.email.test_email_049" name="test_email[case9]" time="0.003" /><testcase classname="tests.generated.email.test_email_050" name="test_email[case0]" time="0.003" /><testcase classname="tests.generated.checkout.test_checkout_139" name="test_checkout[case7]" time="0.003" /><testcase classname="tests.generated.email.test_email_065" name="test_email[case0]" time="0.004" /><testcase classname="tests.generated.checkout.test_checkout_156" name="test_checkout[case3]" time="0.003" /><testcase classname="tests.generated.email.test_email_050" name="test_email[case8]" time="0.003" /><testcase classname="tests.generated.email.test_email_050" name="test_email[case1]" time="0.004" /><testcase classname="tests.generated.email.test_email_050" name="test_email[case9]" time="0.005" /><testcase classname="tests.generated.email.test_email_065" name="test_email[case1]" time="0.005" /><testcase classname="tests.generated.email.test_email_050" name="test_email[case2]" time="0.005" /><testcase classname="tests.generated.email.test_email_050" name="test_email[case3]" time="0.006" /><testcase classname="tests.generated.email.test_email_051" name="test_email[case0]" time="0.005" /><testcase classname="tests.generated.email.test_email_065" name="test_email[case2]" time="0.009" /><testcase classname="tests.generated.email.test_email_051" name="test_email[case1]" time="0.003" /><testcase classname="tests.generated.email.test_email_050" name="test_email[case4]" time="0.003" /><testcase classname="tests.generated.email.test_email_065" name="test_email[case3]" time="0.004" /><testcase classname="tests.generated.email.test_email_050" name="test_email[case5]" time="0.003" /><testcase classname="tests.generated.email.test_email_050" name="test_email[case6]" time="0.004" /><testcase classname="tests.generated.email.test_email_065" name="test_email[case4]" time="0.004" /><testcase classname="tests.generated.email.test_email_005" name="test_email[case4]" time="0.002" /><testcase classname="tests.generated.email.test_email_065" name="test_email[case5]" time="0.003" /><testcase classname="tests.generated.email.test_email_065" name="test_email[case6]" time="0.003" /><testcase classname="tests.generated.email.test_email_065" name="test_email[case7]" time="0.003" /><testcase classname="tests.generated.email.test_email_051" name="test_email[case2]" time="0.004" /><testcase classname="tests.generated.email.test_email_051" name="test_email[case3]" time="0.003" /><testcase classname="tests.generated.email.test_email_051" name="test_email[case4]" time="0.003" /><testcase classname="tests.generated.email.test_email_078" name="test_email[case7]" time="0.003" /><testcase classname="tests.generated.email.test_email_078" name="test_email[case8]" time="0.004" /><testcase classname="tests.generated.email.test_email_065" name="test_email[case8]" time="0.003" /><testcase classname="tests.generated.email.test_email_051" name="test_email[case5]" time="0.003" /><testcase classname="tests.generated.email.test_email_051" name="test_email[case6]" time="0.003" /><testcase classname="tests.generated.email.test_email_065" name="test_email[case9]" time="0.003" /><testcase classname="tests.generated.email.test_email_078" name="test_email[case9]" time="0.003" /><testcase classname="tests.generated.email.test_email_079" name="test_email[case0]" time="0.003" /><testcase classname="tests.generated.email.test_email_066" name="test_email[case0]" time="0.003" /><testcase classname="tests.generated.email.test_email_051" name="test_email[case7]" time="0.003" /><testcase classname="tests.generated.email.test_email_079" name="test_email[case1]" time="0.003" /><testcase classname="tests.generated.email.test_email_066" name="test_email[case1]" time="0.003" /><testcase classname="tests.generated.email.test_email_079" name="test_email[case2]" time="0.003" /><testcase classname="tests.generated.email.test_email_051" name="test_email[case8]" time="0.003" /><testcase classname="tests.generated.email.test_email_051" name="test_email[case9]" time="0.003" /><testcase classname="tests.generated.email.test_email_079" name="test_email[case3]" time="0.004" /><testcase classname="tests.generated.email.test_email_066" name="test_email[case2]" time="0.004" /><testcase classname="tests.generated.checkout.test_checkout_122" name="test_checkout[case6]" time="0.004" /><testcase classname="tests.generated.email.test_email_066" name="test_email[case3]" time="0.003" /><testcase classname="tests.generated.email.test_email_092" name="test_email[case0]" time="0.005" /><testcase classname="tests.generated.email.test_email_079" name="test_email[case4]" time="0.004" /><testcase classname="tests.generated.email.test_email_066" name="test_email[case4]" time="0.003" /><testcase classname="tests.generated.email.test_email_079" name="test_email[case5]" time="0.004" /><testcase classname="tests.generated.email.test_email_079" name="test_email[case6]" time="0.004" /><testcase classname="tests.generated.email.test_email_066" name="test_email[case5]" time="0.004" /><testcase classname="tests.generated.email.test_email_066" name="test_email[case6]" time="0.003" /><testcase classname="tests.generated.email.test_email_092" name="test_email[case1]" time="0.004" /><testcase classname="tests.generated.email.test_email_066" name="test_email[case7]" time="0.003" /><testcase classname="tests.generated.email.test_email_052" name="test_email[case0]" time="0.004" /><testcase classname="tests.generated.email.test_email_052" name="test_email[case1]" time="0.003" /><testcase classname="tests.generated.email.test_email_052" name="test_email[case2]" time="0.003" /><testcase classname="tests.generated.email.test_email_052" name="test_email[case3]" time="0.003" /><testcase classname="tests.generated.email.test_email_092" name="test_email[case2]" time="0.004" /><testcase classname="tests.generated.email.test_email_092" name="test_email[case3]" time="0.003" /><testcase classname="tests.generated.email.test_email_052" name="test_email[case4]" time="0.003" /><testcase classname="tests.generated.email.test_email_079" name="test_email[case7]" time="0.003" /><testcase classname="tests.generated.email.test_email_066" name="test_email[case8]" time="0.003" /><testcase classname="tests.generated.email.test_email_092" name="test_email[case4]" time="0.003" /><testcase classname="tests.generated.email.test_email_052" name="test_email[case5]" time="0.003" /><testcase classname="tests.generated.email.test_email_066" name="test_email[case9]" time="0.003" /><testcase classname="tests.generated.email.test_email_079" name="test_email[case8]" time="0.003" /><testcase classname="tests.generated.email.test_email_079" name="test_email[case9]" time="0.004" /><testcase classname="tests.generated.email.test_email_092" name="test_email[case5]" time="0.004" /><testcase classname="tests.generated.email.test_email_080" name="test_email[case0]" time="0.003" /><testcase classname="tests.generated.email.test_email_067" name="test_email[case0]" time="0.003" /><testcase classname="tests.generated.email.test_email_052" name="test_email[case6]" time="0.004" /><testcase classname="tests.generated.email.test_email_080" name="test_email[case1]" time="0.003" /><testcase classname="tests.generated.email.test_email_092" name="test_email[case6]" time="0.003" /><testcase classname="tests.generated.email.test_email_067" name="test_email[case1]" time="0.005" /><testcase classname="tests.generated.email.test_email_092" name="test_email[case7]" time="0.006" /><testcase classname="tests.generated.email.test_email_080" name="test_email[case2]" time="0.004" /><testcase classname="tests.generated.email.test_email_052" name="test_email[case7]" time="0.008" /><testcase classname="tests.generated.email.test_email_067" name="test_email[case2]" time="0.009" /><testcase classname="tests.generated.email.test_email_080" name="test_email[case3]" time="0.005" /><testcase classname="tests.generated.email.test_email_052" name="test_email[case8]" time="0.007" /><testcase classname="tests.generated.email.test_email_080" name="test_email[case4]" time="0.005" /><testcase classname="tests.generated.email.test_email_092" name="test_email[case8]" time="0.005" /><testcase classname="tests.generated.email.test_email_092" name="test_email[case9]" time="0.004" /><testcase classname="tests.generated.email.test_email_067" name="test_email[case3]" time="0.008" /><testcase classname="tests.generated.checkout.test_checkout_104" name="test_checkout[case9]" time="0.005" /><testcase classname="tests.generated.email.test_email_080" name="test_email[case5]" time="0.004" /><testcase classname="tests.generated.email.test_email_052" name="test_email[case9]" time="0.005" /><testcase classname="tests.generated.email.test_email_104" name="test_email[case9]" time="0.004" /><testcase classname="tests.generated.email.test_email_080" name="test_email[case6]" time="0.004" /><testcase classname="tests.generated.email.test_email_093" name="test_email[case0]" time="0.005" /><testcase classname="tests.generated.email.test_email_093" name="test_email[case1]" time="0.005" /><testcase classname="tests.generated.email.test_email_067" name="test_email[case4]" time="0.004" /><testcase classname="tests.generated.email.test_email_067" name="test_email[case5]" time="0.004" /><testcase classname="tests.generated.email.test_email_053" name="test_email[case0]" time="0.004" /><testcase classname="tests.generated.email.test_email_053" name="test_email[case1]" time="0.004" /><testcase classname="tests.generated.email.test_email_080" name="test_email[case7]" time="0.004" /><testcase classname="tests.generated.email.test_email_080" name="test_email[case8]" time="0.006" /><testcase classname="tests.generated.email.test_email_105" name="test_email[case0]" time="0.004" /><testcase classname="tests.generated.email.test_email_105" name="test_email[case1]" time="0.004" /><testcase classname="tests.generated.email.test_email_067" name="test_email[case6]" time="0.004" /><testcase classname="tests.generated.email.test_email_053" name="test_email[case2]" time="0.004" /><testcase classname="tests.generated.email.test_email_105" name="test_email[case2]" time="0.004" /><testcase classname="tests.generated.email.test_email_080" name="test_email[case9]" time="0.004" /><testcase classname="tests.generated.email.test_email_093" name="test_email[case2]" time="0.005" /><testcase classname="tests.generated.email.test_email_053" name="test_email[case3]" time="0.004" /><testcase classname="tests.generated.email.test_email_053" name="test_email[case4]" time="0.004" /><testcase classname="tests.generated.email.test_email_093" name="test_email[case3]" time="0.003" /><testcase classname="tests.generated.email.test_email_105" name="test_email[case3]" time="0.005" /><testcase classname="tests.generated.email.test_email_093" name="test_email[case4]" time="0.004" /><testcase classname="tests.generated.email.test_email_067" name="test_email[case7]" time="0.004" /><testcase classname="tests.generated.email.test_email_053" name="test_email[case5]" time="0.006" /><testcase classname="tests.generated.email.test_email_081" name="test_email[case0]" time="0.004" /><testcase classname="tests.generated.email.test_email_067" name="test_email[case8]" time="0.004" /><testcase classname="tests.generated.email.test_email_105" name="test_email[case4]" time="0.005" /><testcase classname="tests.generated.email.test_email_081" name="test_email[case1]" time="0.004" /><testcase classname="tests.generated.email.test_email_067" name="test_email[case9]" time="0.004" /><testcase classname="tests.generated.email.test_email_093" name="test_email[case5]" time="0.004" /><testcase classname="tests.generated.email.test_email_093" name="test_email[case6]" time="0.004" /><testcase classname="tests.generated.email.test_email_093" name="test_email[case7]" time="0.004" /><testcase classname="tests.generated.email.test_email_105" name="test_email[case5]" time="0.004" /><testcase classname="tests.generated.email.test_email_068" name="test_email[case0]" time="0.004" /><testcase classname="tests.generated.email.test_email_068" name="test_email[case1]" time="0.003" /><testcase classname="tests.generated.email.test_email_081" name="test_email[case2]" time="0.005" /><testcase classname="tests.generated.email.test_email_053" name="test_email[case6]" time="0.005" /><testcase classname="tests.generated.email.test_email_053" name="test_email[case7]" time="0.004" /><testcase classname="tests.generated.email.test_email_105" name="test_email[case6]" time="0.003" /><testcase classname="tests.generated.email.test_email_081" name="test_email[case3]" time="0.004" /><testcase classname="tests.generated.email.test_email_081" name="test_email[case4]" time="0.005" /><testcase classname="tests.generated.email.test_email_093" name="test_email[case8]" time="0.005" /><testcase classname="tests.generated.email.test_email_053" name="test_email[case8]" time="0.003" /><testcase classname="tests.generated.email.test_email_068" name="test_email[case2]" time="0.006" /><testcase classname="tests.generated.email.test_email_105" name="test_email[case7]" time="0.007" /><testcase classname="tests.generated.email.test_email_053" name="test_email[case9]" time="0.004" /><testcase classname="tests.generated.email.test_email_105" name="test_email[case8]" time="0.004" /><testcase classname="tests.generated.email.test_email_068" name="test_email[case3]" time="0.007" /><testcase classname="tests.generated.email.test_email_021" name="test_email[case0]" time="0.004" /><testcase classname="tests.generated.email.test_email_081" name="test_email[case5]" time="0.007" /><testcase classname="tests.generated.email.test_email_117" name="test_email[case4]" time="0.004" /><testcase classname="tests.generated.email.test_email_054" name="test_email[case0]" time="0.004" /><testcase classname="tests.generated.email.test_email_093" name="test_email[case9]" time="0.007" /><testcase classname="tests.generated.email.test_email_105" name="test_email[case9]" time="0.005" /><testcase classname="tests.generated.email.test_email_081" name="test_email[case6]" time="0.004" /><testcase classname="tests.generated.email.test_email_117" name="test_email[case5]" time="0.005" /><testcase classname="tests.generated.email.test_email_054" name="test_email[case1]" time="0.006" /><testcase classname="tests.generated.email.test_email_094" name="test_email[case0]" time="0.005" /><testcase classname="tests.generated.email.test_email_068" name="test_email[case4]" time="0.004" /><testcase classname="tests.generated.email.test_email_117" name="test_email[case6]" time="0.004" /><testcase classname="tests.generated.email.test_email_081" name="test_email[case7]" time="0.008" /><testcase classname="tests.generated.email.test_email_106" name="test_email[case0]" time="0.005" /><testcase classname="tests.generated.email.test_email_068" name="test_email[case5]" time="0.004" /><testcase classname="tests.generated.email.test_email_054" name="test_email[case2]" time="0.005" /><testcase classname="tests.generated.email.test_email_117" name="test_email[case7]" time="0.004" /><testcase classname="tests.generated.email.test_email_106" name="test_email[case1]" time="0.004" /><testcase classname="tests.generated.email.test_email_094" name="test_email[case1]" time="0.010" /><testcase classname="tests.generated.email.test_email_068" name="test_email[case6]" time="0.004" /><testcase classname="tests.generated.email.test_email_068" name="test_email[case7]" time="0.005" /><testcase classname="tests.generated.email.test_email_081" name="test_email[case8]" time="0.005" /><testcase classname="tests.generated.email.test_email_106" name="test_email[case2]" time="0.004" /><testcase classname="tests.generated.email.test_email_054" name="test_email[case3]" time="0.004" /><testcase classname="tests.generated.email.test_email_117" name="test_email[case8]" time="0.005" /><testcase classname="tests.generated.email.test_email_054" name="test_email[case4]" time="0.007" /><testcase classname="tests.generated.email.test_email_068" name="test_email[case8]" time="0.004" /><testcase classname="tests.generated.email.test_email_081" name="test_email[case9]" time="0.004" /><testcase classname="tests.generated.email.test_email_106" name="test_email[case3]" time="0.004" /><testcase classname="tests.generated.email.test_email_117" name="test_email[case9]" time="0.005" /><testcase classname="tests.generated.email.test_email_106" name="test_email[case4]" time="0.004" /><testcase classname="tests.generated.email.test_email_082" name="test_email[case0]" time="0.004" /><testcase classname="tests.generated.email.test_email_068" name="test_email[case9]" time="0.006" /><testcase classname="tests.generated.email.test_email_118" name="test_email[case0]" time="0.004" /><testcase classname="tests.generated.email.test_email_094" name="test_email[case2]" time="0.007" /><testcase classname="tests.generated.email.test_email_094" name="test_email[case3]" time="0.007" /><testcase classname="tests.generated.email.test_email_054" name="test_email[case5]" time="0.007" /><testcase classname="tests.generated.email.test_email_082" name="test_email[case1]" time="0.004" /><testcase classname="tests.generated.email.test_email_106" name="test_email[case5]" time="0.006" /><testcase classname="tests.generated.email.test_email_069" name="test_email[case0]" time="0.008" /><testcase classname="tests.generated.email.test_email_054" name="test_email[case6]" time="0.007" /><testcase classname="tests.generated.email.test_email_082" name="test_email[case2]" time="0.006" /><testcase classname="tests.generated.email.test_email_094" name="test_email[case4]" time="0.004" /><testcase classname="tests.generated.email.test_email_054" name="test_email[case7]" time="0.004" /><testcase classname="tests.generated.email.test_email_106" name="test_email[case6]" time="0.005" /><testcase classname="tests.generated.email.test_email_069" name="test_email[case1]" time="0.006" /><testcase classname="tests.generated.email.test_email_082" name="test_email[case3]" time="0.006" /><testcase classname="tests.generated.email.test_email_094" name="test_email[case5]" time="0.004" /><testcase classname="tests.generated.email.test_email_106" name="test_email[case7]" time="0.005" /><testcase classname="tests.generated.email.test_email_094" name="test_email[case6]" time="0.004" /><testcase classname="tests.generated.email.test_email_054" name="test_email[case8]" time="0.006" /><testcase classname="tests.generated.email.test_email_069" name="test_email[case2]" time="0.012" /><testcase classname="tests.generated.email.test_email_082" name="test_email[case4]" time="0.005" /><testcase classname="tests.generated.email.test_email_118" name="test_email[case1]" time="0.004" /><testcase classname="tests.generated.email.test_email_118" name="test_email[case2]" time="0.004" /><testcase classname="tests.generated.email.test_email_106" name="test_email[case8]" time="0.005" /><testcase classname="tests.generated.email.test_email_094" name="test_email[case7]" time="0.007" /><testcase classname="tests.generated.email.test_email_118" name="test_email[case3]" time="0.004" /><testcase classname="tests.generated.email.test_email_106" name="test_email[case9]" time="0.004" /><testcase classname="tests.generated.email.test_email_054" name="test_email[case9]" time="0.010" /><testcase classname="tests.generated.email.test_email_082" name="test_email[case5]" time="0.004" /><testcase classname="tests.generated.email.test_email_082" name="test_email[case6]" time="0.004" /><testcase classname="tests.generated.email.test_email_107" name="test_email[case0]" time="0.006" /><testcase classname="tests.generated.email.test_email_118" name="test_email[case4]" time="0.005" /><testcase classname="tests.generated.email.test_email_094" name="test_email[case8]" time="0.009" /><testcase classname="tests.generated.email.test_email_069" name="test_email[case3]" time="0.004" /><testcase classname="tests.generated.email.test_email_069" name="test_email[case4]" time="0.006" /><testcase classname="tests.generated.email.test_email_118" name="test_email[case5]" time="0.004" /><testcase classname="tests.generated.email.test_email_107" name="test_email[case1]" time="0.009" /><testcase classname="tests.generated.email.test_email_055" name="test_email[case0]" time="0.007" /><testcase classname="tests.generated.email.test_email_082" name="test_email[case7]" time="0.004" /><testcase classname="tests.generated.email.test_email_094" name="test_email[case9]" time="0.004" /><testcase classname="tests.generated.email.test_email_118" name="test_email[case6]" time="0.004" /><testcase classname="tests.generated.email.test_email_082" name="test_email[case8]" time="0.004" /><testcase classname="tests.generated.email.test_email_095" name="test_email[case0]" time="0.004" /><testcase classname="tests.generated.email.test_email_082" name="test_email[case9]" time="0.004" /><testcase classname="tests.generated.email.test_email_069" name="test_email[case5]" time="0.010" /><testcase classname="tests.generated.email.test_email_055" name="test_email[case1]" time="0.006" /><testcase classname="tests.generated.email.test_email_118" name="test_email[case7]" time="0.004" /><testcase classname="tests.generated.email.test_email_107" name="test_email[case2]" time="0.006" /><testcase classname="tests.generated.email.test_email_095" name="test_email[case1]" time="0.004" /><testcase classname="tests.generated.email.test_email_083" name="test_email[case0]" time="0.004" /><testcase classname="tests.generated.email.test_email_118" name="test_email[case8]" time="0.007" /><testcase classname="tests.generated.email.test_email_069" name="test_email[case6]" time="0.008" /><testcase classname="tests.generated.email.test_email_095" name="test_email[case2]" time="0.004" /><testcase classname="tests.generated.email.test_email_083" name="test_email[case1]" time="0.004" /><testcase classname="tests.generated.email.test_email_055" name="test_email[case2]" time="0.005" /><testcase classname="tests.generated.email.test_email_107" name="test_email[case3]" time="0.005" /><testcase classname="tests.generated.email.test_email_118" name="test_email[case9]" time="0.006" /><testcase classname="tests.generated.email.test_email_055" name="test_email[case3]" time="0.008" /><testcase classname="tests.generated.email.test_email_095" name="test_email[case3]" time="0.005" /><testcase classname="tests.generated.email.test_email_069" name="test_email[case7]" time="0.004" /><testcase classname="tests.generated.email.test_email_069" name="test_email[case8]" time="0.006" /><testcase classname="tests.generated.email.test_email_095" name="test_email[case4]" time="0.005" /><testcase classname="tests.generated.email.test_email_055" name="test_email[case4]" time="0.006" /><testcase classname="tests.generated.email.test_email_119" name="test_email[case0]" time="0.004" /><testcase classname="tests.generated.email.test_email_069" name="test_email[case9]" time="0.007" /><testcase classname="tests.generated.email.test_email_107" name="test_email[case4]" time="0.005" /><testcase classname="tests.generated.email.test_email_083" name="test_email[case2]" time="0.006" /><testcase classname="tests.generated.email.test_email_083" name="test_email[case3]" time="0.004" /><testcase classname="tests.generated.email.test_email_095" name="test_email[case5]" time="0.006" /><testcase classname="tests.generated.email.test_email_107" name="test_email[case5]" time="0.004" /><testcase classname="tests.generated.email.test_email_107" name="test_email[case6]" time="0.006" /><testcase classname="tests.generated.email.test_email_083" name="test_email[case4]" time="0.005" /><testcase classname="tests.generated.email.test_email_055" name="test_email[case5]" time="0.007" /><testcase classname="tests.generated.email.test_email_055" name="test_email[case6]" time="0.007" /><testcase classname="tests.generated.email.test_email_095" name="test_email[case6]" time="0.004" /><testcase classname="tests.generated.email.test_email_070" name="test_email[case0]" time="0.006" /><testcase classname="tests.generated.email.test_email_119" name="test_email[case1]" time="0.004" /><testcase classname="tests.generated.email.test_email_119" name="test_email[case2]" time="0.004" /><testcase classname="tests.generated.email.test_email_095" name="test_email[case7]" time="0.004" /><testcase classname="tests.generated.email.test_email_070" name="test_email[case1]" time="0.007" /><testcase classname="tests.generated.email.test_email_107" name="test_email[case7]" time="0.004" /><testcase classname="tests.generated.email.test_email_107" name="test_email[case8]" time="0.004" /><testcase classname="tests.generated.email.test_email_083" name="test_email[case5]" time="0.003" /><testcase classname="tests.generated.email.test_email_083" name="test_email[case6]" time="0.004" /><testcase classname="tests.generated.email.test_email_095" name="test_email[case8]" time="0.005" /><testcase classname="tests.generated.email.test_email_095" name="test_email[case9]" time="0.004" /><testcase classname="tests.generated.email.test_email_083" name="test_email[case7]" time="0.004" /><testcase classname="tests.generated.email.test_email_055" name="test_email[case7]" time="0.006" /><testcase classname="tests.generated.email.test_email_119" name="test_email[case3]" time="0.004" /><testcase classname="tests.generated.email.test_email_083" name="test_email[case8]" time="0.005" /><testcase classname="tests.generated.email.test_email_119" name="test_email[case4]" time="0.004" /><testcase classname="tests.generated.email.test_email_096" name="test_email[case0]" time="0.005" /><testcase classname="tests.generated.email.test_email_055" name="test_email[case8]" time="0.010" /><testcase classname="tests.generated.email.test_email_119" name="test_email[case5]" time="0.004" /><testcase classname="tests.generated.email.test_email_070" name="test_email[case2]" time="0.004" /><testcase classname="tests.generated.email.test_email_070" name="test_email[case3]" time="0.004" /><testcase classname="tests.generated.email.test_email_083" name="test_email[case9]" time="0.004" /><testcase classname="tests.generated.email.test_email_119" name="test_email[case6]" time="0.004" /><testcase classname="tests.generated.email.test_email_107" name="test_email[case9]" time="0.007" /><testcase classname="tests.generated.email.test_email_108" name="test_email[case0]" time="0.004" /><testcase classname="tests.generated.email.test_email_096" name="test_email[case1]" time="0.004" /><testcase classname="tests.generated.email.test_email_119" name="test_email[case7]" time="0.004" /><testcase classname="tests.generated.email.test_email_070" name="test_email[case4]" time="0.010" /><testcase classname="tests.generated.email.test_email_096" name="test_email[case2]" time="0.004" /><testcase classname="tests.generated.email.test_email_055" name="test_email[case9]" time="0.005" /><testcase classname="tests.generated.email.test_email_108" name="test_email[case1]" time="0.004" /><testcase classname="tests.generated.email.test_email_108" name="test_email[case2]" time="0.007" /><testcase classname="tests.generated.email.test_email_096" name="test_email[case3]" time="0.004" /><testcase classname="tests.generated.email.test_email_056" name="test_email[case0]" time="0.007" /><testcase classname="tests.generated.email.test_email_084" name="test_email[case0]" time="0.004" /><testcase classname="tests.generated.email.test_email_119" name="test_email[case8]" time="0.004" /><testcase classname="tests.generated.email.test_email_119" name="test_email[case9]" time="0.004" /><testcase classname="tests.generated.email.test_email_070" name="test_email[case5]" time="0.005" /><testcase classname="tests.generated.email.test_email_108" name="test_email[case3]" time="0.004" /><testcase classname="tests.generated.email.test_email_108" name="test_email[case4]" time="0.008" /><testcase classname="tests.generated.email.test_email_120" name="test_email[case0]" time="0.004" /><testcase classname="tests.generated.email.test_email_056" name="test_email[case1]" time="0.006" /><testcase classname="tests.generated.email.test_email_096" name="test_email[case4]" time="0.007" /><testcase classname="tests.generated.email.test_email_070" name="test_email[case6]" time="0.007" /><testcase classname="tests.generated.email.test_email_084" name="test_email[case1]" time="0.004" /><testcase classname="tests.generated.email.test_email_084" name="test_email[case2]" time="0.004" /><testcase classname="tests.generated.email.test_email_096" name="test_email[case5]" time="0.004" /><testcase classname="tests.generated.email.test_email_084" name="test_email[case3]" time="0.004" /><testcase classname="tests.generated.email.test_email_056" name="test_email[case2]" time="0.007" /><testcase classname="tests.generated.email.test_email_120" name="test_email[case1]" time="0.004" /><testcase classname="tests.generated.email.test_email_070" name="test_email[case7]" time="0.006" /><testcase classname="tests.generated.email.test_email_096" name="test_email[case6]" time="0.004" /><testcase classname="tests.generated.email.test_email_108" name="test_email[case5]" time="0.004" /><testcase classname="tests.generated.email.test_email_108" name="test_email[case6]" time="0.005" /><testcase classname="tests.generated.email.test_email_120" name="test_email[case2]" time="0.005" /><testcase classname="tests.generated.email.test_email_096" name="test_email[case7]" time="0.006" /><testcase classname="tests.generated.email.test_email_084" name="test_email[case4]" time="0.006" /><testcase classname="tests.generated.email.test_email_120" name="test_email[case3]" time="0.004" /><testcase classname="tests.generated.email.test_email_070" name="test_email[case8]" time="0.008" /><testcase classname="tests.generated.email.test_email_108" name="test_email[case7]" time="0.007" /><testcase classname="tests.generated.email.test_email_056" name="test_email[case3]" time="0.005" /><testcase classname="tests.generated.email.test_email_096" name="test_email[case8]" time="0.008" /><testcase classname="tests.generated.email.test_email_056" name="test_email[case4]" time="0.004" /><testcase classname="tests.generated.email.test_email_120" name="test_email[case4]" time="0.005" /><testcase classname="tests.generated.email.test_email_056" name="test_email[case5]" time="0.006" /><testcase classname="tests.generated.email.test_email_070" name="test_email[case9]" time="0.007" /><testcase classname="tests.generated.email.test_email_096" name="test_email[case9]" time="0.007" /><testcase classname="tests.generated.email.test_email_071" name="test_email[case0]" time="0.005" /><testcase classname="tests.generated.email.test_email_108" name="test_email[case8]" time="0.009" /><testcase classname="tests.generated.email.test_email_084" name="test_email[case5]" time="0.010" /><testcase classname="tests.generated.email.test_email_084" name="test_email[case6]" time="0.009" /><testcase classname="tests.generated.email.test_email_056" name="test_email[case6]" time="0.004" /><testcase classname="tests.generated.email.test_email_071" name="test_email[case1]" time="0.006" /><testcase classname="tests.generated.email.test_email_097" name="test_email[case0]" time="0.004" /><testcase classname="tests.generated.email.test_email_120" name="test_email[case5]" time="0.004" /><testcase classname="tests.generated.email.test_email_120" name="test_email[case6]" time="0.004" /><testcase classname="tests.generated.email.test_email_056" name="test_email[case7]" time="0.005" /><testcase classname="tests.generated.email.test_email_071" name="test_email[case2]" time="0.004" /><testcase classname="tests.generated.email.test_email_084" name="test_email[case7]" time="0.015" /><testcase classname="tests.generated.email.test_email_097" name="test_email[case1]" time="0.009" /><testcase classname="tests.generated.email.test_email_056" name="test_email[case8]" time="0.008" /><testcase classname="tests.generated.email.test_email_108" name="test_email[case9]" time="0.005" /><testcase classname="tests.generated.email.test_email_120" name="test_email[case7]" time="0.007" /><testcase classname="tests.generated.email.test_email_109" name="test_email[case0]" time="0.005" /><testcase classname="tests.generated.email.test_email_071" name="test_email[case3]" time="0.008" /><testcase classname="tests.generated.email.test_email_109" name="test_email[case1]" time="0.004" /><testcase classname="tests.generated.email.test_email_120" name="test_email[case8]" time="0.005" /><testcase classname="tests.generated.email.test_email_084" name="test_email[case8]" time="0.005" /><testcase classname="tests.generated.email.test_email_097" name="test_email[case2]" time="0.005" /><testcase classname="tests.generated.email.test_email_056" name="test_email[case9]" time="0.005" /><testcase classname="tests.generated.email.test_email_071" name="test_email[case4]" time="0.008" /><testcase classname="tests.generated.email.test_email_109" name="test_email[case2]" time="0.004" /><testcase classname="tests.generated.email.test_email_057" name="test_email[case0]" time="0.004" /><testcase classname="tests.generated.email.test_email_120" name="test_email[case9]" time="0.007" /><testcase classname="tests.generated.email.test_email_084" name="test_email[case9]" time="0.005" /><testcase classname="tests.generated.email.test_email_057" name="test_email[case1]" time="0.006" /><testcase classname="tests.generated.email.test_email_071" name="test_email[case5]" time="0.006" /><testcase classname="tests.generated.email.test_email_109" name="test_email[case3]" time="0.004" /><testcase classname="tests.generated.email.test_email_097" name="test_email[case3]" time="0.005" /><testcase classname="tests.generated.email.test_email_097" name="test_email[case4]" time="0.004" /><testcase classname="tests.generated.email.test_email_085" name="test_email[case0]" time="0.004" /><testcase classname="tests.generated.email.test_email_121" name="test_email[case0]" time="0.008" /><testcase classname="tests.generated.email.test_email_071" name="test_email[case6]" time="0.004" /><testcase classname="tests.generated.email.test_email_097" name="test_email[case5]" time="0.004" /><testcase classname="tests.generated.email.test_email_109" name="test_email[case4]" time="0.004" /><testcase classname="tests.generated.email.test_email_109" name="test_email[case5]" time="0.004" /><testcase classname="tests.generated.email.test_email_085" name="test_email[case1]" time="0.004" /><testcase classname="tests.generated.email.test_email_097" name="test_email[case6]" time="0.004" /><testcase classname="tests.generated.email.test_email_057" name="test_email[case2]" time="0.006" /><testcase classname="tests.generated.email.test_email_085" name="test_email[case2]" time="0.004" /><testcase classname="tests.generated.email.test_email_121" name="test_email[case1]" time="0.007" /><testcase classname="tests.generated.email.test_email_071" name="test_email[case7]" time="0.005" /><testcase classname="tests.generated.email.test_email_109" name="test_email[case6]" time="0.006" /><testcase classname="tests.generated.email.test_email_057" name="test_email[case3]" time="0.006" /><testcase classname="tests.generated.email.test_email_085" name="test_email[case3]" time="0.004" /><testcase classname="tests.generated.email.test_email_057" name="test_email[case4]" time="0.005" /><testcase classname="tests.generated.email.test_email_109" name="test_email[case7]" time="0.006" /><testcase classname="tests.generated.email.test_email_071" name="test_email[case8]" time="0.006" /><testcase classname="tests.generated.email.test_email_097" name="test_email[case7]" time="0.004" /><testcase classname="tests.generated.email.test_email_121" name="test_email[case2]" time="0.004" /><testcase classname="tests.generated.email.test_email_085" name="test_email[case4]" time="0.005" /><testcase classname="tests.generated.email.test_email_121" name="test_email[case3]" time="0.006" /><testcase classname="tests.generated.email.test_email_097" name="test_email[case8]" time="0.004" /><testcase classname="tests.generated.email.test_email_071" name="test_email[case9]" time="0.007" /><testcase classname="tests.generated.email.test_email_057" name="test_email[case5]" time="0.004" /><testcase classname="tests.generated.email.test_email_097" name="test_email[case9]" time="0.005" /><testcase classname="tests.generated.email.test_email_109" name="test_email[case8]" time="0.004" /><testcase classname="tests.generated.email.test_email_085" name="test_email[case5]" time="0.054" /><testcase classname="tests.generated.email.test_email_121" name="test_email[case4]" time="0.056" /><testcase classname="tests.generated.email.test_email_057" name="test_email[case6]" time="0.052" /><testcase classname="tests.generated.email.test_email_098" name="test_email[case0]" time="0.052" /><testcase classname="tests.generated.email.test_email_036" name="test_email[case1]" time="0.013" /><testcase classname="tests.generated.email.test_email_109" name="test_email[case9]" time="0.007" /><testcase classname="tests.generated.email.test_email_072" name="test_email[case0]" time="0.005" /><testcase classname="tests.generated.email.test_email_129" name="test_email[case5]" time="0.004" /><testcase classname="tests.generated.email.test_email_098" name="test_email[case1]" time="0.006" /><testcase classname="tests.generated.email.test_email_057" name="test_email[case7]" time="0.007" /><testcase classname="tests.generated.email.test_email_121" name="test_email[case5]" time="0.004" /><testcase classname="tests.generated.email.test_email_121" name="test_email[case6]" time="0.004" /><testcase classname="tests.generated.email.test_email_085" name="test_email[case6]" time="0.007" /><testcase classname="tests.generated.email.test_email_072" name="test_email[case1]" time="0.004" /><testcase classname="tests.generated.email.test_email_085" name="test_email[case7]" time="0.008" /><testcase classname="tests.generated.email.test_email_110" name="test_email[case0]" time="0.010" /><testcase classname="tests.generated.email.test_email_072" name="test_email[case2]" time="0.004" /><testcase classname="tests.generated.email.test_email_129" name="test_email[case6]" time="0.004" /><testcase classname="tests.generated.email.test_email_129" name="test_email[case7]" time="0.004" /><testcase classname="tests.generated.email.test_email_121" name="test_email[case7]" time="0.004" /><testcase classname="tests.generated.email.test_email_057" name="test_email[case8]" time="0.016" /><testcase classname="tests.generated.email.test_email_098" name="test_email[case2]" time="0.005" /><testcase classname="tests.generated.email.test_email_072" name="test_email[case3]" time="0.004" /><testcase classname="tests.generated.email.test_email_129" name="test_email[case8]" time="0.004" /><testcase classname="tests.generated.email.test_email_110" name="test_email[case1]" time="0.005" /><testcase classname="tests.generated.email.test_email_098" name="test_email[case3]" time="0.005" /><testcase classname="tests.generated.email.test_email_072" name="test_email[case4]" time="0.006" /><testcase classname="tests.generated.email.test_email_121" name="test_email[case8]" time="0.011" /><testcase classname="tests.generated.email.test_email_129" name="test_email[case9]" time="0.005" /><testcase classname="tests.generated.email.test_email_085" name="test_email[case8]" time="0.013" /><testcase classname="tests.generated.email.test_email_110" name="test_email[case2]" time="0.005" /><testcase classname="tests.generated.email.test_email_098" name="test_email[case4]" time="0.016" /><testcase classname="tests.generated.email.test_email_085" name="test_email[case9]" time="0.006" /><testcase classname="tests.generated.email.test_email_110" name="test_email[case3]" time="0.006" /><testcase classname="tests.generated.email.test_email_072" name="test_email[case5]" time="0.007" /><testcase classname="tests.generated.email.test_email_121" name="test_email[case9]" time="0.010" /><testcase classname="tests.generated.email.test_email_057" name="test_email[case9]" time="0.013" /><testcase classname="tests.generated.email.test_email_130" name="test_email[case0]" time="0.012" /><testcase classname="tests.generated.email.test_email_086" name="test_email[case0]" time="0.006" /><testcase classname="tests.generated.email.test_email_098" name="test_email[case5]" time="0.009" /><testcase classname="tests.generated.email.test_email_110" name="test_email[case4]" time="0.005" /><testcase classname="tests.generated.email.test_email_072" name="test_email[case6]" time="0.004" /><testcase classname="tests.generated.email.test_email_072" name="test_email[case7]" time="0.004" /><testcase classname="tests.generated.email.test_email_110" name="test_email[case5]" time="0.005" /><testcase classname="tests.generated.email.test_email_122" name="test_email[case0]" time="0.007" /><testcase classname="tests.generated.email.test_email_130" name="test_email[case1]" time="0.009" /><testcase classname="tests.generated.email.test_email_058" name="test_email[case0]" time="0.010" /><testcase classname="tests.generated.email.test_email_086" name="test_email[case1]" time="0.009" /><testcase classname="tests.generated.email.test_email_122" name="test_email[case1]" time="0.005" /><testcase classname="tests.generated.email.test_email_072" name="test_email[case8]" time="0.009" /><testcase classname="tests.generated.email.test_email_110" name="test_email[case6]" time="0.005" /><testcase classname="tests.generated.email.test_email_122" name="test_email[case2]" time="0.004" /><testcase classname="tests.generated.email.test_email_098" name="test_email[case6]" time="0.006" /><testcase classname="tests.generated.email.test_email_130" name="test_email[case2]" time="0.005" /><testcase classname="tests.generated.email.test_email_058" name="test_email[case1]" time="0.009" /><testcase classname="tests.generated.email.test_email_072" name="test_email[case9]" time="0.004" /><testcase classname="tests.generated.email.test_email_110" name="test_email[case7]" time="0.004" /><testcase classname="tests.generated.email.test_email_086" name="test_email[case2]" time="0.009" /><testcase classname="tests.generated.email.test_email_130" name="test_email[case3]" time="0.004" /><testcase classname="tests.generated.email.test_email_122" name="test_email[case3]" time="0.004" /><testcase classname="tests.generated.email.test_email_110" name="test_email[case8]" time="0.005" /><testcase classname="tests.generated.email.test_email_073" name="test_email[case0]" time="0.004" /><testcase classname="tests.generated.email.test_email_098" name="test_email[case7]" time="0.015" /><testcase classname="tests.generated.email.test_email_122" name="test_email[case4]" time="0.007" /><testcase classname="tests.generated.email.test_email_110" name="test_email[case9]" time="0.004" /><testcase classname="tests.generated.email.test_email_130" name="test_email[case4]" time="0.004" /><testcase classname="tests.generated.email.test_email_058" name="test_email[case2]" time="0.004" /><testcase classname="tests.generated.email.test_email_086" name="test_email[case3]" time="0.008" /><testcase classname="tests.generated.email.test_email_073" name="test_email[case1]" time="0.004" /><testcase classname="tests.generated.email.test_email_130" name="test_email[case5]" time="0.006" /><testcase classname="tests.generated.email.test_email_058" name="test_email[case3]" time="0.005" /><testcase classname="tests.generated.email.test_email_073" name="test_email[case2]" time="0.009" /><testcase classname="tests.generated.email.test_email_122" name="test_email[case5]" time="0.006" /><testcase classname="tests.generated.email.test_email_130" name="test_email[case6]" time="0.004" /><testcase classname="tests.generated.email.test_email_111" name="test_email[case0]" time="0.004" /><testcase classname="tests.generated.email.test_email_111" name="test_email[case1]" time="0.004" /><testcase classname="tests.generated.email.test_email_058" name="test_email[case4]" time="0.006" /><testcase classname="tests.generated.email.test_email_086" name="test_email[case4]" time="0.005" /><testcase classname="tests.generated.email.test_email_098" name="test_email[case8]" time="0.008" /><testcase classname="tests.generated.email.test_email_130" name="test_email[case7]" time="0.005" /><testcase classname="tests.generated.email.test_email_111" name="test_email[case2]" time="0.004" /><testcase classname="tests.generated.email.test_email_058" name="test_email[case5]" time="0.007" /><testcase classname="tests.generated.email.test_email_086" name="test_email[case5]" time="0.004" /><testcase classname="tests.generated.email.test_email_122" name="test_email[case6]" time="0.006" /><testcase classname="tests.generated.email.test_email_098" name="test_email[case9]" time="0.008" /><testcase classname="tests.generated.email.test_email_111" name="test_email[case3]" time="0.009" /><testcase classname="tests.generated.email.test_email_086" name="test_email[case6]" time="0.004" /><testcase classname="tests.generated.email.test_email_073" name="test_email[case3]" time="0.012" /><testcase classname="tests.generated.email.test_email_086" name="test_email[case7]" time="0.005" /><testcase classname="tests.generated.email.test_email_130" name="test_email[case8]" time="0.005" /><testcase classname="tests.generated.email.test_email_122" name="test_email[case7]" time="0.009" /><testcase classname="tests.generated.email.test_email_058" name="test_email[case6]" time="0.009" /><testcase classname="tests.generated.email.test_email_130" name="test_email[case9]" time="0.007" /><testcase classname="tests.generated.email.test_email_073" name="test_email[case4]" time="0.004" /><testcase classname="tests.generated.email.test_email_099" name="test_email[case0]" time="0.008" /><testcase classname="tests.generated.email.test_email_073" name="test_email[case5]" time="0.006" /><testcase classname="tests.generated.email.test_email_111" name="test_email[case4]" time="0.010" /><testcase classname="tests.generated.email.test_email_122" name="test_email[case8]" time="0.005" /><testcase classname="tests.generated.email.test_email_086" name="test_email[case8]" time="0.007" /><testcase classname="tests.generated.email.test_email_058" name="test_email[case7]" time="0.008" /><testcase classname="tests.generated.email.test_email_131" name="test_email[case0]" time="0.004" /><testcase classname="tests.generated.email.test_email_122" name="test_email[case9]" time="0.004" /><testcase classname="tests.generated.email.test_email_073" name="test_email[case6]" time="0.013" /><testcase classname="tests.generated.email.test_email_099" name="test_email[case1]" time="0.009" /><testcase classname="tests.generated.email.test_email_111" name="test_email[case5]" time="0.007" /><testcase classname="tests.generated.email.test_email_086" name="test_email[case9]" time="0.007" /><testcase classname="tests.generated.email.test_email_131" name="test_email[case1]" time="0.004" /><testcase classname="tests.generated.email.test_email_123" name="test_email[case0]" time="0.005" /><testcase classname="tests.generated.email.test_email_058" name="test_email[case8]" time="0.007" /><testcase classname="tests.generated.email.test_email_131" name="test_email[case2]" time="0.006" /><testcase classname="tests.generated.email.test_email_111" name="test_email[case6]" time="0.006" /><testcase classname="tests.generated.email.test_email_099" name="test_email[case2]" time="0.007" /><testcase classname="tests.generated.email.test_email_123" name="test_email[case1]" time="0.005" /><testcase classname="tests.generated.email.test_email_073" name="test_email[case7]" time="0.005" /><testcase classname="tests.generated.email.test_email_087" name="test_email[case0]" time="0.009" /><testcase classname="tests.generated.email.test_email_123" name="test_email[case2]" time="0.006" /><testcase classname="tests.generated.email.test_email_058" name="test_email[case9]" time="0.006" /><testcase classname="tests.generated.email.test_email_111" name="test_email[case7]" time="0.009" /><testcase classname="tests.generated.email.test_email_131" name="test_email[case3]" time="0.006" /><testcase classname="tests.generated.email.test_email_073" name="test_email[case8]" time="0.004" /><testcase classname="tests.generated.email.test_email_099" name="test_email[case3]" time="0.005" /><testcase classname="tests.generated.email.test_email_131" name="test_email[case4]" time="0.004" /><testcase classname="tests.generated.email.test_email_123" name="test_email[case3]" time="0.004" /><testcase classname="tests.generated.email.test_email_087" name="test_email[case1]" time="0.010" /><testcase classname="tests.generated.email.test_email_099" name="test_email[case4]" time="0.007" /><testcase classname="tests.generated.email.test_email_073" name="test_email[case9]" time="0.008" /><testcase classname="tests.generated.email.test_email_059" name="test_email[case0]" time="0.006" /><testcase classname="tests.generated.email.test_email_131" name="test_email[case5]" time="0.005" /><testcase classname="tests.generated.email.test_email_123" name="test_email[case4]" time="0.005" /><testcase classname="tests.generated.email.test_email_111" name="test_email[case8]" time="0.008" /><testcase classname="tests.generated.email.test_email_099" name="test_email[case5]" time="0.004" /><testcase classname="tests.generated.email.test_email_123" name="test_email[case5]" time="0.006" /><testcase classname="tests.generated.email.test_email_131" name="test_email[case6]" time="0.004" /><testcase classname="tests.generated.email.test_email_074" name="test_email[case0]" time="0.016" /><testcase classname="tests.generated.email.test_email_099" name="test_email[case6]" time="0.007" /><testcase classname="tests.generated.email.test_email_059" name="test_email[case1]" time="0.011" /><testcase classname="tests.generated.email.test_email_131" name="test_email[case7]" time="0.006" /><testcase classname="tests.generated.email.test_email_099" name="test_email[case7]" time="0.012" /><testcase classname="tests.generated.email.test_email_123" name="test_email[case6]" time="0.004" /><testcase classname="tests.generated.email.test_email_059" name="test_email[case2]" time="0.006" /><testcase classname="tests.generated.email.test_email_123" name="test_email[case7]" time="0.007" /><testcase classname="tests.generated.email.test_email_087" name="test_email[case2]" time="0.014" /><testcase classname="tests.generated.email.test_email_111" name="test_email[case9]" time="0.004" /><testcase classname="tests.generated.email.test_email_074" name="test_email[case1]" time="0.008" /><testcase classname="tests.generated.email.test_email_112" name="test_email[case0]" time="0.005" /><testcase classname="tests.generated.email.test_email_099" name="test_email[case8]" time="0.010" /><testcase classname="tests.generated.email.test_email_123" name="test_email[case8]" time="0.005" /><testcase classname="tests.generated.email.test_email_074" name="test_email[case2]" time="0.004" /><testcase classname="tests.generated.email.test_email_112" name="test_email[case1]" time="0.010" /><testcase classname="tests.generated.email.test_email_131" name="test_email[case8]" time="0.005" /><testcase classname="tests.generated.email.test_email_059" name="test_email[case3]" time="0.005" /><testcase classname="tests.generated.email.test_email_131" name="test_email[case9]" time="0.008" /><testcase classname="tests.generated.email.test_email_059" name="test_email[case4]" time="0.007" /><testcase classname="tests.generated.email.test_email_123" name="test_email[case9]" time="0.004" /><testcase classname="tests.generated.email.test_email_087" name="test_email[case3]" time="0.006" /><testcase classname="tests.generated.email.test_email_074" name="test_email[case3]" time="0.012" /><testcase classname="tests.generated.email.test_email_099" name="test_email[case9]" time="0.007" /><testcase classname="tests.generated.email.test_email_124" name="test_email[case0]" time="0.005" /><testcase classname="tests.generated.email.test_email_112" name="test_email[case2]" time="0.007" /><testcase classname="tests.generated.email.test_email_087" name="test_email[case4]" time="0.004" /><testcase classname="tests.generated.email.test_email_132" name="test_email[case0]" time="0.007" /><testcase classname="tests.generated.email.test_email_124" name="test_email[case1]" time="0.004" /><testcase classname="tests.generated.email.test_email_059" name="test_email[case5]" time="0.004" /><testcase classname="tests.generated.email.test_email_112" name="test_email[case3]" time="0.005" /><testcase classname="tests.generated.email.test_email_100" name="test_email[case0]" time="0.004" /><testcase classname="tests.generated.email.test_email_100" name="test_email[case1]" time="0.005" /><testcase classname="tests.generated.email.test_email_124" name="test_email[case2]" time="0.004" /><testcase classname="tests.generated.email.test_email_059" name="test_email[case6]" time="0.005" /><testcase classname="tests.generated.email.test_email_074" name="test_email[case4]" time="0.010" /><testcase classname="tests.generated.email.test_email_087" name="test_email[case5]" time="0.007" /><testcase classname="tests.generated.email.test_email_059" name="test_email[case7]" time="0.004" /><testcase classname="tests.generated.email.test_email_124" name="test_email[case3]" time="0.010" /><testcase classname="tests.generated.email.test_email_087" name="test_email[case6]" time="0.005" /><testcase classname="tests.generated.email.test_email_112" name="test_email[case4]" time="0.009" /><testcase classname="tests.generated.email.test_email_100" name="test_email[case2]" time="0.005" /><testcase classname="tests.generated.email.test_email_132" name="test_email[case1]" time="0.005" /><testcase classname="tests.generated.email.test_email_074" name="test_email[case5]" time="0.008" /><testcase classname="tests.generated.email.test_email_132" name="test_email[case2]" time="0.004" /><testcase classname="tests.generated.email.test_email_059" name="test_email[case8]" time="0.008" /><testcase classname="tests.generated.email.test_email_087" name="test_email[case7]" time="0.005" /><testcase classname="tests.generated.email.test_email_100" name="test_email[case3]" time="0.004" /><testcase classname="tests.generated.email.test_email_124" name="test_email[case4]" time="0.006" /><testcase classname="tests.generated.email.test_email_132" name="test_email[case3]" time="0.004" /><testcase classname="tests.generated.email.test_email_112" name="test_email[case5]" time="0.009" /><testcase classname="tests.generated.email.test_email_087" name="test_email[case8]" time="0.005" /><testcase classname="tests.generated.email.test_email_100" name="test_email[case4]" time="0.005" /><testcase classname="tests.generated.email.test_email_132" name="test_email[case4]" time="0.004" /><testcase classname="tests.generated.email.test_email_100" name="test_email[case5]" time="0.005" /><testcase classname="tests.generated.email.test_email_087" name="test_email[case9]" time="0.008" /><testcase classname="tests.generated.email.test_email_124" name="test_email[case5]" time="0.008" /><testcase classname="tests.generated.email.test_email_059" name="test_email[case9]" time="0.008" /><testcase classname="tests.generated.email.test_email_112" name="test_email[case6]" time="0.004" /><testcase classname="tests.generated.email.test_email_132" name="test_email[case5]" time="0.010" /><testcase classname="tests.generated.email.test_email_074" name="test_email[case6]" time="0.010" /><testcase classname="tests.generated.email.test_email_100" name="test_email[case6]" time="0.004" /><testcase classname="tests.generated.email.test_email_112" name="test_email[case7]" time="0.008" /><testcase classname="tests.generated.email.test_email_088" name="test_email[case0]" time="0.004" /><testcase classname="tests.generated.email.test_email_124" name="test_email[case6]" time="0.004" /><testcase classname="tests.generated.email.test_email_100" name="test_email[case7]" time="0.006" /><testcase classname="tests.generated.email.test_email_132" name="test_email[case6]" time="0.007" /><testcase classname="tests.generated.email.test_email_074" name="test_email[case7]" time="0.005" /><testcase classname="tests.generated.email.test_email_124" name="test_email[case7]" time="0.005" /><testcase classname="tests.generated.email.test_email_060" name="test_email[case0]" time="0.005" /><testcase classname="tests.generated.email.test_email_088" name="test_email[case1]" time="0.006" /><testcase classname="tests.generated.email.test_email_074" name="test_email[case8]" time="0.008" /><testcase classname="tests.generated.email.test_email_100" name="test_email[case8]" time="0.008" /><testcase classname="tests.generated.email.test_email_060" name="test_email[case1]" time="0.005" /><testcase classname="tests.generated.email.test_email_132" name="test_email[case7]" time="0.004" /><testcase classname="tests.generated.email.test_email_088" name="test_email[case2]" time="0.007" /><testcase classname="tests.generated.email.test_email_112" name="test_email[case8]" time="0.009" /><testcase classname="tests.generated.email.test_email_124" name="test_email[case8]" time="0.007" /><testcase classname="tests.generated.email.test_email_132" name="test_email[case8]" time="0.004" /><testcase classname="tests.generated.email.test_email_060" name="test_email[case2]" time="0.004" /><testcase classname="tests.generated.email.test_email_100" name="test_email[case9]" time="0.009" /><testcase classname="tests.generated.email.test_email_088" name="test_email[case3]" time="0.004" /><testcase classname="tests.generated.email.test_email_124" name="test_email[case9]" time="0.004" /><testcase classname="tests.generated.email.test_email_112" name="test_email[case9]" time="0.008" /><testcase classname="tests.generated.email.test_email_074" name="test_email[case9]" time="0.004" /><testcase classname="tests.generated.email.test_email_060" name="test_email[case3]" time="0.005" /><testcase classname="tests.generated.email.test_email_132" name="test_email[case9]" time="0.009" /><testcase classname="tests.generated.email.test_email_125" name="test_email[case0]" time="0.005" /><testcase classname="tests.generated.email.test_email_088" name="test_email[case4]" time="0.004" /><testcase classname="tests.generated.email.test_email_060" name="test_email[case4]" time="0.004" /><testcase classname="tests.generated.email.test_email_075" name="test_email[case0]" time="0.005" /><testcase classname="tests.generated.email.test_email_113" name="test_email[case0]" time="0.006" /><testcase classname="tests.generated.email.test_email_125" name="test_email[case1]" time="0.006" /><testcase classname="tests.generated.email.test_email_075" name="test_email[case1]" time="0.004" /><testcase classname="tests.generated.email.test_email_133" name="test_email[case0]" time="0.007" /><testcase classname="tests.generated.email.test_email_101" name="test_email[case0]" time="0.007" /><testcase classname="tests.generated.email.test_email_075" name="test_email[case2]" time="0.004" /><testcase classname="tests.generated.email.test_email_088" name="test_email[case5]" time="0.007" /><testcase classname="tests.generated.email.test_email_060" name="test_email[case5]" time="0.010" /><testcase classname="tests.generated.email.test_email_125" name="test_email[case2]" time="0.004" /><testcase classname="tests.generated.email.test_email_088" name="test_email[case6]" time="0.005" /><testcase classname="tests.generated.email.test_email_133" name="test_email[case1]" time="0.006" /><testcase classname="tests.generated.email.test_email_113" name="test_email[case1]" time="0.008" /><testcase classname="tests.generated.email.test_email_101" name="test_email[case1]" time="0.006" /><testcase classname="tests.generated.email.test_email_125" name="test_email[case3]" time="0.004" /><testcase classname="tests.generated.email.test_email_075" name="test_email[case3]" time="0.007" /><testcase classname="tests.generated.email.test_email_088" name="test_email[case7]" time="0.004" /><testcase classname="tests.generated.email.test_email_060" name="test_email[case6]" time="0.007" /><testcase classname="tests.generated.email.test_email_133" name="test_email[case2]" time="0.004" /><testcase classname="tests.generated.email.test_email_113" name="test_email[case2]" time="0.010" /><testcase classname="tests.generated.email.test_email_101" name="test_email[case2]" time="0.004" /><testcase classname="tests.generated.email.test_email_125" name="test_email[case4]" time="0.008" /><testcase classname="tests.generated.email.test_email_101" name="test_email[case3]" time="0.007" /><testcase classname="tests.generated.email.test_email_075" name="test_email[case4]" time="0.008" /><testcase classname="tests.generated.email.test_email_060" name="test_email[case7]" time="0.006" /><testcase classname="tests.generated.email.test_email_125" name="test_email[case5]" time="0.006" /><testcase classname="tests.generated.email.test_email_133" name="test_email[case3]" time="0.015" /><testcase classname="tests.generated.email.test_email_101" name="test_email[case4]" time="0.007" /><testcase classname="tests.generated.email.test_email_113" name="test_email[case3]" time="0.004" /><testcase classname="tests.generated.email.test_email_088" name="test_email[case8]" time="0.006" /><testcase classname="tests.generated.email.test_email_088" name="test_email[case9]" time="0.005" /><testcase classname="tests.generated.email.test_email_060" name="test_email[case8]" time="0.013" /><testcase classname="tests.generated.email.test_email_075" name="test_email[case5]" time="0.005" /><testcase classname="tests.generated.email.test_email_113" name="test_email[case4]" time="0.012" /><testcase classname="tests.generated.email.test_email_125" name="test_email[case6]" time="0.007" /><testcase classname="tests.generated.email.test_email_133" name="test_email[case4]" time="0.005" /><testcase classname="tests.generated.email.test_email_075" name="test_email[case6]" time="0.006" /><testcase classname="tests.generated.email.test_email_101" name="test_email[case5]" time="0.007" /><testcase classname="tests.generated.email.test_email_089" name="test_email[case0]" time="0.006" /><testcase classname="tests.generated.email.test_email_133" name="test_email[case5]" time="0.007" /><testcase classname="tests.generated.email.test_email_075" name="test_email[case7]" time="0.007" /><testcase classname="tests.generated.email.test_email_060" name="test_email[case9]" time="0.011" /><testcase classname="tests.generated.email.test_email_113" name="test_email[case5]" time="0.004" /><testcase classname="tests.generated.email.test_email_125" name="test_email[case7]" time="0.005" /><testcase classname="tests.generated.email.test_email_089" name="test_email[case1]" time="0.010" /><testcase classname="tests.generated.email.test_email_113" name="test_email[case6]" time="0.005" /><testcase classname="tests.generated.email.test_email_101" name="test_email[case6]" time="0.010" /><testcase classname="tests.generated.email.test_email_133" name="test_email[case6]" time="0.008" /><testcase classname="tests.generated.email.test_email_061" name="test_email[case0]" time="0.004" /><testcase classname="tests.generated.email.test_email_075" name="test_email[case8]" time="0.004" /><testcase classname="tests.generated.email.test_email_113" name="test_email[case7]" time="0.004" /><testcase classname="tests.generated.email.test_email_125" name="test_email[case8]" time="0.006" /><testcase classname="tests.generated.email.test_email_075" name="test_email[case9]" time="0.005" /><testcase classname="tests.generated.email.test_email_089" name="test_email[case2]" time="0.004" /><testcase classname="tests.generated.email.test_email_133" name="test_email[case7]" time="0.004" /><testcase classname="tests.generated.email.test_email_113" name="test_email[case8]" time="0.007" /><testcase classname="tests.generated.email.test_email_101" name="test_email[case7]" time="0.008" /><testcase classname="tests.generated.email.test_email_125" name="test_email[case9]" time="0.005" /><testcase classname="tests.generated.email.test_email_089" name="test_email[case3]" time="0.005" /><testcase classname="tests.generated.email.test_email_076" name="test_email[case0]" time="0.006" /><testcase classname="tests.generated.email.test_email_133" name="test_email[case8]" time="0.007" /><testcase classname="tests.generated.email.test_email_061" name="test_email[case1]" time="0.008" /><testcase classname="tests.generated.email.test_email_126" name="test_email[case0]" time="0.004" /><testcase classname="tests.generated.email.test_email_113" name="test_email[case9]" time="0.004" /><testcase classname="tests.generated.email.test_email_089" name="test_email[case4]" time="0.008" /><testcase classname="tests.generated.email.test_email_076" name="test_email[case1]" time="0.007" /><testcase classname="tests.generated.email.test_email_101" name="test_email[case8]" time="0.008" /><testcase classname="tests.generated.email.test_email_061" name="test_email[case2]" time="0.006" /><testcase classname="tests.generated.email.test_email_114" name="test_email[case0]" time="0.006" /><testcase classname="tests.generated.email.test_email_126" name="test_email[case1]" time="0.005" /><testcase classname="tests.generated.email.test_email_061" name="test_email[case3]" time="0.004" /><testcase classname="tests.generated.email.test_email_089" name="test_email[case5]" time="0.008" /><testcase classname="tests.generated.email.test_email_133" name="test_email[case9]" time="0.010" /><testcase classname="tests.generated.email.test_email_126" name="test_email[case2]" time="0.004" /><testcase classname="tests.generated.email.test_email_076" name="test_email[case2]" time="0.016" /><testcase classname="tests.generated.email.test_email_101" name="test_email[case9]" time="0.009" /><testcase classname="tests.generated.email.test_email_134" name="test_email[case0]" time="0.004" /><testcase classname="tests.generated.email.test_email_061" name="test_email[case4]" time="0.005" /><testcase classname="tests.generated.email.test_email_126" name="test_email[case3]" time="0.004" /><testcase classname="tests.generated.email.test_email_114" name="test_email[case1]" time="0.008" /><testcase classname="tests.generated.email.test_email_089" name="test_email[case6]" time="0.005" /><testcase classname="tests.generated.email.test_email_126" name="test_email[case4]" time="0.005" /><testcase classname="tests.generated.email.test_email_134" name="test_email[case1]" time="0.004" /><testcase classname="tests.generated.email.test_email_061" name="test_email[case5]" time="0.009" /><testcase classname="tests.generated.email.test_email_089" name="test_email[case7]" time="0.005" /><testcase classname="tests.generated.email.test_email_102" name="test_email[case0]" time="0.006" /><testcase classname="tests.generated.email.test_email_102" name="test_email[case1]" time="0.004" /><testcase classname="tests.generated.email.test_email_126" name="test_email[case5]" time="0.010" /><testcase classname="tests.generated.email.test_email_134" name="test_email[case2]" time="0.006" /><testcase classname="tests.generated.email.test_email_114" name="test_email[case2]" time="0.008" /><testcase classname="tests.generated.email.test_email_076" name="test_email[case3]" time="0.004" /><testcase classname="tests.generated.email.test_email_089" name="test_email[case8]" time="0.009" /><testcase classname="tests.generated.email.test_email_126" name="test_email[case6]" time="0.004" /><testcase classname="tests.generated.email.test_email_114" name="test_email[case3]" time="0.009" /><testcase classname="tests.generated.email.test_email_102" name="test_email[case2]" time="0.004" /><testcase classname="tests.generated.email.test_email_102" name="test_email[case3]" time="0.004" /><testcase classname="tests.generated.email.test_email_076" name="test_email[case4]" time="0.005" /><testcase classname="tests.generated.email.test_email_061" name="test_email[case6]" time="0.007" /><testcase classname="tests.generated.email.test_email_134" name="test_email[case3]" time="0.005" /><testcase classname="tests.generated.email.test_email_126" name="test_email[case7]" time="0.004" /><testcase classname="tests.generated.email.test_email_134" name="test_email[case4]" time="0.005" /><testcase classname="tests.generated.email.test_email_089" name="test_email[case9]" time="0.006" /><testcase classname="tests.generated.email.test_email_061" name="test_email[case7]" time="0.004" /><testcase classname="tests.generated.email.test_email_102" name="test_email[case4]" time="0.004" /><testcase classname="tests.generated.email.test_email_134" name="test_email[case5]" time="0.004" /><testcase classname="tests.generated.email.test_email_102" name="test_email[case5]" time="0.004" /><testcase classname="tests.generated.email.test_email_134" name="test_email[case6]" time="0.006" /><testcase classname="tests.generated.email.test_email_114" name="test_email[case4]" time="0.007" /><testcase classname="tests.generated.email.test_email_076" name="test_email[case5]" time="0.014" /><testcase classname="tests.generated.email.test_email_126" name="test_email[case8]" time="0.006" /><testcase classname="tests.generated.email.test_email_090" name="test_email[case0]" time="0.005" /><testcase classname="tests.generated.email.test_email_061" name="test_email[case8]" time="0.005" /><testcase classname="tests.generated.email.test_email_114" name="test_email[case5]" time="0.006" /><testcase classname="tests.generated.email.test_email_061" name="test_email[case9]" time="0.004" /><testcase classname="tests.generated.email.test_email_102" name="test_email[case6]" time="0.009" /><testcase classname="tests.generated.email.test_email_134" name="test_email[case7]" time="0.005" /><testcase classname="tests.generated.email.test_email_090" name="test_email[case1]" time="0.005" /><testcase classname="tests.generated.email.test_email_126" name="test_email[case9]" time="0.011" /><testcase classname="tests.generated.email.test_email_062" name="test_email[case0]" time="0.005" /><testcase classname="tests.generated.email.test_email_114" name="test_email[case6]" time="0.012" /><testcase classname="tests.generated.email.test_email_102" name="test_email[case7]" time="0.005" /><testcase classname="tests.generated.email.test_email_090" name="test_email[case2]" time="0.004" /><testcase classname="tests.generated.email.test_email_076" name="test_email[case6]" time="0.011" /><testcase classname="tests.generated.email.test_email_062" name="test_email[case1]" time="0.008" /><testcase classname="tests.generated.email.test_email_102" name="test_email[case8]" time="0.004" /><testcase classname="tests.generated.email.test_email_090" name="test_email[case3]" time="0.005" /><testcase classname="tests.generated.email.test_email_127" name="test_email[case0]" time="0.004" /><testcase classname="tests.generated.email.test_email_127" name="test_email[case1]" time="0.004" /><testcase classname="tests.generated.email.test_email_076" name="test_email[case7]" time="0.013" /><testcase classname="tests.generated.email.test_email_102" name="test_email[case9]" time="0.004" /><testcase classname="tests.generated.email.test_email_134" name="test_email[case8]" time="0.005" /><testcase classname="tests.generated.email.test_email_134" name="test_email[case9]" time="0.004" /><testcase classname="tests.generated.email.test_email_062" name="test_email[case2]" time="0.011" /><testcase classname="tests.generated.email.test_email_114" name="test_email[case7]" time="0.009" /><testcase classname="tests.generated.email.test_email_135" name="test_email[case0]" time="0.004" /><testcase classname="tests.generated.email.test_email_127" name="test_email[case2]" time="0.005" /><testcase classname="tests.generated.email.test_email_090" name="test_email[case4]" time="0.005" /><testcase classname="tests.generated.email.test_email_103" name="test_email[case0]" time="0.012" /><testcase classname="tests.generated.email.test_email_127" name="test_email[case3]" time="0.005" /><testcase classname="tests.generated.email.test_email_135" name="test_email[case1]" time="0.005" /><testcase classname="tests.generated.email.test_email_090" name="test_email[case5]" time="0.006" /><testcase classname="tests.generated.email.test_email_114" name="test_email[case8]" time="0.006" /><testcase classname="tests.generated.email.test_email_062" name="test_email[case3]" time="0.019" /><testcase classname="tests.generated.email.test_email_127" name="test_email[case4]" time="0.004" /><testcase classname="tests.generated.email.test_email_076" name="test_email[case8]" time="0.007" /><testcase classname="tests.generated.email.test_email_135" name="test_email[case2]" time="0.006" /><testcase classname="tests.generated.email.test_email_090" name="test_email[case6]" time="0.007" /><testcase classname="tests.generated.email.test_email_103" name="test_email[case1]" time="0.006" /><testcase classname="tests.generated.email.test_email_135" name="test_email[case3]" time="0.008" /><testcase classname="tests.generated.email.test_email_114" name="test_email[case9]" time="0.005" /><testcase classname="tests.generated.email.test_email_076" name="test_email[case9]" time="0.006" /><testcase classname="tests.generated.email.test_email_127" name="test_email[case5]" time="0.005" /><testcase classname="tests.generated.email.test_email_103" name="test_email[case2]" time="0.005" /><testcase classname="tests.generated.email.test_email_127" name="test_email[case6]" time="0.005" /><testcase classname="tests.generated.email.test_email_115" name="test_email[case0]" time="0.005" /><testcase classname="tests.generated.email.test_email_090" name="test_email[case7]" time="0.007" /><testcase classname="tests.generated.email.test_email_103" name="test_email[case3]" time="0.006" /><testcase classname="tests.generated.email.test_email_127" name="test_email[case7]" time="0.004" /><testcase classname="tests.generated.email.test_email_135" name="test_email[case4]" time="0.008" /><testcase classname="tests.generated.email.test_email_077" name="test_email[case0]" time="0.006" /><testcase classname="tests.generated.email.test_email_062" name="test_email[case4]" time="0.006" /><testcase classname="tests.generated.email.test_email_127" name="test_email[case8]" time="0.009" /><testcase classname="tests.generated.email.test_email_103" name="test_email[case4]" time="0.005" /><testcase classname="tests.generated.email.test_email_090" name="test_email[case8]" time="0.008" /><testcase classname="tests.generated.email.test_email_115" name="test_email[case1]" time="0.008" /><testcase classname="tests.generated.email.test_email_077" name="test_email[case1]" time="0.005" /><testcase classname="tests.generated.email.test_email_062" name="test_email[case5]" time="0.004" /><testcase classname="tests.generated.email.test_email_135" name="test_email[case5]" time="0.008" /><testcase classname="tests.generated.email.test_email_077" name="test_email[case2]" time="0.007" /><testcase classname="tests.generated.email.test_email_103" name="test_email[case5]" time="0.004" /><testcase classname="tests.generated.email.test_email_115" name="test_email[case2]" time="0.004" /><testcase classname="tests.generated.email.test_email_062" name="test_email[case6]" time="0.006" /><testcase classname="tests.generated.email.test_email_127" name="test_email[case9]" time="0.009" /><testcase classname="tests.generated.email.test_email_103" name="test_email[case6]" time="0.004" /><testcase classname="tests.generated.email.test_email_135" name="test_email[case6]" time="0.007" /><testcase classname="tests.generated.email.test_email_090" name="test_email[case9]" time="0.007" /><testcase classname="tests.generated.email.test_email_115" name="test_email[case3]" time="0.005" /><testcase classname="tests.generated.email.test_email_077" name="test_email[case3]" time="0.004" /><testcase classname="tests.generated.email.test_email_062" name="test_email[case7]" time="0.008" /><testcase classname="tests.generated.email.test_email_103" name="test_email[case7]" time="0.008" /><testcase classname="tests.generated.email.test_email_115" name="test_email[case4]" time="0.007" /><testcase classname="tests.generated.email.test_email_091" name="test_email[case0]" time="0.009" /><testcase classname="tests.generated.email.test_email_077" name="test_email[case4]" time="0.004" /><testcase classname="tests.generated.email.test_email_135" name="test_email[case7]" time="0.010" /><testcase classname="tests.generated.email.test_email_062" name="test_email[case8]" time="0.004" /><testcase classname="tests.generated.email.test_email_128" name="test_email[case0]" time="0.008" /><testcase classname="tests.generated.email.test_email_077" name="test_email[case5]" time="0.004" /><testcase classname="tests.generated.email.test_email_103" name="test_email[case8]" time="0.009" /><testcase classname="tests.generated.email.test_email_091" name="test_email[case1]" time="0.005" /><testcase classname="tests.generated.email.test_email_062" name="test_email[case9]" time="0.005" /><testcase classname="tests.generated.email.test_email_077" name="test_email[case6]" time="0.006" /><testcase classname="tests.generated.email.test_email_115" name="test_email[case5]" time="0.005" /><testcase classname="tests.generated.email.test_email_135" name="test_email[case8]" time="0.009" /><testcase classname="tests.generated.email.test_email_063" name="test_email[case0]" time="0.004" /><testcase classname="tests.generated.email.test_email_115" name="test_email[case6]" time="0.004" /><testcase classname="tests.generated.email.test_email_050" name="test_email[case7]" time="0.005" /><testcase classname="tests.generated.email.test_email_103" name="test_email[case9]" time="0.005" /><testcase classname="tests.generated.email.test_email_091" name="test_email[case2]" time="0.005" /><testcase classname="tests.generated.email.test_email_063" name="test_email[case1]" time="0.004" /><testcase classname="tests.generated.email.test_email_115" name="test_email[case7]" time="0.005" /><testcase classname="tests.generated.email.test_email_128" name="test_email[case1]" time="0.009" /><testcase classname="tests.generated.email.test_email_104" name="test_email[case0]" time="0.005" /><testcase classname="tests.generated.email.test_email_091" name="test_email[case3]" time="0.005" /><testcase classname="tests.generated.email.test_email_135" name="test_email[case9]" time="0.010" /><testcase classname="tests.generated.email.test_email_077" name="test_email[case7]" time="0.007" /><testcase classname="tests.generated.email.test_email_115" name="test_email[case8]" time="0.005" /><testcase classname="tests.generated.email.test_email_141" name="test_email[case2]" time="0.008" /><testcase classname="tests.generated.email.test_email_104" name="test_email[case1]" time="0.004" /><testcase classname="tests.generated.email.test_email_091" name="test_email[case4]" time="0.004" /><testcase classname="tests.generated.email.test_email_128" name="test_email[case2]" time="0.024" /><testcase classname="tests.generated.email.test_email_077" name="test_email[case8]" time="0.004" /><testcase classname="tests.generated.email.test_email_091" name="test_email[case5]" time="0.005" /><testcase classname="tests.generated.email.test_email_115" name="test_email[case9]" time="0.006" /><testcase classname="tests.generated.email.test_email_063" name="test_email[case2]" time="0.008" /><testcase classname="tests.generated.email.test_email_063" name="test_email[case3]" time="0.004" /><testcase classname="tests.generated.email.test_email_136" name="test_email[case0]" time="0.008" /><testcase classname="tests.generated.email.test_email_077" name="test_email[case9]" time="0.005" /><testcase classname="tests.generated.email.test_email_104" name="test_email[case2]" time="0.014" /><testcase classname="tests.generated.email.test_email_141" name="test_email[case3]" time="0.004" /><testcase classname="tests.generated.email.test_email_116" name="test_email[case0]" time="0.005" /><testcase classname="tests.generated.email.test_email_091" name="test_email[case6]" time="0.004" /><testcase classname="tests.generated.email.test_email_063" name="test_email[case4]" time="0.006" /><testcase classname="tests.generated.email.test_email_141" name="test_email[case4]" time="0.010" /><testcase classname="tests.generated.email.test_email_136" name="test_email[case1]" time="0.004" /><testcase classname="tests.generated.email.test_email_116" name="test_email[case1]" time="0.004" /><testcase classname="tests.generated.email.test_email_063" name="test_email[case5]" time="0.006" /><testcase classname="tests.generated.email.test_email_078" name="test_email[case0]" time="0.015" /><testcase classname="tests.generated.email.test_email_091" name="test_email[case7]" time="0.021" /><testcase classname="tests.generated.email.test_email_136" name="test_email[case2]" time="0.005" /><testcase classname="tests.generated.email.test_email_141" name="test_email[case5]" time="0.004" /><testcase classname="tests.generated.email.test_email_104" name="test_email[case3]" time="0.014" /><testcase classname="tests.generated.email.test_email_128" name="test_email[case3]" time="0.008" /><testcase classname="tests.generated.email.test_email_116" name="test_email[case2]" time="0.009" /><testcase classname="tests.generated.email.test_email_063" name="test_email[case6]" time="0.004" /><testcase classname="tests.generated.email.test_email_078" name="test_email[case1]" time="0.004" /><testcase classname="tests.generated.email.test_email_141" name="test_email[case6]" time="0.005" /><testcase classname="tests.generated.email.test_email_063" name="test_email[case7]" time="0.004" /><testcase classname="tests.generated.email.test_email_128" name="test_email[case4]" time="0.005" /><testcase classname="tests.generated.email.test_email_136" name="test_email[case3]" time="0.015" /><testcase classname="tests.generated.email.test_email_078" name="test_email[case2]" time="0.005" /><testcase classname="tests.generated.email.test_email_141" name="test_email[case7]" time="0.004" /><testcase classname="tests.generated.email.test_email_104" name="test_email[case4]" time="0.004" /><testcase classname="tests.generated.email.test_email_063" name="test_email[case8]" time="0.004" /><testcase classname="tests.generated.email.test_email_063" name="test_email[case9]" time="0.004" /><testcase classname="tests.generated.email.test_email_078" name="test_email[case3]" time="0.004" /><testcase classname="tests.generated.email.test_email_091" name="test_email[case8]" time="0.011" /><testcase classname="tests.generated.email.test_email_104" name="test_email[case5]" time="0.005" /><testcase classname="tests.generated.email.test_email_141" name="test_email[case8]" time="0.008" /><testcase classname="tests.generated.email.test_email_116" name="test_email[case3]" time="0.011" /><testcase classname="tests.generated.email.test_email_064" name="test_email[case0]" time="0.007" /><testcase classname="tests.generated.email.test_email_104" name="test_email[case6]" time="0.005" /><testcase classname="tests.generated.email.test_email_136" name="test_email[case4]" time="0.012" /><testcase classname="tests.generated.email.test_email_078" name="test_email[case4]" time="0.009" /><testcase classname="tests.generated.email.test_email_128" name="test_email[case5]" time="0.010" /><testcase classname="tests.generated.email.test_email_141" name="test_email[case9]" time="0.005" /><testcase classname="tests.generated.email.test_email_104" name="test_email[case7]" time="0.007" /><testcase classname="tests.generated.email.test_email_064" name="test_email[case1]" time="0.007" /><testcase classname="tests.generated.email.test_email_116" name="test_email[case4]" time="0.007" /><testcase classname="tests.generated.email.test_email_128" name="test_email[case6]" time="0.004" /><testcase classname="tests.generated.email.test_email_136" name="test_email[case5]" time="0.010" /><testcase classname="tests.generated.email.test_email_064" name="test_email[case2]" time="0.008" /><testcase classname="tests.generated.email.test_email_078" name="test_email[case5]" time="0.009" /><testcase classname="tests.generated.email.test_email_116" name="test_email[case5]" time="0.008" /><testcase classname="tests.generated.email.test_email_142" name="test_email[case0]" time="0.004" /><testcase classname="tests.generated.email.test_email_142" name="test_email[case1]" time="0.005" /><testcase classname="tests.generated.email.test_email_128" name="test_email[case7]" time="0.004" /><testcase classname="tests.generated.email.test_email_116" name="test_email[case6]" time="0.005" /><testcase classname="tests.generated.email.test_email_064" name="test_email[case3]" time="0.004" /><testcase classname="tests.generated.email.test_email_142" name="test_email[case2]" time="0.007" /><testcase classname="tests.generated.email.test_email_136" name="test_email[case6]" time="0.006" /><testcase classname="tests.generated.email.test_email_128" name="test_email[case8]" time="0.004" /><testcase classname="tests.generated.email.test_email_128" name="test_email[case9]" time="0.006" /><testcase classname="tests.generated.email.test_email_116" name="test_email[case7]" time="0.004" /><testcase classname="tests.generated.email.test_email_064" name="test_email[case4]" time="0.006" /><testcase classname="tests.generated.email.test_email_136" name="test_email[case7]" time="0.006" /><testcase classname="tests.generated.email.test_email_142" name="test_email[case3]" time="0.006" /><testcase classname="tests.generated.email.test_email_064" name="test_email[case5]" time="0.006" /><testcase classname="tests.generated.email.test_email_142" name="test_email[case4]" time="0.004" /><testcase classname="tests.generated.email.test_email_116" name="test_email[case8]" time="0.005" /><testcase classname="tests.generated.email.test_email_129" name="test_email[case0]" time="0.006" /><testcase classname="tests.generated.email.test_email_136" name="test_email[case8]" time="0.004" /><testcase classname="tests.generated.email.test_email_116" name="test_email[case9]" time="0.006" /><testcase classname="tests.generated.email.test_email_142" name="test_email[case5]" time="0.004" /><testcase classname="tests.generated.email.test_email_136" name="test_email[case9]" time="0.004" /><testcase classname="tests.generated.email.test_email_064" name="test_email[case6]" time="0.007" /><testcase classname="tests.generated.email.test_email_142" name="test_email[case6]" time="0.005" /><testcase classname="tests.generated.email.test_email_129" name="test_email[case1]" time="0.005" /><testcase classname="tests.generated.email.test_email_064" name="test_email[case7]" time="0.005" /><testcase classname="tests.generated.email.test_email_137" name="test_email[case0]" time="0.005" /><testcase classname="tests.generated.email.test_email_117" name="test_email[case0]" time="0.005" /><testcase classname="tests.generated.email.test_email_129" name="test_email[case2]" time="0.005" /><testcase classname="tests.generated.email.test_email_117" name="test_email[case1]" time="0.005" /><testcase classname="tests.generated.email.test_email_142" name="test_email[case7]" time="0.006" /><testcase classname="tests.generated.email.test_email_137" name="test_email[case1]" time="0.004" /><testcase classname="tests.generated.email.test_email_064" name="test_email[case8]" time="0.007" /><testcase classname="tests.generated.email.test_email_129" name="test_email[case3]" time="0.005" /><testcase classname="tests.generated.email.test_email_117" name="test_email[case2]" time="0.005" /><testcase classname="tests.generated.email.test_email_142" name="test_email[case8]" time="0.004" /><testcase classname="tests.generated.email.test_email_137" name="test_email[case2]" time="0.004" /><testcase classname="tests.generated.email.test_email_137" name="test_email[case3]" time="0.003" /><testcase classname="tests.generated.email.test_email_142" name="test_email[case9]" time="0.004" /><testcase classname="tests.generated.email.test_email_137" name="test_email[case4]" time="0.003" /><testcase classname="tests.generated.email.test_email_137" name="test_email[case5]" time="0.003" /><testcase classname="tests.generated.email.test_email_137" name="test_email[case6]" time="0.003" /><testcase classname="tests.generated.email.test_email_137" name="test_email[case7]" time="0.003" /><testcase classname="tests.generated.email.test_email_143" name="test_email[case0]" time="0.003" /><testcase classname="tests.generated.email.test_email_137" name="test_email[case8]" time="0.003" /><testcase classname="tests.generated.email.test_email_137" name="test_email[case9]" time="0.004" /><testcase classname="tests.generated.email.test_email_143" name="test_email[case1]" time="0.003" /><testcase classname="tests.generated.email.test_email_143" name="test_email[case2]" time="0.004" /><testcase classname="tests.generated.email.test_email_138" name="test_email[case0]" time="0.006" /><testcase classname="tests.generated.email.test_email_138" name="test_email[case1]" time="0.005" /><testcase classname="tests.generated.email.test_email_138" name="test_email[case2]" time="0.003" /><testcase classname="tests.generated.email.test_email_143" name="test_email[case3]" time="0.004" /><testcase classname="tests.generated.email.test_email_143" name="test_email[case4]" time="0.005" /><testcase classname="tests.generated.email.test_email_138" name="test_email[case3]" time="0.003" /><testcase classname="tests.generated.email.test_email_143" name="test_email[case5]" time="0.003" /><testcase classname="tests.generated.email.test_email_143" name="test_email[case6]" time="0.003" /><testcase classname="tests.generated.email.test_email_143" name="test_email[case7]" time="0.003" /><testcase classname="tests.generated.email.test_email_143" name="test_email[case8]" time="0.003" /><testcase classname="tests.generated.email.test_email_138" name="test_email[case4]" time="0.003" /><testcase classname="tests.generated.email.test_email_138" name="test_email[case5]" time="0.004" /><testcase classname="tests.generated.email.test_email_143" name="test_email[case9]" time="0.003" /><testcase classname="tests.generated.email.test_email_144" name="test_email[case0]" time="0.003" /><testcase classname="tests.generated.email.test_email_144" name="test_email[case1]" time="0.003" /><testcase classname="tests.generated.email.test_email_144" name="test_email[case2]" time="0.003" /><testcase classname="tests.generated.email.test_email_144" name="test_email[case3]" time="0.004" /><testcase classname="tests.generated.email.test_email_138" name="test_email[case6]" time="0.003" /><testcase classname="tests.generated.email.test_email_138" name="test_email[case7]" time="0.003" /><testcase classname="tests.generated.email.test_email_138" name="test_email[case8]" time="0.003" /><testcase classname="tests.generated.email.test_email_138" name="test_email[case9]" time="0.003" /><testcase classname="tests.generated.email.test_email_144" name="test_email[case4]" time="0.004" /><testcase classname="tests.generated.email.test_email_139" name="test_email[case0]" time="0.005" /><testcase classname="tests.generated.email.test_email_139" name="test_email[case1]" time="0.005" /><testcase classname="tests.generated.email.test_email_144" name="test_email[case5]" time="0.004" /><testcase classname="tests.generated.email.test_email_144" name="test_email[case6]" time="0.004" /><testcase classname="tests.generated.email.test_email_139" name="test_email[case2]" time="0.007" /><testcase classname="tests.generated.email.test_email_144" name="test_email[case7]" time="0.005" /><testcase classname="tests.generated.email.test_email_144" name="test_email[case8]" time="0.004" /><testcase classname="tests.generated.email.test_email_139" name="test_email[case3]" time="0.004" /><testcase classname="tests.generated.email.test_email_139" name="test_email[case4]" time="0.067" /><testcase classname="tests.generated.email.test_email_144" name="test_email[case9]" time="0.074" /><testcase classname="tests.generated.email.test_email_078" name="test_email[case6]" time="0.011" /><testcase classname="tests.generated.email.test_email_139" name="test_email[case5]" time="0.005" /><testcase classname="tests.generated.email.test_email_152" name="test_email[case5]" time="0.004" /><testcase classname="tests.generated.email.test_email_091" name="test_email[case9]" time="0.005" /><testcase classname="tests.generated.email.test_email_145" name="test_email[case0]" time="0.008" /><testcase classname="tests.generated.email.test_email_152" name="test_email[case6]" time="0.005" /><testcase classname="tests.generated.email.test_email_139" name="test_email[case6]" time="0.006" /><testcase classname="tests.generated.email.test_email_163" name="test_email[case5]" time="0.004" /><testcase classname="tests.generated.email.test_email_152" name="test_email[case7]" time="0.006" /><testcase classname="tests.generated.email.test_email_145" name="test_email[case1]" time="0.005" /><testcase classname="tests.generated.email.test_email_163" name="test_email[case6]" time="0.006" /><testcase classname="tests.generated.email.test_email_139" name="test_email[case7]" time="0.009" /><testcase classname="tests.generated.email.test_email_145" name="test_email[case2]" time="0.008" /><testcase classname="tests.generated.email.test_email_152" name="test_email[case8]" time="0.009" /><testcase classname="tests.generated.email.test_email_163" name="test_email[case7]" time="0.004" /><testcase classname="tests.generated.email.test_email_139" name="test_email[case8]" time="0.006" /><testcase classname="tests.generated.email.test_email_163" name="test_email[case8]" time="0.010" /><testcase classname="tests.generated.email.test_email_145" name="test_email[case3]" time="0.009" /><testcase classname="tests.generated.email.test_email_139" name="test_email[case9]" time="0.007" /><testcase classname="tests.generated.email.test_email_152" name="test_email[case9]" time="0.009" /><testcase classname="tests.generated.email.test_email_163" name="test_email[case9]" time="0.010" /><testcase classname="tests.generated.email.test_email_145" name="test_email[case4]" time="0.007" /><testcase classname="tests.generated.email.test_email_140" name="test_email[case0]" time="0.007" /><testcase classname="tests.generated.email.test_email_153" name="test_email[case0]" time="0.008" /><testcase classname="tests.generated.email.test_email_145" name="test_email[case5]" time="0.008" /><testcase classname="tests.generated.email.test_email_164" name="test_email[case0]" time="0.006" /><testcase classname="tests.generated.email.test_email_164" name="test_email[case1]" time="0.006" /><testcase classname="tests.generated.email.test_email_140" name="test_email[case1]" time="0.009" /><testcase classname="tests.generated.email.test_email_153" name="test_email[case1]" time="0.007" /><testcase classname="tests.generated.email.test_email_145" name="test_email[case6]" time="0.017" /><testcase classname="tests.generated.email.test_email_140" name="test_email[case2]" time="0.008" /><testcase classname="tests.generated.email.test_email_153" name="test_email[case2]" time="0.005" /><testcase classname="tests.generated.email.test_email_064" name="test_email[case9]" time="0.006" /><testcase classname="tests.generated.email.test_email_153" name="test_email[case3]" time="0.011" /><testcase classname="tests.generated.email.test_email_164" name="test_email[case2]" time="0.016" /><testcase classname="tests.generated.orders.test_orders_008" name="test_orders[case1]" time="0.005" /><testcase classname="tests.generated.email.test_email_145" name="test_email[case7]" time="0.007" /><testcase classname="tests.generated.email.test_email_140" name="test_email[case3]" time="0.011" /><testcase classname="tests.generated.orders.test_orders_008" name="test_orders[case2]" time="0.008" /><testcase classname="tests.generated.email.test_email_164" name="test_email[case3]" time="0.005" /><testcase classname="tests.generated.email.test_email_145" name="test_email[case8]" time="0.004" /><testcase classname="tests.generated.email.test_email_153" name="test_email[case4]" time="0.011" /><testcase classname="tests.generated.email.test_email_140" name="test_email[case4]" time="0.009" /><testcase classname="tests.generated.email.test_email_164" name="test_email[case4]" time="0.009" /><testcase classname="tests.generated.email.test_email_145" name="test_email[case9]" time="0.005" /><testcase classname="tests.generated.orders.test_orders_008" name="test_orders[case3]" time="0.009" /><testcase classname="tests.generated.email.test_email_140" name="test_email[case5]" time="0.005" /><testcase classname="tests.generated.email.test_email_153" name="test_email[case5]" time="0.011" /><testcase classname="tests.generated.email.test_email_146" name="test_email[case0]" time="0.017" /><testcase classname="tests.generated.email.test_email_164" name="test_email[case5]" time="0.008" /><testcase classname="tests.generated.orders.test_orders_008" name="test_orders[case4]" time="0.011" /><testcase classname="tests.generated.email.test_email_140" name="test_email[case6]" time="0.015" /><testcase classname="tests.generated.email.test_email_104" name="test_email[case8]" time="0.004" /><testcase classname="tests.generated.email.test_email_153" name="test_email[case6]" time="0.007" /><testcase classname="tests.generated.email.test_email_164" name="test_email[case6]" time="0.011" /><testcase classname="tests.generated.orders.test_orders_018" name="test_orders[case4]" time="0.004" /><testcase classname="tests.generated.email.test_email_153" name="test_email[case7]" time="0.004" /><testcase classname="tests.generated.orders.test_orders_018" name="test_orders[case5]" time="0.006" /><testcase classname="tests.generated.email.test_email_140" name="test_email[case7]" time="0.021" /><testcase classname="tests.generated.orders.test_orders_018" name="test_orders[case6]" time="0.012" /><testcase classname="tests.generated.email.test_email_146" name="test_email[case1]" time="0.010" /><testcase classname="tests.generated.orders.test_orders_008" name="test_orders[case5]" time="0.015" /><testcase classname="tests.generated.email.test_email_153" name="test_email[case8]" time="0.005" /><testcase classname="tests.generated.email.test_email_153" name="test_email[case9]" time="0.005" /><testcase classname="tests.generated.email.test_email_164" name="test_email[case7]" time="0.012" /><testcase classname="tests.generated.email.test_email_146" name="test_email[case2]" time="0.004" /><testcase classname="tests.generated.orders.test_orders_008" name="test_orders[case6]" time="0.004" /><testcase classname="tests.generated.email.test_email_146" name="test_email[case3]" time="0.004" /><testcase classname="tests.generated.email.test_email_154" name="test_email[case0]" time="0.008" /><testcase classname="tests.generated.orders.test_orders_008" name="test_orders[case7]" time="0.005" /><testcase classname="tests.generated.email.test_email_146" name="test_email[case4]" time="0.005" /><testcase classname="tests.generated.orders.test_orders_018" name="test_orders[case7]" time="0.008" /><testcase classname="tests.generated.email.test_email_140" name="test_email[case8]" time="0.011" /><testcase classname="tests.generated.orders.test_orders_008" name="test_orders[case8]" time="0.005" /><testcase classname="tests.generated.email.test_email_164" name="test_email[case8]" time="0.008" /><testcase classname="tests.generated.email.test_email_154" name="test_email[case1]" time="0.005" /><testcase classname="tests.generated.email.test_email_140" name="test_email[case9]" time="0.009" /><testcase classname="tests.generated.orders.test_orders_008" name="test_orders[case9]" time="0.004" /><testcase classname="tests.generated.orders.test_orders_018" name="test_orders[case8]" time="0.012" /><testcase classname="tests.generated.email.test_email_154" name="test_email[case2]" time="0.006" /><testcase classname="tests.generated.email.test_email_146" name="test_email[case5]" time="0.009" /><testcase classname="tests.generated.email.test_email_164" name="test_email[case9]" time="0.010" /><testcase classname="tests.generated.orders.test_orders_009" name="test_orders[case0]" time="0.004" /><testcase classname="tests.generated.email.test_email_154" name="test_email[case3]" time="0.012" /><testcase classname="tests.generated.orders.test_orders_009" name="test_orders[case1]" time="0.004" /><testcase classname="tests.generated.orders.test_orders_018" name="test_orders[case9]" time="0.004" /><testcase classname="tests.generated.email.test_email_146" name="test_email[case6]" time="0.010" /><testcase classname="tests.generated.email.test_email_141" name="test_email[case0]" time="0.009" /><testcase classname="tests.generated.email.test_email_165" name="test_email[case0]" time="0.020" /><testcase classname="tests.generated.orders.test_orders_019" name="test_orders[case0]" time="0.006" /><testcase classname="tests.generated.orders.test_orders_009" name="test_orders[case2]" time="0.004" /><testcase classname="tests.generated.orders.test_orders_009" name="test_orders[case3]" time="0.005" /><testcase classname="tests.generated.email.test_email_154" name="test_email[case4]" time="0.013" /><testcase classname="tests.generated.email.test_email_146" name="test_email[case7]" time="0.020" /><testcase classname="tests.generated.email.test_email_117" name="test_email[case3]" time="0.006" /><testcase classname="tests.generated.orders.test_orders_028" name="test_orders[case4]" time="0.012" /><testcase classname="tests.generated.email.test_email_154" name="test_email[case5]" time="0.006" /><testcase classname="tests.generated.orders.test_orders_019" name="test_orders[case1]" time="0.010" /><testcase classname="tests.generated.email.test_email_165" name="test_email[case1]" time="0.009" /><testcase classname="tests.generated.email.test_email_154" name="test_email[case6]" time="0.010" /><testcase classname="tests.generated.orders.test_orders_009" name="test_orders[case4]" time="0.016" /><testcase classname="tests.generated.orders.test_orders_019" name="test_orders[case2]" time="0.005" /><testcase classname="tests.generated.orders.test_orders_019" name="test_orders[case3]" time="0.004" /><testcase classname="tests.generated.email.test_email_154" name="test_email[case7]" time="0.011" /><testcase classname="tests.generated.orders.test_orders_028" name="test_orders[case5]" time="0.016" /><testcase classname="tests.generated.email.test_email_165" name="test_email[case2]" time="0.009" /><testcase classname="tests.generated.email.test_email_146" name="test_email[case8]" time="0.009" /><testcase classname="tests.generated.email.test_email_165" name="test_email[case3]" time="0.005" /><testcase classname="tests.generated.orders.test_orders_019" name="test_orders[case4]" time="0.013" /><testcase classname="tests.generated.orders.test_orders_009" name="test_orders[case5]" time="0.011" /><testcase classname="tests.generated.email.test_email_146" name="test_email[case9]" time="0.005" /><testcase classname="tests.generated.orders.test_orders_028" name="test_orders[case6]" time="0.005" /><testcase classname="tests.generated.email.test_email_147" name="test_email[case0]" time="0.012" /><testcase classname="tests.generated.email.test_email_154" name="test_email[case8]" time="0.008" /><testcase classname="tests.generated.orders.test_orders_028" name="test_orders[case7]" time="0.011" /><testcase classname="tests.generated.email.test_email_165" name="test_email[case4]" time="0.007" /><testcase classname="tests.generated.orders.test_orders_019" name="test_orders[case5]" time="0.005" /><testcase classname="tests.generated.orders.test_orders_009" name="test_orders[case6]" time="0.008" /><testcase classname="tests.generated.email.test_email_147" name="test_email[case1]" time="0.018" /><testcase classname="tests.generated.orders.test_orders_019" name="test_orders[case6]" time="0.005" /><testcase classname="tests.generated.email.test_email_154" name="test_email[case9]" time="0.018" /><testcase classname="tests.generated.email.test_email_129" name="test_email[case4]" time="0.005" /><testcase classname="tests.generated.orders.test_orders_028" name="test_orders[case8]" time="0.008" /><testcase classname="tests.generated.email.test_email_165" name="test_email[case5]" time="0.011" /><testcase classname="tests.generated.orders.test_orders_019" name="test_orders[case7]" time="0.004" /><testcase classname="tests.generated.orders.test_orders_009" name="test_orders[case7]" time="0.017" /><testcase classname="tests.generated.orders.test_orders_038" name="test_orders[case1]" time="0.004" /><testcase classname="tests.generated.email.test_email_147" name="test_email[case2]" time="0.004" /><testcase classname="tests.generated.orders.test_orders_019" name="test_orders[case8]" time="0.009" /><testcase classname="tests.generated.orders.test_orders_038" name="test_orders[case2]" time="0.004" /><testcase classname="tests.generated.orders.test_orders_028" name="test_orders[case9]" time="0.007" /><testcase classname="tests.generated.email.test_email_165" name="test_email[case6]" time="0.009" /><testcase classname="tests.generated.orders.test_orders_038" name="test_orders[case3]" time="0.006" /><testcase classname="tests.generated.email.test_email_147" name="test_email[case3]" time="0.004" /><testcase classname="tests.generated.orders.test_orders_009" name="test_orders[case8]" time="0.008" /><testcase classname="tests.generated.orders.test_orders_029" name="test_orders[case0]" time="0.008" /><testcase classname="tests.generated.email.test_email_165" name="test_email[case7]" time="0.007" /><testcase classname="tests.generated.orders.test_orders_038" name="test_orders[case4]" time="0.010" /><testcase classname="tests.generated.email.test_email_147" name="test_email[case4]" time="0.013" /><testcase classname="tests.generated.orders.test_orders_019" name="test_orders[case9]" time="0.007" /><testcase classname="tests.generated.orders.test_orders_009" name="test_orders[case9]" time="0.008" /><testcase classname="tests.generated.email.test_email_155" name="test_email[case0]" time="0.005" /><testcase classname="tests.generated.orders.test_orders_029" name="test_orders[case1]" time="0.009" /><testcase classname="tests.generated.email.test_email_147" name="test_email[case5]" time="0.004" /><testcase classname="tests.generated.orders.test_orders_020" name="test_orders[case0]" time="0.011" /><testcase classname="tests.generated.email.test_email_155" name="test_email[case1]" time="0.005" /><testcase classname="tests.generated.orders.test_orders_010" name="test_orders[case0]" time="0.005" /><testcase classname="tests.generated.email.test_email_155" name="test_email[case2]" time="0.006" /><testcase classname="tests.generated.email.test_email_147" name="test_email[case6]" time="0.005" /><testcase classname="tests.generated.orders.test_orders_038" name="test_orders[case5]" time="0.011" /><testcase classname="tests.generated.email.test_email_165" name="test_email[case8]" time="0.012" /><testcase classname="tests.generated.orders.test_orders_029" name="test_orders[case2]" time="0.008" /><testcase classname="tests.generated.email.test_email_147" name="test_email[case7]" time="0.004" /><testcase classname="tests.generated.orders.test_orders_020" name="test_orders[case1]" time="0.005" /><testcase classname="tests.generated.orders.test_orders_010" name="test_orders[case1]" time="0.011" /><testcase classname="tests.generated.email.test_email_147" name="test_email[case8]" time="0.007" /><testcase classname="tests.generated.orders.test_orders_020" name="test_orders[case2]" time="0.010" /><testcase classname="tests.generated.email.test_email_155" name="test_email[case3]" time="0.016" /><testcase classname="tests.generated.email.test_email_165" name="test_email[case9]" time="0.005" /><testcase classname="tests.generated.orders.test_orders_029" name="test_orders[case3]" time="0.009" /><testcase classname="tests.generated.orders.test_orders_038" name="test_orders[case6]" time="0.019" /><testcase classname="tests.generated.email.test_email_166" name="test_email[case0]" time="0.008" /><testcase classname="tests.generated.orders.test_orders_010" name="test_orders[case2]" time="0.007" /><testcase classname="tests.generated.orders.test_orders_029" name="test_orders[case4]" time="0.004" /><testcase classname="tests.generated.email.test_email_155" name="test_email[case4]" time="0.016" /><testcase classname="tests.generated.orders.test_orders_020" name="test_orders[case3]" time="0.004" /><testcase classname="tests.generated.email.test_email_147" name="test_email[case9]" time="0.005" /><testcase classname="tests.generated.email.test_email_166" name="test_email[case1]" time="0.014" /><testcase classname="tests.generated.orders.test_orders_038" name="test_orders[case7]" time="0.004" /><testcase classname="tests.generated.orders.test_orders_020" name="test_orders[case4]" time="0.008" /><testcase classname="tests.generated.orders.test_orders_029" name="test_orders[case5]" time="0.014" /><testcase classname="tests.generated.email.test_email_148" name="test_email[case0]" time="0.005" /><testcase classname="tests.generated.orders.test_orders_038" name="test_orders[case8]" time="0.005" /><testcase classname="tests.generated.email.test_email_148" name="test_email[case1]" time="0.023" /><testcase classname="tests.generated.orders.test_orders_010" name="test_orders[case3]" time="0.016" /><testcase classname="tests.generated.orders.test_orders_020" name="test_orders[case5]" time="0.011" /><testcase classname="tests.generated.orders.test_orders_038" name="test_orders[case9]" time="0.006" /><testcase classname="tests.generated.email.test_email_166" name="test_email[case2]" time="0.018" /><testcase classname="tests.generated.email.test_email_155" name="test_email[case5]" time="0.007" /><testcase classname="tests.generated.orders.test_orders_029" name="test_orders[case6]" time="0.010" /><testcase classname="tests.generated.orders.test_orders_039" name="test_orders[case0]" time="0.006" /><testcase classname="tests.generated.orders.test_orders_029" name="test_orders[case7]" time="0.006" /><testcase classname="tests.generated.orders.test_orders_020" name="test_orders[case6]" time="0.006" /><testcase classname="tests.generated.email.test_email_155" name="test_email[case6]" time="0.015" /><testcase classname="tests.generated.orders.test_orders_039" name="test_orders[case1]" time="0.012" /><testcase classname="tests.generated.orders.test_orders_010" name="test_orders[case4]" time="0.011" /><testcase classname="tests.generated.email.test_email_166" name="test_email[case3]" time="0.012" /><testcase classname="tests.generated.email.test_email_148" name="test_email[case2]" time="0.013" /><testcase classname="tests.generated.orders.test_orders_029" name="test_orders[case8]" time="0.011" /><testcase classname="tests.generated.orders.test_orders_020" name="test_orders[case7]" time="0.016" /><testcase classname="tests.generated.email.test_email_155" name="test_email[case7]" time="0.011" /><testcase classname="tests.generated.orders.test_orders_039" name="test_orders[case2]" time="0.005" /><testcase classname="tests.generated.email.test_email_148" name="test_email[case3]" time="0.004" /><testcase classname="tests.generated.email.test_email_166" name="test_email[case4]" time="0.018" /><testcase classname="tests.generated.orders.test_orders_010" name="test_orders[case5]" time="0.012" /><testcase classname="tests.generated.orders.test_orders_039" name="test_orders[case3]" time="0.005" /><testcase classname="tests.generated.email.test_email_148" name="test_email[case4]" time="0.005" /><testcase classname="tests.generated.orders.test_orders_029" name="test_orders[case9]" time="0.005" /><testcase classname="tests.generated.orders.test_orders_020" name="test_orders[case8]" time="0.005" /><testcase classname="tests.generated.email.test_email_155" name="test_email[case8]" time="0.006" /><testcase classname="tests.generated.orders.test_orders_039" name="test_orders[case4]" time="0.005" /><testcase classname="tests.generated.email.test_email_148" name="test_email[case5]" time="0.005" /><testcase classname="tests.generated.orders.test_orders_030" name="test_orders[case0]" time="0.012" /><testcase classname="tests.generated.orders.test_orders_039" name="test_orders[case5]" time="0.007" /><testcase classname="tests.generated.orders.test_orders_020" name="test_orders[case9]" time="0.012" /><testcase classname="tests.generated.email.test_email_155" name="test_email[case9]" time="0.006" /><testcase classname="tests.generated.orders.test_orders_010" name="test_orders[case6]" time="0.013" /><testcase classname="tests.generated.email.test_email_148" name="test_email[case6]" time="0.005" /><testcase classname="tests.generated.email.test_email_166" name="test_email[case5]" time="0.013" /><testcase classname="tests.generated.orders.test_orders_030" name="test_orders[case1]" time="0.004" /><testcase classname="tests.generated.email.test_email_148" name="test_email[case7]" time="0.011" /><testcase classname="tests.generated.email.test_email_156" name="test_email[case0]" time="0.005" /><testcase classname="tests.generated.orders.test_orders_039" name="test_orders[case6]" time="0.010" /><testcase classname="tests.generated.orders.test_orders_030" name="test_orders[case2]" time="0.007" /><testcase classname="tests.generated.orders.test_orders_021" name="test_orders[case0]" time="0.008" /><testcase classname="tests.generated.orders.test_orders_010" name="test_orders[case7]" time="0.005" /><testcase classname="tests.generated.orders.test_orders_010" name="test_orders[case8]" time="0.005" /><testcase classname="tests.generated.email.test_email_156" name="test_email[case1]" time="0.007" /><testcase classname="tests.generated.email.test_email_166" name="test_email[case6]" time="0.008" /><testcase classname="tests.generated.orders.test_orders_030" name="test_orders[case3]" time="0.005" /><testcase classname="tests.generated.email.test_email_148" name="test_email[case8]" time="0.009" /><testcase classname="tests.generated.orders.test_orders_039" name="test_orders[case7]" time="0.010" /><testcase classname="tests.generated.email.test_email_156" name="test_email[case2]" time="0.005" /><testcase classname="tests.generated.orders.test_orders_030" name="test_orders[case4]" time="0.005" /><testcase classname="tests.generated.email.test_email_166" name="test_email[case7]" time="0.005" /><testcase classname="tests.generated.email.test_email_156" name="test_email[case3]" time="0.004" /><testcase classname="tests.generated.orders.test_orders_010" name="test_orders[case9]" time="0.011" /><testcase classname="tests.generated.orders.test_orders_030" name="test_orders[case5]" time="0.007" /><testcase classname="tests.generated.orders.test_orders_021" name="test_orders[case1]" time="0.015" /><testcase classname="tests.generated.email.test_email_166" name="test_email[case8]" time="0.009" /><testcase classname="tests.generated.email.test_email_156" name="test_email[case4]" time="0.011" /><testcase classname="tests.generated.orders.test_orders_039" name="test_orders[case8]" time="0.007" /><testcase classname="tests.generated.email.test_email_148" name="test_email[case9]" time="0.005" /><testcase classname="tests.generated.orders.test_orders_030" name="test_orders[case6]" time="0.005" /><testcase classname="tests.generated.email.test_email_149" name="test_email[case0]" time="0.005" /><testcase classname="tests.generated.email.test_email_166" name="test_email[case9]" time="0.006" /><testcase classname="tests.generated.orders.test_orders_030" name="test_orders[case7]" time="0.005" /><testcase classname="tests.generated.orders.test_orders_039" name="test_orders[case9]" time="0.007" /><testcase classname="tests.generated.orders.test_orders_011" name="test_orders[case0]" time="0.013" /><testcase classname="tests.generated.orders.test_orders_021" name="test_orders[case2]" time="0.006" /><testcase classname="tests.generated.email.test_email_149" name="test_email[case1]" time="0.006" /><testcase classname="tests.generated.orders.test_orders_001" name="test_orders[case0]" time="0.004" /><testcase classname="tests.generated.email.test_email_156" name="test_email[case5]" time="0.012" /><testcase classname="tests.generated.orders.test_orders_030" name="test_orders[case8]" time="0.019" /><testcase classname="tests.generated.orders.test_orders_021" name="test_orders[case3]" time="0.005" /><testcase classname="tests.generated.orders.test_orders_001" name="test_orders[case1]" time="0.014" /><testcase classname="tests.generated.orders.test_orders_040" name="test_orders[case0]" time="0.009" /><testcase classname="tests.generated.orders.test_orders_011" name="test_orders[case1]" time="0.011" /><testcase classname="tests.generated.email.test_email_156" name="test_email[case6]" time="0.004" /><testcase classname="tests.generated.orders.test_orders_021" name="test_orders[case4]" time="0.004" /><testcase classname="tests.generated.email.test_email_149" name="test_email[case2]" time="0.007" /><testcase classname="tests.generated.email.test_email_156" name="test_email[case7]" time="0.005" /><testcase classname="tests.generated.orders.test_orders_030" name="test_orders[case9]" time="0.006" /><testcase classname="tests.generated.orders.test_orders_040" name="test_orders[case1]" time="0.009" /><testcase classname="tests.generated.orders.test_orders_021" name="test_orders[case5]" time="0.015" /><testcase classname="tests.generated.email.test_email_149" name="test_email[case3]" time="0.004" /><testcase classname="tests.generated.email.test_email_156" name="test_email[case8]" time="0.005" /><testcase classname="tests.generated.orders.test_orders_031" name="test_orders[case0]" time="0.005" /><testcase classname="tests.generated.email.test_email_156" name="test_email[case9]" time="0.007" /><testcase classname="tests.generated.orders.test_orders_040" name="test_orders[case2]" time="0.004" /><testcase classname="tests.generated.email.test_email_149" name="test_email[case4]" time="0.015" /><testcase classname="tests.generated.orders.test_orders_040" name="test_orders[case3]" time="0.006" /><testcase classname="tests.generated.orders.test_orders_001" name="test_orders[case2]" time="0.012" /><testcase classname="tests.generated.orders.test_orders_031" name="test_orders[case1]" time="0.018" /><testcase classname="tests.generated.orders.test_orders_021" name="test_orders[case6]" time="0.009" /><testcase classname="tests.generated.orders.test_orders_011" name="test_orders[case2]" time="0.016" /><testcase classname="tests.generated.orders.test_orders_040" name="test_orders[case4]" time="0.021" /><testcase classname="tests.generated.email.test_email_157" name="test_email[case0]" time="0.004" /><testcase classname="tests.generated.orders.test_orders_001" name="test_orders[case3]" time="0.009" /><testcase classname="tests.generated.email.test_email_149" name="test_email[case5]" time="0.005" /><testcase classname="tests.generated.email.test_email_157" name="test_email[case1]" time="0.005" /><testcase classname="tests.generated.orders.test_orders_021" name="test_orders[case7]" time="0.005" /><testcase classname="tests.generated.email.test_email_149" name="test_email[case6]" time="0.005" /><testcase classname="tests.generated.orders.test_orders_011" name="test_orders[case3]" time="0.009" /><testcase classname="tests.generated.email.test_email_157" name="test_email[case2]" time="0.006" /><testcase classname="tests.generated.orders.test_orders_021" name="test_orders[case8]" time="0.005" /><testcase classname="tests.generated.email.test_email_149" name="test_email[case7]" time="0.004" /><testcase classname="tests.generated.orders.test_orders_031" name="test_orders[case2]" time="0.009" /><testcase classname="tests.generated.orders.test_orders_021" name="test_orders[case9]" time="0.005" /><testcase classname="tests.generated.orders.test_orders_011" name="test_orders[case4]" time="0.007" /><testcase classname="tests.generated.orders.test_orders_040" name="test_orders[case5]" time="0.012" /><testcase classname="tests.generated.email.test_email_157" name="test_email[case3]" time="0.011" /><testcase classname="tests.generated.orders.test_orders_001" name="test_orders[case4]" time="0.017" /><testcase classname="tests.generated.email.test_email_149" name="test_email[case8]" time="0.010" /><testcase classname="tests.generated.orders.test_orders_022" name="test_orders[case0]" time="0.004" /><testcase classname="tests.generated.orders.test_orders_031" name="test_orders[case3]" time="0.011" /><testcase classname="tests.generated.orders.test_orders_011" name="test_orders[case5]" time="0.007" /><testcase classname="tests.generated.orders.test_orders_040" name="test_orders[case6]" time="0.008" /><testcase classname="tests.generated.orders.test_orders_022" name="test_orders[case1]" time="0.006" /><testcase classname="tests.generated.orders.test_orders_001" name="test_orders[case5]" time="0.008" /><testcase classname="tests.generated.orders.test_orders_031" name="test_orders[case4]" time="0.007" /><testcase classname="tests.generated.email.test_email_149" name="test_email[case9]" time="0.014" /><testcase classname="tests.generated.orders.test_orders_011" name="test_orders[case6]" time="0.005" /><testcase classname="tests.generated.orders.test_orders_022" name="test_orders[case2]" time="0.010" /><testcase classname="tests.generated.email.test_email_157" name="test_email[case4]" time="0.005" /><testcase classname="tests.generated.orders.test_orders_011" name="test_orders[case7]" time="0.010" /><testcase classname="tests.generated.orders.test_orders_031" name="test_orders[case5]" time="0.004" /><testcase classname="tests.generated.email.test_email_157" name="test_email[case5]" time="0.005" /><testcase classname="tests.generated.orders.test_orders_001" name="test_orders[case6]" time="0.010" /><testcase classname="tests.generated.orders.test_orders_031" name="test_orders[case6]" time="0.005" /><testcase classname="tests.generated.orders.test_orders_040" name="test_orders[case7]" time="0.012" /><testcase classname="tests.generated.orders.test_orders_031" name="test_orders[case7]" time="0.005" /><testcase classname="tests.generated.email.test_email_150" name="test_email[case0]" time="0.011" /><testcase classname="tests.generated.orders.test_orders_022" name="test_orders[case3]" time="0.015" /><testcase classname="tests.generated.email.test_email_157" name="test_email[case6]" time="0.008" /><testcase classname="tests.generated.orders.test_orders_011" name="test_orders[case8]" time="0.005" /><testcase classname="tests.generated.orders.test_orders_031" name="test_orders[case8]" time="0.011" /><testcase classname="tests.generated.orders.test_orders_001" name="test_orders[case7]" time="0.009" /><testcase classname="tests.generated.orders.test_orders_011" name="test_orders[case9]" time="0.005" /><testcase classname="tests.generated.email.test_email_157" name="test_email[case7]" time="0.004" /><testcase classname="tests.generated.orders.test_orders_040" name="test_orders[case8]" time="0.007" /><testcase classname="tests.generated.email.test_email_150" name="test_email[case1]" time="0.010" /><testcase classname="tests.generated.orders.test_orders_012" name="test_orders[case0]" time="0.005" /><testcase classname="tests.generated.orders.test_orders_040" name="test_orders[case9]" time="0.005" /><testcase classname="tests.generated.orders.test_orders_001" name="test_orders[case8]" time="0.004" /><testcase classname="tests.generated.email.test_email_157" name="test_email[case8]" time="0.004" /><testcase classname="tests.generated.orders.test_orders_031" name="test_orders[case9]" time="0.015" /><testcase classname="tests.generated.email.test_email_157" name="test_email[case9]" time="0.008" /><testcase classname="tests.generated.orders.test_orders_022" name="test_orders[case4]" time="0.016" /><testcase classname="tests.generated.orders.test_orders_001" name="test_orders[case9]" time="0.008" /><testcase classname="tests.generated.orders.test_orders_012" name="test_orders[case1]" time="0.005" /><testcase classname="tests.generated.email.test_email_150" name="test_email[case2]" time="0.013" /><testcase classname="tests.generated.orders.test_orders_012" name="test_orders[case2]" time="0.006" /><testcase classname="tests.generated.orders.test_orders_022" name="test_orders[case5]" time="0.007" /><testcase classname="tests.generated.orders.test_orders_041" name="test_orders[case0]" time="0.009" /><testcase classname="tests.generated.email.test_email_158" name="test_email[case0]" time="0.007" /><testcase classname="tests.generated.orders.test_orders_002" name="test_orders[case0]" time="0.009" /><testcase classname="tests.generated.orders.test_orders_032" name="test_orders[case0]" time="0.015" /><testcase classname="tests.generated.orders.test_orders_022" name="test_orders[case6]" time="0.004" /><testcase classname="tests.generated.orders.test_orders_041" name="test_orders[case1]" time="0.006" /><testcase classname="tests.generated.orders.test_orders_012" name="test_orders[case3]" time="0.007" /><testcase classname="tests.generated.email.test_email_150" name="test_email[case3]" time="0.015" /><testcase classname="tests.generated.email.test_email_158" name="test_email[case1]" time="0.009" /><testcase classname="tests.generated.orders.test_orders_022" name="test_orders[case7]" time="0.004" /><testcase classname="tests.generated.orders.test_orders_022" name="test_orders[case8]" time="0.005" /><testcase classname="tests.generated.orders.test_orders_002" name="test_orders[case1]" time="0.005" /><testcase classname="tests.generated.orders.test_orders_041" name="test_orders[case2]" time="0.007" /><testcase classname="tests.generated.orders.test_orders_012" name="test_orders[case4]" time="0.022" /><testcase classname="tests.generated.email.test_email_158" name="test_email[case2]" time="0.005" /><testcase classname="tests.generated.orders.test_orders_022" name="test_orders[case9]" time="0.004" /><testcase classname="tests.generated.orders.test_orders_002" name="test_orders[case2]" time="0.010" /><testcase classname="tests.generated.orders.test_orders_023" name="test_orders[case0]" time="0.007" /><testcase classname="tests.generated.email.test_email_158" name="test_email[case3]" time="0.006" /><testcase classname="tests.generated.orders.test_orders_041" name="test_orders[case3]" time="0.015" /><testcase classname="tests.generated.orders.test_orders_032" name="test_orders[case1]" time="0.021" /><testcase classname="tests.generated.email.test_email_158" name="test_email[case4]" time="0.017" /><testcase classname="tests.generated.orders.test_orders_023" name="test_orders[case1]" time="0.006" /><testcase classname="tests.generated.orders.test_orders_023" name="test_orders[case2]" time="0.006" /><testcase classname="tests.generated.orders.test_orders_041" name="test_orders[case4]" time="0.013" /><testcase classname="tests.generated.orders.test_orders_002" name="test_orders[case3]" time="0.022" /><testcase classname="tests.generated.email.test_email_150" name="test_email[case4]" time="0.026" /><testcase classname="tests.generated.orders.test_orders_012" name="test_orders[case5]" time="0.007" /><testcase classname="tests.generated.email.test_email_158" name="test_email[case5]" time="0.009" /><testcase classname="tests.generated.orders.test_orders_023" name="test_orders[case3]" time="0.006" /><testcase classname="tests.generated.orders.test_orders_032" name="test_orders[case2]" time="0.006" /><testcase classname="tests.generated.email.test_email_150" name="test_email[case5]" time="0.006" /><testcase classname="tests.generated.orders.test_orders_041" name="test_orders[case5]" time="0.012" /><testcase classname="tests.generated.orders.test_orders_002" name="test_orders[case4]" time="0.010" /><testcase classname="tests.generated.orders.test_orders_012" name="test_orders[case6]" time="0.018" /><testcase classname="tests.generated.orders.test_orders_032" name="test_orders[case3]" time="0.009" /><testcase classname="tests.generated.orders.test_orders_041" name="test_orders[case6]" time="0.004" /><testcase classname="tests.generated.email.test_email_158" name="test_email[case6]" time="0.005" /><testcase classname="tests.generated.orders.test_orders_023" name="test_orders[case4]" time="0.008" /><testcase classname="tests.generated.orders.test_orders_002" name="test_orders[case5]" time="0.011" /><testcase classname="tests.generated.orders.test_orders_041" name="test_orders[case7]" time="0.005" /><testcase classname="tests.generated.email.test_email_150" name="test_email[case6]" time="0.013" /><testcase classname="tests.generated.email.test_email_158" name="test_email[case7]" time="0.008" /><testcase classname="tests.generated.orders.test_orders_012" name="test_orders[case7]" time="0.005" /><testcase classname="tests.generated.orders.test_orders_041" name="test_orders[case8]" time="0.012" /><testcase classname="tests.generated.orders.test_orders_023" name="test_orders[case5]" time="0.010" /><testcase classname="tests.generated.orders.test_orders_032" name="test_orders[case4]" time="0.009" /><testcase classname="tests.generated.email.test_email_150" name="test_email[case7]" time="0.004" /><testcase classname="tests.generated.orders.test_orders_002" name="test_orders[case6]" time="0.006" /><testcase classname="tests.generated.orders.test_orders_012" name="test_orders[case8]" time="0.006" /><testcase classname="tests.generated.email.test_email_158" name="test_email[case8]" time="0.016" /><testcase classname="tests.generated.email.test_email_150" name="test_email[case8]" time="0.017" /><testcase classname="tests.generated.orders.test_orders_002" name="test_orders[case7]" time="0.005" /><testcase classname="tests.generated.orders.test_orders_032" name="test_orders[case5]" time="0.005" /><testcase classname="tests.generated.orders.test_orders_012" name="test_orders[case9]" time="0.005" /><testcase classname="tests.generated.orders.test_orders_023" name="test_orders[case6]" time="0.008" /><testcase classname="tests.generated.orders.test_orders_032" name="test_orders[case6]" time="0.004" /><testcase classname="tests.generated.orders.test_orders_041" name="test_orders[case9]" time="0.010" /><testcase classname="tests.generated.email.test_email_158" name="test_email[case9]" time="0.007" /><testcase classname="tests.generated.orders.test_orders_002" name="test_orders[case8]" time="0.008" /><testcase classname="tests.generated.orders.test_orders_032" name="test_orders[case7]" time="0.005" /><testcase classname="tests.generated.orders.test_orders_013" name="test_orders[case0]" time="0.016" /><testcase classname="tests.generated.email.test_email_150" name="test_email[case9]" time="0.007" /><testcase classname="tests.generated.orders.test_orders_023" name="test_orders[case7]" time="0.009" /><testcase classname="tests.generated.orders.test_orders_002" name="test_orders[case9]" time="0.008" /><testcase classname="tests.generated.orders.test_orders_032" name="test_orders[case8]" time="0.005" /><testcase classname="tests.generated.orders.test_orders_042" name="test_orders[case0]" time="0.010" /><testcase classname="tests.generated.email.test_email_151" name="test_email[case0]" time="0.004" /><testcase classname="tests.generated.orders.test_orders_032" name="test_orders[case9]" time="0.005" /><testcase classname="tests.generated.email.test_email_151" name="test_email[case1]" time="0.004" /><testcase classname="tests.generated.email.test_email_159" name="test_email[case0]" time="0.009" /><testcase classname="tests.generated.orders.test_orders_023" name="test_orders[case8]" time="0.018" /><testcase classname="tests.generated.orders.test_orders_003" name="test_orders[case0]" time="0.010" /><testcase classname="tests.generated.orders.test_orders_033" name="test_orders[case0]" time="0.004" /><testcase classname="tests.generated.orders.test_orders_042" name="test_orders[case1]" time="0.008" /><testcase classname="tests.generated.orders.test_orders_013" name="test_orders[case1]" time="0.007" /><testcase classname="tests.generated.email.test_email_151" name="test_email[case2]" time="0.007" /><testcase classname="tests.generated.email.test_email_159" name="test_email[case1]" time="0.005" /><testcase classname="tests.generated.orders.test_orders_042" name="test_orders[case2]" time="0.006" /><testcase classname="tests.generated.orders.test_orders_033" name="test_orders[case1]" time="0.006" /><testcase classname="tests.generated.email.test_email_151" name="test_email[case3]" time="0.017" /><testcase classname="tests.generated.orders.test_orders_003" name="test_orders[case1]" time="0.011" /><testcase classname="tests.generated.orders.test_orders_013" name="test_orders[case2]" time="0.007" /><testcase classname="tests.generated.orders.test_orders_023" name="test_orders[case9]" time="0.008" /><testcase classname="tests.generated.orders.test_orders_033" name="test_orders[case2]" time="0.005" /><testcase classname="tests.generated.orders.test_orders_042" name="test_orders[case3]" time="0.005" /><testcase classname="tests.generated.email.test_email_159" name="test_email[case2]" time="0.015" /><testcase classname="tests.generated.orders.test_orders_013" name="test_orders[case3]" time="0.005" /><testcase classname="tests.generated.orders.test_orders_024" name="test_orders[case0]" time="0.005" /><testcase classname="tests.generated.email.test_email_151" name="test_email[case4]" time="0.007" /><testcase classname="tests.generated.orders.test_orders_042" name="test_orders[case4]" time="0.008" /><testcase classname="tests.generated.orders.test_orders_033" name="test_orders[case3]" time="0.004" /><testcase classname="tests.generated.orders.test_orders_033" name="test_orders[case4]" time="0.004" /><testcase classname="tests.generated.orders.test_orders_003" name="test_orders[case2]" time="0.017" /><testcase classname="tests.generated.email.test_email_159" name="test_email[case3]" time="0.021" /><testcase classname="tests.generated.orders.test_orders_013" name="test_orders[case4]" time="0.007" /><testcase classname="tests.generated.orders.test_orders_042" name="test_orders[case5]" time="0.025" /><testcase classname="tests.generated.orders.test_orders_003" name="test_orders[case3]" time="0.005" /><testcase classname="tests.generated.orders.test_orders_013" name="test_orders[case5]" time="0.016" /><testcase classname="tests.generated.orders.test_orders_024" name="test_orders[case1]" time="0.004" /><testcase classname="tests.generated.orders.test_orders_024" name="test_orders[case2]" time="0.004" /><testcase classname="tests.generated.email.test_email_141" name="test_email[case1]" time="0.004" /><testcase classname="tests.generated.orders.test_orders_033" name="test_orders[case5]" time="0.005" /><testcase classname="tests.generated.orders.test_orders_003" name="test_orders[case4]" time="0.035" /><testcase classname="tests.generated.orders.test_orders_024" name="test_orders[case3]" time="0.004" /><testcase classname="tests.generated.orders.test_orders_047" name="test_orders[case5]" time="0.005" /><testcase classname="tests.generated.orders.test_orders_033" name="test_orders[case6]" time="0.005" /><testcase classname="tests.generated.orders.test_orders_033" name="test_orders[case7]" time="0.012" /><testcase classname="tests.generated.email.test_email_151" name="test_email[case5]" time="0.023" /><testcase classname="tests.generated.email.test_email_159" name="test_email[case4]" time="0.010" /><testcase classname="tests.generated.orders.test_orders_024" name="test_orders[case4]" time="0.009" /><testcase classname="tests.generated.orders.test_orders_047" name="test_orders[case6]" time="0.007" /><testcase classname="tests.generated.orders.test_orders_042" name="test_orders[case6]" time="0.005" /><testcase classname="tests.generated.orders.test_orders_033" name="test_orders[case8]" time="0.007" /><testcase classname="tests.generated.email.test_email_159" name="test_email[case5]" time="0.006" /><testcase classname="tests.generated.orders.test_orders_047" name="test_orders[case7]" time="0.005" /><testcase classname="tests.generated.orders.test_orders_042" name="test_orders[case7]" time="0.006" /><testcase classname="tests.generated.orders.test_orders_013" name="test_orders[case6]" time="0.023" /><testcase classname="tests.generated.orders.test_orders_047" name="test_orders[case8]" time="0.006" /><testcase classname="tests.generated.email.test_email_159" name="test_email[case6]" time="0.005" /><testcase classname="tests.generated.orders.test_orders_033" name="test_orders[case9]" time="0.006" /><testcase classname="tests.generated.orders.test_orders_003" name="test_orders[case5]" time="0.004" /><testcase classname="tests.generated.email.test_email_151" name="test_email[case6]" time="0.012" /><testcase classname="tests.generated.orders.test_orders_042" name="test_orders[case8]" time="0.027" /><testcase classname="tests.generated.orders.test_orders_024" name="test_orders[case5]" time="0.013" /><testcase classname="tests.generated.orders.test_orders_003" name="test_orders[case6]" time="0.005" /><testcase classname="tests.generated.email.test_email_159" name="test_email[case7]" time="0.011" /><testcase classname="tests.generated.orders.test_orders_034" name="test_orders[case0]" time="0.010" /><testcase classname="tests.generated.orders.test_orders_003" name="test_orders[case7]" time="0.004" /><testcase classname="tests.generated.email.test_email_159" name="test_email[case8]" time="0.005" /><testcase classname="tests.generated.orders.test_orders_047" name="test_orders[case9]" time="0.005" /><testcase classname="tests.generated.orders.test_orders_024" name="test_orders[case6]" time="0.006" /><testcase classname="tests.generated.orders.test_orders_013" name="test_orders[case7]" time="0.012" /><testcase classname="tests.generated.orders.test_orders_024" name="test_orders[case7]" time="0.004" /><testcase classname="tests.generated.email.test_email_159" name="test_email[case9]" time="0.005" /><testcase classname="tests.generated.orders.test_orders_003" name="test_orders[case8]" time="0.008" /><testcase classname="tests.generated.orders.test_orders_048" name="test_orders[case0]" time="0.005" /><testcase classname="tests.generated.email.test_email_151" name="test_email[case7]" time="0.015" /><testcase classname="tests.generated.email.test_email_160" name="test_email[case0]" time="0.004" /><testcase classname="tests.generated.orders.test_orders_034" name="test_orders[case1]" time="0.007" /><testcase classname="tests.generated.orders.test_orders_024" name="test_orders[case8]" time="0.011" /><testcase classname="tests.generated.orders.test_orders_042" name="test_orders[case9]" time="0.010" /><testcase classname="tests.generated.orders.test_orders_013" name="test_orders[case8]" time="0.015" /><testcase classname="tests.generated.orders.test_orders_003" name="test_orders[case9]" time="0.005" /><testcase classname="tests.generated.orders.test_orders_048" name="test_orders[case1]" time="0.007" /><testcase classname="tests.generated.email.test_email_160" name="test_email[case1]" time="0.009" /><testcase classname="tests.generated.orders.test_orders_043" name="test_orders[case0]" time="0.004" /><testcase classname="tests.generated.email.test_email_151" name="test_email[case8]" time="0.007" /><testcase classname="tests.generated.orders.test_orders_034" name="test_orders[case2]" time="0.010" /><testcase classname="tests.generated.orders.test_orders_004" name="test_orders[case0]" time="0.005" /><testcase classname="tests.generated.orders.test_orders_024" name="test_orders[case9]" time="0.010" /><testcase classname="tests.generated.orders.test_orders_048" name="test_orders[case2]" time="0.012" /><testcase classname="tests.generated.orders.test_orders_004" name="test_orders[case1]" time="0.014" /><testcase classname="tests.generated.orders.test_orders_043" name="test_orders[case1]" time="0.005" /><testcase classname="tests.generated.email.test_email_151" name="test_email[case9]" time="0.007" /><testcase classname="tests.generated.email.test_email_160" name="test_email[case2]" time="0.006" /><testcase classname="tests.generated.orders.test_orders_025" name="test_orders[case0]" time="0.007" /><testcase classname="tests.generated.orders.test_orders_034" name="test_orders[case3]" time="0.004" /><testcase classname="tests.generated.orders.test_orders_043" name="test_orders[case2]" time="0.009" /><testcase classname="tests.generated.orders.test_orders_013" name="test_orders[case9]" time="0.005" /><testcase classname="tests.generated.email.test_email_152" name="test_email[case0]" time="0.005" /><testcase classname="tests.generated.orders.test_orders_034" name="test_orders[case4]" time="0.006" /><testcase classname="tests.generated.orders.test_orders_048" name="test_orders[case3]" time="0.004" /><testcase classname="tests.generated.orders.test_orders_014" name="test_orders[case0]" time="0.007" /><testcase classname="tests.generated.orders.test_orders_048" name="test_orders[case4]" time="0.015" /><testcase classname="tests.generated.orders.test_orders_034" name="test_orders[case5]" time="0.010" /><testcase classname="tests.generated.orders.test_orders_004" name="test_orders[case2]" time="0.010" /><testcase classname="tests.generated.email.test_email_160" name="test_email[case3]" time="0.009" /><testcase classname="tests.generated.orders.test_orders_025" name="test_orders[case1]" time="0.005" /><testcase classname="tests.generated.email.test_email_152" name="test_email[case1]" time="0.004" /><testcase classname="tests.generated.orders.test_orders_043" name="test_orders[case3]" time="0.004" /><testcase classname="tests.generated.orders.test_orders_025" name="test_orders[case2]" time="0.004" /><testcase classname="tests.generated.orders.test_orders_014" name="test_orders[case1]" time="0.004" /><testcase classname="tests.generated.orders.test_orders_043" name="test_orders[case4]" time="0.007" /><testcase classname="tests.generated.orders.test_orders_025" name="test_orders[case3]" time="0.007" /><testcase classname="tests.generated.orders.test_orders_014" name="test_orders[case2]" time="0.004" /><testcase classname="tests.generated.email.test_email_160" name="test_email[case4]" time="0.008" /><testcase classname="tests.generated.orders.test_orders_048" name="test_orders[case5]" time="0.005" /><testcase classname="tests.generated.orders.test_orders_034" name="test_orders[case6]" time="0.010" /><testcase classname="tests.generated.email.test_email_152" name="test_email[case2]" time="0.006" /><testcase classname="tests.generated.orders.test_orders_014" name="test_orders[case3]" time="0.004" /><testcase classname="tests.generated.orders.test_orders_043" name="test_orders[case5]" time="0.005" /><testcase classname="tests.generated.orders.test_orders_014" name="test_orders[case4]" time="0.010" /><testcase classname="tests.generated.orders.test_orders_004" name="test_orders[case3]" time="0.011" /><testcase classname="tests.generated.orders.test_orders_043" name="test_orders[case6]" time="0.005" /><testcase classname="tests.generated.orders.test_orders_025" name="test_orders[case4]" time="0.008" /><testcase classname="tests.generated.email.test_email_152" name="test_email[case3]" time="0.007" /><testcase classname="tests.generated.email.test_email_160" name="test_email[case5]" time="0.009" /><testcase classname="tests.generated.orders.test_orders_048" name="test_orders[case6]" time="0.004" /><testcase classname="tests.generated.orders.test_orders_048" name="test_orders[case7]" time="0.004" /><testcase classname="tests.generated.orders.test_orders_004" name="test_orders[case4]" time="0.005" /><testcase classname="tests.generated.orders.test_orders_025" name="test_orders[case5]" time="0.006" /><testcase classname="tests.generated.orders.test_orders_034" name="test_orders[case7]" time="0.006" /><testcase classname="tests.generated.orders.test_orders_043" name="test_orders[case7]" time="0.005" /><testcase classname="tests.generated.orders.test_orders_014" name="test_orders[case5]" time="0.007" /><testcase classname="tests.generated.orders.test_orders_048" name="test_orders[case8]" time="0.005" /><testcase classname="tests.generated.orders.test_orders_004" name="test_orders[case5]" time="0.008" /><testcase classname="tests.generated.orders.test_orders_043" name="test_orders[case8]" time="0.006" /><testcase classname="tests.generated.orders.test_orders_025" name="test_orders[case6]" time="0.005" /><testcase classname="tests.generated.orders.test_orders_048" name="test_orders[case9]" time="0.007" /><testcase classname="tests.generated.orders.test_orders_043" name="test_orders[case9]" time="0.068" /><testcase classname="tests.generated.email.test_email_160" name="test_email[case6]" time="0.074" /><testcase classname="tests.generated.orders.test_orders_014" name="test_orders[case6]" time="0.004" /><testcase classname="tests.generated.orders.test_orders_034" name="test_orders[case8]" time="0.072" /><testcase classname="tests.generated.orders.test_orders_014" name="test_orders[case7]" time="0.064" /><testcase classname="tests.generated.orders.test_orders_025" name="test_orders[case7]" time="0.062" /><testcase classname="tests.generated.orders.test_orders_004" name="test_orders[case6]" time="0.053" /><testcase classname="tests.generated.orders.test_orders_049" name="test_orders[case0]" time="0.011" /><testcase classname="tests.generated.orders.test_orders_044" name="test_orders[case0]" time="0.005" /><testcase classname="tests.generated.orders.test_orders_004" name="test_orders[case7]" time="0.004" /><testcase classname="tests.generated.orders.test_orders_014" name="test_orders[case8]" time="0.005" /><testcase classname="tests.generated.orders.test_orders_034" name="test_orders[case9]" time="0.009" /><testcase classname="tests.generated.orders.test_orders_025" name="test_orders[case8]" time="0.005" /><testcase classname="tests.generated.orders.test_orders_014" name="test_orders[case9]" time="0.006" /><testcase classname="tests.generated.orders.test_orders_044" name="test_orders[case1]" time="0.005" /><testcase classname="tests.generated.email.test_email_160" name="test_email[case7]" time="0.010" /><testcase classname="tests.generated.orders.test_orders_004" name="test_orders[case8]" time="0.011" /><testcase classname="tests.generated.orders.test_orders_035" name="test_orders[case0]" time="0.009" /><testcase classname="tests.generated.orders.test_orders_044" name="test_orders[case2]" time="0.005" /><testcase classname="tests.generated.orders.test_orders_025" name="test_orders[case9]" time="0.005" /><testcase classname="tests.generated.email.test_email_160" name="test_email[case8]" time="0.004" /><testcase classname="tests.generated.orders.test_orders_015" name="test_orders[case0]" time="0.005" /><testcase classname="tests.generated.orders.test_orders_049" name="test_orders[case1]" time="0.009" /><testcase classname="tests.generated.orders.test_orders_026" name="test_orders[case0]" time="0.005" /><testcase classname="tests.generated.orders.test_orders_044" name="test_orders[case3]" time="0.005" /><testcase classname="tests.generated.orders.test_orders_015" name="test_orders[case1]" time="0.006" /><testcase classname="tests.generated.orders.test_orders_004" name="test_orders[case9]" time="0.006" /><testcase classname="tests.generated.orders.test_orders_026" name="test_orders[case1]" time="0.004" /><testcase classname="tests.generated.orders.test_orders_035" name="test_orders[case1]" time="0.006" /><testcase classname="tests.generated.email.test_email_160" name="test_email[case9]" time="0.005" /><testcase classname="tests.generated.orders.test_orders_049" name="test_orders[case2]" time="0.012" /><testcase classname="tests.generated.email.test_email_161" name="test_email[case0]" time="0.004" /><testcase classname="tests.generated.orders.test_orders_015" name="test_orders[case2]" time="0.010" /><testcase classname="tests.generated.orders.test_orders_005" name="test_orders[case0]" time="0.006" /><testcase classname="tests.generated.orders.test_orders_035" name="test_orders[case2]" time="0.005" /><testcase classname="tests.generated.orders.test_orders_026" name="test_orders[case2]" time="0.006" /><testcase classname="tests.generated.orders.test_orders_044" name="test_orders[case4]" time="0.007" /><testcase classname="tests.generated.email.test_email_161" name="test_email[case1]" time="0.004" /><testcase classname="tests.generated.orders.test_orders_005" name="test_orders[case1]" time="0.005" /><testcase classname="tests.generated.orders.test_orders_026" name="test_orders[case3]" time="0.004" /><testcase classname="tests.generated.email.test_email_161" name="test_email[case2]" time="0.004" /><testcase classname="tests.generated.orders.test_orders_035" name="test_orders[case3]" time="0.008" /><testcase classname="tests.generated.orders.test_orders_049" name="test_orders[case3]" time="0.006" /><testcase classname="tests.generated.orders.test_orders_044" name="test_orders[case5]" time="0.010" /><testcase classname="tests.generated.orders.test_orders_015" name="test_orders[case3]" time="0.010" /><testcase classname="tests.generated.email.test_email_161" name="test_email[case3]" time="0.004" /><testcase classname="tests.generated.orders.test_orders_005" name="test_orders[case2]" time="0.004" /><testcase classname="tests.generated.orders.test_orders_026" name="test_orders[case4]" time="0.007" /><testcase classname="tests.generated.orders.test_orders_035" name="test_orders[case4]" time="0.010" /><testcase classname="tests.generated.orders.test_orders_005" name="test_orders[case3]" time="0.004" /><testcase classname="tests.generated.orders.test_orders_049" name="test_orders[case4]" time="0.011" /><testcase classname="tests.generated.orders.test_orders_026" name="test_orders[case5]" time="0.007" /><testcase classname="tests.generated.orders.test_orders_015" name="test_orders[case4]" time="0.005" /><testcase classname="tests.generated.email.test_email_161" name="test_email[case4]" time="0.005" /><testcase classname="tests.generated.orders.test_orders_005" name="test_orders[case4]" time="0.005" /><testcase classname="tests.generated.orders.test_orders_044" name="test_orders[case6]" time="0.008" /><testcase classname="tests.generated.email.test_email_161" name="test_email[case5]" time="0.005" /><testcase classname="tests.generated.orders.test_orders_015" name="test_orders[case5]" time="0.005" /><testcase classname="tests.generated.orders.test_orders_049" name="test_orders[case5]" time="0.004" /><testcase classname="tests.generated.orders.test_orders_044" name="test_orders[case7]" time="0.007" /><testcase classname="tests.generated.orders.test_orders_026" name="test_orders[case6]" time="0.006" /><testcase classname="tests.generated.orders.test_orders_005" name="test_orders[case5]" time="0.008" /><testcase classname="tests.generated.orders.test_orders_035" name="test_orders[case5]" time="0.010" /><testcase classname="tests.generated.email.test_email_161" name="test_email[case6]" time="0.008" /><testcase classname="tests.generated.orders.test_orders_026" name="test_orders[case7]" time="0.004" /><testcase classname="tests.generated.orders.test_orders_015" name="test_orders[case6]" time="0.005" /><testcase classname="tests.generated.orders.test_orders_049" name="test_orders[case6]" time="0.007" /><testcase classname="tests.generated.orders.test_orders_044" name="test_orders[case8]" time="0.006" /><testcase classname="tests.generated.orders.test_orders_026" name="test_orders[case8]" time="0.005" /><testcase classname="tests.generated.orders.test_orders_005" name="test_orders[case6]" time="0.007" /><testcase classname="tests.generated.orders.test_orders_035" name="test_orders[case6]" time="0.010" /><testcase classname="tests.generated.orders.test_orders_049" name="test_orders[case7]" time="0.004" /><testcase classname="tests.generated.email.test_email_161" name="test_email[case7]" time="0.007" /><testcase classname="tests.generated.orders.test_orders_015" name="test_orders[case7]" time="0.006" /><testcase classname="tests.generated.orders.test_orders_005" name="test_orders[case7]" time="0.006" /><testcase classname="tests.generated.orders.test_orders_035" name="test_orders[case7]" time="0.005" /><testcase classname="tests.generated.orders.test_orders_026" name="test_orders[case9]" time="0.014" /><testcase classname="tests.generated.orders.test_orders_049" name="test_orders[case8]" time="0.005" /><testcase classname="tests.generated.orders.test_orders_015" name="test_orders[case8]" time="0.005" /><testcase classname="tests.generated.orders.test_orders_044" name="test_orders[case9]" time="0.005" /><testcase classname="tests.generated.email.test_email_161" name="test_email[case8]" time="0.011" /><testcase classname="tests.generated.orders.test_orders_045" name="test_orders[case0]" time="0.004" /><testcase classname="tests.generated.orders.test_orders_035" name="test_orders[case8]" time="0.004" /><testcase classname="tests.generated.orders.test_orders_015" name="test_orders[case9]" time="0.006" /><testcase classname="tests.generated.orders.test_orders_027" name="test_orders[case0]" time="0.007" /><testcase classname="tests.generated.orders.test_orders_049" name="test_orders[case9]" time="0.007" /><testcase classname="tests.generated.orders.test_orders_005" name="test_orders[case8]" time="0.007" /><testcase classname="tests.generated.orders.test_orders_045" name="test_orders[case1]" time="0.005" /><testcase classname="tests.generated.orders.test_orders_035" name="test_orders[case9]" time="0.004" /><testcase classname="tests.generated.email.test_email_161" name="test_email[case9]" time="0.011" /><testcase classname="tests.generated.orders.test_orders_050" name="test_orders[case0]" time="0.004" /><testcase classname="tests.generated.orders.test_orders_005" name="test_orders[case9]" time="0.012" /><testcase classname="tests.generated.orders.test_orders_045" name="test_orders[case2]" time="0.017" /><testcase classname="tests.generated.orders.test_orders_027" name="test_orders[case1]" time="0.005" /><testcase classname="tests.generated.orders.test_orders_016" name="test_orders[case0]" time="0.019" /><testcase classname="tests.generated.orders.test_orders_036" name="test_orders[case0]" time="0.005" /><testcase classname="tests.generated.orders.test_orders_050" name="test_orders[case1]" time="0.005" /><testcase classname="tests.generated.orders.test_orders_036" name="test_orders[case1]" time="0.007" /><testcase classname="tests.generated.orders.test_orders_006" name="test_orders[case0]" time="0.005" /><testcase classname="tests.generated.orders.test_orders_027" name="test_orders[case2]" time="0.008" /><testcase classname="tests.generated.orders.test_orders_050" name="test_orders[case2]" time="0.020" /><testcase classname="tests.generated.orders.test_orders_006" name="test_orders[case1]" time="0.005" /><testcase classname="tests.generated.orders.test_orders_045" name="test_orders[case3]" time="0.007" /><testcase classname="tests.generated.email.test_email_162" name="test_email[case0]" time="0.006" /><testcase classname="tests.generated.orders.test_orders_045" name="test_orders[case4]" time="0.005" /><testcase classname="tests.generated.email.test_email_162" name="test_email[case1]" time="0.006" /><testcase classname="tests.generated.orders.test_orders_036" name="test_orders[case2]" time="0.012" /><testcase classname="tests.generated.orders.test_orders_027" name="test_orders[case3]" time="0.015" /><testcase classname="tests.generated.orders.test_orders_016" name="test_orders[case1]" time="0.008" /><testcase classname="tests.generated.orders.test_orders_006" name="test_orders[case2]" time="0.010" /><testcase classname="tests.generated.email.test_email_162" name="test_email[case2]" time="0.004" /><testcase classname="tests.generated.orders.test_orders_045" name="test_orders[case5]" time="0.007" /><testcase classname="tests.generated.orders.test_orders_016" name="test_orders[case2]" time="0.011" /><testcase classname="tests.generated.orders.test_orders_050" name="test_orders[case3]" time="0.005" /><testcase classname="tests.generated.orders.test_orders_036" name="test_orders[case3]" time="0.005" /><testcase classname="tests.generated.orders.test_orders_027" name="test_orders[case4]" time="0.011" /><testcase classname="tests.generated.orders.test_orders_050" name="test_orders[case4]" time="0.004" /><testcase classname="tests.generated.orders.test_orders_045" name="test_orders[case6]" time="0.006" /><testcase classname="tests.generated.orders.test_orders_036" name="test_orders[case4]" time="0.005" /><testcase classname="tests.generated.email.test_email_162" name="test_email[case3]" time="0.009" /><testcase classname="tests.generated.orders.test_orders_006" name="test_orders[case3]" time="0.012" /><testcase classname="tests.generated.orders.test_orders_016" name="test_orders[case3]" time="0.006" /><testcase classname="tests.generated.orders.test_orders_050" name="test_orders[case5]" time="0.007" /><testcase classname="tests.generated.orders.test_orders_036" name="test_orders[case5]" time="0.005" /><testcase classname="tests.generated.email.test_email_162" name="test_email[case4]" time="0.010" /><testcase classname="tests.generated.orders.test_orders_016" name="test_orders[case4]" time="0.006" /><testcase classname="tests.generated.orders.test_orders_045" name="test_orders[case7]" time="0.008" /><testcase classname="tests.generated.orders.test_orders_036" name="test_orders[case6]" time="0.005" /><testcase classname="tests.generated.orders.test_orders_027" name="test_orders[case5]" time="0.005" /><testcase classname="tests.generated.orders.test_orders_006" name="test_orders[case4]" time="0.004" /><testcase classname="tests.generated.orders.test_orders_050" name="test_orders[case6]" time="0.009" /><testcase classname="tests.generated.orders.test_orders_006" name="test_orders[case5]" time="0.004" /><testcase classname="tests.generated.orders.test_orders_016" name="test_orders[case5]" time="0.005" /><testcase classname="tests.generated.orders.test_orders_027" name="test_orders[case6]" time="0.010" /><testcase classname="tests.generated.orders.test_orders_045" name="test_orders[case8]" time="0.005" /><testcase classname="tests.generated.orders.test_orders_036" name="test_orders[case7]" time="0.006" /><testcase classname="tests.generated.orders.test_orders_006" name="test_orders[case6]" time="0.011" /><testcase classname="tests.generated.email.test_email_162" name="test_email[case5]" time="0.004" /><testcase classname="tests.generated.orders.test_orders_036" name="test_orders[case8]" time="0.006" /><testcase classname="tests.generated.orders.test_orders_016" name="test_orders[case6]" time="0.004" /><testcase classname="tests.generated.email.test_email_162" name="test_email[case6]" time="0.005" /><testcase classname="tests.generated.orders.test_orders_050" name="test_orders[case7]" time="0.006" /><testcase classname="tests.generated.orders.test_orders_027" name="test_orders[case7]" time="0.006" /><testcase classname="tests.generated.orders.test_orders_045" name="test_orders[case9]" time="0.009" /><testcase classname="tests.generated.orders.test_orders_016" name="test_orders[case7]" time="0.004" /><testcase classname="tests.generated.orders.test_orders_006" name="test_orders[case7]" time="0.007" /><testcase classname="tests.generated.orders.test_orders_050" name="test_orders[case8]" time="0.009" /><testcase classname="tests.generated.orders.test_orders_016" name="test_orders[case8]" time="0.005" /><testcase classname="tests.generated.email.test_email_162" name="test_email[case7]" time="0.006" /><testcase classname="tests.generated.orders.test_orders_027" name="test_orders[case8]" time="0.006" /><testcase classname="tests.generated.orders.test_orders_036" name="test_orders[case9]" time="0.008" /><testcase classname="tests.generated.orders.test_orders_016" name="test_orders[case9]" time="0.004" /><testcase classname="tests.generated.orders.test_orders_006" name="test_orders[case8]" time="0.004" /><testcase classname="tests.generated.email.test_email_162" name="test_email[case8]" time="0.007" /><testcase classname="tests.generated.orders.test_orders_050" name="test_orders[case9]" time="0.009" /><testcase classname="tests.generated.email.test_email_162" name="test_email[case9]" time="0.005" /><testcase classname="tests.generated.orders.test_orders_006" name="test_orders[case9]" time="0.004" /><testcase classname="tests.generated.orders.test_orders_046" name="test_orders[case0]" time="0.010" /><testcase classname="tests.generated.orders.test_orders_046" name="test_orders[case1]" time="0.006" /><testcase classname="tests.generated.orders.test_orders_027" name="test_orders[case9]" time="0.005" /><testcase classname="tests.generated.orders.test_orders_007" name="test_orders[case0]" time="0.014" /><testcase classname="tests.generated.orders.test_orders_017" name="test_orders[case0]" time="0.004" /><testcase classname="tests.generated.orders.test_orders_017" name="test_orders[case1]" time="0.005" /><testcase classname="tests.generated.orders.test_orders_037" name="test_orders[case0]" time="0.011" /><testcase classname="tests.generated.orders.test_orders_037" name="test_orders[case1]" time="0.005" /><testcase classname="tests.generated.orders.test_orders_051" name="test_orders[case0]" time="0.004" /><testcase classname="tests.generated.email.test_email_163" name="test_email[case0]" time="0.004" /><testcase classname="tests.generated.orders.test_orders_017" name="test_orders[case2]" time="0.005" /><testcase classname="tests.generated.orders.test_orders_046" name="test_orders[case2]" time="0.004" /><testcase classname="tests.generated.orders.test_orders_051" name="test_orders[case1]" time="0.005" /><testcase classname="tests.generated.orders.test_orders_028" name="test_orders[case0]" time="0.009" /><testcase classname="tests.generated.orders.test_orders_046" name="test_orders[case3]" time="0.004" /><testcase classname="tests.generated.email.test_email_163" name="test_email[case1]" time="0.009" /><testcase classname="tests.generated.orders.test_orders_017" name="test_orders[case3]" time="0.005" /><testcase classname="tests.generated.orders.test_orders_037" name="test_orders[case2]" time="0.005" /><testcase classname="tests.generated.orders.test_orders_051" name="test_orders[case2]" time="0.005" /><testcase classname="tests.generated.orders.test_orders_007" name="test_orders[case1]" time="0.011" /><testcase classname="tests.generated.orders.test_orders_046" name="test_orders[case4]" time="0.006" /><testcase classname="tests.generated.orders.test_orders_017" name="test_orders[case4]" time="0.005" /><testcase classname="tests.generated.orders.test_orders_037" name="test_orders[case3]" time="0.004" /><testcase classname="tests.generated.orders.test_orders_051" name="test_orders[case3]" time="0.010" /><testcase classname="tests.generated.orders.test_orders_017" name="test_orders[case5]" time="0.004" /><testcase classname="tests.generated.email.test_email_163" name="test_email[case2]" time="0.008" /><testcase classname="tests.generated.orders.test_orders_046" name="test_orders[case5]" time="0.005" /><testcase classname="tests.generated.orders.test_orders_007" name="test_orders[case2]" time="0.006" /><testcase classname="tests.generated.orders.test_orders_028" name="test_orders[case1]" time="0.011" /><testcase classname="tests.generated.orders.test_orders_037" name="test_orders[case4]" time="0.006" /><testcase classname="tests.generated.orders.test_orders_046" name="test_orders[case6]" time="0.004" /><testcase classname="tests.generated.orders.test_orders_017" name="test_orders[case6]" time="0.010" /><testcase classname="tests.generated.email.test_email_163" name="test_email[case3]" time="0.004" /><testcase classname="tests.generated.orders.test_orders_051" name="test_orders[case4]" time="0.009" /><testcase classname="tests.generated.orders.test_orders_037" name="test_orders[case5]" time="0.005" /><testcase classname="tests.generated.orders.test_orders_007" name="test_orders[case3]" time="0.005" /><testcase classname="tests.generated.orders.test_orders_017" name="test_orders[case7]" time="0.005" /><testcase classname="tests.generated.orders.test_orders_037" name="test_orders[case6]" time="0.004" /><testcase classname="tests.generated.orders.test_orders_051" name="test_orders[case5]" time="0.004" /><testcase classname="tests.generated.orders.test_orders_046" name="test_orders[case7]" time="0.005" /><testcase classname="tests.generated.orders.test_orders_046" name="test_orders[case8]" time="0.005" /><testcase classname="tests.generated.orders.test_orders_028" name="test_orders[case2]" time="0.005" /><testcase classname="tests.generated.orders.test_orders_051" name="test_orders[case6]" time="0.005" /><testcase classname="tests.generated.orders.test_orders_007" name="test_orders[case4]" time="0.006" /><testcase classname="tests.generated.orders.test_orders_017" name="test_orders[case8]" time="0.010" /><testcase classname="tests.generated.orders.test_orders_037" name="test_orders[case7]" time="0.004" /><testcase classname="tests.generated.orders.test_orders_037" name="test_orders[case8]" time="0.008" /><testcase classname="tests.generated.orders.test_orders_007" name="test_orders[case5]" time="0.007" /><testcase classname="tests.generated.orders.test_orders_037" name="test_orders[case9]" time="0.005" /><testcase classname="tests.generated.orders.test_orders_051" name="test_orders[case7]" time="0.006" /><testcase classname="tests.generated.orders.test_orders_046" name="test_orders[case9]" time="0.007" /><testcase classname="tests.generated.orders.test_orders_007" name="test_orders[case6]" time="0.004" /><testcase classname="tests.generated.orders.test_orders_047" name="test_orders[case0]" time="0.005" /><testcase classname="tests.generated.orders.test_orders_017" name="test_orders[case9]" time="0.007" /><testcase classname="tests.generated.orders.test_orders_007" name="test_orders[case7]" time="0.006" /><testcase classname="tests.generated.orders.test_orders_047" name="test_orders[case1]" time="0.005" /><testcase classname="tests.generated.orders.test_orders_018" name="test_orders[case0]" time="0.005" /><testcase classname="tests.generated.orders.test_orders_047" name="test_orders[case2]" time="0.004" /><testcase classname="tests.generated.orders.test_orders_051" name="test_orders[case8]" time="0.005" /><testcase classname="tests.generated.orders.test_orders_051" name="test_orders[case9]" time="0.004" /><testcase classname="tests.generated.orders.test_orders_007" name="test_orders[case8]" time="0.004" /><testcase classname="tests.generated.orders.test_orders_007" name="test_orders[case9]" time="0.006" /><testcase classname="tests.generated.orders.test_orders_052" name="test_orders[case0]" time="0.004" /><testcase classname="tests.generated.orders.test_orders_018" name="test_orders[case1]" time="0.004" /><testcase classname="tests.generated.orders.test_orders_018" name="test_orders[case2]" time="0.007" /><testcase classname="tests.generated.orders.test_orders_047" name="test_orders[case3]" time="0.006" /><testcase classname="tests.generated.orders.test_orders_052" name="test_orders[case1]" time="0.003" /><testcase classname="tests.generated.orders.test_orders_052" name="test_orders[case2]" time="0.003" /><testcase classname="tests.generated.orders.test_orders_052" name="test_orders[case3]" time="0.003" /><testcase classname="tests.generated.orders.test_orders_052" name="test_orders[case4]" time="0.003" /><testcase classname="tests.generated.orders.test_orders_052" name="test_orders[case5]" time="0.002" /><testcase classname="tests.generated.orders.test_orders_052" name="test_orders[case6]" time="0.003" /><testcase classname="tests.generated.orders.test_orders_052" name="test_orders[case7]" time="0.003" /><testcase classname="tests.generated.orders.test_orders_052" name="test_orders[case8]" time="0.003" /><testcase classname="tests.generated.orders.test_orders_052" name="test_orders[case9]" time="0.003" /><testcase classname="tests.generated.email.test_email_152" name="test_email[case4]" time="0.003" /><testcase classname="tests.generated.orders.test_orders_056" name="test_orders[case6]" time="0.003" /><testcase classname="tests.generated.orders.test_orders_053" name="test_orders[case0]" time="0.003" /><testcase classname="tests.generated.orders.test_orders_053" name="test_orders[case1]" time="0.003" /><testcase classname="tests.generated.orders.test_orders_053" name="test_orders[case2]" time="0.003" /><testcase classname="tests.generated.orders.test_orders_056" name="test_orders[case7]" time="0.003" /><testcase classname="tests.generated.orders.test_orders_056" name="test_orders[case8]" time="0.003" /><testcase classname="tests.generated.orders.test_orders_056" name="test_orders[case9]" time="0.004" /><testcase classname="tests.generated.orders.test_orders_053" name="test_orders[case3]" time="0.004" /><testcase classname="tests.generated.orders.test_orders_053" name="test_orders[case4]" time="0.004" /><testcase classname="tests.generated.orders.test_orders_057" name="test_orders[case0]" time="0.004" /><testcase classname="tests.generated.orders.test_orders_053" name="test_orders[case5]" time="0.006" /><testcase classname="tests.generated.orders.test_orders_057" name="test_orders[case1]" time="0.005" /><testcase classname="tests.generated.orders.test_orders_008" name="test_orders[case0]" time="0.006" /><testcase classname="tests.generated.orders.test_orders_053" name="test_orders[case6]" time="0.005" /><testcase classname="tests.generated.orders.test_orders_053" name="test_orders[case7]" time="0.004" /><testcase classname="tests.generated.orders.test_orders_028" name="test_orders[case3]" time="0.003" /><testcase classname="tests.generated.orders.test_orders_053" name="test_orders[case8]" time="0.004" /><testcase classname="tests.generated.orders.test_orders_065" name="test_orders[case4]" time="0.004" /><testcase classname="tests.generated.orders.test_orders_065" name="test_orders[case5]" time="0.004" /><testcase classname="tests.generated.orders.test_orders_073" name="test_orders[case9]" time="0.004" /><testcase classname="tests.generated.orders.test_orders_057" name="test_orders[case2]" time="0.005" /><testcase classname="tests.generated.orders.test_orders_057" name="test_orders[case3]" time="0.004" /><testcase classname="tests.generated.orders.test_orders_065" name="test_orders[case6]" time="0.004" /><testcase classname="tests.generated.orders.test_orders_065" name="test_orders[case7]" time="0.004" /><testcase classname="tests.generated.orders.test_orders_057" name="test_orders[case4]" time="0.004" /><testcase classname="tests.generated.orders.test_orders_053" name="test_orders[case9]" time="0.004" /><testcase classname="tests.generated.orders.test_orders_054" name="test_orders[case0]" time="0.004" /><testcase classname="tests.generated.orders.test_orders_074" name="test_orders[case0]" time="0.004" /><testcase classname="tests.generated.orders.test_orders_057" name="test_orders[case5]" time="0.003" /><testcase classname="tests.generated.orders.test_orders_065" name="test_orders[case8]" time="0.004" /><testcase classname="tests.generated.orders.test_orders_065" name="test_orders[case9]" time="0.004" /><testcase classname="tests.generated.orders.test_orders_057" name="test_orders[case6]" time="0.004" /><testcase classname="tests.generated.orders.test_orders_057" name="test_orders[case7]" time="0.003" /><testcase classname="tests.generated.orders.test_orders_054" name="test_orders[case1]" time="0.005" /><testcase classname="tests.generated.email.test_email_163" name="test_email[case4]" time="0.004" /><testcase classname="tests.generated.orders.test_orders_066" name="test_orders[case0]" time="0.004" /><testcase classname="tests.generated.orders.test_orders_074" name="test_orders[case1]" time="0.005" /><testcase classname="tests.generated.orders.test_orders_074" name="test_orders[case2]" time="0.004" /><testcase classname="tests.generated.orders.test_orders_054" name="test_orders[case2]" time="0.005" /><testcase classname="tests.generated.orders.test_orders_057" name="test_orders[case8]" time="0.004" /><testcase classname="tests.generated.orders.test_orders_082" name="test_orders[case2]" time="0.005" /><testcase classname="tests.generated.orders.test_orders_066" name="test_orders[case1]" time="0.004" /><testcase classname="tests.generated.orders.test_orders_054" name="test_orders[case3]" time="0.005" /><testcase classname="tests.generated.orders.test_orders_074" name="test_orders[case3]" time="0.004" /><testcase classname="tests.generated.orders.test_orders_057" name="test_orders[case9]" time="0.004" /><testcase classname="tests.generated.orders.test_orders_066" name="test_orders[case2]" time="0.004" /><testcase classname="tests.generated.orders.test_orders_074" name="test_orders[case4]" time="0.004" /><testcase classname="tests.generated.orders.test_orders_082" name="test_orders[case3]" time="0.004" /><testcase classname="tests.generated.orders.test_orders_066" name="test_orders[case3]" time="0.005" /><testcase classname="tests.generated.orders.test_orders_058" name="test_orders[case0]" time="0.004" /><testcase classname="tests.generated.orders.test_orders_058" name="test_orders[case1]" time="0.004" /><testcase classname="tests.generated.orders.test_orders_054" name="test_orders[case4]" time="0.006" /><testcase classname="tests.generated.orders.test_orders_074" name="test_orders[case5]" time="0.005" /><testcase classname="tests.generated.orders.test_orders_066" name="test_orders[case4]" time="0.004" /><testcase classname="tests.generated.orders.test_orders_082" name="test_orders[case4]" time="0.005" /><testcase classname="tests.generated.orders.test_orders_082" name="test_orders[case5]" time="0.005" /><testcase classname="tests.generated.orders.test_orders_066" name="test_orders[case5]" time="0.003" /><testcase classname="tests.generated.orders.test_orders_074" name="test_orders[case6]" time="0.004" /><testcase classname="tests.generated.orders.test_orders_074" name="test_orders[case7]" time="0.005" /><testcase classname="tests.generated.orders.test_orders_082" name="test_orders[case6]" time="0.005" /><testcase classname="tests.generated.orders.test_orders_054" name="test_orders[case5]" time="0.005" /><testcase classname="tests.generated.orders.test_orders_058" name="test_orders[case2]" time="0.004" /><testcase classname="tests.generated.orders.test_orders_058" name="test_orders[case3]" time="0.004" /><testcase classname="tests.generated.orders.test_orders_082" name="test_orders[case7]" time="0.004" /><testcase classname="tests.generated.orders.test_orders_066" name="test_orders[case6]" time="0.004" /><testcase classname="tests.generated.orders.test_orders_066" name="test_orders[case7]" time="0.006" /><testcase classname="tests.generated.orders.test_orders_054" name="test_orders[case6]" time="0.005" /><testcase classname="tests.generated.orders.test_orders_074" name="test_orders[case8]" time="0.004" /><testcase classname="tests.generated.orders.test_orders_074" name="test_orders[case9]" time="0.004" /><testcase classname="tests.generated.orders.test_orders_018" name="test_orders[case3]" time="0.004" /><testcase classname="tests.generated.orders.test_orders_082" name="test_orders[case8]" time="0.007" /><testcase classname="tests.generated.orders.test_orders_058" name="test_orders[case4]" time="0.004" /><testcase classname="tests.generated.orders.test_orders_058" name="test_orders[case5]" time="0.004" /><testcase classname="tests.generated.orders.test_orders_054" name="test_orders[case7]" time="0.004" /><testcase classname="tests.generated.orders.test_orders_054" name="test_orders[case8]" time="0.004" /><testcase classname="tests.generated.orders.test_orders_075" name="test_orders[case0]" time="0.004" /><testcase classname="tests.generated.orders.test_orders_066" name="test_orders[case8]" time="0.004" /><testcase classname="tests.generated.orders.test_orders_090" name="test_orders[case2]" time="0.004" /><testcase classname="tests.generated.orders.test_orders_066" name="test_orders[case9]" time="0.005" /><testcase classname="tests.generated.orders.test_orders_058" name="test_orders[case6]" time="0.004" /><testcase classname="tests.generated.orders.test_orders_054" name="test_orders[case9]" time="0.010" /><testcase classname="tests.generated.orders.test_orders_075" name="test_orders[case1]" time="0.004" /><testcase classname="tests.generated.orders.test_orders_058" name="test_orders[case7]" time="0.004" /><testcase classname="tests.generated.orders.test_orders_082" name="test_orders[case9]" time="0.006" /><testcase classname="tests.generated.orders.test_orders_090" name="test_orders[case3]" time="0.004" /><testcase classname="tests.generated.orders.test_orders_067" name="test_orders[case0]" time="0.004" /><testcase classname="tests.generated.orders.test_orders_075" name="test_orders[case2]" time="0.007" /><testcase classname="tests.generated.orders.test_orders_058" name="test_orders[case8]" time="0.004" /><testcase classname="tests.generated.orders.test_orders_067" name="test_orders[case1]" time="0.005" /><testcase classname="tests.generated.orders.test_orders_090" name="test_orders[case4]" time="0.004" /><testcase classname="tests.generated.orders.test_orders_055" name="test_orders[case0]" time="0.006" /><testcase classname="tests.generated.orders.test_orders_083" name="test_orders[case0]" time="0.006" /><testcase classname="tests.generated.orders.test_orders_090" name="test_orders[case5]" time="0.004" /><testcase classname="tests.generated.orders.test_orders_058" name="test_orders[case9]" time="0.004" /><testcase classname="tests.generated.orders.test_orders_075" name="test_orders[case3]" time="0.010" /><testcase classname="tests.generated.orders.test_orders_083" name="test_orders[case1]" time="0.004" /><testcase classname="tests.generated.orders.test_orders_067" name="test_orders[case2]" time="0.005" /><testcase classname="tests.generated.orders.test_orders_059" name="test_orders[case0]" time="0.004" /><testcase classname="tests.generated.orders.test_orders_055" name="test_orders[case1]" time="0.004" /><testcase classname="tests.generated.orders.test_orders_055" name="test_orders[case2]" time="0.007" /><testcase classname="tests.generated.orders.test_orders_067" name="test_orders[case3]" time="0.004" /><testcase classname="tests.generated.orders.test_orders_059" name="test_orders[case1]" time="0.006" /><testcase classname="tests.generated.orders.test_orders_083" name="test_orders[case2]" time="0.004" /><testcase classname="tests.generated.orders.test_orders_075" name="test_orders[case4]" time="0.017" /><testcase classname="tests.generated.orders.test_orders_055" name="test_orders[case3]" time="0.005" /><testcase classname="tests.generated.orders.test_orders_090" name="test_orders[case6]" time="0.004" /><testcase classname="tests.generated.orders.test_orders_090" name="test_orders[case7]" time="0.004" /><testcase classname="tests.generated.orders.test_orders_090" name="test_orders[case8]" time="0.004" /><testcase classname="tests.generated.orders.test_orders_067" name="test_orders[case4]" time="0.005" /><testcase classname="tests.generated.orders.test_orders_059" name="test_orders[case2]" time="0.008" /><testcase classname="tests.generated.orders.test_orders_038" name="test_orders[case0]" time="0.006" /><testcase classname="tests.generated.orders.test_orders_083" name="test_orders[case3]" time="0.005" /><testcase classname="tests.generated.orders.test_orders_055" name="test_orders[case4]" time="0.006" /><testcase classname="tests.generated.orders.test_orders_098" name="test_orders[case0]" time="0.005" /><testcase classname="tests.generated.orders.test_orders_059" name="test_orders[case3]" time="0.011" /><testcase classname="tests.generated.orders.test_orders_083" name="test_orders[case4]" time="0.008" /><testcase classname="tests.generated.orders.test_orders_055" name="test_orders[case5]" time="0.006" /><testcase classname="tests.generated.orders.test_orders_090" name="test_orders[case9]" time="0.011" /><testcase classname="tests.generated.orders.test_orders_067" name="test_orders[case5]" time="0.006" /><testcase classname="tests.generated.orders.test_orders_098" name="test_orders[case1]" time="0.011" /><testcase classname="tests.generated.orders.test_orders_075" name="test_orders[case5]" time="0.006" /><testcase classname="tests.generated.orders.test_orders_083" name="test_orders[case5]" time="0.011" /><testcase classname="tests.generated.orders.test_orders_055" name="test_orders[case6]" time="0.004" /><testcase classname="tests.generated.orders.test_orders_091" name="test_orders[case0]" time="0.007" /><testcase classname="tests.generated.orders.test_orders_067" name="test_orders[case6]" time="0.007" /><testcase classname="tests.generated.orders.test_orders_059" name="test_orders[case4]" time="0.009" /><testcase classname="tests.generated.orders.test_orders_075" name="test_orders[case6]" time="0.004" /><testcase classname="tests.generated.orders.test_orders_055" name="test_orders[case7]" time="0.012" /><testcase classname="tests.generated.orders.test_orders_098" name="test_orders[case2]" time="0.009" /><testcase classname="tests.generated.orders.test_orders_083" name="test_orders[case6]" time="0.004" /><testcase classname="tests.generated.orders.test_orders_059" name="test_orders[case5]" time="0.004" /><testcase classname="tests.generated.orders.test_orders_067" name="test_orders[case7]" time="0.010" /><testcase classname="tests.generated.orders.test_orders_075" name="test_orders[case7]" time="0.004" /><testcase classname="tests.generated.orders.test_orders_091" name="test_orders[case1]" time="0.006" /><testcase classname="tests.generated.orders.test_orders_083" name="test_orders[case7]" time="0.004" /><testcase classname="tests.generated.orders.test_orders_059" name="test_orders[case6]" time="0.005" /><testcase classname="tests.generated.orders.test_orders_075" name="test_orders[case8]" time="0.006" /><testcase classname="tests.generated.orders.test_orders_067" name="test_orders[case8]" time="0.005" /><testcase classname="tests.generated.orders.test_orders_083" name="test_orders[case8]" time="0.005" /><testcase classname="tests.generated.orders.test_orders_098" name="test_orders[case3]" time="0.006" /><testcase classname="tests.generated.orders.test_orders_075" name="test_orders[case9]" time="0.004" /><testcase classname="tests.generated.orders.test_orders_059" name="test_orders[case7]" time="0.004" /><testcase classname="tests.generated.orders.test_orders_055" name="test_orders[case8]" time="0.008" /><testcase classname="tests.generated.orders.test_orders_091" name="test_orders[case2]" time="0.010" /><testcase classname="tests.generated.orders.test_orders_067" name="test_orders[case9]" time="0.005" /><testcase classname="tests.generated.orders.test_orders_083" name="test_orders[case9]" time="0.008" /><testcase classname="tests.generated.orders.test_orders_059" name="test_orders[case8]" time="0.008" /><testcase classname="tests.generated.orders.test_orders_098" name="test_orders[case4]" time="0.007" /><testcase classname="tests.generated.orders.test_orders_055" name="test_orders[case9]" time="0.006" /><testcase classname="tests.generated.orders.test_orders_091" name="test_orders[case3]" time="0.007" /><testcase classname="tests.generated.orders.test_orders_076" name="test_orders[case0]" time="0.004" /><testcase classname="tests.generated.orders.test_orders_068" name="test_orders[case0]" time="0.004" /><testcase classname="tests.generated.orders.test_orders_098" name="test_orders[case5]" time="0.007" /><testcase classname="tests.generated.orders.test_orders_084" name="test_orders[case0]" time="0.009" /><testcase classname="tests.generated.orders.test_orders_076" name="test_orders[case1]" time="0.006" /><testcase classname="tests.generated.orders.test_orders_059" name="test_orders[case9]" time="0.007" /><testcase classname="tests.generated.orders.test_orders_056" name="test_orders[case0]" time="0.006" /><testcase classname="tests.generated.orders.test_orders_068" name="test_orders[case1]" time="0.008" /><testcase classname="tests.generated.orders.test_orders_091" name="test_orders[case4]" time="0.008" /><testcase classname="tests.generated.orders.test_orders_076" name="test_orders[case2]" time="0.004" /><testcase classname="tests.generated.orders.test_orders_076" name="test_orders[case3]" time="0.005" /><testcase classname="tests.generated.orders.test_orders_068" name="test_orders[case2]" time="0.005" /><testcase classname="tests.generated.orders.test_orders_098" name="test_orders[case6]" time="0.006" /><testcase classname="tests.generated.orders.test_orders_084" name="test_orders[case1]" time="0.005" /><testcase classname="tests.generated.orders.test_orders_060" name="test_orders[case0]" time="0.012" /><testcase classname="tests.generated.orders.test_orders_091" name="test_orders[case5]" time="0.007" /><testcase classname="tests.generated.orders.test_orders_056" name="test_orders[case1]" time="0.006" /><testcase classname="tests.generated.orders.test_orders_076" name="test_orders[case4]" time="0.006" /><testcase classname="tests.generated.orders.test_orders_098" name="test_orders[case7]" time="0.004" /><testcase classname="tests.generated.orders.test_orders_068" name="test_orders[case3]" time="0.004" /><testcase classname="tests.generated.orders.test_orders_084" name="test_orders[case2]" time="0.012" /><testcase classname="tests.generated.orders.test_orders_056" name="test_orders[case2]" time="0.008" /><testcase classname="tests.generated.orders.test_orders_098" name="test_orders[case8]" time="0.004" /><testcase classname="tests.generated.orders.test_orders_060" name="test_orders[case1]" time="0.007" /><testcase classname="tests.generated.orders.test_orders_068" name="test_orders[case4]" time="0.005" /><testcase classname="tests.generated.orders.test_orders_076" name="test_orders[case5]" time="0.005" /><testcase classname="tests.generated.orders.test_orders_084" name="test_orders[case3]" time="0.005" /><testcase classname="tests.generated.orders.test_orders_098" name="test_orders[case9]" time="0.006" /><testcase classname="tests.generated.orders.test_orders_060" name="test_orders[case2]" time="0.005" /><testcase classname="tests.generated.orders.test_orders_091" name="test_orders[case6]" time="0.008" /><testcase classname="tests.generated.orders.test_orders_076" name="test_orders[case6]" time="0.006" /><testcase classname="tests.generated.orders.test_orders_068" name="test_orders[case5]" time="0.009" /><testcase classname="tests.generated.orders.test_orders_091" name="test_orders[case7]" time="0.013" /><testcase classname="tests.generated.orders.test_orders_084" name="test_orders[case4]" time="0.006" /><testcase classname="tests.generated.orders.test_orders_056" name="test_orders[case3]" time="0.009" /><testcase classname="tests.generated.orders.test_orders_060" name="test_orders[case3]" time="0.004" /><testcase classname="tests.generated.orders.test_orders_076" name="test_orders[case7]" time="0.008" /><testcase classname="tests.generated.orders.test_orders_084" name="test_orders[case5]" time="0.004" /><testcase classname="tests.generated.orders.test_orders_068" name="test_orders[case6]" time="0.004" /><testcase classname="tests.generated.orders.test_orders_060" name="test_orders[case4]" time="0.005" /><testcase classname="tests.generated.orders.test_orders_099" name="test_orders[case0]" time="0.015" /><testcase classname="tests.generated.orders.test_orders_091" name="test_orders[case8]" time="0.011" /><testcase classname="tests.generated.orders.test_orders_068" name="test_orders[case7]" time="0.004" /><testcase classname="tests.generated.orders.test_orders_047" name="test_orders[case4]" time="0.004" /><testcase classname="tests.generated.orders.test_orders_056" name="test_orders[case4]" time="0.012" /><testcase classname="tests.generated.orders.test_orders_084" name="test_orders[case6]" time="0.011" /><testcase classname="tests.generated.orders.test_orders_076" name="test_orders[case8]" time="0.005" /><testcase classname="tests.generated.orders.test_orders_060" name="test_orders[case5]" time="0.007" /><testcase classname="tests.generated.orders.test_orders_068" name="test_orders[case8]" time="0.007" /><testcase classname="tests.generated.orders.test_orders_105" name="test_orders[case5]" time="0.004" /><testcase classname="tests.generated.orders.test_orders_099" name="test_orders[case1]" time="0.005" /><testcase classname="tests.generated.orders.test_orders_076" name="test_orders[case9]" time="0.010" /><testcase classname="tests.generated.orders.test_orders_091" name="test_orders[case9]" time="0.008" /><testcase classname="tests.generated.orders.test_orders_105" name="test_orders[case6]" time="0.004" /><testcase classname="tests.generated.orders.test_orders_060" name="test_orders[case6]" time="0.004" /><testcase classname="tests.generated.orders.test_orders_099" name="test_orders[case2]" time="0.004" /><testcase classname="tests.generated.orders.test_orders_068" name="test_orders[case9]" time="0.007" /><testcase classname="tests.generated.orders.test_orders_084" name="test_orders[case7]" time="0.005" /><testcase classname="tests.generated.orders.test_orders_099" name="test_orders[case3]" time="0.004" /><testcase classname="tests.generated.orders.test_orders_105" name="test_orders[case7]" time="0.007" /><testcase classname="tests.generated.orders.test_orders_069" name="test_orders[case0]" time="0.004" /><testcase classname="tests.generated.orders.test_orders_060" name="test_orders[case7]" time="0.008" /><testcase classname="tests.generated.orders.test_orders_077" name="test_orders[case0]" time="0.010" /><testcase classname="tests.generated.orders.test_orders_084" name="test_orders[case8]" time="0.004" /><testcase classname="tests.generated.orders.test_orders_092" name="test_orders[case0]" time="0.006" /><testcase classname="tests.generated.orders.test_orders_105" name="test_orders[case8]" time="0.008" /><testcase classname="tests.generated.orders.test_orders_084" name="test_orders[case9]" time="0.006" /><testcase classname="tests.generated.orders.test_orders_069" name="test_orders[case1]" time="0.004" /><testcase classname="tests.generated.orders.test_orders_060" name="test_orders[case8]" time="0.007" /><testcase classname="tests.generated.orders.test_orders_092" name="test_orders[case1]" time="0.004" /><testcase classname="tests.generated.orders.test_orders_099" name="test_orders[case4]" time="0.022" /><testcase classname="tests.generated.orders.test_orders_069" name="test_orders[case2]" time="0.006" /><testcase classname="tests.generated.orders.test_orders_077" name="test_orders[case1]" time="0.014" /><testcase classname="tests.generated.orders.test_orders_092" name="test_orders[case2]" time="0.012" /><testcase classname="tests.generated.orders.test_orders_085" name="test_orders[case0]" time="0.005" /><testcase classname="tests.generated.orders.test_orders_069" name="test_orders[case3]" time="0.005" /><testcase classname="tests.generated.orders.test_orders_085" name="test_orders[case1]" time="0.004" /><testcase classname="tests.generated.orders.test_orders_099" name="test_orders[case5]" time="0.004" /><testcase classname="tests.generated.orders.test_orders_105" name="test_orders[case9]" time="0.008" /><testcase classname="tests.generated.orders.test_orders_060" name="test_orders[case9]" time="0.006" /><testcase classname="tests.generated.orders.test_orders_069" name="test_orders[case4]" time="0.005" /><testcase classname="tests.generated.orders.test_orders_077" name="test_orders[case2]" time="0.010" /><testcase classname="tests.generated.orders.test_orders_085" name="test_orders[case2]" time="0.005" /><testcase classname="tests.generated.orders.test_orders_099" name="test_orders[case6]" time="0.004" /><testcase classname="tests.generated.orders.test_orders_069" name="test_orders[case5]" time="0.005" /><testcase classname="tests.generated.orders.test_orders_099" name="test_orders[case7]" time="0.005" /><testcase classname="tests.generated.orders.test_orders_092" name="test_orders[case3]" time="0.012" /><testcase classname="tests.generated.orders.test_orders_061" name="test_orders[case0]" time="0.008" /><testcase classname="tests.generated.orders.test_orders_085" name="test_orders[case3]" time="0.006" /><testcase classname="tests.generated.orders.test_orders_077" name="test_orders[case3]" time="0.007" /><testcase classname="tests.generated.orders.test_orders_106" name="test_orders[case0]" time="0.007" /><testcase classname="tests.generated.orders.test_orders_061" name="test_orders[case1]" time="0.004" /><testcase classname="tests.generated.orders.test_orders_069" name="test_orders[case6]" time="0.008" /><testcase classname="tests.generated.orders.test_orders_099" name="test_orders[case8]" time="0.010" /><testcase classname="tests.generated.orders.test_orders_106" name="test_orders[case1]" time="0.005" /><testcase classname="tests.generated.orders.test_orders_106" name="test_orders[case2]" time="0.004" /><testcase classname="tests.generated.orders.test_orders_085" name="test_orders[case4]" time="0.007" /><testcase classname="tests.generated.orders.test_orders_085" name="test_orders[case5]" time="0.005" /><testcase classname="tests.generated.orders.test_orders_092" name="test_orders[case4]" time="0.007" /><testcase classname="tests.generated.orders.test_orders_069" name="test_orders[case7]" time="0.005" /><testcase classname="tests.generated.orders.test_orders_061" name="test_orders[case2]" time="0.004" /><testcase classname="tests.generated.orders.test_orders_077" name="test_orders[case4]" time="0.009" /><testcase classname="tests.generated.orders.test_orders_061" name="test_orders[case3]" time="0.009" /><testcase classname="tests.generated.orders.test_orders_099" name="test_orders[case9]" time="0.013" /><testcase classname="tests.generated.orders.test_orders_069" name="test_orders[case8]" time="0.005" /><testcase classname="tests.generated.orders.test_orders_106" name="test_orders[case3]" time="0.004" /><testcase classname="tests.generated.orders.test_orders_092" name="test_orders[case5]" time="0.009" /><testcase classname="tests.generated.orders.test_orders_085" name="test_orders[case6]" time="0.004" /><testcase classname="tests.generated.orders.test_orders_106" name="test_orders[case4]" time="0.004" /><testcase classname="tests.generated.orders.test_orders_077" name="test_orders[case5]" time="0.008" /><testcase classname="tests.generated.orders.test_orders_085" name="test_orders[case7]" time="0.004" /><testcase classname="tests.generated.orders.test_orders_069" name="test_orders[case9]" time="0.010" /><testcase classname="tests.generated.orders.test_orders_061" name="test_orders[case4]" time="0.006" /><testcase classname="tests.generated.orders.test_orders_077" name="test_orders[case6]" time="0.006" /><testcase classname="tests.generated.orders.test_orders_100" name="test_orders[case0]" time="0.005" /><testcase classname="tests.generated.orders.test_orders_106" name="test_orders[case5]" time="0.006" /><testcase classname="tests.generated.orders.test_orders_061" name="test_orders[case5]" time="0.004" /><testcase classname="tests.generated.orders.test_orders_085" name="test_orders[case8]" time="0.008" /><testcase classname="tests.generated.orders.test_orders_092" name="test_orders[case6]" time="0.009" /><testcase classname="tests.generated.orders.test_orders_106" name="test_orders[case6]" time="0.010" /><testcase classname="tests.generated.orders.test_orders_070" name="test_orders[case0]" time="0.010" /><testcase classname="tests.generated.orders.test_orders_061" name="test_orders[case6]" time="0.005" /><testcase classname="tests.generated.orders.test_orders_100" name="test_orders[case1]" time="0.028" /><testcase classname="tests.generated.orders.test_orders_077" name="test_orders[case7]" time="0.018" /><testcase classname="tests.generated.orders.test_orders_061" name="test_orders[case7]" time="0.007" /><testcase classname="tests.generated.orders.test_orders_092" name="test_orders[case7]" time="0.005" /><testcase classname="tests.generated.orders.test_orders_085" name="test_orders[case9]" time="0.011" /><testcase classname="tests.generated.orders.test_orders_092" name="test_orders[case8]" time="0.007" /><testcase classname="tests.generated.orders.test_orders_106" name="test_orders[case7]" time="0.012" /><testcase classname="tests.generated.orders.test_orders_061" name="test_orders[case8]" time="0.005" /><testcase classname="tests.generated.orders.test_orders_092" name="test_orders[case9]" time="0.004" /><testcase classname="tests.generated.orders.test_orders_070" name="test_orders[case1]" time="0.010" /><testcase classname="tests.generated.orders.test_orders_100" name="test_orders[case2]" time="0.004" /><testcase classname="tests.generated.orders.test_orders_086" name="test_orders[case0]" time="0.009" /><testcase classname="tests.generated.orders.test_orders_061" name="test_orders[case9]" time="0.004" /><testcase classname="tests.generated.orders.test_orders_093" name="test_orders[case0]" time="0.009" /><testcase classname="tests.generated.orders.test_orders_100" name="test_orders[case3]" time="0.004" /><testcase classname="tests.generated.orders.test_orders_077" name="test_orders[case8]" time="0.012" /><testcase classname="tests.generated.orders.test_orders_106" name="test_orders[case8]" time="0.008" /><testcase classname="tests.generated.orders.test_orders_070" name="test_orders[case2]" time="0.008" /><testcase classname="tests.generated.orders.test_orders_086" name="test_orders[case1]" time="0.008" /><testcase classname="tests.generated.orders.test_orders_062" name="test_orders[case0]" time="0.006" /><testcase classname="tests.generated.orders.test_orders_100" name="test_orders[case4]" time="0.005" /><testcase classname="tests.generated.orders.test_orders_062" name="test_orders[case1]" time="0.004" /><testcase classname="tests.generated.orders.test_orders_070" name="test_orders[case3]" time="0.010" /><testcase classname="tests.generated.orders.test_orders_106" name="test_orders[case9]" time="0.004" /><testcase classname="tests.generated.orders.test_orders_062" name="test_orders[case2]" time="0.004" /><testcase classname="tests.generated.orders.test_orders_093" name="test_orders[case1]" time="0.010" /><testcase classname="tests.generated.orders.test_orders_077" name="test_orders[case9]" time="0.006" /><testcase classname="tests.generated.orders.test_orders_086" name="test_orders[case2]" time="0.004" /><testcase classname="tests.generated.orders.test_orders_100" name="test_orders[case5]" time="0.004" /><testcase classname="tests.generated.orders.test_orders_100" name="test_orders[case6]" time="0.005" /><testcase classname="tests.generated.orders.test_orders_078" name="test_orders[case0]" time="0.005" /><testcase classname="tests.generated.orders.test_orders_107" name="test_orders[case0]" time="0.011" /><testcase classname="tests.generated.orders.test_orders_086" name="test_orders[case3]" time="0.004" /><testcase classname="tests.generated.orders.test_orders_062" name="test_orders[case3]" time="0.007" /><testcase classname="tests.generated.orders.test_orders_070" name="test_orders[case4]" time="0.006" /><testcase classname="tests.generated.orders.test_orders_093" name="test_orders[case2]" time="0.007" /><testcase classname="tests.generated.orders.test_orders_070" name="test_orders[case5]" time="0.004" /><testcase classname="tests.generated.orders.test_orders_078" name="test_orders[case1]" time="0.004" /><testcase classname="tests.generated.orders.test_orders_100" name="test_orders[case7]" time="0.007" /><testcase classname="tests.generated.orders.test_orders_086" name="test_orders[case4]" time="0.007" /><testcase classname="tests.generated.orders.test_orders_107" name="test_orders[case1]" time="0.005" /><testcase classname="tests.generated.orders.test_orders_078" name="test_orders[case2]" time="0.005" /><testcase classname="tests.generated.orders.test_orders_062" name="test_orders[case4]" time="0.007" /><testcase classname="tests.generated.orders.test_orders_107" name="test_orders[case2]" time="0.004" /><testcase classname="tests.generated.orders.test_orders_093" name="test_orders[case3]" time="0.006" /><testcase classname="tests.generated.orders.test_orders_086" name="test_orders[case5]" time="0.005" /><testcase classname="tests.generated.orders.test_orders_078" name="test_orders[case3]" time="0.008" /><testcase classname="tests.generated.orders.test_orders_100" name="test_orders[case8]" time="0.008" /><testcase classname="tests.generated.orders.test_orders_070" name="test_orders[case6]" time="0.006" /><testcase classname="tests.generated.orders.test_orders_093" name="test_orders[case4]" time="0.004" /><testcase classname="tests.generated.orders.test_orders_107" name="test_orders[case3]" time="0.008" /><testcase classname="tests.generated.orders.test_orders_070" name="test_orders[case7]" time="0.007" /><testcase classname="tests.generated.orders.test_orders_093" name="test_orders[case5]" time="0.005" /><testcase classname="tests.generated.orders.test_orders_078" name="test_orders[case4]" time="0.006" /><testcase classname="tests.generated.orders.test_orders_062" name="test_orders[case5]" time="0.011" /><testcase classname="tests.generated.orders.test_orders_086" name="test_orders[case6]" time="0.005" /><testcase classname="tests.generated.orders.test_orders_100" name="test_orders[case9]" time="0.015" /><testcase classname="tests.generated.orders.test_orders_086" name="test_orders[case7]" time="0.005" /><testcase classname="tests.generated.orders.test_orders_093" name="test_orders[case6]" time="0.009" /><testcase classname="tests.generated.orders.test_orders_078" name="test_orders[case5]" time="0.006" /><testcase classname="tests.generated.orders.test_orders_070" name="test_orders[case8]" time="0.005" /><testcase classname="tests.generated.orders.test_orders_107" name="test_orders[case4]" time="0.005" /><testcase classname="tests.generated.orders.test_orders_062" name="test_orders[case6]" time="0.007" /><testcase classname="tests.generated.orders.test_orders_078" name="test_orders[case6]" time="0.006" /><testcase classname="tests.generated.orders.test_orders_070" name="test_orders[case9]" time="0.007" /><testcase classname="tests.generated.orders.test_orders_086" name="test_orders[case8]" time="0.010" /><testcase classname="tests.generated.orders.test_orders_093" name="test_orders[case7]" time="0.009" /><testcase classname="tests.generated.orders.test_orders_107" name="test_orders[case5]" time="0.005" /><testcase classname="tests.generated.orders.test_orders_101" name="test_orders[case0]" time="0.012" /><testcase classname="tests.generated.orders.test_orders_062" name="test_orders[case7]" time="0.012" /><testcase classname="tests.generated.orders.test_orders_078" name="test_orders[case7]" time="0.009" /><testcase classname="tests.generated.orders.test_orders_093" name="test_orders[case8]" time="0.005" /><testcase classname="tests.generated.orders.test_orders_086" name="test_orders[case9]" time="0.006" /><testcase classname="tests.generated.orders.test_orders_071" name="test_orders[case0]" time="0.011" /><testcase classname="tests.generated.orders.test_orders_107" name="test_orders[case6]" time="0.005" /><testcase classname="tests.generated.orders.test_orders_093" name="test_orders[case9]" time="0.005" /><testcase classname="tests.generated.orders.test_orders_078" name="test_orders[case8]" time="0.005" /><testcase classname="tests.generated.orders.test_orders_101" name="test_orders[case1]" time="0.013" /><testcase classname="tests.generated.orders.test_orders_107" name="test_orders[case7]" time="0.005" /><testcase classname="tests.generated.orders.test_orders_094" name="test_orders[case0]" time="0.010" /><testcase classname="tests.generated.orders.test_orders_107" name="test_orders[case8]" time="0.006" /><testcase classname="tests.generated.orders.test_orders_078" name="test_orders[case9]" time="0.005" /><testcase classname="tests.generated.orders.test_orders_071" name="test_orders[case1]" time="0.009" /><testcase classname="tests.generated.orders.test_orders_062" name="test_orders[case8]" time="0.006" /><testcase classname="tests.generated.orders.test_orders_087" name="test_orders[case0]" time="0.007" /><testcase classname="tests.generated.orders.test_orders_079" name="test_orders[case0]" time="0.006" /><testcase classname="tests.generated.orders.test_orders_087" name="test_orders[case1]" time="0.009" /><testcase classname="tests.generated.orders.test_orders_107" name="test_orders[case9]" time="0.008" /><testcase classname="tests.generated.orders.test_orders_062" name="test_orders[case9]" time="0.007" /><testcase classname="tests.generated.orders.test_orders_071" name="test_orders[case2]" time="0.005" /><testcase classname="tests.generated.orders.test_orders_101" name="test_orders[case2]" time="0.006" /><testcase classname="tests.generated.orders.test_orders_094" name="test_orders[case1]" time="0.008" /><testcase classname="tests.generated.orders.test_orders_079" name="test_orders[case1]" time="0.006" /><testcase classname="tests.generated.orders.test_orders_101" name="test_orders[case3]" time="0.006" /><testcase classname="tests.generated.orders.test_orders_071" name="test_orders[case3]" time="0.007" /><testcase classname="tests.generated.orders.test_orders_087" name="test_orders[case2]" time="0.009" /><testcase classname="tests.generated.orders.test_orders_108" name="test_orders[case0]" time="0.011" /><testcase classname="tests.generated.orders.test_orders_094" name="test_orders[case2]" time="0.014" /><testcase classname="tests.generated.orders.test_orders_079" name="test_orders[case2]" time="0.004" /><testcase classname="tests.generated.orders.test_orders_063" name="test_orders[case0]" time="0.068" /><testcase classname="tests.generated.orders.test_orders_071" name="test_orders[case4]" time="0.004" /><testcase classname="tests.generated.orders.test_orders_079" name="test_orders[case3]" time="0.065" /><testcase classname="tests.generated.orders.test_orders_101" name="test_orders[case4]" time="0.069" /><testcase classname="tests.generated.orders.test_orders_087" name="test_orders[case3]" time="0.056" /><testcase classname="tests.generated.orders.test_orders_071" name="test_orders[case5]" time="0.004" /><testcase classname="tests.generated.orders.test_orders_108" name="test_orders[case1]" time="0.004" /><testcase classname="tests.generated.orders.test_orders_079" name="test_orders[case4]" time="0.005" /><testcase classname="tests.generated.orders.test_orders_071" name="test_orders[case6]" time="0.007" /><testcase classname="tests.generated.orders.test_orders_094" name="test_orders[case3]" time="0.013" /><testcase classname="tests.generated.orders.test_orders_108" name="test_orders[case2]" time="0.007" /><testcase classname="tests.generated.orders.test_orders_063" name="test_orders[case1]" time="0.007" /><testcase classname="tests.generated.orders.test_orders_087" name="test_orders[case4]" time="0.005" /><testcase classname="tests.generated.orders.test_orders_079" name="test_orders[case5]" time="0.004" /><testcase classname="tests.generated.orders.test_orders_101" name="test_orders[case5]" time="0.010" /><testcase classname="tests.generated.orders.test_orders_087" name="test_orders[case5]" time="0.005" /><testcase classname="tests.generated.orders.test_orders_108" name="test_orders[case3]" time="0.005" /><testcase classname="tests.generated.orders.test_orders_087" name="test_orders[case6]" time="0.005" /><testcase classname="tests.generated.orders.test_orders_079" name="test_orders[case6]" time="0.005" /><testcase classname="tests.generated.orders.test_orders_071" name="test_orders[case7]" time="0.007" /><testcase classname="tests.generated.orders.test_orders_063" name="test_orders[case2]" time="0.007" /><testcase classname="tests.generated.orders.test_orders_108" name="test_orders[case4]" time="0.006" /><testcase classname="tests.generated.orders.test_orders_094" name="test_orders[case4]" time="0.012" /><testcase classname="tests.generated.orders.test_orders_079" name="test_orders[case7]" time="0.005" /><testcase classname="tests.generated.orders.test_orders_101" name="test_orders[case6]" time="0.007" /><testcase classname="tests.generated.orders.test_orders_071" name="test_orders[case8]" time="0.006" /><testcase classname="tests.generated.orders.test_orders_063" name="test_orders[case3]" time="0.007" /><testcase classname="tests.generated.orders.test_orders_087" name="test_orders[case7]" time="0.006" /><testcase classname="tests.generated.orders.test_orders_079" name="test_orders[case8]" time="0.005" /><testcase classname="tests.generated.orders.test_orders_108" name="test_orders[case5]" time="0.011" /><testcase classname="tests.generated.orders.test_orders_101" name="test_orders[case7]" time="0.005" /><testcase classname="tests.generated.orders.test_orders_094" name="test_orders[case5]" time="0.004" /><testcase classname="tests.generated.orders.test_orders_087" name="test_orders[case8]" time="0.012" /><testcase classname="tests.generated.orders.test_orders_063" name="test_orders[case4]" time="0.012" /><testcase classname="tests.generated.orders.test_orders_094" name="test_orders[case6]" time="0.012" /><testcase classname="tests.generated.orders.test_orders_079" name="test_orders[case9]" time="0.005" /><testcase classname="tests.generated.orders.test_orders_101" name="test_orders[case8]" time="0.015" /><testcase classname="tests.generated.orders.test_orders_071" name="test_orders[case9]" time="0.011" /><testcase classname="tests.generated.orders.test_orders_108" name="test_orders[case6]" time="0.006" /><testcase classname="tests.generated.orders.test_orders_072" name="test_orders[case0]" time="0.005" /><testcase classname="tests.generated.orders.test_orders_087" name="test_orders[case9]" time="0.011" /><testcase classname="tests.generated.orders.test_orders_080" name="test_orders[case0]" time="0.004" /><testcase classname="tests.generated.orders.test_orders_094" name="test_orders[case7]" time="0.008" /><testcase classname="tests.generated.orders.test_orders_101" name="test_orders[case9]" time="0.004" /><testcase classname="tests.generated.orders.test_orders_108" name="test_orders[case7]" time="0.012" /><testcase classname="tests.generated.orders.test_orders_063" name="test_orders[case5]" time="0.017" /><testcase classname="tests.generated.orders.test_orders_080" name="test_orders[case1]" time="0.005" /><testcase classname="tests.generated.orders.test_orders_080" name="test_orders[case2]" time="0.005" /><testcase classname="tests.generated.orders.test_orders_072" name="test_orders[case1]" time="0.005" /><testcase classname="tests.generated.orders.test_orders_094" name="test_orders[case8]" time="0.004" /><testcase classname="tests.generated.orders.test_orders_102" name="test_orders[case0]" time="0.005" /><testcase classname="tests.generated.orders.test_orders_088" name="test_orders[case0]" time="0.007" /><testcase classname="tests.generated.orders.test_orders_108" name="test_orders[case8]" time="0.007" /><testcase classname="tests.generated.orders.test_orders_094" name="test_orders[case9]" time="0.004" /><testcase classname="tests.generated.orders.test_orders_102" name="test_orders[case1]" time="0.007" /><testcase classname="tests.generated.orders.test_orders_072" name="test_orders[case2]" time="0.005" /><testcase classname="tests.generated.orders.test_orders_088" name="test_orders[case1]" time="0.008" /><testcase classname="tests.generated.orders.test_orders_072" name="test_orders[case3]" time="0.005" /><testcase classname="tests.generated.orders.test_orders_080" name="test_orders[case3]" time="0.005" /><testcase classname="tests.generated.orders.test_orders_108" name="test_orders[case9]" time="0.012" /><testcase classname="tests.generated.orders.test_orders_102" name="test_orders[case2]" time="0.014" /><testcase classname="tests.generated.orders.test_orders_080" name="test_orders[case4]" time="0.004" /><testcase classname="tests.generated.orders.test_orders_063" name="test_orders[case6]" time="0.006" /><testcase classname="tests.generated.orders.test_orders_072" name="test_orders[case4]" time="0.005" /><testcase classname="tests.generated.orders.test_orders_080" name="test_orders[case5]" time="0.004" /><testcase classname="tests.generated.orders.test_orders_088" name="test_orders[case2]" time="0.005" /><testcase classname="tests.generated.orders.test_orders_095" name="test_orders[case0]" time="0.007" /><testcase classname="tests.generated.orders.test_orders_063" name="test_orders[case7]" time="0.004" /><testcase classname="tests.generated.orders.test_orders_072" name="test_orders[case5]" time="0.007" /><testcase classname="tests.generated.orders.test_orders_095" name="test_orders[case1]" time="0.005" /><testcase classname="tests.generated.orders.test_orders_063" name="test_orders[case8]" time="0.009" /><testcase classname="tests.generated.orders.test_orders_080" name="test_orders[case6]" time="0.004" /><testcase classname="tests.generated.orders.test_orders_088" name="test_orders[case3]" time="0.004" /><testcase classname="tests.generated.orders.test_orders_095" name="test_orders[case2]" time="0.005" /><testcase classname="tests.generated.orders.test_orders_080" name="test_orders[case7]" time="0.006" /><testcase classname="tests.generated.orders.test_orders_072" name="test_orders[case6]" time="0.007" /><testcase classname="tests.generated.orders.test_orders_102" name="test_orders[case3]" time="0.008" /><testcase classname="tests.generated.orders.test_orders_109" name="test_orders[case0]" time="0.007" /><testcase classname="tests.generated.orders.test_orders_095" name="test_orders[case3]" time="0.004" /><testcase classname="tests.generated.orders.test_orders_063" name="test_orders[case9]" time="0.005" /><testcase classname="tests.generated.orders.test_orders_109" name="test_orders[case1]" time="0.005" /><testcase classname="tests.generated.orders.test_orders_088" name="test_orders[case4]" time="0.011" /><testcase classname="tests.generated.orders.test_orders_095" name="test_orders[case4]" time="0.004" /><testcase classname="tests.generated.orders.test_orders_109" name="test_orders[case2]" time="0.005" /><testcase classname="tests.generated.orders.test_orders_080" name="test_orders[case8]" time="0.004" /><testcase classname="tests.generated.orders.test_orders_095" name="test_orders[case5]" time="0.006" /><testcase classname="tests.generated.orders.test_orders_102" name="test_orders[case4]" time="0.012" /><testcase classname="tests.generated.orders.test_orders_072" name="test_orders[case7]" time="0.008" /><testcase classname="tests.generated.orders.test_orders_080" name="test_orders[case9]" time="0.005" /><testcase classname="tests.generated.orders.test_orders_064" name="test_orders[case0]" time="0.008" /><testcase classname="tests.generated.orders.test_orders_109" name="test_orders[case3]" time="0.004" /><testcase classname="tests.generated.orders.test_orders_088" name="test_orders[case5]" time="0.009" /><testcase classname="tests.generated.orders.test_orders_081" name="test_orders[case0]" time="0.009" /><testcase classname="tests.generated.orders.test_orders_072" name="test_orders[case8]" time="0.004" /><testcase classname="tests.generated.orders.test_orders_109" name="test_orders[case4]" time="0.005" /><testcase classname="tests.generated.orders.test_orders_102" name="test_orders[case5]" time="0.010" /><testcase classname="tests.generated.orders.test_orders_064" name="test_orders[case1]" time="0.004" /><testcase classname="tests.generated.orders.test_orders_095" name="test_orders[case6]" time="0.008" /><testcase classname="tests.generated.orders.test_orders_072" name="test_orders[case9]" time="0.004" /><testcase classname="tests.generated.orders.test_orders_064" name="test_orders[case2]" time="0.004" /><testcase classname="tests.generated.orders.test_orders_088" name="test_orders[case6]" time="0.004" /><testcase classname="tests.generated.orders.test_orders_102" name="test_orders[case6]" time="0.005" /><testcase classname="tests.generated.orders.test_orders_081" name="test_orders[case1]" time="0.007" /><testcase classname="tests.generated.orders.test_orders_064" name="test_orders[case3]" time="0.005" /><testcase classname="tests.generated.orders.test_orders_109" name="test_orders[case5]" time="0.009" /><testcase classname="tests.generated.orders.test_orders_073" name="test_orders[case0]" time="0.006" /><testcase classname="tests.generated.orders.test_orders_088" name="test_orders[case7]" time="0.004" /><testcase classname="tests.generated.orders.test_orders_095" name="test_orders[case7]" time="0.008" /><testcase classname="tests.generated.orders.test_orders_102" name="test_orders[case7]" time="0.006" /><testcase classname="tests.generated.orders.test_orders_088" name="test_orders[case8]" time="0.004" /><testcase classname="tests.generated.orders.test_orders_081" name="test_orders[case2]" time="0.004" /><testcase classname="tests.generated.orders.test_orders_073" name="test_orders[case1]" time="0.008" /><testcase classname="tests.generated.orders.test_orders_095" name="test_orders[case8]" time="0.009" /><testcase classname="tests.generated.orders.test_orders_081" name="test_orders[case3]" time="0.008" /><testcase classname="tests.generated.orders.test_orders_088" name="test_orders[case9]" time="0.006" /><testcase classname="tests.generated.orders.test_orders_064" name="test_orders[case4]" time="0.005" /><testcase classname="tests.generated.orders.test_orders_109" name="test_orders[case6]" time="0.006" /><testcase classname="tests.generated.orders.test_orders_102" name="test_orders[case8]" time="0.005" /><testcase classname="tests.generated.orders.test_orders_064" name="test_orders[case5]" time="0.008" /><testcase classname="tests.generated.orders.test_orders_073" name="test_orders[case2]" time="0.009" /><testcase classname="tests.generated.orders.test_orders_089" name="test_orders[case0]" time="0.004" /><testcase classname="tests.generated.orders.test_orders_102" name="test_orders[case9]" time="0.005" /><testcase classname="tests.generated.orders.test_orders_095" name="test_orders[case9]" time="0.005" /><testcase classname="tests.generated.orders.test_orders_109" name="test_orders[case7]" time="0.005" /><testcase classname="tests.generated.orders.test_orders_081" name="test_orders[case4]" time="0.005" /><testcase classname="tests.generated.orders.test_orders_103" name="test_orders[case0]" time="0.005" /><testcase classname="tests.generated.orders.test_orders_089" name="test_orders[case1]" time="0.005" /><testcase classname="tests.generated.orders.test_orders_064" name="test_orders[case6]" time="0.012" /><testcase classname="tests.generated.orders.test_orders_073" name="test_orders[case3]" time="0.004" /><testcase classname="tests.generated.orders.test_orders_109" name="test_orders[case8]" time="0.005" /><testcase classname="tests.generated.orders.test_orders_096" name="test_orders[case0]" time="0.005" /><testcase classname="tests.generated.orders.test_orders_081" name="test_orders[case5]" time="0.005" /><testcase classname="tests.generated.orders.test_orders_103" name="test_orders[case1]" time="0.014" /><testcase classname="tests.generated.orders.test_orders_089" name="test_orders[case2]" time="0.005" /><testcase classname="tests.generated.orders.test_orders_073" name="test_orders[case4]" time="0.004" /><testcase classname="tests.generated.orders.test_orders_109" name="test_orders[case9]" time="0.005" /><testcase classname="tests.generated.orders.test_orders_096" name="test_orders[case1]" time="0.007" /><testcase classname="tests.generated.orders.test_orders_089" name="test_orders[case3]" time="0.007" /><testcase classname="tests.generated.orders.test_orders_064" name="test_orders[case7]" time="0.008" /><testcase classname="tests.generated.orders.test_orders_081" name="test_orders[case6]" time="0.004" /><testcase classname="tests.generated.orders.test_orders_103" name="test_orders[case2]" time="0.005" /><testcase classname="tests.generated.orders.test_orders_081" name="test_orders[case7]" time="0.004" /><testcase classname="tests.generated.orders.test_orders_073" name="test_orders[case5]" time="0.009" /><testcase classname="tests.generated.orders.test_orders_110" name="test_orders[case0]" time="0.004" /><testcase classname="tests.generated.orders.test_orders_089" name="test_orders[case4]" time="0.015" /><testcase classname="tests.generated.orders.test_orders_096" name="test_orders[case2]" time="0.019" /><testcase classname="tests.generated.orders.test_orders_110" name="test_orders[case1]" time="0.013" /><testcase classname="tests.generated.orders.test_orders_081" name="test_orders[case8]" time="0.012" /><testcase classname="tests.generated.orders.test_orders_103" name="test_orders[case3]" time="0.006" /><testcase classname="tests.generated.orders.test_orders_064" name="test_orders[case8]" time="0.005" /><testcase classname="tests.generated.orders.test_orders_073" name="test_orders[case6]" time="0.006" /><testcase classname="tests.generated.orders.test_orders_103" name="test_orders[case4]" time="0.005" /><testcase classname="tests.generated.orders.test_orders_073" name="test_orders[case7]" time="0.005" /><testcase classname="tests.generated.orders.test_orders_064" name="test_orders[case9]" time="0.006" /><testcase classname="tests.generated.orders.test_orders_110" name="test_orders[case2]" time="0.005" /><testcase classname="tests.generated.orders.test_orders_081" name="test_orders[case9]" time="0.005" /><testcase classname="tests.generated.orders.test_orders_089" name="test_orders[case5]" time="0.007" /><testcase classname="tests.generated.orders.test_orders_103" name="test_orders[case5]" time="0.006" /><testcase classname="tests.generated.orders.test_orders_096" name="test_orders[case3]" time="0.006" /><testcase classname="tests.generated.orders.test_orders_110" name="test_orders[case3]" time="0.004" /><testcase classname="tests.generated.orders.test_orders_065" name="test_orders[case0]" time="0.005" /><testcase classname="tests.generated.orders.test_orders_089" name="test_orders[case6]" time="0.007" /><testcase classname="tests.generated.orders.test_orders_103" name="test_orders[case6]" time="0.007" /><testcase classname="tests.generated.orders.test_orders_082" name="test_orders[case0]" time="0.007" /><testcase classname="tests.generated.orders.test_orders_089" name="test_orders[case7]" time="0.004" /><testcase classname="tests.generated.orders.test_orders_096" name="test_orders[case4]" time="0.006" /><testcase classname="tests.generated.orders.test_orders_065" name="test_orders[case1]" time="0.004" /><testcase classname="tests.generated.orders.test_orders_110" name="test_orders[case4]" time="0.004" /><testcase classname="tests.generated.orders.test_orders_096" name="test_orders[case5]" time="0.008" /><testcase classname="tests.generated.orders.test_orders_065" name="test_orders[case2]" time="0.006" /><testcase classname="tests.generated.orders.test_orders_089" name="test_orders[case8]" time="0.004" /><testcase classname="tests.generated.orders.test_orders_110" name="test_orders[case5]" time="0.006" /><testcase classname="tests.generated.orders.test_orders_096" name="test_orders[case6]" time="0.006" /><testcase classname="tests.generated.orders.test_orders_089" name="test_orders[case9]" time="0.004" /><testcase classname="tests.generated.orders.test_orders_103" name="test_orders[case7]" time="0.004" /><testcase classname="tests.generated.orders.test_orders_103" name="test_orders[case8]" time="0.005" /><testcase classname="tests.generated.orders.test_orders_103" name="test_orders[case9]" time="0.005" /><testcase classname="tests.generated.orders.test_orders_110" name="test_orders[case6]" time="0.004" /><testcase classname="tests.generated.orders.test_orders_096" name="test_orders[case7]" time="0.005" /><testcase classname="tests.generated.orders.test_orders_090" name="test_orders[case0]" time="0.004" /><testcase classname="tests.generated.orders.test_orders_110" name="test_orders[case7]" time="0.004" /><testcase classname="tests.generated.orders.test_orders_104" name="test_orders[case0]" time="0.004" /><testcase classname="tests.generated.orders.test_orders_110" name="test_orders[case8]" time="0.004" /><testcase classname="tests.generated.orders.test_orders_104" name="test_orders[case1]" time="0.004" /><testcase classname="tests.generated.orders.test_orders_110" name="test_orders[case9]" time="0.004" /><testcase classname="tests.generated.orders.test_orders_096" name="test_orders[case8]" time="0.004" /><testcase classname="tests.generated.orders.test_orders_096" name="test_orders[case9]" time="0.004" /><testcase classname="tests.generated.orders.test_orders_104" name="test_orders[case2]" time="0.004" /><testcase classname="tests.generated.orders.test_orders_111" name="test_orders[case0]" time="0.004" /><testcase classname="tests.generated.orders.test_orders_111" name="test_orders[case1]" time="0.005" /><testcase classname="tests.generated.orders.test_orders_104" name="test_orders[case3]" time="0.004" /><testcase classname="tests.generated.orders.test_orders_097" name="test_orders[case0]" time="0.004" /><testcase classname="tests.generated.orders.test_orders_111" name="test_orders[case2]" time="0.004" /><testcase classname="tests.generated.orders.test_orders_111" name="test_orders[case3]" time="0.003" /><testcase classname="tests.generated.orders.test_orders_111" name="test_orders[case4]" time="0.004" /><testcase classname="tests.generated.orders.test_orders_104" name="test_orders[case4]" time="0.004" /><testcase classname="tests.generated.orders.test_orders_104" name="test_orders[case5]" time="0.004" /><testcase classname="tests.generated.orders.test_orders_104" name="test_orders[case6]" time="0.004" /><testcase classname="tests.generated.orders.test_orders_104" name="test_orders[case7]" time="0.003" /><testcase classname="tests.generated.orders.test_orders_111" name="test_orders[case5]" time="0.004" /><testcase classname="tests.generated.orders.test_orders_111" name="test_orders[case6]" time="0.004" /><testcase classname="tests.generated.orders.test_orders_097" name="test_orders[case1]" time="0.006" /><testcase classname="tests.generated.orders.test_orders_097" name="test_orders[case2]" time="0.004" /><testcase classname="tests.generated.orders.test_orders_104" name="test_orders[case8]" time="0.005" /><testcase classname="tests.generated.orders.test_orders_097" name="test_orders[case3]" time="0.004" /><testcase classname="tests.generated.orders.test_orders_097" name="test_orders[case4]" time="0.008" /><testcase classname="tests.generated.orders.test_orders_056" name="test_orders[case5]" time="0.004" /><testcase classname="tests.generated.orders.test_orders_112" name="test_orders[case8]" time="0.005" /><testcase classname="tests.generated.orders.test_orders_112" name="test_orders[case9]" time="0.005" /><testcase classname="tests.generated.orders.test_orders_104" name="test_orders[case9]" time="0.005" /><testcase classname="tests.generated.orders.test_orders_111" name="test_orders[case7]" time="0.005" /><testcase classname="tests.generated.orders.test_orders_111" name="test_orders[case8]" time="0.004" /><testcase classname="tests.generated.orders.test_orders_111" name="test_orders[case9]" time="0.006" /><testcase classname="tests.generated.orders.test_orders_097" name="test_orders[case5]" time="0.005" /><testcase classname="tests.generated.orders.test_orders_105" name="test_orders[case0]" time="0.005" /><testcase classname="tests.generated.orders.test_orders_097" name="test_orders[case6]" time="0.004" /><testcase classname="tests.generated.orders.test_orders_113" name="test_orders[case0]" time="0.005" /><testcase classname="tests.generated.orders.test_orders_112" name="test_orders[case0]" time="0.004" /><testcase classname="tests.generated.orders.test_orders_113" name="test_orders[case1]" time="0.004" /><testcase classname="tests.generated.orders.test_orders_097" name="test_orders[case7]" time="0.004" /><testcase classname="tests.generated.orders.test_orders_105" name="test_orders[case1]" time="0.004" /><testcase classname="tests.generated.orders.test_orders_112" name="test_orders[case1]" time="0.005" /><testcase classname="tests.generated.orders.test_orders_097" name="test_orders[case8]" time="0.004" /><testcase classname="tests.generated.orders.test_orders_112" name="test_orders[case2]" time="0.004" /><testcase classname="tests.generated.orders.test_orders_113" name="test_orders[case2]" time="0.005" /><testcase classname="tests.generated.orders.test_orders_105" name="test_orders[case2]" time="0.005" /><testcase classname="tests.generated.orders.test_orders_105" name="test_orders[case3]" time="0.004" /><testcase classname="tests.generated.orders.test_orders_112" name="test_orders[case3]" time="0.003" /><testcase classname="tests.generated.orders.test_orders_112" name="test_orders[case4]" time="0.003" /><testcase classname="tests.generated.orders.test_orders_112" name="test_orders[case5]" time="0.004" /><testcase classname="tests.generated.orders.test_orders_065" name="test_orders[case3]" time="0.004" /><testcase classname="tests.generated.orders.test_orders_119" name="test_orders[case8]" time="0.003" /><testcase classname="tests.generated.orders.test_orders_119" name="test_orders[case9]" time="0.004" /><testcase classname="tests.generated.orders.test_orders_073" name="test_orders[case8]" time="0.004" /><testcase classname="tests.generated.orders.test_orders_112" name="test_orders[case6]" time="0.004" /><testcase classname="tests.generated.orders.test_orders_113" name="test_orders[case3]" time="0.004" /><testcase classname="tests.generated.orders.test_orders_113" name="test_orders[case4]" time="0.003" /><testcase classname="tests.generated.orders.test_orders_113" name="test_orders[case5]" time="0.003" /><testcase classname="tests.generated.orders.test_orders_120" name="test_orders[case0]" time="0.003" /><testcase classname="tests.generated.orders.test_orders_120" name="test_orders[case1]" time="0.003" /><testcase classname="tests.generated.orders.test_orders_113" name="test_orders[case6]" time="0.003" /><testcase classname="tests.generated.orders.test_orders_113" name="test_orders[case7]" time="0.003" /><testcase classname="tests.generated.orders.test_orders_126" name="test_orders[case6]" time="0.004" /><testcase classname="tests.generated.orders.test_orders_126" name="test_orders[case7]" time="0.003" /><testcase classname="tests.generated.orders.test_orders_126" name="test_orders[case8]" time="0.003" /><testcase classname="tests.generated.orders.test_orders_120" name="test_orders[case2]" time="0.003" /><testcase classname="tests.generated.orders.test_orders_120" name="test_orders[case3]" time="0.004" /><testcase classname="tests.generated.orders.test_orders_126" name="test_orders[case9]" time="0.003" /><testcase classname="tests.generated.orders.test_orders_082" name="test_orders[case1]" time="0.004" /><testcase classname="tests.generated.orders.test_orders_120" name="test_orders[case4]" time="0.003" /><testcase classname="tests.generated.orders.test_orders_113" name="test_orders[case8]" time="0.003" /><testcase classname="tests.generated.orders.test_orders_113" name="test_orders[case9]" time="0.004" /><testcase classname="tests.generated.orders.test_orders_133" name="test_orders[case2]" time="0.004" /><testcase classname="tests.generated.orders.test_orders_127" name="test_orders[case0]" time="0.004" /><testcase classname="tests.generated.orders.test_orders_133" name="test_orders[case3]" time="0.004" /><testcase classname="tests.generated.orders.test_orders_120" name="test_orders[case5]" time="0.003" /><testcase classname="tests.generated.orders.test_orders_120" name="test_orders[case6]" time="0.004" /><testcase classname="tests.generated.orders.test_orders_127" name="test_orders[case1]" time="0.004" /><testcase classname="tests.generated.orders.test_orders_114" name="test_orders[case0]" time="0.003" /><testcase classname="tests.generated.orders.test_orders_114" name="test_orders[case1]" time="0.003" /><testcase classname="tests.generated.orders.test_orders_127" name="test_orders[case2]" time="0.004" /><testcase classname="tests.generated.orders.test_orders_133" name="test_orders[case4]" time="0.003" /><testcase classname="tests.generated.orders.test_orders_120" name="test_orders[case7]" time="0.004" /><testcase classname="tests.generated.orders.test_orders_114" name="test_orders[case2]" time="0.003" /><testcase classname="tests.generated.orders.test_orders_133" name="test_orders[case5]" time="0.004" /><testcase classname="tests.generated.orders.test_orders_120" name="test_orders[case8]" time="0.004" /><testcase classname="tests.generated.orders.test_orders_127" name="test_orders[case3]" time="0.004" /><testcase classname="tests.generated.orders.test_orders_114" name="test_orders[case3]" time="0.004" /><testcase classname="tests.generated.orders.test_orders_090" name="test_orders[case1]" time="0.004" /><testcase classname="tests.generated.orders.test_orders_133" name="test_orders[case6]" time="0.005" /><testcase classname="tests.generated.orders.test_orders_114" name="test_orders[case4]" time="0.004" /><testcase classname="tests.generated.orders.test_orders_120" name="test_orders[case9]" time="0.004" /><testcase classname="tests.generated.orders.test_orders_114" name="test_orders[case5]" time="0.003" /><testcase classname="tests.generated.orders.test_orders_133" name="test_orders[case7]" time="0.004" /><testcase classname="tests.generated.orders.test_orders_127" name="test_orders[case4]" time="0.003" /><testcase classname="tests.generated.orders.test_orders_127" name="test_orders[case5]" time="0.004" /><testcase classname="tests.generated.orders.test_orders_139" name="test_orders[case6]" time="0.004" /><testcase classname="tests.generated.orders.test_orders_139" name="test_orders[case7]" time="0.004" /><testcase classname="tests.generated.orders.test_orders_121" name="test_orders[case0]" time="0.005" /><testcase classname="tests.generated.orders.test_orders_133" name="test_orders[case8]" time="0.004" /><testcase classname="tests.generated.orders.test_orders_114" name="test_orders[case6]" time="0.004" /><testcase classname="tests.generated.orders.test_orders_127" name="test_orders[case6]" time="0.004" /><testcase classname="tests.generated.orders.test_orders_139" name="test_orders[case8]" time="0.004" /><testcase classname="tests.generated.orders.test_orders_121" name="test_orders[case1]" time="0.005" /><testcase classname="tests.generated.orders.test_orders_114" name="test_orders[case7]" time="0.004" /><testcase classname="tests.generated.orders.test_orders_139" name="test_orders[case9]" time="0.005" /><testcase classname="tests.generated.orders.test_orders_114" name="test_orders[case8]" time="0.004" /><testcase classname="tests.generated.orders.test_orders_133" name="test_orders[case9]" time="0.004" /><testcase classname="tests.generated.orders.test_orders_134" name="test_orders[case0]" time="0.004" /><testcase classname="tests.generated.orders.test_orders_121" name="test_orders[case2]" time="0.004" /><testcase classname="tests.generated.orders.test_orders_127" name="test_orders[case7]" time="0.004" /><testcase classname="tests.generated.orders.test_orders_127" name="test_orders[case8]" time="0.003" /><testcase classname="tests.generated.orders.test_orders_140" name="test_orders[case0]" time="0.006" /><testcase classname="tests.generated.orders.test_orders_114" name="test_orders[case9]" time="0.004" /><testcase classname="tests.generated.orders.test_orders_127" name="test_orders[case9]" time="0.004" /><testcase classname="tests.generated.orders.test_orders_121" name="test_orders[case3]" time="0.004" /><testcase classname="tests.generated.orders.test_orders_121" name="test_orders[case4]" time="0.004" /><testcase classname="tests.generated.orders.test_orders_115" name="test_orders[case0]" time="0.006" /><testcase classname="tests.generated.orders.test_orders_121" name="test_orders[case5]" time="0.006" /><testcase classname="tests.generated.orders.test_orders_134" name="test_orders[case1]" time="0.003" /><testcase classname="tests.generated.orders.test_orders_134" name="test_orders[case2]" time="0.004" /><testcase classname="tests.generated.orders.test_orders_128" name="test_orders[case0]" time="0.004" /><testcase classname="tests.generated.orders.test_orders_128" name="test_orders[case1]" time="0.004" /><testcase classname="tests.generated.orders.test_orders_115" name="test_orders[case1]" time="0.006" /><testcase classname="tests.generated.orders.test_orders_134" name="test_orders[case3]" time="0.004" /><testcase classname="tests.generated.orders.test_orders_134" name="test_orders[case4]" time="0.003" /><testcase classname="tests.generated.orders.test_orders_121" name="test_orders[case6]" time="0.004" /><testcase classname="tests.generated.orders.test_orders_121" name="test_orders[case7]" time="0.004" /><testcase classname="tests.generated.orders.test_orders_140" name="test_orders[case1]" time="0.006" /><testcase classname="tests.generated.orders.test_orders_140" name="test_orders[case2]" time="0.006" /><testcase classname="tests.generated.orders.test_orders_128" name="test_orders[case2]" time="0.004" /><testcase classname="tests.generated.orders.test_orders_128" name="test_orders[case3]" time="0.004" /><testcase classname="tests.generated.orders.test_orders_134" name="test_orders[case5]" time="0.004" /><testcase classname="tests.generated.orders.test_orders_115" name="test_orders[case2]" time="0.004" /><testcase classname="tests.generated.orders.test_orders_128" name="test_orders[case4]" time="0.005" /><testcase classname="tests.generated.orders.test_orders_140" name="test_orders[case3]" time="0.004" /><testcase classname="tests.generated.orders.test_orders_097" name="test_orders[case9]" time="0.005" /><testcase classname="tests.generated.orders.test_orders_121" name="test_orders[case8]" time="0.009" /><testcase classname="tests.generated.orders.test_orders_115" name="test_orders[case3]" time="0.004" /><testcase classname="tests.generated.orders.test_orders_134" name="test_orders[case6]" time="0.004" /><testcase classname="tests.generated.orders.test_orders_115" name="test_orders[case4]" time="0.004" /><testcase classname="tests.generated.orders.test_orders_140" name="test_orders[case4]" time="0.004" /><testcase classname="tests.generated.orders.test_orders_140" name="test_orders[case5]" time="0.004" /><testcase classname="tests.generated.orders.test_orders_134" name="test_orders[case7]" time="0.004" /><testcase classname="tests.generated.orders.test_orders_115" name="test_orders[case5]" time="0.004" /><testcase classname="tests.generated.orders.test_orders_145" name="test_orders[case8]" time="0.006" /><testcase classname="tests.generated.orders.test_orders_145" name="test_orders[case9]" time="0.004" /><testcase classname="tests.generated.orders.test_orders_121" name="test_orders[case9]" time="0.004" /><testcase classname="tests.generated.orders.test_orders_134" name="test_orders[case8]" time="0.007" /><testcase classname="tests.generated.orders.test_orders_128" name="test_orders[case5]" time="0.005" /><testcase classname="tests.generated.orders.test_orders_115" name="test_orders[case6]" time="0.004" /><testcase classname="tests.generated.orders.test_orders_140" name="test_orders[case6]" time="0.004" /><testcase classname="tests.generated.orders.test_orders_128" name="test_orders[case6]" time="0.008" /><testcase classname="tests.generated.orders.test_orders_115" name="test_orders[case7]" time="0.004" /><testcase classname="tests.generated.orders.test_orders_122" name="test_orders[case0]" time="0.004" /><testcase classname="tests.generated.orders.test_orders_146" name="test_orders[case0]" time="0.004" /><testcase classname="tests.generated.orders.test_orders_122" name="test_orders[case1]" time="0.004" /><testcase classname="tests.generated.orders.test_orders_115" name="test_orders[case8]" time="0.004" /><testcase classname="tests.generated.orders.test_orders_146" name="test_orders[case1]" time="0.004" /><testcase classname="tests.generated.orders.test_orders_140" name="test_orders[case7]" time="0.004" /><testcase classname="tests.generated.orders.test_orders_122" name="test_orders[case2]" time="0.004" /><testcase classname="tests.generated.orders.test_orders_146" name="test_orders[case2]" time="0.004" /><testcase classname="tests.generated.orders.test_orders_115" name="test_orders[case9]" time="0.007" /><testcase classname="tests.generated.orders.test_orders_134" name="test_orders[case9]" time="0.008" /><testcase classname="tests.generated.orders.test_orders_128" name="test_orders[case7]" time="0.007" /><testcase classname="tests.generated.orders.test_orders_140" name="test_orders[case8]" time="0.004" /><testcase classname="tests.generated.orders.test_orders_122" name="test_orders[case3]" time="0.004" /><testcase classname="tests.generated.orders.test_orders_135" name="test_orders[case0]" time="0.007" /><testcase classname="tests.generated.orders.test_orders_140" name="test_orders[case9]" time="0.004" /><testcase classname="tests.generated.orders.test_orders_141" name="test_orders[case0]" time="0.004" /><testcase classname="tests.generated.orders.test_orders_122" name="test_orders[case4]" time="0.004" /><testcase classname="tests.generated.orders.test_orders_128" name="test_orders[case8]" time="0.007" /><testcase classname="tests.generated.orders.test_orders_116" name="test_orders[case0]" time="0.007" /><testcase classname="tests.generated.orders.test_orders_146" name="test_orders[case3]" time="0.006" /><testcase classname="tests.generated.orders.test_orders_141" name="test_orders[case1]" time="0.004" /><testcase classname="tests.generated.orders.test_orders_135" name="test_orders[case1]" time="0.008" /><testcase classname="tests.generated.orders.test_orders_146" name="test_orders[case4]" time="0.010" /><testcase classname="tests.generated.orders.test_orders_122" name="test_orders[case5]" time="0.005" /><testcase classname="tests.generated.orders.test_orders_128" name="test_orders[case9]" time="0.008" /><testcase classname="tests.generated.orders.test_orders_141" name="test_orders[case2]" time="0.005" /><testcase classname="tests.generated.orders.test_orders_116" name="test_orders[case1]" time="0.005" /><testcase classname="tests.generated.orders.test_orders_122" name="test_orders[case6]" time="0.006" /><testcase classname="tests.generated.orders.test_orders_116" name="test_orders[case2]" time="0.005" /><testcase classname="tests.generated.orders.test_orders_141" name="test_orders[case3]" time="0.008" /><testcase classname="tests.generated.orders.test_orders_129" name="test_orders[case0]" time="0.008" /><testcase classname="tests.generated.orders.test_orders_146" name="test_orders[case5]" time="0.008" /><testcase classname="tests.generated.orders.test_orders_122" name="test_orders[case7]" time="0.006" /><testcase classname="tests.generated.orders.test_orders_135" name="test_orders[case2]" time="0.008" /><testcase classname="tests.generated.orders.test_orders_105" name="test_orders[case4]" time="0.004" /><testcase classname="tests.generated.orders.test_orders_129" name="test_orders[case1]" time="0.006" /><testcase classname="tests.generated.orders.test_orders_116" name="test_orders[case3]" time="0.004" /><testcase classname="tests.generated.orders.test_orders_146" name="test_orders[case6]" time="0.004" /><testcase classname="tests.generated.orders.test_orders_135" name="test_orders[case3]" time="0.008" /><testcase classname="tests.generated.orders.test_orders_116" name="test_orders[case4]" time="0.004" /><testcase classname="tests.generated.orders.test_orders_141" name="test_orders[case4]" time="0.009" /><testcase classname="tests.generated.orders.test_orders_151" name="test_orders[case8]" time="0.006" /><testcase classname="tests.generated.orders.test_orders_122" name="test_orders[case8]" time="0.008" /><testcase classname="tests.generated.orders.test_orders_146" name="test_orders[case7]" time="0.005" /><testcase classname="tests.generated.orders.test_orders_129" name="test_orders[case2]" time="0.010" /><testcase classname="tests.generated.orders.test_orders_116" name="test_orders[case5]" time="0.008" /><testcase classname="tests.generated.orders.test_orders_151" name="test_orders[case9]" time="0.006" /><testcase classname="tests.generated.orders.test_orders_141" name="test_orders[case5]" time="0.006" /><testcase classname="tests.generated.orders.test_orders_135" name="test_orders[case4]" time="0.007" /><testcase classname="tests.generated.orders.test_orders_122" name="test_orders[case9]" time="0.006" /><testcase classname="tests.generated.orders.test_orders_146" name="test_orders[case8]" time="0.007" /><testcase classname="tests.generated.orders.test_orders_129" name="test_orders[case3]" time="0.006" /><testcase classname="tests.generated.orders.test_orders_152" name="test_orders[case0]" time="0.006" /><testcase classname="tests.generated.orders.test_orders_123" name="test_orders[case0]" time="0.004" /><testcase classname="tests.generated.orders.test_orders_146" name="test_orders[case9]" time="0.005" /><testcase classname="tests.generated.orders.test_orders_135" name="test_orders[case5]" time="0.009" /><testcase classname="tests.generated.orders.test_orders_116" name="test_orders[case6]" time="0.008" /><testcase classname="tests.generated.orders.test_orders_141" name="test_orders[case6]" time="0.007" /><testcase classname="tests.generated.orders.test_orders_129" name="test_orders[case4]" time="0.009" /><testcase classname="tests.generated.orders.test_orders_152" name="test_orders[case1]" time="0.007" /><testcase classname="tests.generated.orders.test_orders_116" name="test_orders[case7]" time="0.005" /><testcase classname="tests.generated.orders.test_orders_147" name="test_orders[case0]" time="0.004" /><testcase classname="tests.generated.orders.test_orders_123" name="test_orders[case1]" time="0.005" /><testcase classname="tests.generated.orders.test_orders_135" name="test_orders[case6]" time="0.006" /><testcase classname="tests.generated.orders.test_orders_116" name="test_orders[case8]" time="0.005" /><testcase classname="tests.generated.orders.test_orders_147" name="test_orders[case1]" time="0.004" /><testcase classname="tests.generated.orders.test_orders_141" name="test_orders[case7]" time="0.008" /><testcase classname="tests.generated.orders.test_orders_152" name="test_orders[case2]" time="0.006" /><testcase classname="tests.generated.orders.test_orders_129" name="test_orders[case5]" time="0.006" /><testcase classname="tests.generated.orders.test_orders_123" name="test_orders[case2]" time="0.004" /><testcase classname="tests.generated.orders.test_orders_123" name="test_orders[case3]" time="0.004" /><testcase classname="tests.generated.orders.test_orders_135" name="test_orders[case7]" time="0.007" /><testcase classname="tests.generated.orders.test_orders_147" name="test_orders[case2]" time="0.009" /><testcase classname="tests.generated.orders.test_orders_123" name="test_orders[case4]" time="0.005" /><testcase classname="tests.generated.orders.test_orders_129" name="test_orders[case6]" time="0.008" /><testcase classname="tests.generated.orders.test_orders_116" name="test_orders[case9]" time="0.004" /><testcase classname="tests.generated.orders.test_orders_135" name="test_orders[case8]" time="0.005" /><testcase classname="tests.generated.orders.test_orders_123" name="test_orders[case5]" time="0.004" /><testcase classname="tests.generated.orders.test_orders_117" name="test_orders[case0]" time="0.005" /><testcase classname="tests.generated.orders.test_orders_141" name="test_orders[case8]" time="0.006" /><testcase classname="tests.generated.orders.test_orders_152" name="test_orders[case3]" time="0.010" /><testcase classname="tests.generated.orders.test_orders_135" name="test_orders[case9]" time="0.004" /><testcase classname="tests.generated.orders.test_orders_123" name="test_orders[case6]" time="0.004" /><testcase classname="tests.generated.orders.test_orders_129" name="test_orders[case7]" time="0.016" /><testcase classname="tests.generated.orders.test_orders_141" name="test_orders[case9]" time="0.004" /><testcase classname="tests.generated.orders.test_orders_147" name="test_orders[case3]" time="0.012" /><testcase classname="tests.generated.orders.test_orders_117" name="test_orders[case1]" time="0.006" /><testcase classname="tests.generated.orders.test_orders_152" name="test_orders[case4]" time="0.005" /><testcase classname="tests.generated.orders.test_orders_123" name="test_orders[case7]" time="0.004" /><testcase classname="tests.generated.orders.test_orders_136" name="test_orders[case0]" time="0.004" /><testcase classname="tests.generated.orders.test_orders_117" name="test_orders[case2]" time="0.004" /><testcase classname="tests.generated.orders.test_orders_142" name="test_orders[case0]" time="0.005" /><testcase classname="tests.generated.orders.test_orders_152" name="test_orders[case5]" time="0.006" /><testcase classname="tests.generated.orders.test_orders_123" name="test_orders[case8]" time="0.005" /><testcase classname="tests.generated.orders.test_orders_142" name="test_orders[case1]" time="0.011" /><testcase classname="tests.generated.orders.test_orders_136" name="test_orders[case1]" time="0.006" /><testcase classname="tests.generated.orders.test_orders_123" name="test_orders[case9]" time="0.004" /><testcase classname="tests.generated.orders.test_orders_117" name="test_orders[case3]" time="0.005" /><testcase classname="tests.generated.orders.test_orders_152" name="test_orders[case6]" time="0.006" /><testcase classname="tests.generated.orders.test_orders_129" name="test_orders[case8]" time="0.004" /><testcase classname="tests.generated.orders.test_orders_147" name="test_orders[case4]" time="0.009" /><testcase classname="tests.generated.orders.test_orders_117" name="test_orders[case4]" time="0.005" /><testcase classname="tests.generated.orders.test_orders_136" name="test_orders[case2]" time="0.004" /><testcase classname="tests.generated.orders.test_orders_129" name="test_orders[case9]" time="0.005" /><testcase classname="tests.generated.orders.test_orders_136" name="test_orders[case3]" time="0.004" /><testcase classname="tests.generated.orders.test_orders_152" name="test_orders[case7]" time="0.011" /><testcase classname="tests.generated.orders.test_orders_147" name="test_orders[case5]" time="0.007" /><testcase classname="tests.generated.orders.test_orders_124" name="test_orders[case0]" time="0.009" /><testcase classname="tests.generated.orders.test_orders_136" name="test_orders[case4]" time="0.004" /><testcase classname="tests.generated.orders.test_orders_117" name="test_orders[case5]" time="0.008" /><testcase classname="tests.generated.orders.test_orders_142" name="test_orders[case2]" time="0.006" /><testcase classname="tests.generated.orders.test_orders_130" name="test_orders[case0]" time="0.005" /><testcase classname="tests.generated.orders.test_orders_142" name="test_orders[case3]" time="0.007" /><testcase classname="tests.generated.orders.test_orders_124" name="test_orders[case1]" time="0.007" /><testcase classname="tests.generated.orders.test_orders_147" name="test_orders[case6]" time="0.007" /><testcase classname="tests.generated.orders.test_orders_136" name="test_orders[case5]" time="0.005" /><testcase classname="tests.generated.orders.test_orders_130" name="test_orders[case1]" time="0.004" /><testcase classname="tests.generated.orders.test_orders_142" name="test_orders[case4]" time="0.007" /><testcase classname="tests.generated.orders.test_orders_136" name="test_orders[case6]" time="0.005" /><testcase classname="tests.generated.orders.test_orders_152" name="test_orders[case8]" time="0.007" /><testcase classname="tests.generated.orders.test_orders_124" name="test_orders[case2]" time="0.007" /><testcase classname="tests.generated.orders.test_orders_117" name="test_orders[case6]" time="0.009" /><testcase classname="tests.generated.orders.test_orders_147" name="test_orders[case7]" time="0.006" /><testcase classname="tests.generated.orders.test_orders_130" name="test_orders[case2]" time="0.005" /><testcase classname="tests.generated.orders.test_orders_136" name="test_orders[case7]" time="0.004" /><testcase classname="tests.generated.orders.test_orders_142" name="test_orders[case5]" time="0.004" /><testcase classname="tests.generated.orders.test_orders_117" name="test_orders[case7]" time="0.013" /><testcase classname="tests.generated.orders.test_orders_130" name="test_orders[case3]" time="0.004" /><testcase classname="tests.generated.orders.test_orders_136" name="test_orders[case8]" time="0.004" /><testcase classname="tests.generated.orders.test_orders_142" name="test_orders[case6]" time="0.004" /><testcase classname="tests.generated.orders.test_orders_147" name="test_orders[case8]" time="0.005" /><testcase classname="tests.generated.orders.test_orders_130" name="test_orders[case4]" time="0.005" /><testcase classname="tests.generated.orders.test_orders_152" name="test_orders[case9]" time="0.009" /><testcase classname="tests.generated.orders.test_orders_124" name="test_orders[case3]" time="0.009" /><testcase classname="tests.generated.orders.test_orders_136" name="test_orders[case9]" time="0.005" /><testcase classname="tests.generated.orders.test_orders_142" name="test_orders[case7]" time="0.004" /><testcase classname="tests.generated.orders.test_orders_147" name="test_orders[case9]" time="0.006" /><testcase classname="tests.generated.orders.test_orders_153" name="test_orders[case0]" time="0.007" /><testcase classname="tests.generated.orders.test_orders_137" name="test_orders[case0]" time="0.004" /><testcase classname="tests.generated.orders.test_orders_117" name="test_orders[case8]" time="0.009" /><testcase classname="tests.generated.orders.test_orders_124" name="test_orders[case4]" time="0.007" /><testcase classname="tests.generated.orders.test_orders_142" name="test_orders[case8]" time="0.006" /><testcase classname="tests.generated.orders.test_orders_130" name="test_orders[case5]" time="0.009" /><testcase classname="tests.generated.orders.test_orders_148" name="test_orders[case0]" time="0.007" /><testcase classname="tests.generated.orders.test_orders_153" name="test_orders[case1]" time="0.005" /><testcase classname="tests.generated.orders.test_orders_142" name="test_orders[case9]" time="0.005" /><testcase classname="tests.generated.orders.test_orders_137" name="test_orders[case1]" time="0.008" /><testcase classname="tests.generated.orders.test_orders_153" name="test_orders[case2]" time="0.007" /><testcase classname="tests.generated.orders.test_orders_124" name="test_orders[case5]" time="0.005" /><testcase classname="tests.generated.orders.test_orders_148" name="test_orders[case1]" time="0.005" /><testcase classname="tests.generated.orders.test_orders_124" name="test_orders[case6]" time="0.007" /><testcase classname="tests.generated.orders.test_orders_143" name="test_orders[case0]" time="0.005" /><testcase classname="tests.generated.orders.test_orders_130" name="test_orders[case6]" time="0.009" /><testcase classname="tests.generated.orders.test_orders_117" name="test_orders[case9]" time="0.007" /><testcase classname="tests.generated.orders.test_orders_137" name="test_orders[case2]" time="0.004" /><testcase classname="tests.generated.orders.test_orders_153" name="test_orders[case3]" time="0.013" /><testcase classname="tests.generated.orders.test_orders_143" name="test_orders[case1]" time="0.004" /><testcase classname="tests.generated.orders.test_orders_148" name="test_orders[case2]" time="0.007" /><testcase classname="tests.generated.orders.test_orders_118" name="test_orders[case0]" time="0.008" /><testcase classname="tests.generated.orders.test_orders_124" name="test_orders[case7]" time="0.007" /><testcase classname="tests.generated.orders.test_orders_137" name="test_orders[case3]" time="0.004" /><testcase classname="tests.generated.orders.test_orders_148" name="test_orders[case3]" time="0.004" /><testcase classname="tests.generated.orders.test_orders_143" name="test_orders[case2]" time="0.009" /><testcase classname="tests.generated.orders.test_orders_130" name="test_orders[case7]" time="0.009" /><testcase classname="tests.generated.orders.test_orders_118" name="test_orders[case1]" time="0.006" /><testcase classname="tests.generated.orders.test_orders_137" name="test_orders[case4]" time="0.004" /><testcase classname="tests.generated.orders.test_orders_153" name="test_orders[case4]" time="0.009" /><testcase classname="tests.generated.orders.test_orders_124" name="test_orders[case8]" time="0.005" /><testcase classname="tests.generated.orders.test_orders_130" name="test_orders[case8]" time="0.005" /><testcase classname="tests.generated.orders.test_orders_143" name="test_orders[case3]" time="0.004" /><testcase classname="tests.generated.orders.test_orders_148" name="test_orders[case4]" time="0.007" /><testcase classname="tests.generated.orders.test_orders_137" name="test_orders[case5]" time="0.007" /><testcase classname="tests.generated.orders.test_orders_118" name="test_orders[case2]" time="0.004" /><testcase classname="tests.generated.orders.test_orders_124" name="test_orders[case9]" time="0.005" /><testcase classname="tests.generated.orders.test_orders_118" name="test_orders[case3]" time="0.004" /><testcase classname="tests.generated.orders.test_orders_125" name="test_orders[case0]" time="0.004" /><testcase classname="tests.generated.orders.test_orders_153" name="test_orders[case5]" time="0.009" /><testcase classname="tests.generated.orders.test_orders_143" name="test_orders[case4]" time="0.007" /><testcase classname="tests.generated.orders.test_orders_137" name="test_orders[case6]" time="0.005" /><testcase classname="tests.generated.orders.test_orders_125" name="test_orders[case1]" time="0.005" /><testcase classname="tests.generated.orders.test_orders_130" name="test_orders[case9]" time="0.008" /><testcase classname="tests.generated.orders.test_orders_148" name="test_orders[case5]" time="0.005" /><testcase classname="tests.generated.orders.test_orders_137" name="test_orders[case7]" time="0.005" /><testcase classname="tests.generated.orders.test_orders_118" name="test_orders[case4]" time="0.011" /><testcase classname="tests.generated.orders.test_orders_153" name="test_orders[case6]" time="0.007" /><testcase classname="tests.generated.orders.test_orders_148" name="test_orders[case6]" time="0.004" /><testcase classname="tests.generated.orders.test_orders_143" name="test_orders[case5]" time="0.007" /><testcase classname="tests.generated.orders.test_orders_131" name="test_orders[case0]" time="0.007" /><testcase classname="tests.generated.orders.test_orders_148" name="test_orders[case7]" time="0.005" /><testcase classname="tests.generated.orders.test_orders_137" name="test_orders[case8]" time="0.005" /><testcase classname="tests.generated.orders.test_orders_118" name="test_orders[case5]" time="0.004" /><testcase classname="tests.generated.orders.test_orders_148" name="test_orders[case8]" time="0.004" /><testcase classname="tests.generated.orders.test_orders_153" name="test_orders[case7]" time="0.011" /><testcase classname="tests.generated.orders.test_orders_125" name="test_orders[case2]" time="0.009" /><testcase classname="tests.generated.orders.test_orders_148" name="test_orders[case9]" time="0.006" /><testcase classname="tests.generated.orders.test_orders_143" name="test_orders[case6]" time="0.008" /><testcase classname="tests.generated.orders.test_orders_137" name="test_orders[case9]" time="0.008" /><testcase classname="tests.generated.orders.test_orders_131" name="test_orders[case1]" time="0.011" /><testcase classname="tests.generated.orders.test_orders_112" name="test_orders[case7]" time="0.005" /><testcase classname="tests.generated.orders.test_orders_118" name="test_orders[case6]" time="0.004" /><testcase classname="tests.generated.orders.test_orders_118" name="test_orders[case7]" time="0.004" /><testcase classname="tests.generated.orders.test_orders_125" name="test_orders[case3]" time="0.006" /><testcase classname="tests.generated.orders.test_orders_149" name="test_orders[case0]" time="0.005" /><testcase classname="tests.generated.orders.test_orders_143" name="test_orders[case7]" time="0.019" /><testcase classname="tests.generated.orders.test_orders_138" name="test_orders[case0]" time="0.004" /><testcase classname="tests.generated.orders.test_orders_157" name="test_orders[case6]" time="0.004" /><testcase classname="tests.generated.orders.test_orders_131" name="test_orders[case2]" time="0.014" /><testcase classname="tests.generated.orders.test_orders_118" name="test_orders[case8]" time="0.004" /><testcase classname="tests.generated.orders.test_orders_153" name="test_orders[case8]" time="0.013" /><testcase classname="tests.generated.orders.test_orders_138" name="test_orders[case1]" time="0.005" /><testcase classname="tests.generated.orders.test_orders_149" name="test_orders[case1]" time="0.005" /><testcase classname="tests.generated.orders.test_orders_157" name="test_orders[case7]" time="0.004" /><testcase classname="tests.generated.orders.test_orders_125" name="test_orders[case4]" time="0.007" /><testcase classname="tests.generated.orders.test_orders_138" name="test_orders[case2]" time="0.004" /><testcase classname="tests.generated.orders.test_orders_149" name="test_orders[case2]" time="0.005" /><testcase classname="tests.generated.orders.test_orders_157" name="test_orders[case8]" time="0.006" /><testcase classname="tests.generated.orders.test_orders_118" name="test_orders[case9]" time="0.020" /><testcase classname="tests.generated.orders.test_orders_153" name="test_orders[case9]" time="0.005" /><testcase classname="tests.generated.orders.test_orders_149" name="test_orders[case3]" time="0.004" /><testcase classname="tests.generated.orders.test_orders_125" name="test_orders[case5]" time="0.010" /><testcase classname="tests.generated.orders.test_orders_138" name="test_orders[case3]" time="0.009" /><testcase classname="tests.generated.orders.test_orders_143" name="test_orders[case8]" time="0.010" /><testcase classname="tests.generated.orders.test_orders_157" name="test_orders[case9]" time="0.005" /><testcase classname="tests.generated.orders.test_orders_131" name="test_orders[case3]" time="0.009" /><testcase classname="tests.generated.orders.test_orders_154" name="test_orders[case0]" time="0.006" /><testcase classname="tests.generated.orders.test_orders_158" name="test_orders[case0]" time="0.005" /><testcase classname="tests.generated.orders.test_orders_149" name="test_orders[case4]" time="0.009" /><testcase classname="tests.generated.orders.test_orders_119" name="test_orders[case0]" time="0.008" /><testcase classname="tests.generated.orders.test_orders_125" name="test_orders[case6]" time="0.005" /><testcase classname="tests.generated.orders.test_orders_143" name="test_orders[case9]" time="0.010" /><testcase classname="tests.generated.orders.test_orders_154" name="test_orders[case1]" time="0.009" /><testcase classname="tests.generated.orders.test_orders_138" name="test_orders[case4]" time="0.006" /><testcase classname="tests.generated.orders.test_orders_131" name="test_orders[case4]" time="0.010" /><testcase classname="tests.generated.orders.test_orders_149" name="test_orders[case5]" time="0.007" /><testcase classname="tests.generated.orders.test_orders_125" name="test_orders[case7]" time="0.004" /><testcase classname="tests.generated.orders.test_orders_158" name="test_orders[case1]" time="0.005" /><testcase classname="tests.generated.orders.test_orders_158" name="test_orders[case2]" time="0.015" /><testcase classname="tests.generated.orders.test_orders_138" name="test_orders[case5]" time="0.005" /><testcase classname="tests.generated.orders.test_orders_119" name="test_orders[case1]" time="0.006" /><testcase classname="tests.generated.orders.test_orders_149" name="test_orders[case6]" time="0.004" /><testcase classname="tests.generated.orders.test_orders_144" name="test_orders[case0]" time="0.004" /><testcase classname="tests.generated.orders.test_orders_154" name="test_orders[case2]" time="0.006" /><testcase classname="tests.generated.orders.test_orders_125" name="test_orders[case8]" time="0.006" /><testcase classname="tests.generated.orders.test_orders_144" name="test_orders[case1]" time="0.074" /><testcase classname="tests.generated.orders.test_orders_138" name="test_orders[case6]" time="0.013" /><testcase classname="tests.generated.orders.test_orders_119" name="test_orders[case2]" time="0.004" /><testcase classname="tests.generated.orders.test_orders_154" name="test_orders[case3]" time="0.005" /><testcase classname="tests.generated.orders.test_orders_149" name="test_orders[case7]" time="0.004" /><testcase classname="tests.generated.orders.test_orders_149" name="test_orders[case8]" time="0.065" /><testcase classname="tests.generated.orders.test_orders_119" name="test_orders[case3]" time="0.065" /><testcase classname="tests.generated.orders.test_orders_158" name="test_orders[case3]" time="0.064" /><testcase classname="tests.generated.orders.test_orders_125" name="test_orders[case9]" time="0.064" /><testcase classname="tests.generated.orders.test_orders_154" name="test_orders[case4]" time="0.064" /><testcase classname="tests.generated.orders.test_orders_131" name="test_orders[case5]" time="0.058" /><testcase classname="tests.generated.orders.test_orders_138" name="test_orders[case7]" time="0.008" /><testcase classname="tests.generated.orders.test_orders_144" name="test_orders[case2]" time="0.005" /><testcase classname="tests.generated.orders.test_orders_119" name="test_orders[case4]" time="0.006" /><testcase classname="tests.generated.orders.test_orders_131" name="test_orders[case6]" time="0.006" /><testcase classname="tests.generated.orders.test_orders_149" name="test_orders[case9]" time="0.004" /><testcase classname="tests.generated.orders.test_orders_119" name="test_orders[case5]" time="0.021" /><testcase classname="tests.generated.orders.test_orders_150" name="test_orders[case0]" time="0.005" /><testcase classname="tests.generated.orders.test_orders_126" name="test_orders[case0]" time="0.005" /><testcase classname="tests.generated.orders.test_orders_158" name="test_orders[case4]" time="0.013" /><testcase classname="tests.generated.orders.test_orders_144" name="test_orders[case3]" time="0.004" /><testcase classname="tests.generated.orders.test_orders_138" name="test_orders[case8]" time="0.004" /><testcase classname="tests.generated.orders.test_orders_131" name="test_orders[case7]" time="0.004" /><testcase classname="tests.generated.orders.test_orders_126" name="test_orders[case1]" time="0.006" /><testcase classname="tests.generated.orders.test_orders_126" name="test_orders[case2]" time="0.005" /><testcase classname="tests.generated.orders.test_orders_154" name="test_orders[case5]" time="0.013" /><testcase classname="tests.generated.orders.test_orders_131" name="test_orders[case8]" time="0.005" /><testcase classname="tests.generated.orders.test_orders_131" name="test_orders[case9]" time="0.005" /><testcase classname="tests.generated.orders.test_orders_150" name="test_orders[case1]" time="0.005" /><testcase classname="tests.generated.orders.test_orders_138" name="test_orders[case9]" time="0.012" /><testcase classname="tests.generated.orders.test_orders_144" name="test_orders[case4]" time="0.004" /><testcase classname="tests.generated.orders.test_orders_144" name="test_orders[case5]" time="0.004" /><testcase classname="tests.generated.orders.test_orders_150" name="test_orders[case2]" time="0.016" /><testcase classname="tests.generated.orders.test_orders_126" name="test_orders[case3]" time="0.007" /><testcase classname="tests.generated.orders.test_orders_158" name="test_orders[case5]" time="0.009" /><testcase classname="tests.generated.orders.test_orders_144" name="test_orders[case6]" time="0.005" /><testcase classname="tests.generated.orders.test_orders_132" name="test_orders[case0]" time="0.005" /><testcase classname="tests.generated.orders.test_orders_126" name="test_orders[case4]" time="0.004" /><testcase classname="tests.generated.orders.test_orders_119" name="test_orders[case6]" time="0.004" /><testcase classname="tests.generated.orders.test_orders_144" name="test_orders[case7]" time="0.004" /><testcase classname="tests.generated.orders.test_orders_154" name="test_orders[case6]" time="0.007" /><testcase classname="tests.generated.orders.test_orders_150" name="test_orders[case3]" time="0.005" /><testcase classname="tests.generated.orders.test_orders_139" name="test_orders[case0]" time="0.007" /><testcase classname="tests.generated.orders.test_orders_158" name="test_orders[case6]" time="0.006" /><testcase classname="tests.generated.orders.test_orders_132" name="test_orders[case1]" time="0.005" /><testcase classname="tests.generated.orders.test_orders_154" name="test_orders[case7]" time="0.004" /><testcase classname="tests.generated.orders.test_orders_144" name="test_orders[case8]" time="0.004" /><testcase classname="tests.generated.orders.test_orders_154" name="test_orders[case8]" time="0.005" /><testcase classname="tests.generated.orders.test_orders_144" name="test_orders[case9]" time="0.004" /><testcase classname="tests.generated.orders.test_orders_158" name="test_orders[case7]" time="0.005" /><testcase classname="tests.generated.orders.test_orders_132" name="test_orders[case2]" time="0.008" /><testcase classname="tests.generated.orders.test_orders_139" name="test_orders[case1]" time="0.008" /><testcase classname="tests.generated.orders.test_orders_132" name="test_orders[case3]" time="0.004" /><testcase classname="tests.generated.orders.test_orders_150" name="test_orders[case4]" time="0.004" /><testcase classname="tests.generated.orders.test_orders_150" name="test_orders[case5]" time="0.004" /><testcase classname="tests.generated.orders.test_orders_145" name="test_orders[case0]" time="0.008" /><testcase classname="tests.generated.orders.test_orders_154" name="test_orders[case9]" time="0.007" /><testcase classname="tests.generated.orders.test_orders_158" name="test_orders[case8]" time="0.006" /><testcase classname="tests.generated.orders.test_orders_150" name="test_orders[case6]" time="0.004" /><testcase classname="tests.generated.orders.test_orders_132" name="test_orders[case4]" time="0.004" /><testcase classname="tests.generated.orders.test_orders_139" name="test_orders[case2]" time="0.007" /><testcase classname="tests.generated.orders.test_orders_158" name="test_orders[case9]" time="0.007" /><testcase classname="tests.generated.orders.test_orders_155" name="test_orders[case0]" time="0.004" /><testcase classname="tests.generated.orders.test_orders_145" name="test_orders[case1]" time="0.005" /><testcase classname="tests.generated.orders.test_orders_139" name="test_orders[case3]" time="0.007" /><testcase classname="tests.generated.orders.test_orders_155" name="test_orders[case1]" time="0.004" /><testcase classname="tests.generated.orders.test_orders_132" name="test_orders[case5]" time="0.005" /><testcase classname="tests.generated.orders.test_orders_150" name="test_orders[case7]" time="0.004" /><testcase classname="tests.generated.orders.test_orders_150" name="test_orders[case8]" time="0.004" /><testcase classname="tests.generated.orders.test_orders_132" name="test_orders[case6]" time="0.005" /><testcase classname="tests.generated.orders.test_orders_145" name="test_orders[case2]" time="0.005" /><testcase classname="tests.generated.orders.test_orders_139" name="test_orders[case4]" time="0.010" /><testcase classname="tests.generated.orders.test_orders_155" name="test_orders[case2]" time="0.006" /><testcase classname="tests.generated.orders.test_orders_132" name="test_orders[case7]" time="0.004" /><testcase classname="tests.generated.orders.test_orders_150" name="test_orders[case9]" time="0.004" /><testcase classname="tests.generated.orders.test_orders_145" name="test_orders[case3]" time="0.005" /><testcase classname="tests.generated.orders.test_orders_132" name="test_orders[case8]" time="0.005" /><testcase classname="tests.generated.orders.test_orders_145" name="test_orders[case4]" time="0.006" /><testcase classname="tests.generated.orders.test_orders_151" name="test_orders[case0]" time="0.004" /><testcase classname="tests.generated.orders.test_orders_151" name="test_orders[case1]" time="0.004" /><testcase classname="tests.generated.orders.test_orders_132" name="test_orders[case9]" time="0.006" /><testcase classname="tests.generated.orders.test_orders_155" name="test_orders[case3]" time="0.007" /><testcase classname="tests.generated.orders.test_orders_155" name="test_orders[case4]" time="0.004" /><testcase classname="tests.generated.orders.test_orders_159" name="test_orders[case0]" time="0.004" /><testcase classname="tests.generated.orders.test_orders_159" name="test_orders[case1]" time="0.005" /><testcase classname="tests.generated.orders.test_orders_159" name="test_orders[case2]" time="0.005" /><testcase classname="tests.generated.orders.test_orders_151" name="test_orders[case2]" time="0.004" /><testcase classname="tests.generated.orders.test_orders_145" name="test_orders[case5]" time="0.007" /><testcase classname="tests.generated.orders.test_orders_155" name="test_orders[case5]" time="0.004" /><testcase classname="tests.generated.orders.test_orders_133" name="test_orders[case0]" time="0.006" /><testcase classname="tests.generated.orders.test_orders_151" name="test_orders[case3]" time="0.004" /><testcase classname="tests.generated.orders.test_orders_159" name="test_orders[case3]" time="0.005" /><testcase classname="tests.generated.orders.test_orders_145" name="test_orders[case6]" time="0.005" /><testcase classname="tests.generated.orders.test_orders_155" name="test_orders[case6]" time="0.010" /><testcase classname="tests.generated.orders.test_orders_159" name="test_orders[case4]" time="0.005" /><testcase classname="tests.generated.orders.test_orders_159" name="test_orders[case5]" time="0.005" /><testcase classname="tests.generated.orders.test_orders_151" name="test_orders[case4]" time="0.006" /><testcase classname="tests.generated.orders.test_orders_155" name="test_orders[case7]" time="0.005" /><testcase classname="tests.generated.orders.test_orders_155" name="test_orders[case8]" time="0.005" /><testcase classname="tests.generated.orders.test_orders_151" name="test_orders[case5]" time="0.005" /><testcase classname="tests.generated.orders.test_orders_151" name="test_orders[case6]" time="0.005" /><testcase classname="tests.generated.orders.test_orders_159" name="test_orders[case6]" time="0.004" /><testcase classname="tests.generated.orders.test_orders_159" name="test_orders[case7]" time="0.004" /><testcase classname="tests.generated.orders.test_orders_155" name="test_orders[case9]" time="0.005" /><testcase classname="tests.generated.orders.test_orders_156" name="test_orders[case0]" time="0.004" /><testcase classname="tests.generated.orders.test_orders_159" name="test_orders[case8]" time="0.003" /><testcase classname="tests.generated.orders.test_orders_133" name="test_orders[case1]" time="0.004" /><testcase classname="tests.generated.payments.test_payments_007" name="test_payments[case0]" time="0.003" /><testcase classname="tests.generated.orders.test_orders_159" name="test_orders[case9]" time="0.004" /><testcase classname="tests.generated.orders.test_orders_160" name="test_orders[case0]" time="0.004" /><testcase classname="tests.generated.orders.test_orders_160" name="test_orders[case1]" time="0.004" /><testcase classname="tests.generated.orders.test_orders_119" name="test_orders[case7]" time="0.003" /><testcase classname="tests.generated.orders.test_orders_163" name="test_orders[case2]" time="0.003" /><testcase classname="tests.generated.orders.test_orders_163" name="test_orders[case3]" time="0.004" /><testcase classname="tests.generated.orders.test_orders_126" name="test_orders[case5]" time="0.003" /><testcase classname="tests.generated.payments.test_payments_001" name="test_payments[case7]" time="0.003" /><testcase classname="tests.generated.orders.test_orders_145" name="test_orders[case7]" time="0.006" /><testcase classname="tests.generated.orders.test_orders_139" name="test_orders[case5]" time="0.003" /><testcase classname="tests.generated.payments.test_payments_012" name="test_payments[case1]" time="0.003" /><testcase classname="tests.generated.payments.test_payments_012" name="test_payments[case2]" time="0.004" /><testcase classname="tests.generated.orders.test_orders_163" name="test_orders[case4]" time="0.004" /><testcase classname="tests.generated.payments.test_payments_017" name="test_payments[case1]" time="0.005" /><testcase classname="tests.generated.orders.test_orders_160" name="test_orders[case2]" time="0.004" /><testcase classname="tests.generated.orders.test_orders_156" name="test_orders[case1]" time="0.004" /><testcase classname="tests.generated.orders.test_orders_156" name="test_orders[case2]" time="0.004" /><testcase classname="tests.generated.orders.test_orders_156" name="test_orders[case3]" time="0.007" /><testcase classname="tests.generated.payments.test_payments_012" name="test_payments[case3]" time="0.004" /><testcase classname="tests.generated.orders.test_orders_160" name="test_orders[case3]" time="0.005" /><testcase classname="tests.generated.payments.test_payments_001" name="test_payments[case8]" time="0.004" /><testcase classname="tests.generated.payments.test_payments_001" name="test_payments[case9]" time="0.004" /><testcase classname="tests.generated.payments.test_payments_012" name="test_payments[case4]" time="0.004" /><testcase classname="tests.generated.payments.test_payments_017" name="test_payments[case2]" time="0.005" /><testcase classname="tests.generated.payments.test_payments_017" name="test_payments[case3]" time="0.038" /><testcase classname="tests.generated.payments.test_payments_002" name="test_payments[case0]" time="0.005" /><testcase classname="tests.generated.orders.test_orders_163" name="test_orders[case5]" time="0.004" /><testcase classname="tests.generated.payments.test_payments_012" name="test_payments[case5]" time="0.004" /><testcase classname="tests.generated.payments.test_payments_007" name="test_payments[case1]" time="0.004" /><testcase classname="tests.generated.payments.test_payments_007" name="test_payments[case2]" time="0.004" /><testcase classname="tests.generated.orders.test_orders_163" name="test_orders[case6]" time="0.004" /><testcase classname="tests.generated.payments.test_payments_002" name="test_payments[case1]" time="0.008" /><testcase classname="tests.generated.orders.test_orders_156" name="test_orders[case4]" time="0.004" /><testcase classname="tests.generated.orders.test_orders_156" name="test_orders[case5]" time="0.004" /><testcase classname="tests.generated.payments.test_payments_012" name="test_payments[case6]" time="0.007" /><testcase classname="tests.generated.orders.test_orders_163" name="test_orders[case7]" time="0.010" /><testcase classname="tests.generated.payments.test_payments_007" name="test_payments[case3]" time="0.006" /><testcase classname="tests.generated.orders.test_orders_156" name="test_orders[case6]" time="0.006" /><testcase classname="tests.generated.payments.test_payments_002" name="test_payments[case2]" time="0.005" /><testcase classname="tests.generated.payments.test_payments_007" name="test_payments[case4]" time="0.006" /><testcase classname="tests.generated.payments.test_payments_012" name="test_payments[case7]" time="0.006" /><testcase classname="tests.generated.orders.test_orders_163" name="test_orders[case8]" time="0.005" /><testcase classname="tests.generated.orders.test_orders_156" name="test_orders[case7]" time="0.007" /><testcase classname="tests.generated.orders.test_orders_163" name="test_orders[case9]" time="0.004" /><testcase classname="tests.generated.orders.test_orders_160" name="test_orders[case4]" time="0.028" /><testcase classname="tests.generated.payments.test_payments_007" name="test_payments[case5]" time="0.004" /><testcase classname="tests.generated.payments.test_payments_002" name="test_payments[case3]" time="0.009" /><testcase classname="tests.generated.orders.test_orders_156" name="test_orders[case8]" time="0.004" /><testcase classname="tests.generated.orders.test_orders_164" name="test_orders[case0]" time="0.009" /><testcase classname="tests.generated.payments.test_payments_007" name="test_payments[case6]" time="0.005" /><testcase classname="tests.generated.payments.test_payments_012" name="test_payments[case8]" time="0.007" /><testcase classname="tests.generated.payments.test_payments_017" name="test_payments[case4]" time="0.010" /><testcase classname="tests.generated.orders.test_orders_156" name="test_orders[case9]" time="0.006" /><testcase classname="tests.generated.payments.test_payments_012" name="test_payments[case9]" time="0.004" /><testcase classname="tests.generated.payments.test_payments_007" name="test_payments[case7]" time="0.006" /><testcase classname="tests.generated.payments.test_payments_013" name="test_payments[case0]" time="0.005" /><testcase classname="tests.generated.payments.test_payments_002" name="test_payments[case4]" time="0.010" /><testcase classname="tests.generated.orders.test_orders_164" name="test_orders[case1]" time="0.006" /><testcase classname="tests.generated.orders.test_orders_160" name="test_orders[case5]" time="0.010" /><testcase classname="tests.generated.orders.test_orders_157" name="test_orders[case0]" time="0.007" /><testcase classname="tests.generated.payments.test_payments_017" name="test_payments[case5]" time="0.009" /><testcase classname="tests.generated.payments.test_payments_007" name="test_payments[case8]" time="0.006" /><testcase classname="tests.generated.payments.test_payments_013" name="test_payments[case1]" time="0.005" /><testcase classname="tests.generated.payments.test_payments_002" name="test_payments[case5]" time="0.004" /><testcase classname="tests.generated.payments.test_payments_007" name="test_payments[case9]" time="0.004" /><testcase classname="tests.generated.orders.test_orders_157" name="test_orders[case1]" time="0.005" /><testcase classname="tests.generated.orders.test_orders_164" name="test_orders[case2]" time="0.010" /><testcase classname="tests.generated.orders.test_orders_160" name="test_orders[case6]" time="0.011" /><testcase classname="tests.generated.payments.test_payments_002" name="test_payments[case6]" time="0.005" /><testcase classname="tests.generated.orders.test_orders_157" name="test_orders[case2]" time="0.004" /><testcase classname="tests.generated.payments.test_payments_013" name="test_payments[case2]" time="0.004" /><testcase classname="tests.generated.payments.test_payments_017" name="test_payments[case6]" time="0.010" /><testcase classname="tests.generated.payments.test_payments_008" name="test_payments[case0]" time="0.004" /><testcase classname="tests.generated.payments.test_payments_013" name="test_payments[case3]" time="0.006" /><testcase classname="tests.generated.payments.test_payments_008" name="test_payments[case1]" time="0.005" /><testcase classname="tests.generated.payments.test_payments_002" name="test_payments[case7]" time="0.005" /><testcase classname="tests.generated.orders.test_orders_157" name="test_orders[case3]" time="0.004" /><testcase classname="tests.generated.payments.test_payments_017" name="test_payments[case7]" time="0.007" /><testcase classname="tests.generated.orders.test_orders_164" name="test_orders[case3]" time="0.010" /><testcase classname="tests.generated.payments.test_payments_002" name="test_payments[case8]" time="0.004" /><testcase classname="tests.generated.orders.test_orders_160" name="test_orders[case7]" time="0.005" /><testcase classname="tests.generated.orders.test_orders_157" name="test_orders[case4]" time="0.006" /><testcase classname="tests.generated.payments.test_payments_013" name="test_payments[case4]" time="0.007" /><testcase classname="tests.generated.payments.test_payments_008" name="test_payments[case2]" time="0.008" /><testcase classname="tests.generated.orders.test_orders_160" name="test_orders[case8]" time="0.004" /><testcase classname="tests.generated.payments.test_payments_013" name="test_payments[case5]" time="0.004" /><testcase classname="tests.generated.orders.test_orders_164" name="test_orders[case4]" time="0.006" /><testcase classname="tests.generated.payments.test_payments_002" name="test_payments[case9]" time="0.004" /><testcase classname="tests.generated.payments.test_payments_017" name="test_payments[case8]" time="0.007" /><testcase classname="tests.generated.payments.test_payments_008" name="test_payments[case3]" time="0.007" /><testcase classname="tests.generated.orders.test_orders_160" name="test_orders[case9]" time="0.008" /><testcase classname="tests.generated.payments.test_payments_013" name="test_payments[case6]" time="0.005" /><testcase classname="tests.generated.orders.test_orders_164" name="test_orders[case5]" time="0.004" /><testcase classname="tests.generated.payments.test_payments_003" name="test_payments[case0]" time="0.004" /><testcase classname="tests.generated.payments.test_payments_013" name="test_payments[case7]" time="0.005" /><testcase classname="tests.generated.payments.test_payments_003" name="test_payments[case1]" time="0.005" /><testcase classname="tests.generated.orders.test_orders_164" name="test_orders[case6]" time="0.006" /><testcase classname="tests.generated.orders.test_orders_161" name="test_orders[case0]" time="0.007" /><testcase classname="tests.generated.payments.test_payments_017" name="test_payments[case9]" time="0.005" /><testcase classname="tests.generated.payments.test_payments_008" name="test_payments[case4]" time="0.008" /><testcase classname="tests.generated.payments.test_payments_013" name="test_payments[case8]" time="0.005" /><testcase classname="tests.generated.payments.test_payments_003" name="test_payments[case2]" time="0.004" /><testcase classname="tests.generated.payments.test_payments_018" name="test_payments[case0]" time="0.004" /><testcase classname="tests.generated.payments.test_payments_008" name="test_payments[case5]" time="0.005" /><testcase classname="tests.generated.orders.test_orders_161" name="test_orders[case1]" time="0.006" /><testcase classname="tests.generated.orders.test_orders_164" name="test_orders[case7]" time="0.007" /><testcase classname="tests.generated.payments.test_payments_018" name="test_payments[case1]" time="0.004" /><testcase classname="tests.generated.payments.test_payments_003" name="test_payments[case3]" time="0.004" /><testcase classname="tests.generated.payments.test_payments_013" name="test_payments[case9]" time="0.007" /><testcase classname="tests.generated.payments.test_payments_018" name="test_payments[case2]" time="0.004" /><testcase classname="tests.generated.payments.test_payments_003" name="test_payments[case4]" time="0.004" /><testcase classname="tests.generated.orders.test_orders_164" name="test_orders[case8]" time="0.007" /><testcase classname="tests.generated.payments.test_payments_008" name="test_payments[case6]" time="0.004" /><testcase classname="tests.generated.orders.test_orders_161" name="test_orders[case2]" time="0.004" /><testcase classname="tests.generated.orders.test_orders_161" name="test_orders[case3]" time="0.004" /><testcase classname="tests.generated.payments.test_payments_008" name="test_payments[case7]" time="0.004" /><testcase classname="tests.generated.payments.test_payments_018" name="test_payments[case3]" time="0.006" /><testcase classname="tests.generated.payments.test_payments_003" name="test_payments[case5]" time="0.007" /><testcase classname="tests.generated.payments.test_payments_014" name="test_payments[case0]" time="0.010" /><testcase classname="tests.generated.payments.test_payments_008" name="test_payments[case8]" time="0.005" /><testcase classname="tests.generated.orders.test_orders_161" name="test_orders[case4]" time="0.005" /><testcase classname="tests.generated.payments.test_payments_018" name="test_payments[case4]" time="0.004" /><testcase classname="tests.generated.payments.test_payments_008" name="test_payments[case9]" time="0.007" /><testcase classname="tests.generated.orders.test_orders_164" name="test_orders[case9]" time="0.007" /><testcase classname="tests.generated.orders.test_orders_161" name="test_orders[case5]" time="0.004" /><testcase classname="tests.generated.orders.test_orders_165" name="test_orders[case0]" time="0.006" /><testcase classname="tests.generated.payments.test_payments_014" name="test_payments[case1]" time="0.007" /><testcase classname="tests.generated.orders.test_orders_161" name="test_orders[case6]" time="0.004" /><testcase classname="tests.generated.payments.test_payments_018" name="test_payments[case5]" time="0.004" /><testcase classname="tests.generated.payments.test_payments_003" name="test_payments[case6]" time="0.007" /><testcase classname="tests.generated.payments.test_payments_018" name="test_payments[case6]" time="0.004" /><testcase classname="tests.generated.payments.test_payments_003" name="test_payments[case7]" time="0.007" /><testcase classname="tests.generated.orders.test_orders_165" name="test_orders[case1]" time="0.006" /><testcase classname="tests.generated.payments.test_payments_009" name="test_payments[case0]" time="0.004" /><testcase classname="tests.generated.payments.test_payments_014" name="test_payments[case2]" time="0.007" /><testcase classname="tests.generated.orders.test_orders_161" name="test_orders[case7]" time="0.007" /><testcase classname="tests.generated.payments.test_payments_018" name="test_payments[case7]" time="0.004" /><testcase classname="tests.generated.payments.test_payments_009" name="test_payments[case1]" time="0.005" /><testcase classname="tests.generated.payments.test_payments_014" name="test_payments[case3]" time="0.006" /><testcase classname="tests.generated.orders.test_orders_165" name="test_orders[case2]" time="0.004" /><testcase classname="tests.generated.payments.test_payments_003" name="test_payments[case8]" time="0.006" /><testcase classname="tests.generated.payments.test_payments_018" name="test_payments[case8]" time="0.004" /><testcase classname="tests.generated.orders.test_orders_165" name="test_orders[case3]" time="0.007" /><testcase classname="tests.generated.orders.test_orders_161" name="test_orders[case8]" time="0.014" /><testcase classname="tests.generated.payments.test_payments_009" name="test_payments[case2]" time="0.005" /><testcase classname="tests.generated.orders.test_orders_151" name="test_orders[case7]" time="0.005" /><testcase classname="tests.generated.payments.test_payments_003" name="test_payments[case9]" time="0.009" /><testcase classname="tests.generated.payments.test_payments_014" name="test_payments[case4]" time="0.005" /><testcase classname="tests.generated.payments.test_payments_009" name="test_payments[case3]" time="0.005" /><testcase classname="tests.generated.payments.test_payments_021" name="test_payments[case9]" time="0.004" /><testcase classname="tests.generated.payments.test_payments_018" name="test_payments[case9]" time="0.010" /><testcase classname="tests.generated.orders.test_orders_165" name="test_orders[case4]" time="0.008" /><testcase classname="tests.generated.payments.test_payments_014" name="test_payments[case5]" time="0.005" /><testcase classname="tests.generated.payments.test_payments_009" name="test_payments[case4]" time="0.005" /><testcase classname="tests.generated.payments.test_payments_022" name="test_payments[case0]" time="0.004" /><testcase classname="tests.generated.orders.test_orders_161" name="test_orders[case9]" time="0.004" /><testcase classname="tests.generated.payments.test_payments_004" name="test_payments[case0]" time="0.007" /><testcase classname="tests.generated.orders.test_orders_165" name="test_orders[case5]" time="0.012" /><testcase classname="tests.generated.payments.test_payments_022" name="test_payments[case1]" time="0.007" /><testcase classname="tests.generated.payments.test_payments_014" name="test_payments[case6]" time="0.004" /><testcase classname="tests.generated.orders.test_orders_162" name="test_orders[case0]" time="0.005" /><testcase classname="tests.generated.payments.test_payments_009" name="test_payments[case5]" time="0.009" /><testcase classname="tests.generated.payments.test_payments_014" name="test_payments[case7]" time="0.005" /><testcase classname="tests.generated.payments.test_payments_019" name="test_payments[case0]" time="0.008" /><testcase classname="tests.generated.payments.test_payments_004" name="test_payments[case1]" time="0.008" /><testcase classname="tests.generated.orders.test_orders_162" name="test_orders[case1]" time="0.005" /><testcase classname="tests.generated.payments.test_payments_022" name="test_payments[case2]" time="0.004" /><testcase classname="tests.generated.payments.test_payments_014" name="test_payments[case8]" time="0.004" /><testcase classname="tests.generated.payments.test_payments_009" name="test_payments[case6]" time="0.004" /><testcase classname="tests.generated.orders.test_orders_162" name="test_orders[case2]" time="0.005" /><testcase classname="tests.generated.payments.test_payments_019" name="test_payments[case1]" time="0.004" /><testcase classname="tests.generated.payments.test_payments_022" name="test_payments[case3]" time="0.004" /><testcase classname="tests.generated.orders.test_orders_165" name="test_orders[case6]" time="0.011" /><testcase classname="tests.generated.payments.test_payments_004" name="test_payments[case2]" time="0.012" /><testcase classname="tests.generated.payments.test_payments_009" name="test_payments[case7]" time="0.004" /><testcase classname="tests.generated.payments.test_payments_014" name="test_payments[case9]" time="0.010" /><testcase classname="tests.generated.payments.test_payments_019" name="test_payments[case2]" time="0.005" /><testcase classname="tests.generated.payments.test_payments_022" name="test_payments[case4]" time="0.005" /><testcase classname="tests.generated.orders.test_orders_162" name="test_orders[case3]" time="0.005" /><testcase classname="tests.generated.payments.test_payments_009" name="test_payments[case8]" time="0.010" /><testcase classname="tests.generated.orders.test_orders_165" name="test_orders[case7]" time="0.004" /><testcase classname="tests.generated.payments.test_payments_019" name="test_payments[case3]" time="0.004" /><testcase classname="tests.generated.payments.test_payments_022" name="test_payments[case5]" time="0.004" /><testcase classname="tests.generated.payments.test_payments_015" name="test_payments[case0]" time="0.004" /><testcase classname="tests.generated.orders.test_orders_162" name="test_orders[case4]" time="0.004" /><testcase classname="tests.generated.payments.test_payments_004" name="test_payments[case3]" time="0.009" /><testcase classname="tests.generated.payments.test_payments_015" name="test_payments[case1]" time="0.004" /><testcase classname="tests.generated.orders.test_orders_165" name="test_orders[case8]" time="0.005" /><testcase classname="tests.generated.payments.test_payments_019" name="test_payments[case4]" time="0.004" /><testcase classname="tests.generated.payments.test_payments_009" name="test_payments[case9]" time="0.007" /><testcase classname="tests.generated.payments.test_payments_022" name="test_payments[case6]" time="0.004" /><testcase classname="tests.generated.payments.test_payments_015" name="test_payments[case2]" time="0.004" /><testcase classname="tests.generated.orders.test_orders_162" name="test_orders[case5]" time="0.008" /><testcase classname="tests.generated.payments.test_payments_019" name="test_payments[case5]" time="0.004" /><testcase classname="tests.generated.orders.test_orders_165" name="test_orders[case9]" time="0.013" /><testcase classname="tests.generated.payments.test_payments_022" name="test_payments[case7]" time="0.004" /><testcase classname="tests.generated.payments.test_payments_015" name="test_payments[case3]" time="0.007" /><testcase classname="tests.generated.orders.test_orders_162" name="test_orders[case6]" time="0.005" /><testcase classname="tests.generated.payments.test_payments_004" name="test_payments[case4]" time="0.006" /><testcase classname="tests.generated.payments.test_payments_022" name="test_payments[case8]" time="0.004" /><testcase classname="tests.generated.payments.test_payments_010" name="test_payments[case0]" time="0.008" /><testcase classname="tests.generated.payments.test_payments_019" name="test_payments[case6]" time="0.009" /><testcase classname="tests.generated.orders.test_orders_162" name="test_orders[case7]" time="0.004" /><testcase classname="tests.generated.payments.test_payments_010" name="test_payments[case1]" time="0.009" /><testcase classname="tests.generated.payments.test_payments_004" name="test_payments[case5]" time="0.005" /><testcase classname="tests.generated.payments.test_payments_015" name="test_payments[case4]" time="0.009" /><testcase classname="tests.generated.orders.test_orders_166" name="test_orders[case0]" time="0.005" /><testcase classname="tests.generated.payments.test_payments_022" name="test_payments[case9]" time="0.004" /><testcase classname="tests.generated.orders.test_orders_162" name="test_orders[case8]" time="0.004" /><testcase classname="tests.generated.payments.test_payments_023" name="test_payments[case0]" time="0.008" /><testcase classname="tests.generated.orders.test_orders_162" name="test_orders[case9]" time="0.009" /><testcase classname="tests.generated.orders.test_orders_166" name="test_orders[case1]" time="0.004" /><testcase classname="tests.generated.payments.test_payments_004" name="test_payments[case6]" time="0.010" /><testcase classname="tests.generated.payments.test_payments_019" name="test_payments[case7]" time="0.006" /><testcase classname="tests.generated.payments.test_payments_010" name="test_payments[case2]" time="0.007" /><testcase classname="tests.generated.payments.test_payments_019" name="test_payments[case8]" time="0.005" /><testcase classname="tests.generated.payments.test_payments_015" name="test_payments[case5]" time="0.008" /><testcase classname="tests.generated.orders.test_orders_166" name="test_orders[case2]" time="0.005" /><testcase classname="tests.generated.payments.test_payments_004" name="test_payments[case7]" time="0.005" /><testcase classname="tests.generated.payments.test_payments_010" name="test_payments[case3]" time="0.005" /><testcase classname="tests.generated.orders.test_orders_166" name="test_orders[case3]" time="0.006" /><testcase classname="tests.generated.payments.test_payments_015" name="test_payments[case6]" time="0.007" /><testcase classname="tests.generated.payments.test_payments_023" name="test_payments[case1]" time="0.008" /><testcase classname="tests.generated.payments.test_payments_010" name="test_payments[case4]" time="0.005" /><testcase classname="tests.generated.payments.test_payments_004" name="test_payments[case8]" time="0.004" /><testcase classname="tests.generated.payments.test_payments_004" name="test_payments[case9]" time="0.004" /><testcase classname="tests.generated.payments.test_payments_019" name="test_payments[case9]" time="0.007" /><testcase classname="tests.generated.orders.test_orders_163" name="test_orders[case0]" time="0.008" /><testcase classname="tests.generated.orders.test_orders_166" name="test_orders[case4]" time="0.004" /><testcase classname="tests.generated.payments.test_payments_010" name="test_payments[case5]" time="0.008" /><testcase classname="tests.generated.payments.test_payments_015" name="test_payments[case7]" time="0.009" /><testcase classname="tests.generated.orders.test_orders_166" name="test_orders[case5]" time="0.005" /><testcase classname="tests.generated.payments.test_payments_023" name="test_payments[case2]" time="0.007" /><testcase classname="tests.generated.payments.test_payments_005" name="test_payments[case0]" time="0.005" /><testcase classname="tests.generated.orders.test_orders_166" name="test_orders[case6]" time="0.007" /><testcase classname="tests.generated.payments.test_payments_020" name="test_payments[case0]" time="0.005" /><testcase classname="tests.generated.payments.test_payments_015" name="test_payments[case8]" time="0.004" /><testcase classname="tests.generated.payments.test_payments_020" name="test_payments[case1]" time="0.004" /><testcase classname="tests.generated.payments.test_payments_020" name="test_payments[case2]" time="0.005" /><testcase classname="tests.generated.payments.test_payments_010" name="test_payments[case6]" time="0.004" /><testcase classname="tests.generated.payments.test_payments_005" name="test_payments[case1]" time="0.010" /><testcase classname="tests.generated.payments.test_payments_023" name="test_payments[case3]" time="0.006" /><testcase classname="tests.generated.payments.test_payments_023" name="test_payments[case4]" time="0.009" /><testcase classname="tests.generated.orders.test_orders_166" name="test_orders[case7]" time="0.005" /><testcase classname="tests.generated.payments.test_payments_015" name="test_payments[case9]" time="0.005" /><testcase classname="tests.generated.payments.test_payments_010" name="test_payments[case7]" time="0.004" /><testcase classname="tests.generated.orders.test_orders_166" name="test_orders[case8]" time="0.006" /><testcase classname="tests.generated.payments.test_payments_005" name="test_payments[case2]" time="0.006" /><testcase classname="tests.generated.payments.test_payments_010" name="test_payments[case8]" time="0.009" /><testcase classname="tests.generated.payments.test_payments_023" name="test_payments[case5]" time="0.005" /><testcase classname="tests.generated.orders.test_orders_157" name="test_orders[case5]" time="0.005" /><testcase classname="tests.generated.orders.test_orders_166" name="test_orders[case9]" time="0.005" /><testcase classname="tests.generated.payments.test_payments_016" name="test_payments[case0]" time="0.005" /><testcase classname="tests.generated.payments.test_payments_016" name="test_payments[case1]" time="0.005" /><testcase classname="tests.generated.payments.test_payments_010" name="test_payments[case9]" time="0.016" /><testcase classname="tests.generated.orders.test_orders_167" name="test_orders[case0]" time="0.006" /><testcase classname="tests.generated.payments.test_payments_023" name="test_payments[case6]" time="0.014" /><testcase classname="tests.generated.payments.test_payments_026" name="test_payments[case6]" time="0.018" /><testcase classname="tests.generated.payments.test_payments_020" name="test_payments[case3]" time="0.004" /><testcase classname="tests.generated.payments.test_payments_005" name="test_payments[case3]" time="0.008" /><testcase classname="tests.generated.orders.test_orders_167" name="test_orders[case1]" time="0.005" /><testcase classname="tests.generated.payments.test_payments_020" name="test_payments[case4]" time="0.005" /><testcase classname="tests.generated.payments.test_payments_020" name="test_payments[case5]" time="0.005" /><testcase classname="tests.generated.payments.test_payments_016" name="test_payments[case2]" time="0.010" /><testcase classname="tests.generated.payments.test_payments_026" name="test_payments[case7]" time="0.004" /><testcase classname="tests.generated.payments.test_payments_023" name="test_payments[case7]" time="0.005" /><testcase classname="tests.generated.payments.test_payments_005" name="test_payments[case4]" time="0.006" /><testcase classname="tests.generated.payments.test_payments_020" name="test_payments[case6]" time="0.004" /><testcase classname="tests.generated.payments.test_payments_011" name="test_payments[case0]" time="0.007" /><testcase classname="tests.generated.payments.test_payments_026" name="test_payments[case8]" time="0.009" /><testcase classname="tests.generated.payments.test_payments_023" name="test_payments[case8]" time="0.005" /><testcase classname="tests.generated.orders.test_orders_167" name="test_orders[case2]" time="0.007" /><testcase classname="tests.generated.payments.test_payments_020" name="test_payments[case7]" time="0.004" /><testcase classname="tests.generated.orders.test_orders_167" name="test_orders[case3]" time="0.005" /><testcase classname="tests.generated.payments.test_payments_016" name="test_payments[case3]" time="0.009" /><testcase classname="tests.generated.payments.test_payments_011" name="test_payments[case1]" time="0.007" /><testcase classname="tests.generated.payments.test_payments_005" name="test_payments[case5]" time="0.008" /><testcase classname="tests.generated.payments.test_payments_020" name="test_payments[case8]" time="0.004" /><testcase classname="tests.generated.payments.test_payments_026" name="test_payments[case9]" time="0.005" /><testcase classname="tests.generated.payments.test_payments_020" name="test_payments[case9]" time="0.006" /><testcase classname="tests.generated.orders.test_orders_167" name="test_orders[case4]" time="0.005" /><testcase classname="tests.generated.payments.test_payments_027" name="test_payments[case0]" time="0.005" /><testcase classname="tests.generated.payments.test_payments_011" name="test_payments[case2]" time="0.009" /><testcase classname="tests.generated.payments.test_payments_023" name="test_payments[case9]" time="0.012" /><testcase classname="tests.generated.orders.test_orders_167" name="test_orders[case5]" time="0.005" /><testcase classname="tests.generated.payments.test_payments_005" name="test_payments[case6]" time="0.004" /><testcase classname="tests.generated.payments.test_payments_016" name="test_payments[case4]" time="0.009" /><testcase classname="tests.generated.payments.test_payments_027" name="test_payments[case1]" time="0.005" /><testcase classname="tests.generated.payments.test_payments_005" name="test_payments[case7]" time="0.005" /><testcase classname="tests.generated.payments.test_payments_024" name="test_payments[case0]" time="0.005" /><testcase classname="tests.generated.payments.test_payments_021" name="test_payments[case0]" time="0.012" /><testcase classname="tests.generated.payments.test_payments_027" name="test_payments[case2]" time="0.005" /><testcase classname="tests.generated.payments.test_payments_011" name="test_payments[case3]" time="0.006" /><testcase classname="tests.generated.payments.test_payments_016" name="test_payments[case5]" time="0.004" /><testcase classname="tests.generated.payments.test_payments_005" name="test_payments[case8]" time="0.005" /><testcase classname="tests.generated.orders.test_orders_167" name="test_orders[case6]" time="0.009" /><testcase classname="tests.generated.payments.test_payments_024" name="test_payments[case1]" time="0.004" /><testcase classname="tests.generated.payments.test_payments_011" name="test_payments[case4]" time="0.009" /><testcase classname="tests.generated.payments.test_payments_016" name="test_payments[case6]" time="0.007" /><testcase classname="tests.generated.payments.test_payments_027" name="test_payments[case3]" time="0.007" /><testcase classname="tests.generated.orders.test_orders_167" name="test_orders[case7]" time="0.004" /><testcase classname="tests.generated.payments.test_payments_005" name="test_payments[case9]" time="0.006" /><testcase classname="tests.generated.payments.test_payments_021" name="test_payments[case1]" time="0.007" /><testcase classname="tests.generated.payments.test_payments_024" name="test_payments[case2]" time="0.009" /><testcase classname="tests.generated.payments.test_payments_011" name="test_payments[case5]" time="0.005" /><testcase classname="tests.generated.payments.test_payments_006" name="test_payments[case0]" time="0.005" /><testcase classname="tests.generated.payments.test_payments_016" name="test_payments[case7]" time="0.006" /><testcase classname="tests.generated.orders.test_orders_167" name="test_orders[case8]" time="0.004" /><testcase classname="tests.generated.payments.test_payments_021" name="test_payments[case2]" time="0.010" /><testcase classname="tests.generated.payments.test_payments_027" name="test_payments[case4]" time="0.006" /><testcase classname="tests.generated.payments.test_payments_024" name="test_payments[case3]" time="0.006" /><testcase classname="tests.generated.payments.test_payments_006" name="test_payments[case1]" time="0.004" /><testcase classname="tests.generated.payments.test_payments_027" name="test_payments[case5]" time="0.006" /><testcase classname="tests.generated.payments.test_payments_016" name="test_payments[case8]" time="0.006" /><testcase classname="tests.generated.orders.test_orders_167" name="test_orders[case9]" time="0.014" /><testcase classname="tests.generated.payments.test_payments_024" name="test_payments[case4]" time="0.005" /><testcase classname="tests.generated.payments.test_payments_011" name="test_payments[case6]" time="0.006" /><testcase classname="tests.generated.payments.test_payments_011" name="test_payments[case7]" time="0.006" /><testcase classname="tests.generated.payments.test_payments_006" name="test_payments[case2]" time="0.005" /><testcase classname="tests.generated.payments.test_payments_016" name="test_payments[case9]" time="0.004" /><testcase classname="tests.generated.payments.test_payments_027" name="test_payments[case6]" time="0.007" /><testcase classname="tests.generated.payments.test_payments_021" name="test_payments[case3]" time="0.009" /><testcase classname="tests.generated.payments.test_payments_024" name="test_payments[case5]" time="0.005" /><testcase classname="tests.generated.payments.test_payments_011" name="test_payments[case8]" time="0.008" /><testcase classname="tests.generated.payments.test_payments_001" name="test_payments[case0]" time="0.006" /><testcase classname="tests.generated.payments.test_payments_006" name="test_payments[case3]" time="0.005" /><testcase classname="tests.generated.payments.test_payments_027" name="test_payments[case7]" time="0.004" /><testcase classname="tests.generated.payments.test_payments_021" name="test_payments[case4]" time="0.009" /><testcase classname="tests.generated.payments.test_payments_024" name="test_payments[case6]" time="0.007" /><testcase classname="tests.generated.payments.test_payments_001" name="test_payments[case1]" time="0.007" /><testcase classname="tests.generated.payments.test_payments_027" name="test_payments[case8]" time="0.006" /><testcase classname="tests.generated.payments.test_payments_011" name="test_payments[case9]" time="0.007" /><testcase classname="tests.generated.payments.test_payments_006" name="test_payments[case4]" time="0.004" /><testcase classname="tests.generated.payments.test_payments_006" name="test_payments[case5]" time="0.004" /><testcase classname="tests.generated.payments.test_payments_001" name="test_payments[case2]" time="0.004" /><testcase classname="tests.generated.payments.test_payments_027" name="test_payments[case9]" time="0.006" /><testcase classname="tests.generated.payments.test_payments_024" name="test_payments[case7]" time="0.005" /><testcase classname="tests.generated.payments.test_payments_024" name="test_payments[case8]" time="0.005" /><testcase classname="tests.generated.payments.test_payments_024" name="test_payments[case9]" time="0.004" /><testcase classname="tests.generated.payments.test_payments_021" name="test_payments[case5]" time="0.006" /><testcase classname="tests.generated.payments.test_payments_021" name="test_payments[case6]" time="0.005" /><testcase classname="tests.generated.payments.test_payments_021" name="test_payments[case7]" time="0.004" /><testcase classname="tests.generated.payments.test_payments_028" name="test_payments[case0]" time="0.004" /><testcase classname="tests.generated.payments.test_payments_028" name="test_payments[case1]" time="0.004" /><testcase classname="tests.generated.payments.test_payments_001" name="test_payments[case3]" time="0.005" /><testcase classname="tests.generated.payments.test_payments_025" name="test_payments[case0]" time="0.004" /><testcase classname="tests.generated.payments.test_payments_025" name="test_payments[case1]" time="0.004" /><testcase classname="tests.generated.payments.test_payments_006" name="test_payments[case6]" time="0.004" /><testcase classname="tests.generated.payments.test_payments_006" name="test_payments[case7]" time="0.004" /><testcase classname="tests.generated.payments.test_payments_001" name="test_payments[case4]" time="0.006" /><testcase classname="tests.generated.payments.test_payments_001" name="test_payments[case5]" time="0.004" /><testcase classname="tests.generated.payments.test_payments_028" name="test_payments[case2]" time="0.004" /><testcase classname="tests.generated.payments.test_payments_006" name="test_payments[case8]" time="0.003" /><testcase classname="tests.generated.payments.test_payments_025" name="test_payments[case2]" time="0.003" /><testcase classname="tests.generated.payments.test_payments_028" name="test_payments[case3]" time="0.003" /><testcase classname="tests.generated.payments.test_payments_028" name="test_payments[case4]" time="0.004" /><testcase classname="tests.generated.payments.test_payments_025" name="test_payments[case3]" time="0.003" /><testcase classname="tests.generated.payments.test_payments_028" name="test_payments[case5]" time="0.003" /><testcase classname="tests.generated.payments.test_payments_025" name="test_payments[case4]" time="0.004" /><testcase classname="tests.generated.payments.test_payments_028" name="test_payments[case6]" time="0.005" /><testcase classname="tests.generated.payments.test_payments_025" name="test_payments[case5]" time="0.004" /><testcase classname="tests.generated.payments.test_payments_025" name="test_payments[case6]" time="0.004" /><testcase classname="tests.generated.payments.test_payments_025" name="test_payments[case7]" time="0.003" /><testcase classname="tests.generated.payments.test_payments_028" name="test_payments[case7]" time="0.004" /><testcase classname="tests.generated.payments.test_payments_028" name="test_payments[case8]" time="0.003" /><testcase classname="tests.generated.payments.test_payments_025" name="test_payments[case8]" time="0.003" /><testcase classname="tests.generated.payments.test_payments_028" name="test_payments[case9]" time="0.003" /><testcase classname="tests.generated.payments.test_payments_029" name="test_payments[case0]" time="0.004" /><testcase classname="tests.generated.payments.test_payments_025" name="test_payments[case9]" time="0.004" /><testcase classname="tests.generated.payments.test_payments_026" name="test_payments[case0]" time="0.003" /><testcase classname="tests.generated.payments.test_payments_029" name="test_payments[case1]" time="0.003" /><testcase classname="tests.generated.payments.test_payments_029" name="test_payments[case2]" time="0.003" /><testcase classname="tests.generated.payments.test_payments_029" name="test_payments[case3]" time="0.003" /><testcase classname="tests.generated.payments.test_payments_026" name="test_payments[case1]" time="0.003" /><testcase classname="tests.generated.payments.test_payments_026" name="test_payments[case2]" time="0.003" /><testcase classname="tests.generated.payments.test_payments_029" name="test_payments[case4]" time="0.003" /><testcase classname="tests.generated.payments.test_payments_026" name="test_payments[case3]" time="0.003" /><testcase classname="tests.generated.orders.test_orders_163" name="test_orders[case1]" time="0.003" /><testcase classname="tests.generated.payments.test_payments_029" name="test_payments[case5]" time="0.003" /><testcase classname="tests.generated.payments.test_payments_029" name="test_payments[case6]" time="0.003" /><testcase classname="tests.generated.payments.test_payments_026" name="test_payments[case4]" time="0.003" /><testcase classname="tests.generated.payments.test_payments_031" name="test_payments[case1]" time="0.003" /><testcase classname="tests.generated.payments.test_payments_031" name="test_payments[case2]" time="0.004" /><testcase classname="tests.generated.payments.test_payments_029" name="test_payments[case7]" time="0.003" /><testcase classname="tests.generated.payments.test_payments_029" name="test_payments[case8]" time="0.003" /><testcase classname="tests.generated.payments.test_payments_031" name="test_payments[case3]" time="0.003" /><testcase classname="tests.generated.payments.test_payments_031" name="test_payments[case4]" time="0.003" /><testcase classname="tests.generated.payments.test_payments_031" name="test_payments[case5]" time="0.004" /><testcase classname="tests.generated.payments.test_payments_031" name="test_payments[case6]" time="0.003" /><testcase classname="tests.generated.payments.test_payments_029" name="test_payments[case9]" time="0.003" /><testcase classname="tests.generated.payments.test_payments_017" name="test_payments[case0]" time="0.004" /><testcase classname="tests.generated.payments.test_payments_030" name="test_payments[case0]" time="0.004" /><testcase classname="tests.generated.payments.test_payments_030" name="test_payments[case1]" time="0.004" /><testcase classname="tests.generated.payments.test_payments_030" name="test_payments[case2]" time="0.003" /><testcase classname="tests.generated.payments.test_payments_012" name="test_payments[case0]" time="0.003" /><testcase classname="tests.generated.payments.test_payments_030" name="test_payments[case3]" time="0.003" /><testcase classname="tests.generated.payments.test_payments_030" name="test_payments[case4]" time="0.003" /><testcase classname="tests.generated.payments.test_payments_035" name="test_payments[case5]" time="0.004" /><testcase classname="tests.generated.payments.test_payments_031" name="test_payments[case7]" time="0.004" /><testcase classname="tests.generated.payments.test_payments_031" name="test_payments[case8]" time="0.004" /><testcase classname="tests.generated.payments.test_payments_031" name="test_payments[case9]" time="0.003" /><testcase classname="tests.generated.payments.test_payments_035" name="test_payments[case6]" time="0.003" /><testcase classname="tests.generated.payments.test_payments_035" name="test_payments[case7]" time="0.004" /><testcase classname="tests.generated.payments.test_payments_030" name="test_payments[case5]" time="0.004" /><testcase classname="tests.generated.payments.test_payments_032" name="test_payments[case0]" time="0.005" /><testcase classname="tests.generated.payments.test_payments_032" name="test_payments[case1]" time="0.004" /><testcase classname="tests.generated.payments.test_payments_030" name="test_payments[case6]" time="0.004" /><testcase classname="tests.generated.payments.test_payments_039" name="test_payments[case7]" time="0.004" /><testcase classname="tests.generated.payments.test_payments_039" name="test_payments[case8]" time="0.004" /><testcase classname="tests.generated.payments.test_payments_039" name="test_payments[case9]" time="0.004" /><testcase classname="tests.generated.payments.test_payments_030" name="test_payments[case7]" time="0.004" /><testcase classname="tests.generated.payments.test_payments_035" name="test_payments[case8]" time="0.004" /><testcase classname="tests.generated.payments.test_payments_032" name="test_payments[case2]" time="0.004" /><testcase classname="tests.generated.payments.test_payments_035" name="test_payments[case9]" time="0.004" /><testcase classname="tests.generated.payments.test_payments_040" name="test_payments[case0]" time="0.005" /><testcase classname="tests.generated.payments.test_payments_032" name="test_payments[case3]" time="0.004" /><testcase classname="tests.generated.payments.test_payments_030" name="test_payments[case8]" time="0.004" /><testcase classname="tests.generated.payments.test_payments_036" name="test_payments[case0]" time="0.004" /><testcase classname="tests.generated.payments.test_payments_040" name="test_payments[case1]" time="0.009" /><testcase classname="tests.generated.payments.test_payments_030" name="test_payments[case9]" time="0.011" /><testcase classname="tests.generated.payments.test_payments_032" name="test_payments[case4]" time="0.005" /><testcase classname="tests.generated.payments.test_payments_036" name="test_payments[case1]" time="0.005" /><testcase classname="tests.generated.payments.test_payments_006" name="test_payments[case9]" time="0.005" /><testcase classname="tests.generated.payments.test_payments_040" name="test_payments[case2]" time="0.005" /><testcase classname="tests.generated.payments.test_payments_032" name="test_payments[case5]" time="0.016" /><testcase classname="tests.generated.payments.test_payments_036" name="test_payments[case2]" time="0.012" /><testcase classname="tests.generated.payments.test_payments_043" name="test_payments[case8]" time="0.007" /><testcase classname="tests.generated.payments.test_payments_021" name="test_payments[case8]" time="0.007" /><testcase classname="tests.generated.payments.test_payments_040" name="test_payments[case3]" time="0.007" /><testcase classname="tests.generated.payments.test_payments_043" name="test_payments[case9]" time="0.005" /><testcase classname="tests.generated.payments.test_payments_032" name="test_payments[case6]" time="0.007" /><testcase classname="tests.generated.payments.test_payments_047" name="test_payments[case8]" time="0.004" /><testcase classname="tests.generated.payments.test_payments_036" name="test_payments[case3]" time="0.008" /><testcase classname="tests.generated.payments.test_payments_040" name="test_payments[case4]" time="0.006" /><testcase classname="tests.generated.payments.test_payments_044" name="test_payments[case0]" time="0.006" /><testcase classname="tests.generated.payments.test_payments_047" name="test_payments[case9]" time="0.006" /><testcase classname="tests.generated.payments.test_payments_032" name="test_payments[case7]" time="0.004" /><testcase classname="tests.generated.payments.test_payments_036" name="test_payments[case4]" time="0.007" /><testcase classname="tests.generated.payments.test_payments_040" name="test_payments[case5]" time="0.006" /><testcase classname="tests.generated.payments.test_payments_044" name="test_payments[case1]" time="0.006" /><testcase classname="tests.generated.payments.test_payments_032" name="test_payments[case8]" time="0.005" /><testcase classname="tests.generated.payments.test_payments_040" name="test_payments[case6]" time="0.007" /><testcase classname="tests.generated.payments.test_payments_048" name="test_payments[case0]" time="0.007" /><testcase classname="tests.generated.payments.test_payments_036" name="test_payments[case5]" time="0.005" /><testcase classname="tests.generated.payments.test_payments_036" name="test_payments[case6]" time="0.006" /><testcase classname="tests.generated.payments.test_payments_040" name="test_payments[case7]" time="0.007" /><testcase classname="tests.generated.payments.test_payments_048" name="test_payments[case1]" time="0.006" /><testcase classname="tests.generated.payments.test_payments_001" name="test_payments[case6]" time="0.004" /><testcase classname="tests.generated.payments.test_payments_044" name="test_payments[case2]" time="0.006" /><testcase classname="tests.generated.payments.test_payments_032" name="test_payments[case9]" time="0.005" /><testcase classname="tests.generated.payments.test_payments_044" name="test_payments[case3]" time="0.006" /><testcase classname="tests.generated.payments.test_payments_033" name="test_payments[case0]" time="0.004" /><testcase classname="tests.generated.payments.test_payments_051" name="test_payments[case7]" time="0.005" /><testcase classname="tests.generated.payments.test_payments_036" name="test_payments[case7]" time="0.008" /><testcase classname="tests.generated.payments.test_payments_048" name="test_payments[case2]" time="0.007" /><testcase classname="tests.generated.payments.test_payments_040" name="test_payments[case8]" time="0.005" /><testcase classname="tests.generated.payments.test_payments_044" name="test_payments[case4]" time="0.004" /><testcase classname="tests.generated.payments.test_payments_036" name="test_payments[case8]" time="0.007" /><testcase classname="tests.generated.payments.test_payments_051" name="test_payments[case8]" time="0.007" /><testcase classname="tests.generated.payments.test_payments_048" name="test_payments[case3]" time="0.004" /><testcase classname="tests.generated.payments.test_payments_040" name="test_payments[case9]" time="0.004" /><testcase classname="tests.generated.payments.test_payments_033" name="test_payments[case1]" time="0.006" /><testcase classname="tests.generated.payments.test_payments_033" name="test_payments[case2]" time="0.005" /><testcase classname="tests.generated.payments.test_payments_041" name="test_payments[case0]" time="0.005" /><testcase classname="tests.generated.payments.test_payments_044" name="test_payments[case5]" time="0.007" /><testcase classname="tests.generated.payments.test_payments_048" name="test_payments[case4]" time="0.005" /><testcase classname="tests.generated.payments.test_payments_036" name="test_payments[case9]" time="0.006" /><testcase classname="tests.generated.payments.test_payments_051" name="test_payments[case9]" time="0.007" /><testcase classname="tests.generated.payments.test_payments_044" name="test_payments[case6]" time="0.005" /><testcase classname="tests.generated.payments.test_payments_048" name="test_payments[case5]" time="0.061" /><testcase classname="tests.generated.payments.test_payments_044" name="test_payments[case7]" time="0.058" /><testcase classname="tests.generated.payments.test_payments_033" name="test_payments[case3]" time="0.005" /><testcase classname="tests.generated.payments.test_payments_037" name="test_payments[case0]" time="0.053" /><testcase classname="tests.generated.payments.test_payments_041" name="test_payments[case1]" time="0.060" /><testcase classname="tests.generated.payments.test_payments_033" name="test_payments[case4]" time="0.004" /><testcase classname="tests.generated.payments.test_payments_044" name="test_payments[case8]" time="0.004" /><testcase classname="tests.generated.payments.test_payments_037" name="test_payments[case1]" time="0.005" /><testcase classname="tests.generated.payments.test_payments_052" name="test_payments[case0]" time="0.007" /><testcase classname="tests.generated.payments.test_payments_041" name="test_payments[case2]" time="0.005" /><testcase classname="tests.generated.payments.test_payments_048" name="test_payments[case6]" time="0.007" /><testcase classname="tests.generated.payments.test_payments_033" name="test_payments[case5]" time="0.004" /><testcase classname="tests.generated.payments.test_payments_044" name="test_payments[case9]" time="0.006" /><testcase classname="tests.generated.payments.test_payments_037" name="test_payments[case2]" time="0.004" /><testcase classname="tests.generated.payments.test_payments_041" name="test_payments[case3]" time="0.004" /><testcase classname="tests.generated.payments.test_payments_052" name="test_payments[case1]" time="0.006" /><testcase classname="tests.generated.payments.test_payments_048" name="test_payments[case7]" time="0.005" /><testcase classname="tests.generated.payments.test_payments_026" name="test_payments[case5]" time="0.005" /><testcase classname="tests.generated.payments.test_payments_041" name="test_payments[case4]" time="0.007" /><testcase classname="tests.generated.payments.test_payments_037" name="test_payments[case3]" time="0.006" /><testcase classname="tests.generated.payments.test_payments_052" name="test_payments[case2]" time="0.005" /><testcase classname="tests.generated.payments.test_payments_033" name="test_payments[case6]" time="0.008" /><testcase classname="tests.generated.payments.test_payments_048" name="test_payments[case8]" time="0.005" /><testcase classname="tests.generated.payments.test_payments_055" name="test_payments[case4]" time="0.004" /><testcase classname="tests.generated.payments.test_payments_052" name="test_payments[case3]" time="0.006" /><testcase classname="tests.generated.payments.test_payments_045" name="test_payments[case0]" time="0.024" /><testcase classname="tests.generated.payments.test_payments_037" name="test_payments[case4]" time="0.011" /><testcase classname="tests.generated.payments.test_payments_033" name="test_payments[case7]" time="0.007" /><testcase classname="tests.generated.payments.test_payments_055" name="test_payments[case5]" time="0.005" /><testcase classname="tests.generated.payments.test_payments_048" name="test_payments[case9]" time="0.014" /><testcase classname="tests.generated.payments.test_payments_052" name="test_payments[case4]" time="0.011" /><testcase classname="tests.generated.payments.test_payments_055" name="test_payments[case6]" time="0.008" /><testcase classname="tests.generated.payments.test_payments_033" name="test_payments[case8]" time="0.008" /><testcase classname="tests.generated.payments.test_payments_041" name="test_payments[case5]" time="0.015" /><testcase classname="tests.generated.payments.test_payments_055" name="test_payments[case7]" time="0.006" /><testcase classname="tests.generated.payments.test_payments_037" name="test_payments[case5]" time="0.008" /><testcase classname="tests.generated.payments.test_payments_049" name="test_payments[case0]" time="0.009" /><testcase classname="tests.generated.payments.test_payments_045" name="test_payments[case1]" time="0.007" /><testcase classname="tests.generated.payments.test_payments_033" name="test_payments[case9]" time="0.012" /><testcase classname="tests.generated.payments.test_payments_052" name="test_payments[case5]" time="0.010" /><testcase classname="tests.generated.payments.test_payments_041" name="test_payments[case6]" time="0.009" /><testcase classname="tests.generated.payments.test_payments_055" name="test_payments[case8]" time="0.006" /><testcase classname="tests.generated.payments.test_payments_037" name="test_payments[case6]" time="0.006" /><testcase classname="tests.generated.payments.test_payments_049" name="test_payments[case1]" time="0.007" /><testcase classname="tests.generated.payments.test_payments_045" name="test_payments[case2]" time="0.013" /><testcase classname="tests.generated.payments.test_payments_052" name="test_payments[case6]" time="0.004" /><testcase classname="tests.generated.payments.test_payments_034" name="test_payments[case0]" time="0.011" /><testcase classname="tests.generated.payments.test_payments_055" name="test_payments[case9]" time="0.005" /><testcase classname="tests.generated.payments.test_payments_049" name="test_payments[case2]" time="0.004" /><testcase classname="tests.generated.payments.test_payments_041" name="test_payments[case7]" time="0.012" /><testcase classname="tests.generated.payments.test_payments_052" name="test_payments[case7]" time="0.010" /><testcase classname="tests.generated.payments.test_payments_045" name="test_payments[case3]" time="0.014" /><testcase classname="tests.generated.payments.test_payments_056" name="test_payments[case0]" time="0.005" /><testcase classname="tests.generated.payments.test_payments_037" name="test_payments[case7]" time="0.005" /><testcase classname="tests.generated.payments.test_payments_037" name="test_payments[case8]" time="0.006" /><testcase classname="tests.generated.payments.test_payments_034" name="test_payments[case1]" time="0.004" /><testcase classname="tests.generated.payments.test_payments_041" name="test_payments[case8]" time="0.006" /><testcase classname="tests.generated.payments.test_payments_049" name="test_payments[case3]" time="0.010" /><testcase classname="tests.generated.payments.test_payments_056" name="test_payments[case1]" time="0.005" /><testcase classname="tests.generated.payments.test_payments_052" name="test_payments[case8]" time="0.006" /><testcase classname="tests.generated.payments.test_payments_034" name="test_payments[case2]" time="0.005" /><testcase classname="tests.generated.payments.test_payments_037" name="test_payments[case9]" time="0.009" /><testcase classname="tests.generated.payments.test_payments_041" name="test_payments[case9]" time="0.005" /><testcase classname="tests.generated.payments.test_payments_056" name="test_payments[case2]" time="0.005" /><testcase classname="tests.generated.payments.test_payments_045" name="test_payments[case4]" time="0.006" /><testcase classname="tests.generated.payments.test_payments_049" name="test_payments[case4]" time="0.004" /><testcase classname="tests.generated.payments.test_payments_052" name="test_payments[case9]" time="0.004" /><testcase classname="tests.generated.payments.test_payments_038" name="test_payments[case0]" time="0.005" /><testcase classname="tests.generated.payments.test_payments_042" name="test_payments[case0]" time="0.004" /><testcase classname="tests.generated.payments.test_payments_056" name="test_payments[case3]" time="0.015" /><testcase classname="tests.generated.payments.test_payments_045" name="test_payments[case5]" time="0.012" /><testcase classname="tests.generated.payments.test_payments_034" name="test_payments[case3]" time="0.015" /><testcase classname="tests.generated.payments.test_payments_038" name="test_payments[case1]" time="0.004" /><testcase classname="tests.generated.payments.test_payments_053" name="test_payments[case0]" time="0.005" /><testcase classname="tests.generated.payments.test_payments_049" name="test_payments[case5]" time="0.005" /><testcase classname="tests.generated.payments.test_payments_053" name="test_payments[case1]" time="0.006" /><testcase classname="tests.generated.payments.test_payments_049" name="test_payments[case6]" time="0.005" /><testcase classname="tests.generated.payments.test_payments_038" name="test_payments[case2]" time="0.004" /><testcase classname="tests.generated.payments.test_payments_045" name="test_payments[case6]" time="0.005" /><testcase classname="tests.generated.payments.test_payments_042" name="test_payments[case1]" time="0.004" /><testcase classname="tests.generated.payments.test_payments_042" name="test_payments[case2]" time="0.009" /><testcase classname="tests.generated.payments.test_payments_049" name="test_payments[case7]" time="0.005" /><testcase classname="tests.generated.payments.test_payments_034" name="test_payments[case4]" time="0.007" /><testcase classname="tests.generated.payments.test_payments_045" name="test_payments[case7]" time="0.005" /><testcase classname="tests.generated.payments.test_payments_038" name="test_payments[case3]" time="0.010" /><testcase classname="tests.generated.payments.test_payments_053" name="test_payments[case2]" time="0.007" /><testcase classname="tests.generated.payments.test_payments_056" name="test_payments[case4]" time="0.006" /><testcase classname="tests.generated.payments.test_payments_049" name="test_payments[case8]" time="0.005" /><testcase classname="tests.generated.payments.test_payments_056" name="test_payments[case5]" time="0.005" /><testcase classname="tests.generated.payments.test_payments_042" name="test_payments[case3]" time="0.004" /><testcase classname="tests.generated.payments.test_payments_045" name="test_payments[case8]" time="0.005" /><testcase classname="tests.generated.payments.test_payments_042" name="test_payments[case4]" time="0.006" /><testcase classname="tests.generated.payments.test_payments_053" name="test_payments[case3]" time="0.011" /><testcase classname="tests.generated.payments.test_payments_034" name="test_payments[case5]" time="0.008" /><testcase classname="tests.generated.payments.test_payments_056" name="test_payments[case6]" time="0.010" /><testcase classname="tests.generated.payments.test_payments_038" name="test_payments[case4]" time="0.004" /><testcase classname="tests.generated.payments.test_payments_049" name="test_payments[case9]" time="0.008" /><testcase classname="tests.generated.payments.test_payments_045" name="test_payments[case9]" time="0.004" /><testcase classname="tests.generated.payments.test_payments_038" name="test_payments[case5]" time="0.004" /><testcase classname="tests.generated.payments.test_payments_053" name="test_payments[case4]" time="0.007" /><testcase classname="tests.generated.payments.test_payments_046" name="test_payments[case0]" time="0.007" /><testcase classname="tests.generated.payments.test_payments_042" name="test_payments[case5]" time="0.006" /><testcase classname="tests.generated.payments.test_payments_034" name="test_payments[case6]" time="0.010" /><testcase classname="tests.generated.payments.test_payments_042" name="test_payments[case6]" time="0.005" /><testcase classname="tests.generated.payments.test_payments_050" name="test_payments[case0]" time="0.006" /><testcase classname="tests.generated.payments.test_payments_056" name="test_payments[case7]" time="0.008" /><testcase classname="tests.generated.payments.test_payments_038" name="test_payments[case6]" time="0.004" /><testcase classname="tests.generated.payments.test_payments_046" name="test_payments[case1]" time="0.004" /><testcase classname="tests.generated.payments.test_payments_038" name="test_payments[case7]" time="0.006" /><testcase classname="tests.generated.payments.test_payments_053" name="test_payments[case5]" time="0.006" /><testcase classname="tests.generated.payments.test_payments_050" name="test_payments[case1]" time="0.004" /><testcase classname="tests.generated.payments.test_payments_034" name="test_payments[case7]" time="0.008" /><testcase classname="tests.generated.payments.test_payments_042" name="test_payments[case7]" time="0.006" /><testcase classname="tests.generated.payments.test_payments_046" name="test_payments[case2]" time="0.004" /><testcase classname="tests.generated.payments.test_payments_038" name="test_payments[case8]" time="0.005" /><testcase classname="tests.generated.payments.test_payments_056" name="test_payments[case8]" time="0.007" /><testcase classname="tests.generated.payments.test_payments_034" name="test_payments[case8]" time="0.004" /><testcase classname="tests.generated.payments.test_payments_050" name="test_payments[case2]" time="0.006" /><testcase classname="tests.generated.payments.test_payments_053" name="test_payments[case6]" time="0.010" /><testcase classname="tests.generated.payments.test_payments_042" name="test_payments[case8]" time="0.008" /><testcase classname="tests.generated.payments.test_payments_046" name="test_payments[case3]" time="0.004" /><testcase classname="tests.generated.payments.test_payments_046" name="test_payments[case4]" time="0.005" /><testcase classname="tests.generated.payments.test_payments_034" name="test_payments[case9]" time="0.005" /><testcase classname="tests.generated.payments.test_payments_038" name="test_payments[case9]" time="0.007" /><testcase classname="tests.generated.payments.test_payments_056" name="test_payments[case9]" time="0.010" /><testcase classname="tests.generated.payments.test_payments_050" name="test_payments[case3]" time="0.005" /><testcase classname="tests.generated.payments.test_payments_039" name="test_payments[case0]" time="0.006" /><testcase classname="tests.generated.payments.test_payments_042" name="test_payments[case9]" time="0.004" /><testcase classname="tests.generated.payments.test_payments_046" name="test_payments[case5]" time="0.008" /><testcase classname="tests.generated.payments.test_payments_035" name="test_payments[case0]" time="0.006" /><testcase classname="tests.generated.payments.test_payments_053" name="test_payments[case7]" time="0.008" /><testcase classname="tests.generated.payments.test_payments_057" name="test_payments[case0]" time="0.006" /><testcase classname="tests.generated.payments.test_payments_050" name="test_payments[case4]" time="0.008" /><testcase classname="tests.generated.payments.test_payments_043" name="test_payments[case0]" time="0.004" /><testcase classname="tests.generated.payments.test_payments_053" name="test_payments[case8]" time="0.006" /><testcase classname="tests.generated.payments.test_payments_046" name="test_payments[case6]" time="0.008" /><testcase classname="tests.generated.payments.test_payments_039" name="test_payments[case1]" time="0.007" /><testcase classname="tests.generated.payments.test_payments_057" name="test_payments[case1]" time="0.004" /><testcase classname="tests.generated.payments.test_payments_050" name="test_payments[case5]" time="0.008" /><testcase classname="tests.generated.payments.test_payments_043" name="test_payments[case1]" time="0.004" /><testcase classname="tests.generated.payments.test_payments_046" name="test_payments[case7]" time="0.005" /><testcase classname="tests.generated.payments.test_payments_035" name="test_payments[case1]" time="0.007" /><testcase classname="tests.generated.payments.test_payments_053" name="test_payments[case9]" time="0.005" /><testcase classname="tests.generated.payments.test_payments_057" name="test_payments[case2]" time="0.020" /><testcase classname="tests.generated.payments.test_payments_039" name="test_payments[case2]" time="0.016" /><testcase classname="tests.generated.payments.test_payments_043" name="test_payments[case2]" time="0.008" /><testcase classname="tests.generated.payments.test_payments_050" name="test_payments[case6]" time="0.010" /><testcase classname="tests.generated.payments.test_payments_054" name="test_payments[case0]" time="0.004" /><testcase classname="tests.generated.payments.test_payments_046" name="test_payments[case8]" time="0.006" /><testcase classname="tests.generated.payments.test_payments_043" name="test_payments[case3]" time="0.007" /><testcase classname="tests.generated.payments.test_payments_035" name="test_payments[case2]" time="0.012" /><testcase classname="tests.generated.payments.test_payments_046" name="test_payments[case9]" time="0.006" /><testcase classname="tests.generated.payments.test_payments_054" name="test_payments[case1]" time="0.007" /><testcase classname="tests.generated.payments.test_payments_050" name="test_payments[case7]" time="0.004" /><testcase classname="tests.generated.payments.test_payments_057" name="test_payments[case3]" time="0.006" /><testcase classname="tests.generated.payments.test_payments_043" name="test_payments[case4]" time="0.006" /><testcase classname="tests.generated.payments.test_payments_050" name="test_payments[case8]" time="0.005" /><testcase classname="tests.generated.payments.test_payments_054" name="test_payments[case2]" time="0.004" /><testcase classname="tests.generated.payments.test_payments_039" name="test_payments[case3]" time="0.009" /><testcase classname="tests.generated.payments.test_payments_035" name="test_payments[case3]" time="0.006" /><testcase classname="tests.generated.payments.test_payments_047" name="test_payments[case0]" time="0.007" /><testcase classname="tests.generated.payments.test_payments_050" name="test_payments[case9]" time="0.006" /><testcase classname="tests.generated.payments.test_payments_043" name="test_payments[case5]" time="0.008" /><testcase classname="tests.generated.payments.test_payments_054" name="test_payments[case3]" time="0.004" /><testcase classname="tests.generated.payments.test_payments_057" name="test_payments[case4]" time="0.008" /><testcase classname="tests.generated.payments.test_payments_039" name="test_payments[case4]" time="0.010" /><testcase classname="tests.generated.payments.test_payments_051" name="test_payments[case0]" time="0.005" /><testcase classname="tests.generated.payments.test_payments_047" name="test_payments[case1]" time="0.005" /><testcase classname="tests.generated.payments.test_payments_054" name="test_payments[case4]" time="0.004" /><testcase classname="tests.generated.payments.test_payments_057" name="test_payments[case5]" time="0.004" /><testcase classname="tests.generated.payments.test_payments_043" name="test_payments[case6]" time="0.009" /><testcase classname="tests.generated.payments.test_payments_051" name="test_payments[case1]" time="0.005" /><testcase classname="tests.generated.payments.test_payments_047" name="test_payments[case2]" time="0.004" /><testcase classname="tests.generated.payments.test_payments_057" name="test_payments[case6]" time="0.007" /><testcase classname="tests.generated.payments.test_payments_039" name="test_payments[case5]" time="0.007" /><testcase classname="tests.generated.payments.test_payments_054" name="test_payments[case5]" time="0.004" /><testcase classname="tests.generated.payments.test_payments_047" name="test_payments[case3]" time="0.004" /><testcase classname="tests.generated.payments.test_payments_051" name="test_payments[case2]" time="0.004" /><testcase classname="tests.generated.payments.test_payments_057" name="test_payments[case7]" time="0.005" /><testcase classname="tests.generated.payments.test_payments_051" name="test_payments[case3]" time="0.004" /><testcase classname="tests.generated.payments.test_payments_054" name="test_payments[case6]" time="0.006" /><testcase classname="tests.generated.payments.test_payments_047" name="test_payments[case4]" time="0.005" /><testcase classname="tests.generated.payments.test_payments_054" name="test_payments[case7]" time="0.005" /><testcase classname="tests.generated.payments.test_payments_047" name="test_payments[case5]" time="0.004" /><testcase classname="tests.generated.payments.test_payments_057" name="test_payments[case8]" time="0.005" /><testcase classname="tests.generated.payments.test_payments_054" name="test_payments[case8]" time="0.006" /><testcase classname="tests.generated.payments.test_payments_051" name="test_payments[case4]" time="0.004" /><testcase classname="tests.generated.payments.test_payments_057" name="test_payments[case9]" time="0.005" /><testcase classname="tests.generated.payments.test_payments_031" name="test_payments[case0]" time="0.004" /><testcase classname="tests.generated.payments.test_payments_047" name="test_payments[case6]" time="0.006" /><testcase classname="tests.generated.payments.test_payments_051" name="test_payments[case5]" time="0.006" /><testcase classname="tests.generated.payments.test_payments_059" name="test_payments[case0]" time="0.004" /><testcase classname="tests.generated.payments.test_payments_054" name="test_payments[case9]" time="0.005" /><testcase classname="tests.generated.payments.test_payments_058" name="test_payments[case0]" time="0.004" /><testcase classname="tests.generated.payments.test_payments_059" name="test_payments[case1]" time="0.004" /><testcase classname="tests.generated.payments.test_payments_058" name="test_payments[case1]" time="0.006" /><testcase classname="tests.generated.payments.test_payments_055" name="test_payments[case0]" time="0.004" /><testcase classname="tests.generated.payments.test_payments_059" name="test_payments[case2]" time="0.004" /><testcase classname="tests.generated.payments.test_payments_055" name="test_payments[case1]" time="0.004" /><testcase classname="tests.generated.payments.test_payments_058" name="test_payments[case2]" time="0.005" /><testcase classname="tests.generated.payments.test_payments_055" name="test_payments[case2]" time="0.004" /><testcase classname="tests.generated.payments.test_payments_059" name="test_payments[case3]" time="0.004" /><testcase classname="tests.generated.payments.test_payments_059" name="test_payments[case4]" time="0.004" /><testcase classname="tests.generated.payments.test_payments_059" name="test_payments[case5]" time="0.003" /><testcase classname="tests.generated.payments.test_payments_059" name="test_payments[case6]" time="0.004" /><testcase classname="tests.generated.payments.test_payments_058" name="test_payments[case3]" time="0.003" /><testcase classname="tests.generated.payments.test_payments_058" name="test_payments[case4]" time="0.004" /><testcase classname="tests.generated.payments.test_payments_058" name="test_payments[case5]" time="0.003" /><testcase classname="tests.generated.payments.test_payments_058" name="test_payments[case6]" time="0.004" /><testcase classname="tests.generated.payments.test_payments_035" name="test_payments[case4]" time="0.004" /><testcase classname="tests.generated.payments.test_payments_059" name="test_payments[case7]" time="0.003" /><testcase classname="tests.generated.payments.test_payments_059" name="test_payments[case8]" time="0.004" /><testcase classname="tests.generated.payments.test_payments_039" name="test_payments[case6]" time="0.003" /><testcase classname="tests.generated.payments.test_payments_065" name="test_payments[case9]" time="0.004" /><testcase classname="tests.generated.payments.test_payments_058" name="test_payments[case7]" time="0.003" /><testcase classname="tests.generated.payments.test_payments_058" name="test_payments[case8]" time="0.005" /><testcase classname="tests.generated.payments.test_payments_062" name="test_payments[case5]" time="0.003" /><testcase classname="tests.generated.payments.test_payments_062" name="test_payments[case6]" time="0.004" /><testcase classname="tests.generated.payments.test_payments_047" name="test_payments[case7]" time="0.017" /><testcase classname="tests.generated.payments.test_payments_043" name="test_payments[case7]" time="0.003" /><testcase classname="tests.generated.payments.test_payments_069" name="test_payments[case2]" time="0.004" /><testcase classname="tests.generated.payments.test_payments_069" name="test_payments[case3]" time="0.006" /><testcase classname="tests.generated.payments.test_payments_059" name="test_payments[case9]" time="0.004" /><testcase classname="tests.generated.payments.test_payments_060" name="test_payments[case0]" time="0.006" /><testcase classname="tests.generated.payments.test_payments_066" name="test_payments[case0]" time="0.007" /><testcase classname="tests.generated.payments.test_payments_062" name="test_payments[case7]" time="0.006" /><testcase classname="tests.generated.payments.test_payments_066" name="test_payments[case1]" time="0.005" /><testcase classname="tests.generated.payments.test_payments_069" name="test_payments[case4]" time="0.004" /><testcase classname="tests.generated.payments.test_payments_060" name="test_payments[case1]" time="0.009" /><testcase classname="tests.generated.payments.test_payments_066" name="test_payments[case2]" time="0.004" /><testcase classname="tests.generated.payments.test_payments_072" name="test_payments[case4]" time="0.007" /><testcase classname="tests.generated.payments.test_payments_069" name="test_payments[case5]" time="0.005" /><testcase classname="tests.generated.payments.test_payments_062" name="test_payments[case8]" time="0.005" /><testcase classname="tests.generated.payments.test_payments_062" name="test_payments[case9]" time="0.004" /><testcase classname="tests.generated.payments.test_payments_060" name="test_payments[case2]" time="0.005" /><testcase classname="tests.generated.payments.test_payments_069" name="test_payments[case6]" time="0.008" /><testcase classname="tests.generated.payments.test_payments_066" name="test_payments[case3]" time="0.005" /><testcase classname="tests.generated.payments.test_payments_063" name="test_payments[case0]" time="0.004" /><testcase classname="tests.generated.payments.test_payments_060" name="test_payments[case3]" time="0.004" /><testcase classname="tests.generated.payments.test_payments_072" name="test_payments[case5]" time="0.008" /><testcase classname="tests.generated.payments.test_payments_066" name="test_payments[case4]" time="0.004" /><testcase classname="tests.generated.payments.test_payments_063" name="test_payments[case1]" time="0.007" /><testcase classname="tests.generated.payments.test_payments_069" name="test_payments[case7]" time="0.007" /><testcase classname="tests.generated.payments.test_payments_051" name="test_payments[case6]" time="0.005" /><testcase classname="tests.generated.payments.test_payments_066" name="test_payments[case5]" time="0.004" /><testcase classname="tests.generated.payments.test_payments_072" name="test_payments[case6]" time="0.006" /><testcase classname="tests.generated.payments.test_payments_066" name="test_payments[case6]" time="0.005" /><testcase classname="tests.generated.payments.test_payments_060" name="test_payments[case4]" time="0.005" /><testcase classname="tests.generated.payments.test_payments_063" name="test_payments[case2]" time="0.007" /><testcase classname="tests.generated.payments.test_payments_069" name="test_payments[case8]" time="0.004" /><testcase classname="tests.generated.payments.test_payments_060" name="test_payments[case5]" time="0.004" /><testcase classname="tests.generated.payments.test_payments_075" name="test_payments[case5]" time="0.005" /><testcase classname="tests.generated.payments.test_payments_075" name="test_payments[case6]" time="0.005" /><testcase classname="tests.generated.payments.test_payments_060" name="test_payments[case6]" time="0.005" /><testcase classname="tests.generated.payments.test_payments_063" name="test_payments[case3]" time="0.004" /><testcase classname="tests.generated.payments.test_payments_069" name="test_payments[case9]" time="0.008" /><testcase classname="tests.generated.payments.test_payments_072" name="test_payments[case7]" time="0.011" /><testcase classname="tests.generated.payments.test_payments_075" name="test_payments[case7]" time="0.005" /><testcase classname="tests.generated.payments.test_payments_066" name="test_payments[case7]" time="0.007" /><testcase classname="tests.generated.payments.test_payments_060" name="test_payments[case7]" time="0.004" /><testcase classname="tests.generated.payments.test_payments_063" name="test_payments[case4]" time="0.005" /><testcase classname="tests.generated.payments.test_payments_070" name="test_payments[case0]" time="0.004" /><testcase classname="tests.generated.payments.test_payments_063" name="test_payments[case5]" time="0.006" /><testcase classname="tests.generated.payments.test_payments_060" name="test_payments[case8]" time="0.004" /><testcase classname="tests.generated.payments.test_payments_060" name="test_payments[case9]" time="0.005" /><testcase classname="tests.generated.payments.test_payments_072" name="test_payments[case8]" time="0.006" /><testcase classname="tests.generated.payments.test_payments_070" name="test_payments[case1]" time="0.004" /><testcase classname="tests.generated.payments.test_payments_066" name="test_payments[case8]" time="0.009" /><testcase classname="tests.generated.payments.test_payments_072" name="test_payments[case9]" time="0.005" /><testcase classname="tests.generated.payments.test_payments_070" name="test_payments[case2]" time="0.004" /><testcase classname="tests.generated.payments.test_payments_066" name="test_payments[case9]" time="0.008" /><testcase classname="tests.generated.payments.test_payments_075" name="test_payments[case8]" time="0.006" /><testcase classname="tests.generated.payments.test_payments_075" name="test_payments[case9]" time="0.004" /><testcase classname="tests.generated.payments.test_payments_073" name="test_payments[case0]" time="0.004" /><testcase classname="tests.generated.payments.test_payments_061" name="test_payments[case0]" time="0.004" /><testcase classname="tests.generated.payments.test_payments_063" name="test_payments[case6]" time="0.008" /><testcase classname="tests.generated.payments.test_payments_070" name="test_payments[case3]" time="0.004" /><testcase classname="tests.generated.payments.test_payments_063" name="test_payments[case7]" time="0.008" /><testcase classname="tests.generated.payments.test_payments_073" name="test_payments[case1]" time="0.004" /><testcase classname="tests.generated.payments.test_payments_061" name="test_payments[case1]" time="0.008" /><testcase classname="tests.generated.payments.test_payments_076" name="test_payments[case0]" time="0.004" /><testcase classname="tests.generated.payments.test_payments_067" name="test_payments[case0]" time="0.008" /><testcase classname="tests.generated.payments.test_payments_070" name="test_payments[case4]" time="0.009" /><testcase classname="tests.generated.payments.test_payments_055" name="test_payments[case3]" time="0.004" /><testcase classname="tests.generated.payments.test_payments_073" name="test_payments[case2]" time="0.004" /><testcase classname="tests.generated.payments.test_payments_076" name="test_payments[case1]" time="0.004" /><testcase classname="tests.generated.payments.test_payments_063" name="test_payments[case8]" time="0.005" /><testcase classname="tests.generated.payments.test_payments_073" name="test_payments[case3]" time="0.004" /><testcase classname="tests.generated.payments.test_payments_067" name="test_payments[case1]" time="0.006" /><testcase classname="tests.generated.payments.test_payments_076" name="test_payments[case2]" time="0.006" /><testcase classname="tests.generated.payments.test_payments_078" name="test_payments[case5]" time="0.004" /><testcase classname="tests.generated.payments.test_payments_061" name="test_payments[case2]" time="0.009" /><testcase classname="tests.generated.payments.test_payments_070" name="test_payments[case5]" time="0.011" /><testcase classname="tests.generated.payments.test_payments_063" name="test_payments[case9]" time="0.004" /><testcase classname="tests.generated.payments.test_payments_073" name="test_payments[case4]" time="0.004" /><testcase classname="tests.generated.payments.test_payments_078" name="test_payments[case6]" time="0.005" /><testcase classname="tests.generated.payments.test_payments_067" name="test_payments[case2]" time="0.008" /><testcase classname="tests.generated.payments.test_payments_076" name="test_payments[case3]" time="0.006" /><testcase classname="tests.generated.payments.test_payments_073" name="test_payments[case5]" time="0.004" /><testcase classname="tests.generated.payments.test_payments_064" name="test_payments[case0]" time="0.006" /><testcase classname="tests.generated.payments.test_payments_073" name="test_payments[case6]" time="0.005" /><testcase classname="tests.generated.payments.test_payments_061" name="test_payments[case3]" time="0.010" /><testcase classname="tests.generated.payments.test_payments_070" name="test_payments[case6]" time="0.007" /><testcase classname="tests.generated.payments.test_payments_078" name="test_payments[case7]" time="0.008" /><testcase classname="tests.generated.payments.test_payments_076" name="test_payments[case4]" time="0.010" /><testcase classname="tests.generated.payments.test_payments_067" name="test_payments[case3]" time="0.004" /><testcase classname="tests.generated.payments.test_payments_073" name="test_payments[case7]" time="0.005" /><testcase classname="tests.generated.payments.test_payments_070" name="test_payments[case7]" time="0.005" /><testcase classname="tests.generated.payments.test_payments_061" name="test_payments[case4]" time="0.004" /><testcase classname="tests.generated.payments.test_payments_067" name="test_payments[case4]" time="0.006" /><testcase classname="tests.generated.payments.test_payments_064" name="test_payments[case1]" time="0.009" /><testcase classname="tests.generated.payments.test_payments_078" name="test_payments[case8]" time="0.008" /><testcase classname="tests.generated.payments.test_payments_076" name="test_payments[case5]" time="0.005" /><testcase classname="tests.generated.payments.test_payments_073" name="test_payments[case8]" time="0.009" /><testcase classname="tests.generated.payments.test_payments_070" name="test_payments[case8]" time="0.007" /><testcase classname="tests.generated.payments.test_payments_067" name="test_payments[case5]" time="0.009" /><testcase classname="tests.generated.payments.test_payments_061" name="test_payments[case5]" time="0.005" /><testcase classname="tests.generated.payments.test_payments_064" name="test_payments[case2]" time="0.009" /><testcase classname="tests.generated.payments.test_payments_076" name="test_payments[case6]" time="0.004" /><testcase classname="tests.generated.payments.test_payments_078" name="test_payments[case9]" time="0.006" /><testcase classname="tests.generated.payments.test_payments_061" name="test_payments[case6]" time="0.005" /><testcase classname="tests.generated.payments.test_payments_058" name="test_payments[case9]" time="0.005" /><testcase classname="tests.generated.payments.test_payments_073" name="test_payments[case9]" time="0.005" /><testcase classname="tests.generated.payments.test_payments_076" name="test_payments[case7]" time="0.013" /><testcase classname="tests.generated.payments.test_payments_061" name="test_payments[case7]" time="0.005" /><testcase classname="tests.generated.payments.test_payments_079" name="test_payments[case0]" time="0.015" /><testcase classname="tests.generated.payments.test_payments_081" name="test_payments[case4]" time="0.005" /><testcase classname="tests.generated.payments.test_payments_064" name="test_payments[case3]" time="0.010" /><testcase classname="tests.generated.payments.test_payments_074" name="test_payments[case0]" time="0.006" /><testcase classname="tests.generated.payments.test_payments_067" name="test_payments[case6]" time="0.013" /><testcase classname="tests.generated.payments.test_payments_061" name="test_payments[case8]" time="0.006" /><testcase classname="tests.generated.payments.test_payments_070" name="test_payments[case9]" time="0.010" /><testcase classname="tests.generated.payments.test_payments_081" name="test_payments[case5]" time="0.005" /><testcase classname="tests.generated.payments.test_payments_061" name="test_payments[case9]" time="0.012" /><testcase classname="tests.generated.payments.test_payments_074" name="test_payments[case1]" time="0.006" /><testcase classname="tests.generated.payments.test_payments_081" name="test_payments[case6]" time="0.007" /><testcase classname="tests.generated.payments.test_payments_067" name="test_payments[case7]" time="0.004" /><testcase classname="tests.generated.payments.test_payments_076" name="test_payments[case8]" time="0.004" /><testcase classname="tests.generated.payments.test_payments_071" name="test_payments[case0]" time="0.011" /><testcase classname="tests.generated.payments.test_payments_079" name="test_payments[case1]" time="0.010" /><testcase classname="tests.generated.payments.test_payments_064" name="test_payments[case4]" time="0.005" /><testcase classname="tests.generated.payments.test_payments_074" name="test_payments[case2]" time="0.006" /><testcase classname="tests.generated.payments.test_payments_076" name="test_payments[case9]" time="0.013" /><testcase classname="tests.generated.payments.test_payments_081" name="test_payments[case7]" time="0.007" /><testcase classname="tests.generated.payments.test_payments_067" name="test_payments[case8]" time="0.007" /><testcase classname="tests.generated.payments.test_payments_071" name="test_payments[case1]" time="0.005" /><testcase classname="tests.generated.payments.test_payments_079" name="test_payments[case2]" time="0.004" /><testcase classname="tests.generated.payments.test_payments_064" name="test_payments[case5]" time="0.010" /><testcase classname="tests.generated.payments.test_payments_062" name="test_payments[case0]" time="0.008" /><testcase classname="tests.generated.payments.test_payments_074" name="test_payments[case3]" time="0.012" /><testcase classname="tests.generated.payments.test_payments_067" name="test_payments[case9]" time="0.005" /><testcase classname="tests.generated.payments.test_payments_071" name="test_payments[case2]" time="0.004" /><testcase classname="tests.generated.payments.test_payments_079" name="test_payments[case3]" time="0.005" /><testcase classname="tests.generated.payments.test_payments_081" name="test_payments[case8]" time="0.014" /><testcase classname="tests.generated.payments.test_payments_062" name="test_payments[case1]" time="0.004" /><testcase classname="tests.generated.payments.test_payments_064" name="test_payments[case6]" time="0.007" /><testcase classname="tests.generated.payments.test_payments_077" name="test_payments[case0]" time="0.005" /><testcase classname="tests.generated.payments.test_payments_071" name="test_payments[case3]" time="0.005" /><testcase classname="tests.generated.payments.test_payments_068" name="test_payments[case0]" time="0.005" /><testcase classname="tests.generated.payments.test_payments_074" name="test_payments[case4]" time="0.008" /><testcase classname="tests.generated.payments.test_payments_062" name="test_payments[case2]" time="0.011" /><testcase classname="tests.generated.payments.test_payments_077" name="test_payments[case1]" time="0.008" /><testcase classname="tests.generated.payments.test_payments_064" name="test_payments[case7]" time="0.004" /><testcase classname="tests.generated.payments.test_payments_079" name="test_payments[case4]" time="0.005" /><testcase classname="tests.generated.payments.test_payments_068" name="test_payments[case1]" time="0.015" /><testcase classname="tests.generated.payments.test_payments_071" name="test_payments[case4]" time="0.007" /><testcase classname="tests.generated.payments.test_payments_081" name="test_payments[case9]" time="0.006" /><testcase classname="tests.generated.payments.test_payments_074" name="test_payments[case5]" time="0.015" /><testcase classname="tests.generated.payments.test_payments_064" name="test_payments[case8]" time="0.005" /><testcase classname="tests.generated.payments.test_payments_077" name="test_payments[case2]" time="0.007" /><testcase classname="tests.generated.payments.test_payments_062" name="test_payments[case3]" time="0.007" /><testcase classname="tests.generated.payments.test_payments_082" name="test_payments[case0]" time="0.005" /><testcase classname="tests.generated.payments.test_payments_071" name="test_payments[case5]" time="0.005" /><testcase classname="tests.generated.payments.test_payments_064" name="test_payments[case9]" time="0.007" /><testcase classname="tests.generated.payments.test_payments_079" name="test_payments[case5]" time="0.007" /><testcase classname="tests.generated.payments.test_payments_068" name="test_payments[case2]" time="0.004" /><testcase classname="tests.generated.payments.test_payments_071" name="test_payments[case6]" time="0.005" /><testcase classname="tests.generated.payments.test_payments_077" name="test_payments[case3]" time="0.009" /><testcase classname="tests.generated.payments.test_payments_082" name="test_payments[case1]" time="0.006" /><testcase classname="tests.generated.payments.test_payments_079" name="test_payments[case6]" time="0.007" /><testcase classname="tests.generated.payments.test_payments_065" name="test_payments[case0]" time="0.009" /><testcase classname="tests.generated.payments.test_payments_068" name="test_payments[case3]" time="0.006" /><testcase classname="tests.generated.payments.test_payments_074" name="test_payments[case6]" time="0.008" /><testcase classname="tests.generated.payments.test_payments_071" name="test_payments[case7]" time="0.006" /><testcase classname="tests.generated.payments.test_payments_077" name="test_payments[case4]" time="0.009" /><testcase classname="tests.generated.payments.test_payments_079" name="test_payments[case7]" time="0.007" /><testcase classname="tests.generated.payments.test_payments_082" name="test_payments[case2]" time="0.006" /><testcase classname="tests.generated.payments.test_payments_074" name="test_payments[case7]" time="0.004" /><testcase classname="tests.generated.payments.test_payments_068" name="test_payments[case4]" time="0.008" /><testcase classname="tests.generated.payments.test_payments_065" name="test_payments[case1]" time="0.006" /><testcase classname="tests.generated.payments.test_payments_071" name="test_payments[case8]" time="0.009" /><testcase classname="tests.generated.payments.test_payments_074" name="test_payments[case8]" time="0.008" /><testcase classname="tests.generated.payments.test_payments_079" name="test_payments[case8]" time="0.005" /><testcase classname="tests.generated.payments.test_payments_082" name="test_payments[case3]" time="0.006" /><testcase classname="tests.generated.payments.test_payments_077" name="test_payments[case5]" time="0.010" /><testcase classname="tests.generated.payments.test_payments_065" name="test_payments[case2]" time="0.005" /><testcase classname="tests.generated.payments.test_payments_079" name="test_payments[case9]" time="0.004" /><testcase classname="tests.generated.payments.test_payments_082" name="test_payments[case4]" time="0.006" /><testcase classname="tests.generated.payments.test_payments_068" name="test_payments[case5]" time="0.007" /><testcase classname="tests.generated.payments.test_payments_065" name="test_payments[case3]" time="0.007" /><testcase classname="tests.generated.payments.test_payments_080" name="test_payments[case0]" time="0.007" /><testcase classname="tests.generated.payments.test_payments_077" name="test_payments[case6]" time="0.008" /><testcase classname="tests.generated.payments.test_payments_074" name="test_payments[case9]" time="0.005" /><testcase classname="tests.generated.payments.test_payments_071" name="test_payments[case9]" time="0.006" /><testcase classname="tests.generated.payments.test_payments_065" name="test_payments[case4]" time="0.004" /><testcase classname="tests.generated.payments.test_payments_065" name="test_payments[case5]" time="0.004" /><testcase classname="tests.generated.payments.test_payments_075" name="test_payments[case0]" time="0.004" /><testcase classname="tests.generated.payments.test_payments_072" name="test_payments[case0]" time="0.004" /><testcase classname="tests.generated.payments.test_payments_082" name="test_payments[case5]" time="0.008" /><testcase classname="tests.generated.payments.test_payments_068" name="test_payments[case6]" time="0.010" /><testcase classname="tests.generated.payments.test_payments_075" name="test_payments[case1]" time="0.007" /><testcase classname="tests.generated.payments.test_payments_072" name="test_payments[case1]" time="0.004" /><testcase classname="tests.generated.payments.test_payments_077" name="test_payments[case7]" time="0.006" /><testcase classname="tests.generated.payments.test_payments_080" name="test_payments[case1]" time="0.009" /><testcase classname="tests.generated.payments.test_payments_065" name="test_payments[case6]" time="0.004" /><testcase classname="tests.generated.payments.test_payments_068" name="test_payments[case7]" time="0.006" /><testcase classname="tests.generated.payments.test_payments_077" name="test_payments[case8]" time="0.006" /><testcase classname="tests.generated.payments.test_payments_065" name="test_payments[case7]" time="0.006" /><testcase classname="tests.generated.payments.test_payments_072" name="test_payments[case2]" time="0.008" /><testcase classname="tests.generated.payments.test_payments_075" name="test_payments[case2]" time="0.007" /><testcase classname="tests.generated.payments.test_payments_082" name="test_payments[case6]" time="0.004" /><testcase classname="tests.generated.payments.test_payments_082" name="test_payments[case7]" time="0.005" /><testcase classname="tests.generated.payments.test_payments_068" name="test_payments[case8]" time="0.004" /><testcase classname="tests.generated.payments.test_payments_075" name="test_payments[case3]" time="0.004" /><testcase classname="tests.generated.payments.test_payments_080" name="test_payments[case2]" time="0.007" /><testcase classname="tests.generated.payments.test_payments_077" name="test_payments[case9]" time="0.007" /><testcase classname="tests.generated.payments.test_payments_082" name="test_payments[case8]" time="0.004" /><testcase classname="tests.generated.payments.test_payments_068" name="test_payments[case9]" time="0.004" /><testcase classname="tests.generated.payments.test_payments_069" name="test_payments[case0]" time="0.005" /><testcase classname="tests.generated.payments.test_payments_078" name="test_payments[case0]" time="0.006" /><testcase classname="tests.generated.payments.test_payments_080" name="test_payments[case3]" time="0.007" /><testcase classname="tests.generated.payments.test_payments_082" name="test_payments[case9]" time="0.004" /><testcase classname="tests.generated.payments.test_payments_078" name="test_payments[case1]" time="0.004" /><testcase classname="tests.generated.payments.test_payments_083" name="test_payments[case0]" time="0.004" /><testcase classname="tests.generated.payments.test_payments_080" name="test_payments[case4]" time="0.006" /><testcase classname="tests.generated.payments.test_payments_083" name="test_payments[case1]" time="0.004" /><testcase classname="tests.generated.payments.test_payments_078" name="test_payments[case2]" time="0.005" /><testcase classname="tests.generated.payments.test_payments_080" name="test_payments[case5]" time="0.004" /><testcase classname="tests.generated.payments.test_payments_080" name="test_payments[case6]" time="0.004" /><testcase classname="tests.generated.payments.test_payments_083" name="test_payments[case2]" time="0.005" /><testcase classname="tests.generated.payments.test_payments_083" name="test_payments[case3]" time="0.004" /><testcase classname="tests.generated.payments.test_payments_078" name="test_payments[case3]" time="0.006" /><testcase classname="tests.generated.payments.test_payments_083" name="test_payments[case4]" time="0.003" /><testcase classname="tests.generated.payments.test_payments_080" name="test_payments[case7]" time="0.004" /><testcase classname="tests.generated.payments.test_payments_080" name="test_payments[case8]" time="0.003" /><testcase classname="tests.generated.payments.test_payments_083" name="test_payments[case5]" time="0.004" /><testcase classname="tests.generated.payments.test_payments_080" name="test_payments[case9]" time="0.004" /><testcase classname="tests.generated.payments.test_payments_083" name="test_payments[case6]" time="0.004" /><testcase classname="tests.generated.payments.test_payments_083" name="test_payments[case7]" time="0.003" /><testcase classname="tests.generated.payments.test_payments_081" name="test_payments[case0]" time="0.004" /><testcase classname="tests.generated.payments.test_payments_083" name="test_payments[case8]" time="0.003" /><testcase classname="tests.generated.payments.test_payments_081" name="test_payments[case1]" time="0.003" /><testcase classname="tests.generated.payments.test_payments_081" name="test_payments[case2]" time="0.003" /><testcase classname="tests.generated.payments.test_payments_062" name="test_payments[case4]" time="0.004" /><testcase classname="tests.generated.payments.test_payments_083" name="test_payments[case9]" time="0.004" /><testcase classname="tests.generated.payments.test_payments_084" name="test_payments[case0]" time="0.003" /><testcase classname="tests.generated.payments.test_payments_084" name="test_payments[case2]" time="0.003" /><testcase classname="tests.generated.payments.test_payments_084" name="test_payments[case3]" time="0.003" /><testcase classname="tests.generated.payments.test_payments_069" name="test_payments[case1]" time="0.004" /><testcase classname="tests.generated.payments.test_payments_084" name="test_payments[case4]" time="0.003" /><testcase classname="tests.generated.payments.test_payments_084" name="test_payments[case5]" time="0.004" /><testcase classname="tests.generated.payments.test_payments_065" name="test_payments[case8]" time="0.003" /><testcase classname="tests.generated.payments.test_payments_092" name="test_payments[case1]" time="0.003" /><testcase classname="tests.generated.payments.test_payments_072" name="test_payments[case3]" time="0.004" /><testcase classname="tests.generated.payments.test_payments_089" name="test_payments[case5]" time="0.004" /><testcase classname="tests.generated.payments.test_payments_075" name="test_payments[case4]" time="0.004" /><testcase classname="tests.generated.payments.test_payments_086" name="test_payments[case9]" time="0.003" /><testcase classname="tests.generated.payments.test_payments_087" name="test_payments[case0]" time="0.003" /><testcase classname="tests.generated.payments.test_payments_087" name="test_payments[case1]" time="0.005" /><testcase classname="tests.generated.payments.test_payments_092" name="test_payments[case2]" time="0.004" /><testcase classname="tests.generated.payments.test_payments_089" name="test_payments[case6]" time="0.004" /><testcase classname="tests.generated.payments.test_payments_094" name="test_payments[case6]" time="0.005" /><testcase classname="tests.generated.payments.test_payments_084" name="test_payments[case6]" time="0.004" /><testcase classname="tests.generated.payments.test_payments_084" name="test_payments[case7]" time="0.004" /><testcase classname="tests.generated.payments.test_payments_089" name="test_payments[case7]" time="0.004" /><testcase classname="tests.generated.payments.test_payments_094" name="test_payments[case7]" time="0.004" /><testcase classname="tests.generated.payments.test_payments_092" name="test_payments[case3]" time="0.004" /><testcase classname="tests.generated.payments.test_payments_084" name="test_payments[case8]" time="0.004" /><testcase classname="tests.generated.payments.test_payments_078" name="test_payments[case4]" time="0.006" /><testcase classname="tests.generated.payments.test_payments_087" name="test_payments[case2]" time="0.013" /><testcase classname="tests.generated.payments.test_payments_089" name="test_payments[case8]" time="0.012" /><testcase classname="tests.generated.payments.test_payments_094" name="test_payments[case8]" time="0.011" /><testcase classname="tests.generated.payments.test_payments_092" name="test_payments[case4]" time="0.005" /><testcase classname="tests.generated.payments.test_payments_092" name="test_payments[case5]" time="0.010" /><testcase classname="tests.generated.payments.test_payments_097" name="test_payments[case0]" time="0.008" /><testcase classname="tests.generated.payments.test_payments_084" name="test_payments[case9]" time="0.010" /><testcase classname="tests.generated.payments.test_payments_087" name="test_payments[case3]" time="0.004" /><testcase classname="tests.generated.payments.test_payments_097" name="test_payments[case1]" time="0.005" /><testcase classname="tests.generated.payments.test_payments_094" name="test_payments[case9]" time="0.004" /><testcase classname="tests.generated.payments.test_payments_092" name="test_payments[case6]" time="0.009" /><testcase classname="tests.generated.payments.test_payments_085" name="test_payments[case0]" time="0.005" /><testcase classname="tests.generated.payments.test_payments_089" name="test_payments[case9]" time="0.009" /><testcase classname="tests.generated.payments.test_payments_087" name="test_payments[case4]" time="0.005" /><testcase classname="tests.generated.payments.test_payments_087" name="test_payments[case5]" time="0.004" /><testcase classname="tests.generated.payments.test_payments_097" name="test_payments[case2]" time="0.005" /><testcase classname="tests.generated.payments.test_payments_085" name="test_payments[case1]" time="0.005" /><testcase classname="tests.generated.payments.test_payments_085" name="test_payments[case2]" time="0.007" /><testcase classname="tests.generated.payments.test_payments_095" name="test_payments[case0]" time="0.004" /><testcase classname="tests.generated.payments.test_payments_097" name="test_payments[case3]" time="0.004" /><testcase classname="tests.generated.payments.test_payments_092" name="test_payments[case7]" time="0.005" /><testcase classname="tests.generated.payments.test_payments_095" name="test_payments[case1]" time="0.006" /><testcase classname="tests.generated.payments.test_payments_087" name="test_payments[case6]" time="0.010" /><testcase classname="tests.generated.payments.test_payments_090" name="test_payments[case0]" time="0.006" /><testcase classname="tests.generated.payments.test_payments_095" name="test_payments[case2]" time="0.005" /><testcase classname="tests.generated.payments.test_payments_090" name="test_payments[case1]" time="0.010" /><testcase classname="tests.generated.payments.test_payments_097" name="test_payments[case4]" time="0.007" /><testcase classname="tests.generated.payments.test_payments_092" name="test_payments[case8]" time="0.010" /><testcase classname="tests.generated.payments.test_payments_085" name="test_payments[case3]" time="0.007" /><testcase classname="tests.generated.payments.test_payments_095" name="test_payments[case3]" time="0.006" /><testcase classname="tests.generated.payments.test_payments_097" name="test_payments[case5]" time="0.010" /><testcase classname="tests.generated.payments.test_payments_085" name="test_payments[case4]" time="0.005" /><testcase classname="tests.generated.payments.test_payments_095" name="test_payments[case4]" time="0.005" /><testcase classname="tests.generated.payments.test_payments_087" name="test_payments[case7]" time="0.011" /><testcase classname="tests.generated.payments.test_payments_085" name="test_payments[case5]" time="0.008" /><testcase classname="tests.generated.payments.test_payments_092" name="test_payments[case9]" time="0.007" /><testcase classname="tests.generated.payments.test_payments_095" name="test_payments[case5]" time="0.005" /><testcase classname="tests.generated.payments.test_payments_090" name="test_payments[case2]" time="0.012" /><testcase classname="tests.generated.payments.test_payments_097" name="test_payments[case6]" time="0.007" /><testcase classname="tests.generated.payments.test_payments_087" name="test_payments[case8]" time="0.009" /><testcase classname="tests.generated.payments.test_payments_085" name="test_payments[case6]" time="0.007" /><testcase classname="tests.generated.payments.test_payments_090" name="test_payments[case3]" time="0.007" /><testcase classname="tests.generated.payments.test_payments_095" name="test_payments[case6]" time="0.005" /><testcase classname="tests.generated.payments.test_payments_093" name="test_payments[case0]" time="0.007" /><testcase classname="tests.generated.payments.test_payments_097" name="test_payments[case7]" time="0.009" /><testcase classname="tests.generated.payments.test_payments_095" name="test_payments[case7]" time="0.009" /><testcase classname="tests.generated.payments.test_payments_090" name="test_payments[case4]" time="0.005" /><testcase classname="tests.generated.payments.test_payments_085" name="test_payments[case7]" time="0.004" /><testcase classname="tests.generated.payments.test_payments_087" name="test_payments[case9]" time="0.007" /><testcase classname="tests.generated.payments.test_payments_093" name="test_payments[case1]" time="0.008" /><testcase classname="tests.generated.payments.test_payments_090" name="test_payments[case5]" time="0.004" /><testcase classname="tests.generated.payments.test_payments_095" name="test_payments[case8]" time="0.008" /><testcase classname="tests.generated.payments.test_payments_097" name="test_payments[case8]" time="0.004" /><testcase classname="tests.generated.payments.test_payments_085" name="test_payments[case8]" time="0.005" /><testcase classname="tests.generated.payments.test_payments_088" name="test_payments[case0]" time="0.005" /><testcase classname="tests.generated.payments.test_payments_093" name="test_payments[case2]" time="0.005" /><testcase classname="tests.generated.payments.test_payments_090" name="test_payments[case6]" time="0.005" /><testcase classname="tests.generated.payments.test_payments_085" name="test_payments[case9]" time="0.008" /><testcase classname="tests.generated.payments.test_payments_090" name="test_payments[case7]" time="0.006" /><testcase classname="tests.generated.payments.test_payments_088" name="test_payments[case1]" time="0.004" /><testcase classname="tests.generated.payments.test_payments_086" name="test_payments[case0]" time="0.004" /><testcase classname="tests.generated.payments.test_payments_097" name="test_payments[case9]" time="0.006" /><testcase classname="tests.generated.payments.test_payments_095" name="test_payments[case9]" time="0.006" /><testcase classname="tests.generated.payments.test_payments_090" name="test_payments[case8]" time="0.004" /><testcase classname="tests.generated.payments.test_payments_086" name="test_payments[case1]" time="0.004" /><testcase classname="tests.generated.payments.test_payments_098" name="test_payments[case0]" time="0.006" /><testcase classname="tests.generated.payments.test_payments_093" name="test_payments[case3]" time="0.006" /><testcase classname="tests.generated.payments.test_payments_093" name="test_payments[case4]" time="0.004" /><testcase classname="tests.generated.payments.test_payments_096" name="test_payments[case0]" time="0.007" /><testcase classname="tests.generated.payments.test_payments_090" name="test_payments[case9]" time="0.004" /><testcase classname="tests.generated.payments.test_payments_093" name="test_payments[case5]" time="0.004" /><testcase classname="tests.generated.payments.test_payments_088" name="test_payments[case2]" time="0.004" /><testcase classname="tests.generated.payments.test_payments_098" name="test_payments[case1]" time="0.009" /><testcase classname="tests.generated.payments.test_payments_086" name="test_payments[case2]" time="0.004" /><testcase classname="tests.generated.payments.test_payments_096" name="test_payments[case1]" time="0.004" /><testcase classname="tests.generated.payments.test_payments_088" name="test_payments[case3]" time="0.005" /><testcase classname="tests.generated.payments.test_payments_091" name="test_payments[case0]" time="0.004" /><testcase classname="tests.generated.payments.test_payments_093" name="test_payments[case6]" time="0.004" /><testcase classname="tests.generated.payments.test_payments_086" name="test_payments[case3]" time="0.004" /><testcase classname="tests.generated.payments.test_payments_088" name="test_payments[case4]" time="0.009" /><testcase classname="tests.generated.payments.test_payments_098" name="test_payments[case2]" time="0.007" /><testcase classname="tests.generated.payments.test_payments_096" name="test_payments[case2]" time="0.004" /><testcase classname="tests.generated.payments.test_payments_093" name="test_payments[case7]" time="0.004" /><testcase classname="tests.generated.payments.test_payments_086" name="test_payments[case4]" time="0.004" /><testcase classname="tests.generated.payments.test_payments_091" name="test_payments[case1]" time="0.004" /><testcase classname="tests.generated.payments.test_payments_081" name="test_payments[case3]" time="0.005" /><testcase classname="tests.generated.payments.test_payments_093" name="test_payments[case8]" time="0.005" /><testcase classname="tests.generated.payments.test_payments_096" name="test_payments[case3]" time="0.009" /><testcase classname="tests.generated.payments.test_payments_091" name="test_payments[case2]" time="0.005" /><testcase classname="tests.generated.payments.test_payments_088" name="test_payments[case5]" time="0.009" /><testcase classname="tests.generated.payments.test_payments_086" name="test_payments[case5]" time="0.005" /><testcase classname="tests.generated.payments.test_payments_099" name="test_payments[case3]" time="0.004" /><testcase classname="tests.generated.payments.test_payments_098" name="test_payments[case3]" time="0.008" /><testcase classname="tests.generated.payments.test_payments_093" name="test_payments[case9]" time="0.005" /><testcase classname="tests.generated.payments.test_payments_086" name="test_payments[case6]" time="0.013" /><testcase classname="tests.generated.payments.test_payments_099" name="test_payments[case4]" time="0.004" /><testcase classname="tests.generated.payments.test_payments_091" name="test_payments[case3]" time="0.009" /><testcase classname="tests.generated.payments.test_payments_094" name="test_payments[case0]" time="0.005" /><testcase classname="tests.generated.payments.test_payments_096" name="test_payments[case4]" time="0.007" /><testcase classname="tests.generated.payments.test_payments_088" name="test_payments[case6]" time="0.004" /><testcase classname="tests.generated.payments.test_payments_099" name="test_payments[case5]" time="0.004" /><testcase classname="tests.generated.payments.test_payments_088" name="test_payments[case7]" time="0.008" /><testcase classname="tests.generated.payments.test_payments_098" name="test_payments[case4]" time="0.013" /><testcase classname="tests.generated.payments.test_payments_094" name="test_payments[case1]" time="0.006" /><testcase classname="tests.generated.payments.test_payments_096" name="test_payments[case5]" time="0.004" /><testcase classname="tests.generated.payments.test_payments_091" name="test_payments[case4]" time="0.005" /><testcase classname="tests.generated.payments.test_payments_086" name="test_payments[case7]" time="0.007" /><testcase classname="tests.generated.payments.test_payments_098" name="test_payments[case5]" time="0.008" /><testcase classname="tests.generated.payments.test_payments_099" name="test_payments[case6]" time="0.006" /><testcase classname="tests.generated.payments.test_payments_099" name="test_payments[case7]" time="0.006" /><testcase classname="tests.generated.payments.test_payments_088" name="test_payments[case8]" time="0.007" /><testcase classname="tests.generated.payments.test_payments_096" name="test_payments[case6]" time="0.006" /><testcase classname="tests.generated.payments.test_payments_094" name="test_payments[case2]" time="0.005" /><testcase classname="tests.generated.payments.test_payments_094" name="test_payments[case3]" time="0.005" /><testcase classname="tests.generated.payments.test_payments_091" name="test_payments[case5]" time="0.004" /><testcase classname="tests.generated.payments.test_payments_098" name="test_payments[case6]" time="0.005" /><testcase classname="tests.generated.payments.test_payments_096" name="test_payments[case7]" time="0.008" /><testcase classname="tests.generated.payments.test_payments_094" name="test_payments[case4]" time="0.005" /><testcase classname="tests.generated.payments.test_payments_091" name="test_payments[case6]" time="0.004" /><testcase classname="tests.generated.payments.test_payments_088" name="test_payments[case9]" time="0.007" /><testcase classname="tests.generated.payments.test_payments_099" name="test_payments[case8]" time="0.006" /><testcase classname="tests.generated.payments.test_payments_096" name="test_payments[case8]" time="0.004" /><testcase classname="tests.generated.payments.test_payments_091" name="test_payments[case7]" time="0.005" /><testcase classname="tests.generated.payments.test_payments_098" name="test_payments[case7]" time="0.005" /><testcase classname="tests.generated.payments.test_payments_091" name="test_payments[case8]" time="0.004" /><testcase classname="tests.generated.payments.test_payments_091" name="test_payments[case9]" time="0.004" /><testcase classname="tests.generated.payments.test_payments_099" name="test_payments[case9]" time="0.005" /><testcase classname="tests.generated.payments.test_payments_089" name="test_payments[case0]" time="0.005" /><testcase classname="tests.generated.payments.test_payments_089" name="test_payments[case1]" time="0.004" /><testcase classname="tests.generated.payments.test_payments_098" name="test_payments[case8]" time="0.004" /><testcase classname="tests.generated.payments.test_payments_098" name="test_payments[case9]" time="0.004" /><testcase classname="tests.generated.payments.test_payments_100" name="test_payments[case0]" time="0.005" /><testcase classname="tests.generated.payments.test_payments_089" name="test_payments[case2]" time="0.005" /><testcase classname="tests.generated.payments.test_payments_100" name="test_payments[case1]" time="0.065" /><testcase classname="tests.generated.payments.test_payments_099" name="test_payments[case0]" time="0.064" /><testcase classname="tests.generated.payments.test_payments_084" name="test_payments[case1]" time="0.062" /><testcase classname="tests.generated.payments.test_payments_089" name="test_payments[case3]" time="0.005" /><testcase classname="tests.generated.payments.test_payments_100" name="test_payments[case2]" time="0.004" /><testcase classname="tests.generated.payments.test_payments_101" name="test_payments[case5]" time="0.004" /><testcase classname="tests.generated.payments.test_payments_099" name="test_payments[case1]" time="0.005" /><testcase classname="tests.generated.payments.test_payments_101" name="test_payments[case6]" time="0.004" /><testcase classname="tests.generated.payments.test_payments_100" name="test_payments[case3]" time="0.003" /><testcase classname="tests.generated.payments.test_payments_100" name="test_payments[case4]" time="0.003" /><testcase classname="tests.generated.payments.test_payments_101" name="test_payments[case7]" time="0.004" /><testcase classname="tests.generated.payments.test_payments_100" name="test_payments[case5]" time="0.004" /><testcase classname="tests.generated.payments.test_payments_101" name="test_payments[case8]" time="0.004" /><testcase classname="tests.generated.payments.test_payments_101" name="test_payments[case9]" time="0.004" /><testcase classname="tests.generated.payments.test_payments_086" name="test_payments[case8]" time="0.003" /><testcase classname="tests.generated.payments.test_payments_102" name="test_payments[case0]" time="0.003" /><testcase classname="tests.generated.payments.test_payments_100" name="test_payments[case6]" time="0.003" /><testcase classname="tests.generated.payments.test_payments_100" name="test_payments[case7]" time="0.004" /><testcase classname="tests.generated.payments.test_payments_103" name="test_payments[case7]" time="0.004" /><testcase classname="tests.generated.payments.test_payments_100" name="test_payments[case8]" time="0.004" /><testcase classname="tests.generated.payments.test_payments_102" name="test_payments[case1]" time="0.007" /><testcase classname="tests.generated.payments.test_payments_100" name="test_payments[case9]" time="0.004" /><testcase classname="tests.generated.payments.test_payments_096" name="test_payments[case9]" time="0.004" /><testcase classname="tests.generated.payments.test_payments_105" name="test_payments[case8]" time="0.004" /><testcase classname="tests.generated.payments.test_payments_102" name="test_payments[case2]" time="0.005" /><testcase classname="tests.generated.payments.test_payments_103" name="test_payments[case8]" time="0.005" /><testcase classname="tests.generated.payments.test_payments_105" name="test_payments[case9]" time="0.004" /><testcase classname="tests.generated.payments.test_payments_101" name="test_payments[case0]" time="0.004" /><testcase classname="tests.generated.payments.test_payments_094" name="test_payments[case5]" time="0.005" /><testcase classname="tests.generated.payments.test_payments_103" name="test_payments[case9]" time="0.004" /><testcase classname="tests.generated.payments.test_payments_104" name="test_payments[case0]" time="0.004" /><testcase classname="tests.generated.payments.test_payments_101" name="test_payments[case1]" time="0.004" /><testcase classname="tests.generated.payments.test_payments_106" name="test_payments[case0]" time="0.004" /><testcase classname="tests.generated.payments.test_payments_102" name="test_payments[case3]" time="0.006" /><testcase classname="tests.generated.payments.test_payments_099" name="test_payments[case2]" time="0.004" /><testcase classname="tests.generated.payments.test_payments_104" name="test_payments[case1]" time="0.007" /><testcase classname="tests.generated.payments.test_payments_101" name="test_payments[case2]" time="0.007" /><testcase classname="tests.generated.payments.test_payments_107" name="test_payments[case8]" time="0.005" /><testcase classname="tests.generated.payments.test_payments_106" name="test_payments[case1]" time="0.008" /><testcase classname="tests.generated.payments.test_payments_102" name="test_payments[case4]" time="0.006" /><testcase classname="tests.generated.payments.test_payments_109" name="test_payments[case8]" time="0.005" /><testcase classname="tests.generated.payments.test_payments_089" name="test_payments[case4]" time="0.004" /><testcase classname="tests.generated.payments.test_payments_107" name="test_payments[case9]" time="0.006" /><testcase classname="tests.generated.payments.test_payments_104" name="test_payments[case2]" time="0.005" /><testcase classname="tests.generated.payments.test_payments_101" name="test_payments[case3]" time="0.005" /><testcase classname="tests.generated.payments.test_payments_102" name="test_payments[case5]" time="0.004" /><testcase classname="tests.generated.payments.test_payments_108" name="test_payments[case0]" time="0.006" /><testcase classname="tests.generated.payments.test_payments_106" name="test_payments[case2]" time="0.004" /><testcase classname="tests.generated.payments.test_payments_109" name="test_payments[case9]" time="0.008" /><testcase classname="tests.generated.payments.test_payments_111" name="test_payments[case7]" time="0.004" /><testcase classname="tests.generated.payments.test_payments_104" name="test_payments[case3]" time="0.005" /><testcase classname="tests.generated.payments.test_payments_106" name="test_payments[case3]" time="0.008" /><testcase classname="tests.generated.payments.test_payments_102" name="test_payments[case6]" time="0.007" /><testcase classname="tests.generated.payments.test_payments_104" name="test_payments[case4]" time="0.004" /><testcase classname="tests.generated.payments.test_payments_110" name="test_payments[case0]" time="0.004" /><testcase classname="tests.generated.payments.test_payments_108" name="test_payments[case1]" time="0.008" /><testcase classname="tests.generated.payments.test_payments_111" name="test_payments[case8]" time="0.004" /><testcase classname="tests.generated.payments.test_payments_102" name="test_payments[case7]" time="0.012" /><testcase classname="tests.generated.payments.test_payments_092" name="test_payments[case0]" time="0.005" /><testcase classname="tests.generated.payments.test_payments_111" name="test_payments[case9]" time="0.004" /><testcase classname="tests.generated.payments.test_payments_104" name="test_payments[case5]" time="0.005" /><testcase classname="tests.generated.payments.test_payments_108" name="test_payments[case2]" time="0.004" /><testcase classname="tests.generated.payments.test_payments_113" name="test_payments[case6]" time="0.005" /><testcase classname="tests.generated.payments.test_payments_106" name="test_payments[case4]" time="0.011" /><testcase classname="tests.generated.payments.test_payments_104" name="test_payments[case6]" time="0.007" /><testcase classname="tests.generated.payments.test_payments_110" name="test_payments[case1]" time="0.009" /><testcase classname="tests.generated.payments.test_payments_112" name="test_payments[case0]" time="0.004" /><testcase classname="tests.generated.payments.test_payments_112" name="test_payments[case1]" time="0.007" /><testcase classname="tests.generated.payments.test_payments_110" name="test_payments[case2]" time="0.006" /><testcase classname="tests.generated.payments.test_payments_108" name="test_payments[case3]" time="0.007" /><testcase classname="tests.generated.payments.test_payments_113" name="test_payments[case7]" time="0.005" /><testcase classname="tests.generated.payments.test_payments_113" name="test_payments[case8]" time="0.007" /><testcase classname="tests.generated.payments.test_payments_112" name="test_payments[case2]" time="0.015" /><testcase classname="tests.generated.payments.test_payments_106" name="test_payments[case5]" time="0.011" /><testcase classname="tests.generated.payments.test_payments_102" name="test_payments[case8]" time="0.026" /><testcase classname="tests.generated.payments.test_payments_108" name="test_payments[case4]" time="0.006" /><testcase classname="tests.generated.payments.test_payments_110" name="test_payments[case3]" time="0.012" /><testcase classname="tests.generated.payments.test_payments_113" name="test_payments[case9]" time="0.006" /><testcase classname="tests.generated.payments.test_payments_106" name="test_payments[case6]" time="0.005" /><testcase classname="tests.generated.payments.test_payments_108" name="test_payments[case5]" time="0.007" /><testcase classname="tests.generated.payments.test_payments_102" name="test_payments[case9]" time="0.004" /><testcase classname="tests.generated.payments.test_payments_112" name="test_payments[case3]" time="0.005" /><testcase classname="tests.generated.payments.test_payments_110" name="test_payments[case4]" time="0.006" /><testcase classname="tests.generated.payments.test_payments_114" name="test_payments[case0]" time="0.005" /><testcase classname="tests.generated.payments.test_payments_106" name="test_payments[case7]" time="0.005" /><testcase classname="tests.generated.payments.test_payments_108" name="test_payments[case6]" time="0.011" /><testcase classname="tests.generated.payments.test_payments_104" name="test_payments[case7]" time="0.010" /><testcase classname="tests.generated.payments.test_payments_110" name="test_payments[case5]" time="0.005" /><testcase classname="tests.generated.payments.test_payments_114" name="test_payments[case1]" time="0.005" /><testcase classname="tests.generated.payments.test_payments_106" name="test_payments[case8]" time="0.014" /><testcase classname="tests.generated.payments.test_payments_103" name="test_payments[case0]" time="0.009" /><testcase classname="tests.generated.payments.test_payments_112" name="test_payments[case4]" time="0.011" /><testcase classname="tests.generated.payments.test_payments_114" name="test_payments[case2]" time="0.011" /><testcase classname="tests.generated.payments.test_payments_110" name="test_payments[case6]" time="0.010" /><testcase classname="tests.generated.payments.test_payments_104" name="test_payments[case8]" time="0.012" /><testcase classname="tests.generated.payments.test_payments_112" name="test_payments[case5]" time="0.005" /><testcase classname="tests.generated.payments.test_payments_103" name="test_payments[case1]" time="0.006" /><testcase classname="tests.generated.payments.test_payments_108" name="test_payments[case7]" time="0.011" /><testcase classname="tests.generated.payments.test_payments_112" name="test_payments[case6]" time="0.005" /><testcase classname="tests.generated.payments.test_payments_106" name="test_payments[case9]" time="0.004" /><testcase classname="tests.generated.payments.test_payments_103" name="test_payments[case2]" time="0.005" /><testcase classname="tests.generated.payments.test_payments_110" name="test_payments[case7]" time="0.009" /><testcase classname="tests.generated.payments.test_payments_112" name="test_payments[case7]" time="0.004" /><testcase classname="tests.generated.payments.test_payments_114" name="test_payments[case3]" time="0.010" /><testcase classname="tests.generated.payments.test_payments_107" name="test_payments[case0]" time="0.004" /><testcase classname="tests.generated.payments.test_payments_103" name="test_payments[case3]" time="0.006" /><testcase classname="tests.generated.payments.test_payments_108" name="test_payments[case8]" time="0.005" /><testcase classname="tests.generated.payments.test_payments_112" name="test_payments[case8]" time="0.010" /><testcase classname="tests.generated.payments.test_payments_104" name="test_payments[case9]" time="0.008" /><testcase classname="tests.generated.payments.test_payments_110" name="test_payments[case8]" time="0.005" /><testcase classname="tests.generated.payments.test_payments_107" name="test_payments[case1]" time="0.005" /><testcase classname="tests.generated.payments.test_payments_114" name="test_payments[case4]" time="0.006" /><testcase classname="tests.generated.payments.test_payments_103" name="test_payments[case4]" time="0.008" /><testcase classname="tests.generated.payments.test_payments_107" name="test_payments[case2]" time="0.010" /><testcase classname="tests.generated.payments.test_payments_105" name="test_payments[case0]" time="0.006" /><testcase classname="tests.generated.payments.test_payments_108" name="test_payments[case9]" time="0.004" /><testcase classname="tests.generated.payments.test_payments_114" name="test_payments[case5]" time="0.009" /><testcase classname="tests.generated.payments.test_payments_109" name="test_payments[case0]" time="0.006" /><testcase classname="tests.generated.payments.test_payments_110" name="test_payments[case9]" time="0.008" /><testcase classname="tests.generated.payments.test_payments_105" name="test_payments[case1]" time="0.005" /><testcase classname="tests.generated.payments.test_payments_112" name="test_payments[case9]" time="0.007" /><testcase classname="tests.generated.payments.test_payments_103" name="test_payments[case5]" time="0.009" /><testcase classname="tests.generated.payments.test_payments_107" name="test_payments[case3]" time="0.004" /><testcase classname="tests.generated.payments.test_payments_105" name="test_payments[case2]" time="0.004" /><testcase classname="tests.generated.payments.test_payments_111" name="test_payments[case0]" time="0.005" /><testcase classname="tests.generated.payments.test_payments_109" name="test_payments[case1]" time="0.009" /><testcase classname="tests.generated.payments.test_payments_113" name="test_payments[case0]" time="0.005" /><testcase classname="tests.generated.payments.test_payments_114" name="test_payments[case6]" time="0.007" /><testcase classname="tests.generated.payments.test_payments_105" name="test_payments[case3]" time="0.005" /><testcase classname="tests.generated.payments.test_payments_113" name="test_payments[case1]" time="0.005" /><testcase classname="tests.generated.payments.test_payments_105" name="test_payments[case4]" time="0.004" /><testcase classname="tests.generated.payments.test_payments_113" name="test_payments[case2]" time="0.013" /><testcase classname="tests.generated.payments.test_payments_111" name="test_payments[case1]" time="0.005" /><testcase classname="tests.generated.payments.test_payments_109" name="test_payments[case2]" time="0.006" /><testcase classname="tests.generated.payments.test_payments_107" name="test_payments[case4]" time="0.004" /><testcase classname="tests.generated.payments.test_payments_107" name="test_payments[case5]" time="0.006" /><testcase classname="tests.generated.payments.test_payments_114" name="test_payments[case7]" time="0.009" /><testcase classname="tests.generated.payments.test_payments_111" name="test_payments[case2]" time="0.006" /><testcase classname="tests.generated.payments.test_payments_105" name="test_payments[case5]" time="0.005" /><testcase classname="tests.generated.payments.test_payments_109" name="test_payments[case3]" time="0.005" /><testcase classname="tests.generated.payments.test_payments_107" name="test_payments[case6]" time="0.004" /><testcase classname="tests.generated.payments.test_payments_105" name="test_payments[case6]" time="0.004" /><testcase classname="tests.generated.payments.test_payments_111" name="test_payments[case3]" time="0.008" /><testcase classname="tests.generated.payments.test_payments_113" name="test_payments[case3]" time="0.006" /><testcase classname="tests.generated.payments.test_payments_109" name="test_payments[case4]" time="0.006" /><testcase classname="tests.generated.payments.test_payments_111" name="test_payments[case4]" time="0.005" /><testcase classname="tests.generated.payments.test_payments_109" name="test_payments[case5]" time="0.004" /><testcase classname="tests.generated.payments.test_payments_114" name="test_payments[case8]" time="0.006" /><testcase classname="tests.generated.payments.test_payments_114" name="test_payments[case9]" time="0.004" /><testcase classname="tests.generated.payments.test_payments_115" name="test_payments[case0]" time="0.004" /><testcase classname="tests.generated.payments.test_payments_115" name="test_payments[case1]" time="0.003" /><testcase classname="tests.generated.payments.test_payments_113" name="test_payments[case4]" time="0.004" /><testcase classname="tests.generated.payments.test_payments_103" name="test_payments[case6]" time="0.004" /><testcase classname="tests.generated.payments.test_payments_111" name="test_payments[case5]" time="0.004" /><testcase classname="tests.generated.payments.test_payments_109" name="test_payments[case6]" time="0.004" /><testcase classname="tests.generated.payments.test_payments_101" name="test_payments[case4]" time="0.003" /><testcase classname="tests.generated.payments.test_payments_115" name="test_payments[case4]" time="0.002" /><testcase classname="tests.generated.payments.test_payments_115" name="test_payments[case2]" time="0.003" /><testcase classname="tests.generated.payments.test_payments_115" name="test_payments[case5]" time="0.004" /><testcase classname="tests.generated.payments.test_payments_117" name="test_payments[case1]" time="0.004" /><testcase classname="tests.generated.payments.test_payments_115" name="test_payments[case6]" time="0.004" /><testcase classname="tests.generated.payments.test_payments_117" name="test_payments[case2]" time="0.005" /><testcase classname="tests.generated.payments.test_payments_115" name="test_payments[case7]" time="0.004" /><testcase classname="tests.generated.payments.test_payments_115" name="test_payments[case8]" time="0.003" /><testcase classname="tests.generated.payments.test_payments_117" name="test_payments[case3]" time="0.004" /><testcase classname="tests.generated.payments.test_payments_117" name="test_payments[case4]" time="0.004" /><testcase classname="tests.generated.payments.test_payments_105" name="test_payments[case7]" time="0.004" /><testcase classname="tests.generated.payments.test_payments_115" name="test_payments[case9]" time="0.005" /><testcase classname="tests.generated.payments.test_payments_117" name="test_payments[case5]" time="0.005" /><testcase classname="tests.generated.payments.test_payments_116" name="test_payments[case0]" time="0.004" /><testcase classname="tests.generated.payments.test_payments_118" name="test_payments[case8]" time="0.004" /><testcase classname="tests.generated.payments.test_payments_118" name="test_payments[case9]" time="0.003" /><testcase classname="tests.generated.payments.test_payments_117" name="test_payments[case6]" time="0.005" /><testcase classname="tests.generated.payments.test_payments_116" name="test_payments[case1]" time="0.004" /><testcase classname="tests.generated.payments.test_payments_107" name="test_payments[case7]" time="0.004" /><testcase classname="tests.generated.payments.test_payments_120" name="test_payments[case4]" time="0.004" /><testcase classname="tests.generated.payments.test_payments_119" name="test_payments[case0]" time="0.004" /><testcase classname="tests.generated.payments.test_payments_117" name="test_payments[case7]" time="0.005" /><testcase classname="tests.generated.payments.test_payments_116" name="test_payments[case2]" time="0.004" /><testcase classname="tests.generated.payments.test_payments_116" name="test_payments[case3]" time="0.005" /><testcase classname="tests.generated.payments.test_payments_119" name="test_payments[case1]" time="0.006" /><testcase classname="tests.generated.payments.test_payments_117" name="test_payments[case8]" time="0.006" /><testcase classname="tests.generated.payments.test_payments_120" name="test_payments[case5]" time="0.004" /><testcase classname="tests.generated.payments.test_payments_117" name="test_payments[case9]" time="0.006" /><testcase classname="tests.generated.payments.test_payments_109" name="test_payments[case7]" time="0.004" /><testcase classname="tests.generated.payments.test_payments_122" name="test_payments[case0]" time="0.004" /><testcase classname="tests.generated.payments.test_payments_119" name="test_payments[case2]" time="0.006" /><testcase classname="tests.generated.payments.test_payments_111" name="test_payments[case6]" time="0.005" /><testcase classname="tests.generated.payments.test_payments_120" name="test_payments[case6]" time="0.005" /><testcase classname="tests.generated.payments.test_payments_119" name="test_payments[case3]" time="0.005" /><testcase classname="tests.generated.payments.test_payments_118" name="test_payments[case0]" time="0.004" /><testcase classname="tests.generated.payments.test_payments_122" name="test_payments[case1]" time="0.004" /><testcase classname="tests.generated.payments.test_payments_116" name="test_payments[case4]" time="0.008" /><testcase classname="tests.generated.payments.test_payments_123" name="test_payments[case5]" time="0.008" /><testcase classname="tests.generated.payments.test_payments_122" name="test_payments[case2]" time="0.004" /><testcase classname="tests.generated.payments.test_payments_119" name="test_payments[case4]" time="0.006" /><testcase classname="tests.generated.payments.test_payments_120" name="test_payments[case7]" time="0.011" /><testcase classname="tests.generated.payments.test_payments_118" name="test_payments[case1]" time="0.005" /><testcase classname="tests.generated.payments.test_payments_113" name="test_payments[case5]" time="0.005" /><testcase classname="tests.generated.payments.test_payments_116" name="test_payments[case5]" time="0.009" /><testcase classname="tests.generated.payments.test_payments_119" name="test_payments[case5]" time="0.006" /><testcase classname="tests.generated.payments.test_payments_118" name="test_payments[case2]" time="0.009" /><testcase classname="tests.generated.payments.test_payments_125" name="test_payments[case0]" time="0.005" /><testcase classname="tests.generated.payments.test_payments_122" name="test_payments[case3]" time="0.014" /><testcase classname="tests.generated.payments.test_payments_123" name="test_payments[case6]" time="0.016" /><testcase classname="tests.generated.payments.test_payments_120" name="test_payments[case8]" time="0.004" /><testcase classname="tests.generated.payments.test_payments_119" name="test_payments[case6]" time="0.006" /><testcase classname="tests.generated.payments.test_payments_115" name="test_payments[case3]" time="0.005" /><testcase classname="tests.generated.payments.test_payments_125" name="test_payments[case1]" time="0.004" /><testcase classname="tests.generated.payments.test_payments_120" name="test_payments[case9]" time="0.005" /><testcase classname="tests.generated.payments.test_payments_125" name="test_payments[case2]" time="0.005" /><testcase classname="tests.generated.payments.test_payments_116" name="test_payments[case6]" time="0.017" /><testcase classname="tests.generated.payments.test_payments_118" name="test_payments[case3]" time="0.006" /><testcase classname="tests.generated.payments.test_payments_126" name="test_payments[case4]" time="0.005" /><testcase classname="tests.generated.payments.test_payments_119" name="test_payments[case7]" time="0.011" /><testcase classname="tests.generated.payments.test_payments_123" name="test_payments[case7]" time="0.008" /><testcase classname="tests.generated.payments.test_payments_121" name="test_payments[case0]" time="0.005" /><testcase classname="tests.generated.payments.test_payments_126" name="test_payments[case5]" time="0.005" /><testcase classname="tests.generated.payments.test_payments_122" name="test_payments[case4]" time="0.009" /><testcase classname="tests.generated.payments.test_payments_118" name="test_payments[case4]" time="0.005" /><testcase classname="tests.generated.payments.test_payments_123" name="test_payments[case8]" time="0.004" /><testcase classname="tests.generated.payments.test_payments_126" name="test_payments[case6]" time="0.004" /><testcase classname="tests.generated.payments.test_payments_125" name="test_payments[case3]" time="0.011" /><testcase classname="tests.generated.payments.test_payments_119" name="test_payments[case8]" time="0.005" /><testcase classname="tests.generated.payments.test_payments_118" name="test_payments[case5]" time="0.005" /><testcase classname="tests.generated.payments.test_payments_121" name="test_payments[case1]" time="0.015" /><testcase classname="tests.generated.payments.test_payments_122" name="test_payments[case5]" time="0.005" /><testcase classname="tests.generated.payments.test_payments_125" name="test_payments[case4]" time="0.004" /><testcase classname="tests.generated.payments.test_payments_123" name="test_payments[case9]" time="0.007" /><testcase classname="tests.generated.payments.test_payments_122" name="test_payments[case6]" time="0.005" /><testcase classname="tests.generated.payments.test_payments_119" name="test_payments[case9]" time="0.005" /><testcase classname="tests.generated.payments.test_payments_118" name="test_payments[case6]" time="0.009" /><testcase classname="tests.generated.payments.test_payments_126" name="test_payments[case7]" time="0.018" /><testcase classname="tests.generated.payments.test_payments_124" name="test_payments[case0]" time="0.004" /><testcase classname="tests.generated.payments.test_payments_125" name="test_payments[case5]" time="0.007" /><testcase classname="tests.generated.payments.test_payments_122" name="test_payments[case7]" time="0.004" /><testcase classname="tests.generated.payments.test_payments_126" name="test_payments[case8]" time="0.004" /><testcase classname="tests.generated.payments.test_payments_120" name="test_payments[case0]" time="0.009" /><testcase classname="tests.generated.payments.test_payments_122" name="test_payments[case8]" time="0.006" /><testcase classname="tests.generated.payments.test_payments_116" name="test_payments[case7]" time="0.007" /><testcase classname="tests.generated.payments.test_payments_116" name="test_payments[case8]" time="0.005" /><testcase classname="tests.generated.payments.test_payments_124" name="test_payments[case1]" time="0.008" /><testcase classname="tests.generated.payments.test_payments_121" name="test_payments[case2]" time="0.007" /><testcase classname="tests.generated.payments.test_payments_125" name="test_payments[case6]" time="0.009" /><testcase classname="tests.generated.payments.test_payments_120" name="test_payments[case1]" time="0.009" /><testcase classname="tests.generated.payments.test_payments_116" name="test_payments[case9]" time="0.005" /><testcase classname="tests.generated.payments.test_payments_122" name="test_payments[case9]" time="0.006" /><testcase classname="tests.generated.payments.test_payments_121" name="test_payments[case3]" time="0.008" /><testcase classname="tests.generated.payments.test_payments_124" name="test_payments[case2]" time="0.007" /><testcase classname="tests.generated.payments.test_payments_120" name="test_payments[case2]" time="0.005" /><testcase classname="tests.generated.payments.test_payments_123" name="test_payments[case0]" time="0.007" /><testcase classname="tests.generated.payments.test_payments_126" name="test_payments[case9]" time="0.007" /><testcase classname="tests.generated.payments.test_payments_127" name="test_payments[case0]" time="0.003" /><testcase classname="tests.generated.payments.test_payments_121" name="test_payments[case4]" time="0.004" /><testcase classname="tests.generated.payments.test_payments_121" name="test_payments[case5]" time="0.004" /><testcase classname="tests.generated.payments.test_payments_125" name="test_payments[case7]" time="0.008" /><testcase classname="tests.generated.payments.test_payments_123" name="test_payments[case1]" time="0.007" /><testcase classname="tests.generated.payments.test_payments_127" name="test_payments[case1]" time="0.004" /><testcase classname="tests.generated.payments.test_payments_125" name="test_payments[case8]" time="0.005" /><testcase classname="tests.generated.payments.test_payments_124" name="test_payments[case3]" time="0.004" /><testcase classname="tests.generated.payments.test_payments_125" name="test_payments[case9]" time="0.010" /><testcase classname="tests.generated.payments.test_payments_127" name="test_payments[case2]" time="0.004" /><testcase classname="tests.generated.payments.test_payments_123" name="test_payments[case2]" time="0.006" /><testcase classname="tests.generated.payments.test_payments_124" name="test_payments[case4]" time="0.004" /><testcase classname="tests.generated.payments.test_payments_124" name="test_payments[case5]" time="0.005" /><testcase classname="tests.generated.payments.test_payments_121" name="test_payments[case6]" time="0.004" /><testcase classname="tests.generated.payments.test_payments_121" name="test_payments[case7]" time="0.006" /><testcase classname="tests.generated.payments.test_payments_124" name="test_payments[case6]" time="0.005" /><testcase classname="tests.generated.payments.test_payments_123" name="test_payments[case3]" time="0.008" /><testcase classname="tests.generated.payments.test_payments_127" name="test_payments[case3]" time="0.011" /><testcase classname="tests.generated.payments.test_payments_121" name="test_payments[case8]" time="0.008" /><testcase classname="tests.generated.payments.test_payments_124" name="test_payments[case7]" time="0.006" /><testcase classname="tests.generated.payments.test_payments_124" name="test_payments[case8]" time="0.004" /><testcase classname="tests.generated.payments.test_payments_126" name="test_payments[case0]" time="0.010" /><testcase classname="tests.generated.payments.test_payments_126" name="test_payments[case1]" time="0.004" /><testcase classname="tests.generated.payments.test_payments_127" name="test_payments[case4]" time="0.004" /><testcase classname="tests.generated.payments.test_payments_127" name="test_payments[case5]" time="0.004" /><testcase classname="tests.generated.payments.test_payments_126" name="test_payments[case2]" time="0.003" /><testcase classname="tests.generated.payments.test_payments_127" name="test_payments[case6]" time="0.003" /><testcase classname="tests.generated.payments.test_payments_118" name="test_payments[case7]" time="0.003" /><testcase classname="tests.generated.payments.test_payments_117" name="test_payments[case0]" time="0.003" /><testcase classname="tests.generated.payments.test_payments_127" name="test_payments[case8]" time="0.003" /><testcase classname="tests.generated.payments.test_payments_127" name="test_payments[case9]" time="0.003" /><testcase classname="tests.generated.payments.test_payments_120" name="test_payments[case3]" time="0.004" /><testcase classname="tests.generated.payments.test_payments_128" name="test_payments[case0]" time="0.004" /><testcase classname="tests.generated.payments.test_payments_129" name="test_payments[case2]" time="0.004" /><testcase classname="tests.generated.payments.test_payments_129" name="test_payments[case3]" time="0.004" /><testcase classname="tests.generated.payments.test_payments_129" name="test_payments[case4]" time="0.005" /><testcase classname="tests.generated.payments.test_payments_128" name="test_payments[case1]" time="0.005" /><testcase classname="tests.generated.payments.test_payments_130" name="test_payments[case5]" time="0.007" /><testcase classname="tests.generated.payments.test_payments_129" name="test_payments[case5]" time="0.004" /><testcase classname="tests.generated.payments.test_payments_128" name="test_payments[case2]" time="0.005" /><testcase classname="tests.generated.payments.test_payments_130" name="test_payments[case6]" time="0.006" /><testcase classname="tests.generated.payments.test_payments_129" name="test_payments[case6]" time="0.007" /><testcase classname="tests.generated.payments.test_payments_128" name="test_payments[case3]" time="0.007" /><testcase classname="tests.generated.payments.test_payments_130" name="test_payments[case7]" time="0.007" /><testcase classname="tests.generated.payments.test_payments_121" name="test_payments[case9]" time="0.004" /><testcase classname="tests.generated.payments.test_payments_129" name="test_payments[case7]" time="0.006" /><testcase classname="tests.generated.payments.test_payments_128" name="test_payments[case4]" time="0.006" /><testcase classname="tests.generated.payments.test_payments_131" name="test_payments[case8]" time="0.004" /><testcase classname="tests.generated.payments.test_payments_130" name="test_payments[case8]" time="0.006" /><testcase classname="tests.generated.payments.test_payments_128" name="test_payments[case5]" time="0.004" /><testcase classname="tests.generated.payments.test_payments_129" name="test_payments[case8]" time="0.007" /><testcase classname="tests.generated.payments.test_payments_131" name="test_payments[case9]" time="0.004" /><testcase classname="tests.generated.payments.test_payments_123" name="test_payments[case4]" time="0.004" /><testcase classname="tests.generated.payments.test_payments_130" name="test_payments[case9]" time="0.006" /><testcase classname="tests.generated.payments.test_payments_126" name="test_payments[case3]" time="0.004" /><testcase classname="tests.generated.payments.test_payments_128" name="test_payments[case6]" time="0.007" /><testcase classname="tests.generated.payments.test_payments_133" name="test_payments[case0]" time="0.004" /><testcase classname="tests.generated.payments.test_payments_129" name="test_payments[case9]" time="0.007" /><testcase classname="tests.generated.payments.test_payments_132" name="test_payments[case0]" time="0.004" /><testcase classname="tests.generated.payments.test_payments_132" name="test_payments[case1]" time="0.004" /><testcase classname="tests.generated.payments.test_payments_133" name="test_payments[case1]" time="0.004" /><testcase classname="tests.generated.payments.test_payments_128" name="test_payments[case7]" time="0.009" /><testcase classname="tests.generated.payments.test_payments_131" name="test_payments[case0]" time="0.007" /><testcase classname="tests.generated.payments.test_payments_134" name="test_payments[case2]" time="0.006" /><testcase classname="tests.generated.payments.test_payments_130" name="test_payments[case0]" time="0.004" /><testcase classname="tests.generated.payments.test_payments_133" name="test_payments[case2]" time="0.004" /><testcase classname="tests.generated.payments.test_payments_132" name="test_payments[case2]" time="0.009" /><testcase classname="tests.generated.payments.test_payments_124" name="test_payments[case9]" time="0.005" /><testcase classname="tests.generated.payments.test_payments_134" name="test_payments[case3]" time="0.008" /><testcase classname="tests.generated.payments.test_payments_130" name="test_payments[case1]" time="0.007" /><testcase classname="tests.generated.payments.test_payments_131" name="test_payments[case1]" time="0.010" /><testcase classname="tests.generated.payments.test_payments_133" name="test_payments[case3]" time="0.005" /><testcase classname="tests.generated.payments.test_payments_128" name="test_payments[case8]" time="0.005" /><testcase classname="tests.generated.payments.test_payments_135" name="test_payments[case4]" time="0.005" /><testcase classname="tests.generated.payments.test_payments_132" name="test_payments[case3]" time="0.005" /><testcase classname="tests.generated.payments.test_payments_128" name="test_payments[case9]" time="0.004" /><testcase classname="tests.generated.payments.test_payments_130" name="test_payments[case2]" time="0.005" /><testcase classname="tests.generated.payments.test_payments_135" name="test_payments[case5]" time="0.004" /><testcase classname="tests.generated.payments.test_payments_134" name="test_payments[case4]" time="0.009" /><testcase classname="tests.generated.payments.test_payments_133" name="test_payments[case4]" time="0.009" /><testcase classname="tests.generated.payments.test_payments_132" name="test_payments[case4]" time="0.005" /><testcase classname="tests.generated.payments.test_payments_129" name="test_payments[case0]" time="0.007" /><testcase classname="tests.generated.payments.test_payments_131" name="test_payments[case2]" time="0.006" /><testcase classname="tests.generated.payments.test_payments_134" name="test_payments[case5]" time="0.006" /><testcase classname="tests.generated.payments.test_payments_135" name="test_payments[case6]" time="0.004" /><testcase classname="tests.generated.payments.test_payments_132" name="test_payments[case5]" time="0.004" /><testcase classname="tests.generated.payments.test_payments_130" name="test_payments[case3]" time="0.008" /><testcase classname="tests.generated.payments.test_payments_133" name="test_payments[case5]" time="0.007" /><testcase classname="tests.generated.payments.test_payments_135" name="test_payments[case7]" time="0.006" /><testcase classname="tests.generated.payments.test_payments_131" name="test_payments[case3]" time="0.004" /><testcase classname="tests.generated.payments.test_payments_132" name="test_payments[case6]" time="0.005" /><testcase classname="tests.generated.payments.test_payments_134" name="test_payments[case6]" time="0.005" /><testcase classname="tests.generated.payments.test_payments_131" name="test_payments[case4]" time="0.006" /><testcase classname="tests.generated.payments.test_payments_135" name="test_payments[case8]" time="0.011" /><testcase classname="tests.generated.payments.test_payments_127" name="test_payments[case7]" time="0.006" /><testcase classname="tests.generated.payments.test_payments_132" name="test_payments[case7]" time="0.005" /><testcase classname="tests.generated.payments.test_payments_133" name="test_payments[case6]" time="0.013" /><testcase classname="tests.generated.payments.test_payments_134" name="test_payments[case7]" time="0.006" /><testcase classname="tests.generated.payments.test_payments_131" name="test_payments[case5]" time="0.009" /><testcase classname="tests.generated.payments.test_payments_132" name="test_payments[case8]" time="0.005" /><testcase classname="tests.generated.payments.test_payments_136" name="test_payments[case5]" time="0.005" /><testcase classname="tests.generated.payments.test_payments_135" name="test_payments[case9]" time="0.007" /><testcase classname="tests.generated.payments.test_payments_134" name="test_payments[case8]" time="0.005" /><testcase classname="tests.generated.payments.test_payments_133" name="test_payments[case7]" time="0.005" /><testcase classname="tests.generated.payments.test_payments_134" name="test_payments[case9]" time="0.004" /><testcase classname="tests.generated.payments.test_payments_135" name="test_payments[case0]" time="0.004" /><testcase classname="tests.generated.payments.test_payments_136" name="test_payments[case6]" time="0.005" /><testcase classname="tests.generated.payments.test_payments_136" name="test_payments[case0]" time="0.006" /><testcase classname="tests.generated.payments.test_payments_133" name="test_payments[case8]" time="0.004" /><testcase classname="tests.generated.payments.test_payments_133" name="test_payments[case9]" time="0.004" /><testcase classname="tests.generated.payments.test_payments_135" name="test_payments[case1]" time="0.004" /><testcase classname="tests.generated.payments.test_payments_131" name="test_payments[case6]" time="0.005" /><testcase classname="tests.generated.payments.test_payments_135" name="test_payments[case2]" time="0.004" /><testcase classname="tests.generated.payments.test_payments_136" name="test_payments[case7]" time="0.004" /><testcase classname="tests.generated.payments.test_payments_136" name="test_payments[case8]" time="0.004" /><testcase classname="tests.generated.payments.test_payments_136" name="test_payments[case9]" time="0.004" /><testcase classname="tests.generated.payments.test_payments_134" name="test_payments[case0]" time="0.004" /><testcase classname="tests.generated.payments.test_payments_137" name="test_payments[case0]" time="0.003" /><testcase classname="tests.generated.payments.test_payments_137" name="test_payments[case1]" time="0.003" /><testcase classname="tests.generated.payments.test_payments_137" name="test_payments[case2]" time="0.004" /><testcase classname="tests.generated.payments.test_payments_136" name="test_payments[case1]" time="0.004" /><testcase classname="tests.generated.payments.test_payments_130" name="test_payments[case4]" time="0.004" /><testcase classname="tests.generated.payments.test_payments_129" name="test_payments[case1]" time="0.004" /><testcase classname="tests.generated.payments.test_payments_136" name="test_payments[case2]" time="0.004" /><testcase classname="tests.generated.payments.test_payments_136" name="test_payments[case3]" time="0.004" /><testcase classname="tests.generated.payments.test_payments_137" name="test_payments[case3]" time="0.004" /><testcase classname="tests.generated.payments.test_payments_137" name="test_payments[case6]" time="0.004" /><testcase classname="tests.generated.payments.test_payments_138" name="test_payments[case7]" time="0.005" /><testcase classname="tests.generated.payments.test_payments_137" name="test_payments[case4]" time="0.004" /><testcase classname="tests.generated.payments.test_payments_137" name="test_payments[case7]" time="0.004" /><testcase classname="tests.generated.payments.test_payments_138" name="test_payments[case8]" time="0.004" /><testcase classname="tests.generated.payments.test_payments_137" name="test_payments[case8]" time="0.005" /><testcase classname="tests.generated.payments.test_payments_138" name="test_payments[case9]" time="0.003" /><testcase classname="tests.generated.payments.test_payments_137" name="test_payments[case9]" time="0.004" /><testcase classname="tests.generated.payments.test_payments_139" name="test_payments[case0]" time="0.004" /><testcase classname="tests.generated.payments.test_payments_131" name="test_payments[case7]" time="0.004" /><testcase classname="tests.generated.payments.test_payments_138" name="test_payments[case0]" time="0.005" /><testcase classname="tests.generated.payments.test_payments_132" name="test_payments[case9]" time="0.004" /><testcase classname="tests.generated.payments.test_payments_139" name="test_payments[case7]" time="0.004" /><testcase classname="tests.generated.payments.test_payments_139" name="test_payments[case1]" time="0.007" /><testcase classname="tests.generated.payments.test_payments_138" name="test_payments[case1]" time="0.005" /><testcase classname="tests.generated.payments.test_payments_140" name="test_payments[case7]" time="0.004" /><testcase classname="tests.generated.payments.test_payments_139" name="test_payments[case8]" time="0.003" /><testcase classname="tests.generated.payments.test_payments_139" name="test_payments[case2]" time="0.004" /><testcase classname="tests.generated.payments.test_payments_139" name="test_payments[case3]" time="0.004" /><testcase classname="tests.generated.payments.test_payments_138" name="test_payments[case2]" time="0.004" /><testcase classname="tests.generated.payments.test_payments_139" name="test_payments[case9]" time="0.004" /><testcase classname="tests.generated.payments.test_payments_134" name="test_payments[case1]" time="0.005" /><testcase classname="tests.generated.payments.test_payments_140" name="test_payments[case8]" time="0.004" /><testcase classname="tests.generated.payments.test_payments_139" name="test_payments[case4]" time="0.006" /><testcase classname="tests.generated.payments.test_payments_138" name="test_payments[case3]" time="0.004" /><testcase classname="tests.generated.payments.test_payments_140" name="test_payments[case9]" time="0.004" /><testcase classname="tests.generated.payments.test_payments_141" name="test_payments[case0]" time="0.005" /><testcase classname="tests.generated.payments.test_payments_140" name="test_payments[case0]" time="0.006" /><testcase classname="tests.generated.payments.test_payments_138" name="test_payments[case4]" time="0.005" /><testcase classname="tests.generated.payments.test_payments_141" name="test_payments[case7]" time="0.004" /><testcase classname="tests.generated.payments.test_payments_140" name="test_payments[case1]" time="0.005" /><testcase classname="tests.generated.payments.test_payments_139" name="test_payments[case5]" time="0.005" /><testcase classname="tests.generated.payments.test_payments_141" name="test_payments[case1]" time="0.006" /><testcase classname="tests.generated.payments.test_payments_138" name="test_payments[case5]" time="0.005" /><testcase classname="tests.generated.payments.test_payments_141" name="test_payments[case8]" time="0.004" /><testcase classname="tests.generated.payments.test_payments_141" name="test_payments[case9]" time="0.004" /><testcase classname="tests.generated.payments.test_payments_141" name="test_payments[case2]" time="0.006" /><testcase classname="tests.generated.payments.test_payments_140" name="test_payments[case2]" time="0.005" /><testcase classname="tests.generated.payments.test_payments_140" name="test_payments[case3]" time="0.007" /><testcase classname="tests.generated.payments.test_payments_135" name="test_payments[case3]" time="0.004" /><testcase classname="tests.generated.payments.test_payments_140" name="test_payments[case4]" time="0.005" /><testcase classname="tests.generated.payments.test_payments_142" name="test_payments[case0]" time="0.005" /><testcase classname="tests.generated.payments.test_payments_142" name="test_payments[case1]" time="0.004" /><testcase classname="tests.generated.payments.test_payments_136" name="test_payments[case4]" time="0.004" /><testcase classname="tests.generated.payments.test_payments_142" name="test_payments[case6]" time="0.004" /><testcase classname="tests.generated.payments.test_payments_142" name="test_payments[case7]" time="0.004" /><testcase classname="tests.generated.payments.test_payments_143" name="test_payments[case5]" time="0.004" /><testcase classname="tests.generated.payments.test_payments_143" name="test_payments[case6]" time="0.004" /><testcase classname="tests.generated.payments.test_payments_141" name="test_payments[case3]" time="0.005" /><testcase classname="tests.generated.payments.test_payments_137" name="test_payments[case5]" time="0.004" /><testcase classname="tests.generated.payments.test_payments_144" name="test_payments[case4]" time="0.005" /><testcase classname="tests.generated.payments.test_payments_142" name="test_payments[case2]" time="0.007" /><testcase classname="tests.generated.payments.test_payments_140" name="test_payments[case5]" time="0.006" /><testcase classname="tests.generated.payments.test_payments_141" name="test_payments[case4]" time="0.005" /><testcase classname="tests.generated.payments.test_payments_143" name="test_payments[case7]" time="0.004" /><testcase classname="tests.generated.payments.test_payments_141" name="test_payments[case5]" time="0.005" /><testcase classname="tests.generated.payments.test_payments_142" name="test_payments[case8]" time="0.004" /><testcase classname="tests.generated.payments.test_payments_142" name="test_payments[case9]" time="0.006" /><testcase classname="tests.generated.payments.test_payments_143" name="test_payments[case8]" time="0.006" /><testcase classname="tests.generated.payments.test_payments_142" name="test_payments[case3]" time="0.007" /><testcase classname="tests.generated.payments.test_payments_143" name="test_payments[case0]" time="0.006" /><testcase classname="tests.generated.payments.test_payments_144" name="test_payments[case5]" time="0.005" /><testcase classname="tests.generated.payments.test_payments_144" name="test_payments[case6]" time="0.005" /><testcase classname="tests.generated.payments.test_payments_142" name="test_payments[case4]" time="0.007" /><testcase classname="tests.generated.payments.test_payments_143" name="test_payments[case9]" time="0.006" /><testcase classname="tests.generated.payments.test_payments_143" name="test_payments[case1]" time="0.004" /><testcase classname="tests.generated.payments.test_payments_144" name="test_payments[case7]" time="0.004" /><testcase classname="tests.generated.payments.test_payments_144" name="test_payments[case0]" time="0.004" /><testcase classname="tests.generated.payments.test_payments_143" name="test_payments[case2]" time="0.004" /><testcase classname="tests.generated.payments.test_payments_144" name="test_payments[case8]" time="0.006" /><testcase classname="tests.generated.payments.test_payments_139" name="test_payments[case6]" time="0.005" /><testcase classname="tests.generated.payments.test_payments_144" name="test_payments[case1]" time="0.007" /><testcase classname="tests.generated.payments.test_payments_143" name="test_payments[case3]" time="0.004" /><testcase classname="tests.generated.payments.test_payments_144" name="test_payments[case9]" time="0.005" /><testcase classname="tests.generated.payments.test_payments_138" name="test_payments[case6]" time="0.005" /><testcase classname="tests.generated.payments.test_payments_145" name="test_payments[case2]" time="0.005" /><testcase classname="tests.generated.payments.test_payments_146" name="test_payments[case0]" time="0.004" /><testcase classname="tests.generated.payments.test_payments_145" name="test_payments[case3]" time="0.004" /><testcase classname="tests.generated.payments.test_payments_144" name="test_payments[case2]" time="0.006" /><testcase classname="tests.generated.payments.test_payments_145" name="test_payments[case0]" time="0.004" /><testcase classname="tests.generated.payments.test_payments_146" name="test_payments[case1]" time="0.003" /><testcase classname="tests.generated.payments.test_payments_146" name="test_payments[case2]" time="0.003" /><testcase classname="tests.generated.payments.test_payments_145" name="test_payments[case4]" time="0.003" /><testcase classname="tests.generated.payments.test_payments_145" name="test_payments[case5]" time="0.004" /><testcase classname="tests.generated.payments.test_payments_141" name="test_payments[case6]" time="0.004" /><testcase classname="tests.generated.payments.test_payments_140" name="test_payments[case6]" time="0.004" /><testcase classname="tests.generated.payments.test_payments_146" name="test_payments[case3]" time="0.005" /><testcase classname="tests.generated.payments.test_payments_145" name="test_payments[case6]" time="0.006" /><testcase classname="tests.generated.payments.test_payments_146" name="test_payments[case8]" time="0.004" /><testcase classname="tests.generated.payments.test_payments_142" name="test_payments[case5]" time="0.004" /><testcase classname="tests.generated.payments.test_payments_147" name="test_payments[case6]" time="0.004" /><testcase classname="tests.generated.payments.test_payments_146" name="test_payments[case4]" time="0.007" /><testcase classname="tests.generated.payments.test_payments_146" name="test_payments[case9]" time="0.005" /><testcase classname="tests.generated.payments.test_payments_148" name="test_payments[case3]" time="0.004" /><testcase classname="tests.generated.payments.test_payments_147" name="test_payments[case7]" time="0.004" /><testcase classname="tests.generated.payments.test_payments_145" name="test_payments[case7]" time="0.004" /><testcase classname="tests.generated.payments.test_payments_145" name="test_payments[case8]" time="0.004" /><testcase classname="tests.generated.payments.test_payments_147" name="test_payments[case8]" time="0.004" /><testcase classname="tests.generated.payments.test_payments_147" name="test_payments[case0]" time="0.005" /><testcase classname="tests.generated.payments.test_payments_146" name="test_payments[case5]" time="0.005" /><testcase classname="tests.generated.payments.test_payments_148" name="test_payments[case4]" time="0.004" /><testcase classname="tests.generated.payments.test_payments_148" name="test_payments[case5]" time="0.003" /><testcase classname="tests.generated.payments.test_payments_143" name="test_payments[case4]" time="0.004" /><testcase classname="tests.generated.payments.test_payments_146" name="test_payments[case6]" time="0.004" /><testcase classname="tests.generated.payments.test_payments_147" name="test_payments[case1]" time="0.004" /><testcase classname="tests.generated.payments.test_payments_147" name="test_payments[case2]" time="0.004" /><testcase classname="tests.generated.payments.test_payments_148" name="test_payments[case6]" time="0.004" /><testcase classname="tests.generated.payments.test_payments_147" name="test_payments[case9]" time="0.004" /><testcase classname="tests.generated.payments.test_payments_148" name="test_payments[case0]" time="0.003" /><testcase classname="tests.generated.payments.test_payments_148" name="test_payments[case1]" time="0.006" /><testcase classname="tests.generated.payments.test_payments_144" name="test_payments[case3]" time="0.004" /><testcase classname="tests.generated.payments.test_payments_149" name="test_payments[case0]" time="0.006" /><testcase classname="tests.generated.payments.test_payments_149" name="test_payments[case7]" time="0.004" /><testcase classname="tests.generated.payments.test_payments_147" name="test_payments[case3]" time="0.004" /><testcase classname="tests.generated.payments.test_payments_145" name="test_payments[case1]" time="0.005" /><testcase classname="tests.generated.payments.test_payments_148" name="test_payments[case7]" time="0.005" /><testcase classname="tests.generated.payments.test_payments_148" name="test_payments[case8]" time="0.008" /><testcase classname="tests.generated.payments.test_payments_147" name="test_payments[case4]" time="0.004" /><testcase classname="tests.generated.payments.test_payments_150" name="test_payments[case4]" time="0.005" /><testcase classname="tests.generated.payments.test_payments_149" name="test_payments[case1]" time="0.004" /><testcase classname="tests.generated.payments.test_payments_149" name="test_payments[case2]" time="0.004" /><testcase classname="tests.generated.payments.test_payments_149" name="test_payments[case8]" time="0.005" /><testcase classname="tests.generated.payments.test_payments_149" name="test_payments[case3]" time="0.004" /><testcase classname="tests.generated.payments.test_payments_149" name="test_payments[case9]" time="0.004" /><testcase classname="tests.generated.payments.test_payments_150" name="test_payments[case5]" time="0.004" /><testcase classname="tests.generated.payments.test_payments_150" name="test_payments[case0]" time="0.005" /><testcase classname="tests.generated.payments.test_payments_150" name="test_payments[case6]" time="0.004" /><testcase classname="tests.generated.payments.test_payments_149" name="test_payments[case4]" time="0.004" /><testcase classname="tests.generated.payments.test_payments_149" name="test_payments[case5]" time="0.005" /><testcase classname="tests.generated.payments.test_payments_145" name="test_payments[case9]" time="0.004" /><testcase classname="tests.generated.payments.test_payments_146" name="test_payments[case7]" time="0.004" /><testcase classname="tests.generated.payments.test_payments_150" name="test_payments[case7]" time="0.005" /><testcase classname="tests.generated.payments.test_payments_150" name="test_payments[case1]" time="0.006" /><testcase classname="tests.generated.payments.test_payments_151" name="test_payments[case1]" time="0.004" /><testcase classname="tests.generated.payments.test_payments_150" name="test_payments[case8]" time="0.004" /><testcase classname="tests.generated.payments.test_payments_151" name="test_payments[case7]" time="0.004" /><testcase classname="tests.generated.payments.test_payments_150" name="test_payments[case2]" time="0.005" /><testcase classname="tests.generated.payments.test_payments_151" name="test_payments[case8]" time="0.004" /><testcase classname="tests.generated.payments.test_payments_150" name="test_payments[case9]" time="0.004" /><testcase classname="tests.generated.payments.test_payments_148" name="test_payments[case2]" time="0.003" /><testcase classname="tests.generated.payments.test_payments_151" name="test_payments[case9]" time="0.004" /><testcase classname="tests.generated.payments.test_payments_151" name="test_payments[case2]" time="0.004" /><testcase classname="tests.generated.payments.test_payments_151" name="test_payments[case3]" time="0.004" /><testcase classname="tests.generated.payments.test_payments_151" name="test_payments[case4]" time="0.004" /><testcase classname="tests.generated.payments.test_payments_152" name="test_payments[case0]" time="0.008" /><testcase classname="tests.generated.payments.test_payments_152" name="test_payments[case3]" time="0.004" /><testcase classname="tests.generated.payments.test_payments_147" name="test_payments[case5]" time="0.006" /><testcase classname="tests.generated.payments.test_payments_148" name="test_payments[case9]" time="0.006" /><testcase classname="tests.generated.payments.test_payments_151" name="test_payments[case5]" time="0.005" /><testcase classname="tests.generated.payments.test_payments_152" name="test_payments[case4]" time="0.010" /><testcase classname="tests.generated.payments.test_payments_152" name="test_payments[case9]" time="0.007" /><testcase classname="tests.generated.payments.test_payments_152" name="test_payments[case1]" time="0.011" /><testcase classname="tests.generated.payments.test_payments_153" name="test_payments[case5]" time="0.007" /><testcase classname="tests.generated.payments.test_payments_153" name="test_payments[case0]" time="0.006" /><testcase classname="tests.generated.payments.test_payments_153" name="test_payments[case6]" time="0.006" /><testcase classname="tests.generated.payments.test_payments_152" name="test_payments[case5]" time="0.008" /><testcase classname="tests.generated.payments.test_payments_153" name="test_payments[case1]" time="0.006" /><testcase classname="tests.generated.payments.test_payments_149" name="test_payments[case6]" time="0.005" /><testcase classname="tests.generated.payments.test_payments_153" name="test_payments[case7]" time="0.007" /><testcase classname="tests.generated.payments.test_payments_154" name="test_payments[case1]" time="0.005" /><testcase classname="tests.generated.payments.test_payments_150" name="test_payments[case3]" time="0.005" /><testcase classname="tests.generated.payments.test_payments_152" name="test_payments[case6]" time="0.009" /><testcase classname="tests.generated.payments.test_payments_153" name="test_payments[case2]" time="0.013" /><testcase classname="tests.generated.payments.test_payments_151" name="test_payments[case0]" time="0.006" /><testcase classname="tests.generated.payments.test_payments_154" name="test_payments[case2]" time="0.004" /><testcase classname="tests.generated.payments.test_payments_153" name="test_payments[case8]" time="0.012" /><testcase classname="tests.generated.payments.test_payments_155" name="test_payments[case1]" time="0.005" /><testcase classname="tests.generated.payments.test_payments_154" name="test_payments[case6]" time="0.009" /><testcase classname="tests.generated.payments.test_payments_154" name="test_payments[case3]" time="0.004" /><testcase classname="tests.generated.payments.test_payments_152" name="test_payments[case7]" time="0.008" /><testcase classname="tests.generated.payments.test_payments_153" name="test_payments[case3]" time="0.006" /><testcase classname="tests.generated.payments.test_payments_155" name="test_payments[case2]" time="0.005" /><testcase classname="tests.generated.payments.test_payments_154" name="test_payments[case4]" time="0.007" /><testcase classname="tests.generated.payments.test_payments_153" name="test_payments[case9]" time="0.007" /><testcase classname="tests.generated.payments.test_payments_155" name="test_payments[case3]" time="0.006" /><testcase classname="tests.generated.payments.test_payments_154" name="test_payments[case7]" time="0.006" /><testcase classname="tests.generated.payments.test_payments_152" name="test_payments[case2]" time="0.004" /><testcase classname="tests.generated.payments.test_payments_151" name="test_payments[case6]" time="0.004" /><testcase classname="tests.generated.payments.test_payments_156" name="test_payments[case1]" time="0.004" /><testcase classname="tests.generated.payments.test_payments_154" name="test_payments[case8]" time="0.007" /><testcase classname="tests.generated.payments.test_payments_155" name="test_payments[case4]" time="0.004" /><testcase classname="tests.generated.payments.test_payments_154" name="test_payments[case9]" time="0.070" /><testcase classname="tests.generated.payments.test_payments_155" name="test_payments[case6]" time="0.004" /><testcase classname="tests.generated.payments.test_payments_156" name="test_payments[case2]" time="0.068" /><testcase classname="tests.generated.payments.test_payments_155" name="test_payments[case7]" time="0.071" /><testcase classname="tests.generated.payments.test_payments_152" name="test_payments[case8]" time="0.042" /><testcase classname="tests.generated.payments.test_payments_153" name="test_payments[case4]" time="0.037" /><testcase classname="tests.generated.payments.test_payments_154" name="test_payments[case5]" time="0.035" /><testcase classname="tests.generated.payments.test_payments_154" name="test_payments[case0]" time="0.032" /><testcase classname="tests.generated.payments.test_payments_155" name="test_payments[case5]" time="0.021" /><testcase classname="tests.generated.payments.test_payments_158" name="test_payments[case3]" time="0.004" /><testcase classname="tests.generated.payments.test_payments_157" name="test_payments[case9]" time="0.005" /><testcase classname="tests.generated.payments.test_payments_157" name="test_payments[case1]" time="0.004" /><testcase classname="tests.generated.payments.test_payments_155" name="test_payments[case8]" time="0.012" /><testcase classname="tests.generated.payments.test_payments_158" name="test_payments[case4]" time="0.005" /><testcase classname="tests.generated.payments.test_payments_157" name="test_payments[case2]" time="0.016" /><testcase classname="tests.generated.payments.test_payments_157" name="test_payments[case5]" time="0.012" /><testcase classname="tests.generated.payments.test_payments_158" name="test_payments[case0]" time="0.005" /><testcase classname="tests.generated.payments.test_payments_156" name="test_payments[case6]" time="0.018" /><testcase classname="tests.generated.payments.test_payments_156" name="test_payments[case3]" time="0.010" /><testcase classname="tests.generated.payments.test_payments_158" name="test_payments[case5]" time="0.005" /><testcase classname="tests.generated.payments.test_payments_158" name="test_payments[case1]" time="0.010" /><testcase classname="tests.generated.payments.test_payments_155" name="test_payments[case9]" time="0.015" /><testcase classname="tests.generated.payments.test_payments_155" name="test_payments[case0]" time="0.012" /><testcase classname="tests.generated.payments.test_payments_157" name="test_payments[case6]" time="0.011" /><testcase classname="tests.generated.payments.test_payments_156" name="test_payments[case7]" time="0.005" /><testcase classname="tests.generated.payments.test_payments_156" name="test_payments[case4]" time="0.006" /><testcase classname="tests.generated.payments.test_payments_157" name="test_payments[case3]" time="0.012" /><testcase classname="tests.generated.payments.test_payments_158" name="test_payments[case6]" time="0.005" /><testcase classname="tests.generated.payments.test_payments_158" name="test_payments[case7]" time="0.005" /><testcase classname="tests.generated.payments.test_payments_156" name="test_payments[case8]" time="0.017" /><testcase classname="tests.generated.payments.test_payments_158" name="test_payments[case2]" time="0.006" /><testcase classname="tests.generated.payments.test_payments_159" name="test_payments[case1]" time="0.006" /><testcase classname="tests.generated.payments.test_payments_158" name="test_payments[case8]" time="0.014" /><testcase classname="tests.generated.payments.test_payments_156" name="test_payments[case0]" time="0.004" /><testcase classname="tests.generated.payments.test_payments_156" name="test_payments[case5]" time="0.004" /><testcase classname="tests.generated.payments.test_payments_159" name="test_payments[case2]" time="0.005" /><testcase classname="tests.generated.payments.test_payments_159" name="test_payments[case9]" time="0.008" /><testcase classname="tests.generated.payments.test_payments_159" name="test_payments[case5]" time="0.005" /><testcase classname="tests.generated.payments.test_payments_157" name="test_payments[case7]" time="0.025" /><testcase classname="tests.generated.payments.test_payments_159" name="test_payments[case6]" time="0.010" /><testcase classname="tests.generated.payments.test_payments_160" name="test_payments[case3]" time="0.006" /><testcase classname="tests.generated.payments.test_payments_159" name="test_payments[case3]" time="0.011" /><testcase classname="tests.generated.payments.test_payments_158" name="test_payments[case9]" time="0.004" /><testcase classname="tests.generated.payments.test_payments_156" name="test_payments[case9]" time="0.005" /><testcase classname="tests.generated.payments.test_payments_159" name="test_payments[case7]" time="0.007" /><testcase classname="tests.generated.payments.test_payments_160" name="test_payments[case0]" time="0.006" /><testcase classname="tests.generated.payments.test_payments_160" name="test_payments[case4]" time="0.004" /><testcase classname="tests.generated.payments.test_payments_157" name="test_payments[case4]" time="0.005" /><testcase classname="tests.generated.payments.test_payments_157" name="test_payments[case8]" time="0.005" /><testcase classname="tests.generated.payments.test_payments_160" name="test_payments[case6]" time="0.004" /><testcase classname="tests.generated.payments.test_payments_160" name="test_payments[case1]" time="0.009" /><testcase classname="tests.generated.payments.test_payments_159" name="test_payments[case0]" time="0.009" /><testcase classname="tests.generated.payments.test_payments_160" name="test_payments[case7]" time="0.005" /><testcase classname="tests.generated.payments.test_payments_157" name="test_payments[case0]" time="0.009" /><testcase classname="tests.generated.payments.test_payments_159" name="test_payments[case4]" time="0.005" /><testcase classname="tests.generated.payments.test_payments_160" name="test_payments[case9]" time="0.005" /><testcase classname="tests.generated.payments.test_payments_161" name="test_payments[case8]" time="0.005" /><testcase classname="tests.generated.payments.test_payments_160" name="test_payments[case5]" time="0.005" /><testcase classname="tests.generated.payments.test_payments_159" name="test_payments[case8]" time="0.005" /><testcase classname="tests.generated.payments.test_payments_161" name="test_payments[case2]" time="0.011" /><testcase classname="tests.generated.payments.test_payments_161" name="test_payments[case5]" time="0.010" /><testcase classname="tests.generated.payments.test_payments_161" name="test_payments[case0]" time="0.010" /><testcase classname="tests.generated.payments.test_payments_162" name="test_payments[case0]" time="0.005" /><testcase classname="tests.generated.payments.test_payments_162" name="test_payments[case2]" time="0.005" /><testcase classname="tests.generated.payments.test_payments_160" name="test_payments[case2]" time="0.006" /><testcase classname="tests.generated.payments.test_payments_161" name="test_payments[case3]" time="0.008" /><testcase classname="tests.generated.payments.test_payments_161" name="test_payments[case6]" time="0.007" /><testcase classname="tests.generated.payments.test_payments_162" name="test_payments[case4]" time="0.009" /><testcase classname="tests.generated.payments.test_payments_160" name="test_payments[case8]" time="0.004" /><testcase classname="tests.generated.payments.test_payments_161" name="test_payments[case9]" time="0.005" /><testcase classname="tests.generated.payments.test_payments_162" name="test_payments[case1]" time="0.005" /><testcase classname="tests.generated.payments.test_payments_162" name="test_payments[case6]" time="0.005" /><testcase classname="tests.generated.payments.test_payments_162" name="test_payments[case8]" time="0.006" /><testcase classname="tests.generated.payments.test_payments_161" name="test_payments[case1]" time="0.005" /><testcase classname="tests.generated.payments.test_payments_162" name="test_payments[case3]" time="0.005" /><testcase classname="tests.generated.payments.test_payments_161" name="test_payments[case7]" time="0.004" /><testcase classname="tests.generated.payments.test_payments_162" name="test_payments[case5]" time="0.004" /><testcase classname="tests.generated.payments.test_payments_161" name="test_payments[case4]" time="0.007" /><testcase classname="tests.generated.payments.test_payments_163" name="test_payments[case0]" time="0.006" /><testcase classname="tests.generated.payments.test_payments_162" name="test_payments[case7]" time="0.004" /><testcase classname="tests.generated.payments.test_payments_163" name="test_payments[case4]" time="0.004" /><testcase classname="tests.generated.payments.test_payments_163" name="test_payments[case2]" time="0.004" /><testcase classname="tests.generated.payments.test_payments_163" name="test_payments[case1]" time="0.003" /><testcase classname="tests.generated.payments.test_payments_162" name="test_payments[case9]" time="0.004" /><testcase classname="tests.generated.payments.test_payments_163" name="test_payments[case7]" time="0.004" /><testcase classname="tests.generated.payments.test_payments_163" name="test_payments[case5]" time="0.004" /><testcase classname="tests.generated.payments.test_payments_163" name="test_payments[case6]" time="0.004" /><testcase classname="tests.generated.payments.test_payments_163" name="test_payments[case8]" time="0.005" /><testcase classname="tests.generated.payments.test_payments_163" name="test_payments[case3]" time="0.004" /><testcase classname="tests.generated.payments.test_payments_163" name="test_payments[case9]" time="0.003" /><testcase classname="tests.generated.payments.test_payments_164" name="test_payments[case0]" time="0.004" /><testcase classname="tests.generated.payments.test_payments_164" name="test_payments[case1]" time="0.004" /><testcase classname="tests.generated.payments.test_payments_164" name="test_payments[case4]" time="0.005" /><testcase classname="tests.generated.payments.test_payments_164" name="test_payments[case3]" time="0.004" /><testcase classname="tests.generated.payments.test_payments_164" name="test_payments[case6]" time="0.004" /><testcase classname="tests.generated.payments.test_payments_164" name="test_payments[case2]" time="0.009" /><testcase classname="tests.generated.payments.test_payments_164" name="test_payments[case5]" time="0.005" /><testcase classname="tests.generated.payments.test_payments_164" name="test_payments[case8]" time="0.005" /><testcase classname="tests.generated.payments.test_payments_164" name="test_payments[case7]" time="0.004" /><testcase classname="tests.generated.payments.test_payments_164" name="test_payments[case9]" time="0.005" /><testcase classname="tests.generated.payments.test_payments_165" name="test_payments[case0]" time="0.005" /><testcase classname="tests.generated.payments.test_payments_165" name="test_payments[case2]" time="0.005" /><testcase classname="tests.generated.payments.test_payments_165" name="test_payments[case3]" time="0.007" /><testcase classname="tests.generated.payments.test_payments_165" name="test_payments[case1]" time="0.008" /><testcase classname="tests.generated.payments.test_payments_165" name="test_payments[case5]" time="0.007" /><testcase classname="tests.generated.payments.test_payments_165" name="test_payments[case6]" time="0.005" /><testcase classname="tests.generated.payments.test_payments_165" name="test_payments[case4]" time="0.014" /><testcase classname="tests.generated.payments.test_payments_165" name="test_payments[case7]" time="0.004" /><testcase classname="tests.generated.payments.test_payments_166" name="test_payments[case0]" time="0.004" /><testcase classname="tests.generated.payments.test_payments_166" name="test_payments[case4]" time="0.005" /><testcase classname="tests.generated.payments.test_payments_166" name="test_payments[case1]" time="0.005" /><testcase classname="tests.generated.payments.test_payments_166" name="test_payments[case5]" time="0.004" /><testcase classname="tests.generated.payments.test_payments_165" name="test_payments[case8]" time="0.006" /><testcase classname="tests.generated.payments.test_payments_166" name="test_payments[case3]" time="0.004" /><testcase classname="tests.generated.payments.test_payments_165" name="test_payments[case9]" time="0.004" /><testcase classname="tests.generated.payments.test_payments_166" name="test_payments[case2]" time="0.005" /><testcase classname="tests.generated.payments.test_payments_166" name="test_payments[case6]" time="0.005" /><testcase classname="tests.generated.payments.test_payments_166" name="test_payments[case7]" time="0.007" /><testcase classname="tests.generated.payments.test_payments_166" name="test_payments[case8]" time="0.005" /><testcase classname="tests.generated.payments.test_payments_166" name="test_payments[case9]" time="0.004" /><testcase classname="tests.generated.payments.test_payments_167" name="test_payments[case0]" time="0.004" /><testcase classname="tests.generated.payments.test_payments_167" name="test_payments[case2]" time="0.004" /><testcase classname="tests.generated.payments.test_payments_167" name="test_payments[case1]" time="0.050" /><testcase classname="tests.generated.payments.test_payments_167" name="test_payments[case3]" time="0.039" /><testcase classname="tests.generated.payments.test_payments_167" name="test_payments[case4]" time="0.063" /><testcase classname="tests.generated.payments.test_payments_167" name="test_payments[case6]" time="0.071" /><testcase classname="tests.generated.payments.test_payments_167" name="test_payments[case5]" time="0.033" /><testcase classname="tests.generated.payments.test_payments_167" name="test_payments[case7]" time="0.031" /><testcase classname="tests.generated.payments.test_payments_167" name="test_payments[case8]" time="0.046" /><testcase classname="tests.generated.payments.test_payments_167" name="test_payments[case9]" time="0.031" /></testsuite></testsuites>